36.254.127.5 - - [04/Jan/2025:00:00:08 +0300] "PUT /products/ HTTP/1.1" 503 3387 "-" "Opera/9.80 (X11; Linux i686; Ubuntu/14.10) Presto/2.12.388 Version/12.16"
214.61.138.41 - - [04/Jan/2025:00:00:17 +0300] "POST /index.html HTTP/1.1" 201 22933 "-" "Safari/604.1 CFNetwork/893.14 Darwin/17.0.0 (x86_64)"
44.2.222.93 - - [04/Jan/2025:00:00:41 +0300] "DELETE /index.html HTTP/1.1" 400 7661 "-" "Opera/9.80 (X11; Linux i686; Ubuntu/14.10) Presto/2.12.388 Version/12.16"
149.90.30.222 - - [04/Jan/2025:00:02:11 +0300] "POST /products/ HTTP/1.1" 501 4902 "-" "Crawler Bot v1.0 (+https://example.com/bot.html)"
114.72.135.61 - - [04/Jan/2025:00:02:43 +0300] "PATCH /services/ HTTP/1.1" 501 22140 "-" "Opera/9.80 (X11; Linux i686; Ubuntu/14.10) Presto/2.12.388 Version/12.16"
168.14.215.0 - - [04/Jan/2025:00:03:31 +0300] "POST /about-us/ HTTP/1.1" 503 11369 "-" "Mozilla/5.0 (Windows NT 10.0; Win64; x64) AppleWebKit/537.36 (KHTML, like Gecko) Chrome/92.0.4515.107 Safari/537.36"
44.2.222.93 - - [04/Jan/2025:00:04:21 +0300] "PUT /contact/ HTTP/1.1" 500 17966 "-" "Safari/604.1 CFNetwork/893.14 Darwin/17.0.0 (x86_64)"
168.14.215.0 - - [04/Jan/2025:00:05:28 +0300] "POST /about-us/ HTTP/1.1" 400 15974 "-" "Mozilla/5.0 (Windows NT 10.0; Win64; x64) AppleWebKit/537.36 (KHTML, like Gecko) Chrome/92.0.4515.107 Safari/537.36"
147.65.92.12 - - [04/Jan/2025:00:05:37 +0300] "POST /services/ HTTP/1.1" 200 13052 "-" "Microsoft Edge 44.18362.449.0; Windows 10; ARM64"
153.52.113.49 - - [04/Jan/2025:00:06:32 +0300] "DELETE /services/ HTTP/1.1" 501 18027 "-" "Wget/1.19.5 (linux-gnu)"
49.20.36.30 - - [04/Jan/2025:00:07:01 +0300] "POST /services/ HTTP/1.1" 503 21188 "-" "Mozilla/5.0 (Windows NT 10.0; Win64; x64) AppleWebKit/537.36 (KHTML, like Gecko) Chrome/92.0.4515.107 Safari/537.36"
49.20.36.30 - - [04/Jan/2025:00:08:10 +0300] "DELETE /products/ HTTP/1.1" 502 13170 "-" "Opera/9.80 (X11; Linux i686; Ubuntu/14.10) Presto/2.12.388 Version/12.16"
149.90.30.222 - - [04/Jan/2025:00:08:41 +0300] "DELETE /contact/ HTTP/1.1" 400 8178 "-" "Opera/9.80 (X11; Linux i686; Ubuntu/14.10) Presto/2.12.388 Version/12.16"
36.254.127.5 - - [04/Jan/2025:00:09:42 +0300] "PUT /contact/ HTTP/1.1" 500 31299 "-" "Crawler Bot v1.0 (+https://example.com/bot.html)"
20.182.249.13 - - [04/Jan/2025:00:10:34 +0300] "PUT /index.html HTTP/1.1" 400 17172 "-" "Microsoft Edge 44.18362.449.0; Windows 10; ARM64"
153.52.113.49 - - [04/Jan/2025:00:10:50 +0300] "GET /products/ HTTP/1.1" 201 2190 "-" "Internet Explorer 7.0; Windows NT 6.0; Trident/5.0"
250.74.3.46 - - [04/Jan/2025:00:10:56 +0300] "GET /index.html HTTP/1.1" 404 31442 "-" "Safari/604.1 CFNetwork/893.14 Darwin/17.0.0 (x86_64)"
20.182.249.13 - - [04/Jan/2025:00:11:29 +0300] "GET /services/ HTTP/1.1" 400 19160 "-" "Microsoft Edge 44.18362.449.0; Windows 10; ARM64"
44.2.222.93 - - [04/Jan/2025:00:11:35 +0300] "PATCH /products/ HTTP/1.1" 400 10761 "-" "Safari/604.1 CFNetwork/893.14 Darwin/17.0.0 (x86_64)"
218.228.44.29 - - [04/Jan/2025:00:13:10 +0300] "PUT /about-us/ HTTP/1.1" 200 33436 "-" "Microsoft Edge 44.18362.449.0; Windows 10; ARM64"
142.201.33.58 - - [04/Jan/2025:00:14:18 +0300] "POST /about-us/ HTTP/1.1" 201 23783 "-" "Internet Explorer 7.0; Windows NT 6.0; Trident/5.0"
229.206.221.69 - - [04/Jan/2025:00:15:02 +0300] "PUT /products/ HTTP/1.1" 403 13351 "-" "Opera/9.80 (X11; Linux i686; Ubuntu/14.10) Presto/2.12.388 Version/12.16"
133.81.129.159 - - [04/Jan/2025:00:16:23 +0300] "POST /index.html HTTP/1.1" 200 33616 "-" "Safari/604.1 CFNetwork/893.14 Darwin/17.0.0 (x86_64)"
20.182.249.13 - - [04/Jan/2025:00:17:33 +0300] "GET /products/ HTTP/1.1" 501 13664 "-" "Wget/1.19.5 (linux-gnu)"
172.55.147.133 - - [04/Jan/2025:00:18:53 +0300] "POST /contact/ HTTP/1.1" 401 3107 "-" "Internet Explorer 7.0; Windows NT 6.0; Trident/5.0"
180.101.174.150 - - [04/Jan/2025:00:20:05 +0300] "PATCH /index.html HTTP/1.1" 403 1422 "-" "Microsoft Edge 44.18362.449.0; Windows 10; ARM64"
133.81.129.159 - - [04/Jan/2025:00:20:42 +0300] "DELETE /services/ HTTP/1.1" 200 30917 "-" "Wget/1.19.5 (linux-gnu)"
168.14.215.0 - - [04/Jan/2025:00:21:06 +0300] "POST /contact/ HTTP/1.1" 502 5506 "-" "Opera/9.80 (X11; Linux i686; Ubuntu/14.10) Presto/2.12.388 Version/12.16"
142.201.33.58 - - [04/Jan/2025:00:22:30 +0300] "GET /contact/ HTTP/1.1" 201 18576 "-" "Crawler Bot v1.0 (+https://example.com/bot.html)"
133.81.129.159 - - [04/Jan/2025:00:22:41 +0300] "PATCH /products/ HTTP/1.1" 404 13661 "-" "Internet Explorer 7.0; Windows NT 6.0; Trident/5.0"
250.74.3.46 - - [04/Jan/2025:00:23:55 +0300] "DELETE /contact/ HTTP/1.1" 401 21145 "-" "Microsoft Edge 44.18362.449.0; Windows 10; ARM64"
83.96.224.158 - - [04/Jan/2025:00:24:10 +0300] "PATCH /contact/ HTTP/1.1" 401 11189 "-" "Crawler Bot v1.0 (+https://example.com/bot.html)"
114.72.135.61 - - [04/Jan/2025:00:24:21 +0300] "DELETE /index.html HTTP/1.1" 200 7832 "-" "Crawler Bot v1.0 (+https://example.com/bot.html)"
114.72.135.61 - - [04/Jan/2025:00:25:44 +0300] "PUT /index.html HTTP/1.1" 400 7833 "-" "Microsoft Edge 44.18362.449.0; Windows 10; ARM64"
124.29.122.120 - - [04/Jan/2025:00:27:19 +0300] "POST /contact/ HTTP/1.1" 400 33228 "-" "Mozilla/5.0 (Windows NT 10.0; Win64; x64) AppleWebKit/537.36 (KHTML, like Gecko) Chrome/92.0.4515.107 Safari/537.36"
133.81.129.159 - - [04/Jan/2025:00:28:44 +0300] "GET /index.html HTTP/1.1" 500 11447 "-" "Wget/1.19.5 (linux-gnu)"
28.186.70.250 - - [04/Jan/2025:00:29:53 +0300] "POST /services/ HTTP/1.1" 404 28140 "-" "Internet Explorer 7.0; Windows NT 6.0; Trident/5.0"
53.144.239.176 - - [04/Jan/2025:00:30:50 +0300] "PATCH /about-us/ HTTP/1.1" 401 8115 "-" "Mozilla/5.0 (Windows NT 10.0; Win64; x64) AppleWebKit/537.36 (KHTML, like Gecko) Chrome/92.0.4515.107 Safari/537.36"
124.29.122.120 - - [04/Jan/2025:00:31:09 +0300] "POST /contact/ HTTP/1.1" 403 20800 "-" "Wget/1.19.5 (linux-gnu)"
28.42.76.86 - - [04/Jan/2025:00:32:33 +0300] "GET /products/ HTTP/1.1" 403 14551 "-" "Mozilla/5.0 (Windows NT 10.0; Win64; x64) AppleWebKit/537.36 (KHTML, like Gecko) Chrome/92.0.4515.107 Safari/537.36"
49.20.36.30 - - [04/Jan/2025:00:33:44 +0300] "GET /services/ HTTP/1.1" 502 19933 "-" "Mozilla/5.0 (Windows NT 10.0; Win64; x64) AppleWebKit/537.36 (KHTML, like Gecko) Chrome/92.0.4515.107 Safari/537.36"
231.62.123.253 - - [04/Jan/2025:00:33:54 +0300] "PATCH /contact/ HTTP/1.1" 403 32637 "-" "Internet Explorer 7.0; Windows NT 6.0; Trident/5.0"
64.255.15.33 - - [04/Jan/2025:00:34:30 +0300] "GET /products/ HTTP/1.1" 404 9426 "-" "Microsoft Edge 44.18362.449.0; Windows 10; ARM64"
44.2.222.93 - - [04/Jan/2025:00:35:16 +0300] "DELETE /index.html HTTP/1.1" 401 26069 "-" "Wget/1.19.5 (linux-gnu)"
133.81.129.159 - - [04/Jan/2025:00:36:25 +0300] "GET /services/ HTTP/1.1" 200 30987 "-" "Crawler Bot v1.0 (+https://example.com/bot.html)"
149.90.30.222 - - [04/Jan/2025:00:37:19 +0300] "DELETE /services/ HTTP/1.1" 401 24276 "-" "Safari/604.1 CFNetwork/893.14 Darwin/17.0.0 (x86_64)"
28.42.76.86 - - [04/Jan/2025:00:38:36 +0300] "DELETE /services/ HTTP/1.1" 201 12841 "-" "Safari/604.1 CFNetwork/893.14 Darwin/17.0.0 (x86_64)"
214.61.138.41 - - [04/Jan/2025:00:39:04 +0300] "GET /about-us/ HTTP/1.1" 400 2867 "-" "Wget/1.19.5 (linux-gnu)"
218.228.44.29 - - [04/Jan/2025:00:39:08 +0300] "GET /products/ HTTP/1.1" 403 16040 "-" "Mozilla/5.0 (Windows NT 10.0; Win64; x64) AppleWebKit/537.36 (KHTML, like Gecko) Chrome/92.0.4515.107 Safari/537.36"
28.186.70.250 - - [04/Jan/2025:00:40:25 +0300] "PATCH /index.html HTTP/1.1" 501 22390 "-" "Wget/1.19.5 (linux-gnu)"
218.228.44.29 - - [04/Jan/2025:00:41:00 +0300] "PATCH /services/ HTTP/1.1" 502 26060 "-" "Microsoft Edge 44.18362.449.0; Windows 10; ARM64"
168.14.215.0 - - [04/Jan/2025:00:41:33 +0300] "GET /services/ HTTP/1.1" 400 29895 "-" "Mozilla/5.0 (Windows NT 10.0; Win64; x64) AppleWebKit/537.36 (KHTML, like Gecko) Chrome/92.0.4515.107 Safari/537.36"
231.62.123.253 - - [04/Jan/2025:00:42:38 +0300] "DELETE /about-us/ HTTP/1.1" 403 5180 "-" "Crawler Bot v1.0 (+https://example.com/bot.html)"
168.14.215.0 - - [04/Jan/2025:00:43:03 +0300] "GET /index.html HTTP/1.1" 200 30360 "-" "Mozilla/5.0 (Windows NT 10.0; Win64; x64) AppleWebKit/537.36 (KHTML, like Gecko) Chrome/92.0.4515.107 Safari/537.36"
218.228.44.29 - - [04/Jan/2025:00:43:37 +0300] "POST /contact/ HTTP/1.1" 403 7018 "-" "Safari/604.1 CFNetwork/893.14 Darwin/17.0.0 (x86_64)"
124.29.122.120 - - [04/Jan/2025:00:44:03 +0300] "POST /products/ HTTP/1.1" 404 12900 "-" "Safari/604.1 CFNetwork/893.14 Darwin/17.0.0 (x86_64)"
20.182.249.13 - - [04/Jan/2025:00:44:54 +0300] "POST /products/ HTTP/1.1" 201 11649 "-" "Crawler Bot v1.0 (+https://example.com/bot.html)"
114.72.135.61 - - [04/Jan/2025:00:45:34 +0300] "PUT /products/ HTTP/1.1" 201 3963 "-" "Crawler Bot v1.0 (+https://example.com/bot.html)"
20.182.249.13 - - [04/Jan/2025:00:46:51 +0300] "PUT /services/ HTTP/1.1" 400 28618 "-" "Safari/604.1 CFNetwork/893.14 Darwin/17.0.0 (x86_64)"
229.206.221.69 - - [04/Jan/2025:00:48:21 +0300] "PATCH /services/ HTTP/1.1" 401 26303 "-" "Microsoft Edge 44.18362.449.0; Windows 10; ARM64"
142.201.33.58 - - [04/Jan/2025:00:48:51 +0300] "PUT /about-us/ HTTP/1.1" 503 4594 "-" "Wget/1.19.5 (linux-gnu)"
114.72.135.61 - - [04/Jan/2025:00:50:14 +0300] "PATCH /about-us/ HTTP/1.1" 201 30161 "-" "Opera/9.80 (X11; Linux i686; Ubuntu/14.10) Presto/2.12.388 Version/12.16"
64.255.15.33 - - [04/Jan/2025:00:50:15 +0300] "POST /contact/ HTTP/1.1" 401 24395 "-" "Microsoft Edge 44.18362.449.0; Windows 10; ARM64"
28.42.76.86 - - [04/Jan/2025:00:50:20 +0300] "GET /services/ HTTP/1.1" 403 23112 "-" "Internet Explorer 7.0; Windows NT 6.0; Trident/5.0"
149.90.30.222 - - [04/Jan/2025:00:51:48 +0300] "POST /about-us/ HTTP/1.1" 403 14560 "-" "Microsoft Edge 44.18362.449.0; Windows 10; ARM64"
49.20.36.30 - - [04/Jan/2025:00:52:01 +0300] "POST /about-us/ HTTP/1.1" 500 20958 "-" "Opera/9.80 (X11; Linux i686; Ubuntu/14.10) Presto/2.12.388 Version/12.16"
218.228.44.29 - - [04/Jan/2025:00:52:36 +0300] "POST /contact/ HTTP/1.1" 201 16094 "-" "Safari/604.1 CFNetwork/893.14 Darwin/17.0.0 (x86_64)"
28.42.76.86 - - [04/Jan/2025:00:53:44 +0300] "GET /index.html HTTP/1.1" 401 1794 "-" "Opera/9.80 (X11; Linux i686; Ubuntu/14.10) Presto/2.12.388 Version/12.16"
229.206.221.69 - - [04/Jan/2025:00:54:46 +0300] "PUT /products/ HTTP/1.1" 500 22538 "-" "Microsoft Edge 44.18362.449.0; Windows 10; ARM64"
83.96.224.158 - - [04/Jan/2025:00:55:46 +0300] "PUT /contact/ HTTP/1.1" 201 28306 "-" "Crawler Bot v1.0 (+https://example.com/bot.html)"
180.101.174.150 - - [04/Jan/2025:00:56:46 +0300] "DELETE /services/ HTTP/1.1" 403 21875 "-" "Mozilla/5.0 (Windows NT 10.0; Win64; x64) AppleWebKit/537.36 (KHTML, like Gecko) Chrome/92.0.4515.107 Safari/537.36"
214.61.138.41 - - [04/Jan/2025:00:57:26 +0300] "GET /products/ HTTP/1.1" 503 3652 "-" "Internet Explorer 7.0; Windows NT 6.0; Trident/5.0"
168.14.215.0 - - [04/Jan/2025:00:57:47 +0300] "PUT /about-us/ HTTP/1.1" 404 18760 "-" "Crawler Bot v1.0 (+https://example.com/bot.html)"
133.81.129.159 - - [04/Jan/2025:00:58:36 +0300] "GET /about-us/ HTTP/1.1" 500 5456 "-" "Microsoft Edge 44.18362.449.0; Windows 10; ARM64"
44.2.222.93 - - [04/Jan/2025:00:59:17 +0300] "PUT /products/ HTTP/1.1" 500 6291 "-" "Mozilla/5.0 (Windows NT 10.0; Win64; x64) AppleWebKit/537.36 (KHTML, like Gecko) Chrome/92.0.4515.107 Safari/537.36"
28.186.70.250 - - [04/Jan/2025:01:00:40 +0300] "DELETE /about-us/ HTTP/1.1" 502 15947 "-" "Mozilla/5.0 (Windows NT 10.0; Win64; x64) AppleWebKit/537.36 (KHTML, like Gecko) Chrome/92.0.4515.107 Safari/537.36"
218.228.44.29 - - [04/Jan/2025:01:01:45 +0300] "DELETE /index.html HTTP/1.1" 503 29220 "-" "Crawler Bot v1.0 (+https://example.com/bot.html)"
153.52.113.49 - - [04/Jan/2025:01:02:34 +0300] "GET /index.html HTTP/1.1" 501 3923 "-" "Crawler Bot v1.0 (+https://example.com/bot.html)"
133.81.129.159 - - [04/Jan/2025:01:04:08 +0300] "DELETE /services/ HTTP/1.1" 401 25199 "-" "Opera/9.80 (X11; Linux i686; Ubuntu/14.10) Presto/2.12.388 Version/12.16"
114.72.135.61 - - [04/Jan/2025:01:04:36 +0300] "POST /index.html HTTP/1.1" 201 28644 "-" "Safari/604.1 CFNetwork/893.14 Darwin/17.0.0 (x86_64)"
28.42.76.86 - - [04/Jan/2025:01:04:58 +0300] "GET /about-us/ HTTP/1.1" 201 14355 "-" "Wget/1.19.5 (linux-gnu)"
114.72.135.61 - - [04/Jan/2025:01:05:50 +0300] "PUT /contact/ HTTP/1.1" 200 32889 "-" "Mozilla/5.0 (Windows NT 10.0; Win64; x64) AppleWebKit/537.36 (KHTML, like Gecko) Chrome/92.0.4515.107 Safari/537.36"
180.101.174.150 - - [04/Jan/2025:01:06:02 +0300] "DELETE /products/ HTTP/1.1" 500 3223 "-" "Wget/1.19.5 (linux-gnu)"
64.255.15.33 - - [04/Jan/2025:01:06:20 +0300] "DELETE /about-us/ HTTP/1.1" 501 26458 "-" "Internet Explorer 7.0; Windows NT 6.0; Trident/5.0"
36.254.127.5 - - [04/Jan/2025:01:06:55 +0300] "PATCH /index.html HTTP/1.1" 404 28436 "-" "Wget/1.19.5 (linux-gnu)"
28.186.70.250 - - [04/Jan/2025:01:07:22 +0300] "GET /index.html HTTP/1.1" 503 4630 "-" "Internet Explorer 7.0; Windows NT 6.0; Trident/5.0"
114.72.135.61 - - [04/Jan/2025:01:08:50 +0300] "DELETE /services/ HTTP/1.1" 403 22053 "-" "Microsoft Edge 44.18362.449.0; Windows 10; ARM64"
124.29.122.120 - - [04/Jan/2025:01:10:18 +0300] "DELETE /products/ HTTP/1.1" 404 33594 "-" "Crawler Bot v1.0 (+https://example.com/bot.html)"
153.52.113.49 - - [04/Jan/2025:01:10:39 +0300] "POST /about-us/ HTTP/1.1" 200 18945 "-" "Safari/604.1 CFNetwork/893.14 Darwin/17.0.0 (x86_64)"
142.201.33.58 - - [04/Jan/2025:01:11:02 +0300] "PATCH /products/ HTTP/1.1" 501 21788 "-" "Wget/1.19.5 (linux-gnu)"
124.29.122.120 - - [04/Jan/2025:01:11:14 +0300] "DELETE /services/ HTTP/1.1" 502 3817 "-" "Opera/9.80 (X11; Linux i686; Ubuntu/14.10) Presto/2.12.388 Version/12.16"
149.90.30.222 - - [04/Jan/2025:01:11:50 +0300] "GET /index.html HTTP/1.1" 401 33062 "-" "Internet Explorer 7.0; Windows NT 6.0; Trident/5.0"
172.55.147.133 - - [04/Jan/2025:01:11:51 +0300] "DELETE /products/ HTTP/1.1" 200 18864 "-" "Mozilla/5.0 (Windows NT 10.0; Win64; x64) AppleWebKit/537.36 (KHTML, like Gecko) Chrome/92.0.4515.107 Safari/537.36"
44.2.222.93 - - [04/Jan/2025:01:12:39 +0300] "DELETE /about-us/ HTTP/1.1" 200 6674 "-" "Crawler Bot v1.0 (+https://example.com/bot.html)"
20.182.249.13 - - [04/Jan/2025:01:12:40 +0300] "GET /products/ HTTP/1.1" 502 19711 "-" "Crawler Bot v1.0 (+https://example.com/bot.html)"
20.182.249.13 - - [04/Jan/2025:01:13:05 +0300] "GET /index.html HTTP/1.1" 501 18237 "-" "Microsoft Edge 44.18362.449.0; Windows 10; ARM64"
83.96.224.158 - - [04/Jan/2025:01:13:06 +0300] "POST /services/ HTTP/1.1" 501 22627 "-" "Mozilla/5.0 (Windows NT 10.0; Win64; x64) AppleWebKit/537.36 (KHTML, like Gecko) Chrome/92.0.4515.107 Safari/537.36"
172.55.147.133 - - [04/Jan/2025:01:14:06 +0300] "GET /products/ HTTP/1.1" 400 27754 "-" "Microsoft Edge 44.18362.449.0; Windows 10; ARM64"
149.90.30.222 - - [04/Jan/2025:01:15:27 +0300] "PUT /services/ HTTP/1.1" 502 22280 "-" "Wget/1.19.5 (linux-gnu)"
133.81.129.159 - - [04/Jan/2025:01:16:15 +0300] "PUT /products/ HTTP/1.1" 500 25165 "-" "Crawler Bot v1.0 (+https://example.com/bot.html)"
231.62.123.253 - - [04/Jan/2025:01:17:08 +0300] "PATCH /contact/ HTTP/1.1" 503 15537 "-" "Opera/9.80 (X11; Linux i686; Ubuntu/14.10) Presto/2.12.388 Version/12.16"
124.29.122.120 - - [04/Jan/2025:01:17:17 +0300] "PATCH /services/ HTTP/1.1" 401 31219 "-" "Opera/9.80 (X11; Linux i686; Ubuntu/14.10) Presto/2.12.388 Version/12.16"
149.90.30.222 - - [04/Jan/2025:01:17:19 +0300] "PUT /index.html HTTP/1.1" 404 26607 "-" "Microsoft Edge 44.18362.449.0; Windows 10; ARM64"
64.255.15.33 - - [04/Jan/2025:01:17:33 +0300] "PATCH /contact/ HTTP/1.1" 401 3570 "-" "Wget/1.19.5 (linux-gnu)"
147.65.92.12 - - [04/Jan/2025:01:18:17 +0300] "POST /index.html HTTP/1.1" 201 8213 "-" "Safari/604.1 CFNetwork/893.14 Darwin/17.0.0 (x86_64)"
28.186.70.250 - - [04/Jan/2025:01:18:44 +0300] "PATCH /about-us/ HTTP/1.1" 501 10322 "-" "Wget/1.19.5 (linux-gnu)"
153.52.113.49 - - [04/Jan/2025:01:19:41 +0300] "PATCH /products/ HTTP/1.1" 400 17945 "-" "Mozilla/5.0 (Windows NT 10.0; Win64; x64) AppleWebKit/537.36 (KHTML, like Gecko) Chrome/92.0.4515.107 Safari/537.36"
153.52.113.49 - - [04/Jan/2025:01:20:51 +0300] "POST /index.html HTTP/1.1" 401 12513 "-" "Crawler Bot v1.0 (+https://example.com/bot.html)"
180.101.174.150 - - [04/Jan/2025:01:22:06 +0300] "POST /about-us/ HTTP/1.1" 201 9448 "-" "Wget/1.19.5 (linux-gnu)"
28.42.76.86 - - [04/Jan/2025:01:23:23 +0300] "GET /contact/ HTTP/1.1" 501 31078 "-" "Internet Explorer 7.0; Windows NT 6.0; Trident/5.0"
49.20.36.30 - - [04/Jan/2025:01:24:58 +0300] "DELETE /index.html HTTP/1.1" 501 19660 "-" "Wget/1.19.5 (linux-gnu)"
83.96.224.158 - - [04/Jan/2025:01:25:31 +0300] "GET /contact/ HTTP/1.1" 501 16707 "-" "Crawler Bot v1.0 (+https://example.com/bot.html)"
49.20.36.30 - - [04/Jan/2025:01:27:03 +0300] "DELETE /about-us/ HTTP/1.1" 201 9238 "-" "Mozilla/5.0 (Windows NT 10.0; Win64; x64) AppleWebKit/537.36 (KHTML, like Gecko) Chrome/92.0.4515.107 Safari/537.36"
28.186.70.250 - - [04/Jan/2025:01:27:51 +0300] "PUT /about-us/ HTTP/1.1" 501 19359 "-" "Microsoft Edge 44.18362.449.0; Windows 10; ARM64"
28.42.76.86 - - [04/Jan/2025:01:28:57 +0300] "PUT /services/ HTTP/1.1" 200 32463 "-" "Mozilla/5.0 (Windows NT 10.0; Win64; x64) AppleWebKit/537.36 (KHTML, like Gecko) Chrome/92.0.4515.107 Safari/537.36"
83.96.224.158 - - [04/Jan/2025:01:29:17 +0300] "POST /about-us/ HTTP/1.1" 501 17962 "-" "Crawler Bot v1.0 (+https://example.com/bot.html)"
20.182.249.13 - - [04/Jan/2025:01:29:25 +0300] "POST /services/ HTTP/1.1" 500 32364 "-" "Wget/1.19.5 (linux-gnu)"
231.62.123.253 - - [04/Jan/2025:01:30:10 +0300] "POST /contact/ HTTP/1.1" 502 33756 "-" "Crawler Bot v1.0 (+https://example.com/bot.html)"
153.52.113.49 - - [04/Jan/2025:01:31:02 +0300] "PATCH /services/ HTTP/1.1" 502 14532 "-" "Internet Explorer 7.0; Windows NT 6.0; Trident/5.0"
64.255.15.33 - - [04/Jan/2025:01:32:28 +0300] "DELETE /about-us/ HTTP/1.1" 404 21359 "-" "Wget/1.19.5 (linux-gnu)"
250.74.3.46 - - [04/Jan/2025:01:33:57 +0300] "GET /products/ HTTP/1.1" 500 22472 "-" "Wget/1.19.5 (linux-gnu)"
147.65.92.12 - - [04/Jan/2025:01:34:17 +0300] "PATCH /index.html HTTP/1.1" 500 16445 "-" "Wget/1.19.5 (linux-gnu)"
49.20.36.30 - - [04/Jan/2025:01:34:41 +0300] "DELETE /contact/ HTTP/1.1" 502 27900 "-" "Mozilla/5.0 (Windows NT 10.0; Win64; x64) AppleWebKit/537.36 (KHTML, like Gecko) Chrome/92.0.4515.107 Safari/537.36"
214.61.138.41 - - [04/Jan/2025:01:36:13 +0300] "DELETE /products/ HTTP/1.1" 404 21671 "-" "Crawler Bot v1.0 (+https://example.com/bot.html)"
28.42.76.86 - - [04/Jan/2025:01:36:34 +0300] "PUT /products/ HTTP/1.1" 201 11405 "-" "Crawler Bot v1.0 (+https://example.com/bot.html)"
214.61.138.41 - - [04/Jan/2025:01:36:35 +0300] "PATCH /index.html HTTP/1.1" 201 10400 "-" "Wget/1.19.5 (linux-gnu)"
114.72.135.61 - - [04/Jan/2025:01:37:30 +0300] "DELETE /about-us/ HTTP/1.1" 400 6063 "-" "Wget/1.19.5 (linux-gnu)"
114.72.135.61 - - [04/Jan/2025:01:38:13 +0300] "PATCH /index.html HTTP/1.1" 404 7106 "-" "Safari/604.1 CFNetwork/893.14 Darwin/17.0.0 (x86_64)"
83.96.224.158 - - [04/Jan/2025:01:39:40 +0300] "GET /contact/ HTTP/1.1" 400 16401 "-" "Safari/604.1 CFNetwork/893.14 Darwin/17.0.0 (x86_64)"
180.101.174.150 - - [04/Jan/2025:01:40:14 +0300] "PUT /products/ HTTP/1.1" 403 26539 "-" "Safari/604.1 CFNetwork/893.14 Darwin/17.0.0 (x86_64)"
142.201.33.58 - - [04/Jan/2025:01:41:46 +0300] "PUT /services/ HTTP/1.1" 404 9360 "-" "Internet Explorer 7.0; Windows NT 6.0; Trident/5.0"
180.101.174.150 - - [04/Jan/2025:01:42:35 +0300] "PATCH /services/ HTTP/1.1" 200 14468 "-" "Microsoft Edge 44.18362.449.0; Windows 10; ARM64"
168.14.215.0 - - [04/Jan/2025:01:43:50 +0300] "DELETE /products/ HTTP/1.1" 501 19383 "-" "Mozilla/5.0 (Windows NT 10.0; Win64; x64) AppleWebKit/537.36 (KHTML, like Gecko) Chrome/92.0.4515.107 Safari/537.36"
36.254.127.5 - - [04/Jan/2025:01:44:41 +0300] "DELETE /contact/ HTTP/1.1" 404 2642 "-" "Mozilla/5.0 (Windows NT 10.0; Win64; x64) AppleWebKit/537.36 (KHTML, like Gecko) Chrome/92.0.4515.107 Safari/537.36"
64.255.15.33 - - [04/Jan/2025:01:45:05 +0300] "POST /products/ HTTP/1.1" 404 32451 "-" "Crawler Bot v1.0 (+https://example.com/bot.html)"
28.186.70.250 - - [04/Jan/2025:01:45:33 +0300] "DELETE /about-us/ HTTP/1.1" 500 14749 "-" "Wget/1.19.5 (linux-gnu)"
147.65.92.12 - - [04/Jan/2025:01:46:57 +0300] "POST /contact/ HTTP/1.1" 500 17821 "-" "Safari/604.1 CFNetwork/893.14 Darwin/17.0.0 (x86_64)"
36.254.127.5 - - [04/Jan/2025:01:47:59 +0300] "DELETE /index.html HTTP/1.1" 200 16042 "-" "Internet Explorer 7.0; Windows NT 6.0; Trident/5.0"
147.65.92.12 - - [04/Jan/2025:01:49:00 +0300] "DELETE /contact/ HTTP/1.1" 400 18039 "-" "Crawler Bot v1.0 (+https://example.com/bot.html)"
153.52.113.49 - - [04/Jan/2025:01:49:34 +0300] "PUT /products/ HTTP/1.1" 200 3091 "-" "Opera/9.80 (X11; Linux i686; Ubuntu/14.10) Presto/2.12.388 Version/12.16"
218.228.44.29 - - [04/Jan/2025:01:49:42 +0300] "POST /services/ HTTP/1.1" 401 17876 "-" "Internet Explorer 7.0; Windows NT 6.0; Trident/5.0"
142.201.33.58 - - [04/Jan/2025:01:50:42 +0300] "PUT /about-us/ HTTP/1.1" 403 33730 "-" "Opera/9.80 (X11; Linux i686; Ubuntu/14.10) Presto/2.12.388 Version/12.16"
44.2.222.93 - - [04/Jan/2025:01:52:17 +0300] "POST /about-us/ HTTP/1.1" 502 20011 "-" "Opera/9.80 (X11; Linux i686; Ubuntu/14.10) Presto/2.12.388 Version/12.16"
114.72.135.61 - - [04/Jan/2025:01:53:39 +0300] "PATCH /index.html HTTP/1.1" 403 24343 "-" "Opera/9.80 (X11; Linux i686; Ubuntu/14.10) Presto/2.12.388 Version/12.16"
114.72.135.61 - - [04/Jan/2025:01:54:44 +0300] "PUT /index.html HTTP/1.1" 401 27244 "-" "Safari/604.1 CFNetwork/893.14 Darwin/17.0.0 (x86_64)"
153.52.113.49 - - [04/Jan/2025:01:55:37 +0300] "GET /products/ HTTP/1.1" 503 15016 "-" "Microsoft Edge 44.18362.449.0; Windows 10; ARM64"
44.2.222.93 - - [04/Jan/2025:01:55:43 +0300] "GET /services/ HTTP/1.1" 200 28479 "-" "Crawler Bot v1.0 (+https://example.com/bot.html)"
64.255.15.33 - - [04/Jan/2025:01:56:12 +0300] "GET /index.html HTTP/1.1" 403 18766 "-" "Wget/1.19.5 (linux-gnu)"
44.2.222.93 - - [04/Jan/2025:01:56:47 +0300] "POST /contact/ HTTP/1.1" 401 3129 "-" "Mozilla/5.0 (Windows NT 10.0; Win64; x64) AppleWebKit/537.36 (KHTML, like Gecko) Chrome/92.0.4515.107 Safari/537.36"
83.96.224.158 - - [04/Jan/2025:01:57:01 +0300] "DELETE /index.html HTTP/1.1" 502 24522 "-" "Opera/9.80 (X11; Linux i686; Ubuntu/14.10) Presto/2.12.388 Version/12.16"
36.254.127.5 - - [04/Jan/2025:01:58:07 +0300] "GET /index.html HTTP/1.1" 503 21545 "-" "Wget/1.19.5 (linux-gnu)"
124.29.122.120 - - [04/Jan/2025:01:58:45 +0300] "PATCH /index.html HTTP/1.1" 404 14080 "-" "Internet Explorer 7.0; Windows NT 6.0; Trident/5.0"
142.201.33.58 - - [04/Jan/2025:01:59:10 +0300] "POST /about-us/ HTTP/1.1" 404 9945 "-" "Mozilla/5.0 (Windows NT 10.0; Win64; x64) AppleWebKit/537.36 (KHTML, like Gecko) Chrome/92.0.4515.107 Safari/537.36"
180.101.174.150 - - [04/Jan/2025:02:00:21 +0300] "PUT /contact/ HTTP/1.1" 403 18680 "-" "Safari/604.1 CFNetwork/893.14 Darwin/17.0.0 (x86_64)"
231.62.123.253 - - [04/Jan/2025:02:00:43 +0300] "PATCH /index.html HTTP/1.1" 401 18947 "-" "Microsoft Edge 44.18362.449.0; Windows 10; ARM64"
20.182.249.13 - - [04/Jan/2025:02:01:06 +0300] "POST /contact/ HTTP/1.1" 403 14753 "-" "Safari/604.1 CFNetwork/893.14 Darwin/17.0.0 (x86_64)"
114.72.135.61 - - [04/Jan/2025:02:02:37 +0300] "DELETE /products/ HTTP/1.1" 502 33131 "-" "Safari/604.1 CFNetwork/893.14 Darwin/17.0.0 (x86_64)"
44.2.222.93 - - [04/Jan/2025:02:04:03 +0300] "GET /index.html HTTP/1.1" 503 25770 "-" "Microsoft Edge 44.18362.449.0; Windows 10; ARM64"
20.182.249.13 - - [04/Jan/2025:02:05:01 +0300] "GET /about-us/ HTTP/1.1" 401 32271 "-" "Internet Explorer 7.0; Windows NT 6.0; Trident/5.0"
36.254.127.5 - - [04/Jan/2025:02:06:07 +0300] "DELETE /products/ HTTP/1.1" 200 10254 "-" "Mozilla/5.0 (Windows NT 10.0; Win64; x64) AppleWebKit/537.36 (KHTML, like Gecko) Chrome/92.0.4515.107 Safari/537.36"
28.42.76.86 - - [04/Jan/2025:02:06:40 +0300] "PATCH /contact/ HTTP/1.1" 201 4324 "-" "Mozilla/5.0 (Windows NT 10.0; Win64; x64) AppleWebKit/537.36 (KHTML, like Gecko) Chrome/92.0.4515.107 Safari/537.36"
229.206.221.69 - - [04/Jan/2025:02:07:09 +0300] "PATCH /services/ HTTP/1.1" 404 30115 "-" "Microsoft Edge 44.18362.449.0; Windows 10; ARM64"
114.72.135.61 - - [04/Jan/2025:02:07:25 +0300] "PATCH /products/ HTTP/1.1" 201 11879 "-" "Safari/604.1 CFNetwork/893.14 Darwin/17.0.0 (x86_64)"
147.65.92.12 - - [04/Jan/2025:02:08:01 +0300] "POST /contact/ HTTP/1.1" 401 29804 "-" "Safari/604.1 CFNetwork/893.14 Darwin/17.0.0 (x86_64)"
20.182.249.13 - - [04/Jan/2025:02:08:33 +0300] "DELETE /products/ HTTP/1.1" 404 2843 "-" "Microsoft Edge 44.18362.449.0; Windows 10; ARM64"
49.20.36.30 - - [04/Jan/2025:02:09:45 +0300] "POST /services/ HTTP/1.1" 401 1736 "-" "Crawler Bot v1.0 (+https://example.com/bot.html)"
53.144.239.176 - - [04/Jan/2025:02:10:53 +0300] "POST /products/ HTTP/1.1" 404 32508 "-" "Safari/604.1 CFNetwork/893.14 Darwin/17.0.0 (x86_64)"
49.20.36.30 - - [04/Jan/2025:02:12:23 +0300] "POST /index.html HTTP/1.1" 400 24503 "-" "Microsoft Edge 44.18362.449.0; Windows 10; ARM64"
229.206.221.69 - - [04/Jan/2025:02:13:47 +0300] "DELETE /services/ HTTP/1.1" 501 17464 "-" "Internet Explorer 7.0; Windows NT 6.0; Trident/5.0"
44.2.222.93 - - [04/Jan/2025:02:14:47 +0300] "PATCH /index.html HTTP/1.1" 501 17622 "-" "Safari/604.1 CFNetwork/893.14 Darwin/17.0.0 (x86_64)"
250.74.3.46 - - [04/Jan/2025:02:16:06 +0300] "DELETE /products/ HTTP/1.1" 401 30486 "-" "Opera/9.80 (X11; Linux i686; Ubuntu/14.10) Presto/2.12.388 Version/12.16"
64.255.15.33 - - [04/Jan/2025:02:16:15 +0300] "POST /products/ HTTP/1.1" 403 10906 "-" "Wget/1.19.5 (linux-gnu)"
229.206.221.69 - - [04/Jan/2025:02:16:17 +0300] "POST /products/ HTTP/1.1" 502 28778 "-" "Mozilla/5.0 (Windows NT 10.0; Win64; x64) AppleWebKit/537.36 (KHTML, like Gecko) Chrome/92.0.4515.107 Safari/537.36"
172.55.147.133 - - [04/Jan/2025:02:16:49 +0300] "PUT /contact/ HTTP/1.1" 403 26358 "-" "Mozilla/5.0 (Windows NT 10.0; Win64; x64) AppleWebKit/537.36 (KHTML, like Gecko) Chrome/92.0.4515.107 Safari/537.36"
250.74.3.46 - - [04/Jan/2025:02:17:00 +0300] "PUT /services/ HTTP/1.1" 501 15810 "-" "Crawler Bot v1.0 (+https://example.com/bot.html)"
64.255.15.33 - - [04/Jan/2025:02:18:24 +0300] "GET /products/ HTTP/1.1" 403 25903 "-" "Mozilla/5.0 (Windows NT 10.0; Win64; x64) AppleWebKit/537.36 (KHTML, like Gecko) Chrome/92.0.4515.107 Safari/537.36"
44.2.222.93 - - [04/Jan/2025:02:18:32 +0300] "DELETE /services/ HTTP/1.1" 200 9978 "-" "Crawler Bot v1.0 (+https://example.com/bot.html)"
49.20.36.30 - - [04/Jan/2025:02:19:45 +0300] "POST /about-us/ HTTP/1.1" 502 29157 "-" "Opera/9.80 (X11; Linux i686; Ubuntu/14.10) Presto/2.12.388 Version/12.16"
124.29.122.120 - - [04/Jan/2025:02:20:20 +0300] "PATCH /services/ HTTP/1.1" 404 6104 "-" "Mozilla/5.0 (Windows NT 10.0; Win64; x64) AppleWebKit/537.36 (KHTML, like Gecko) Chrome/92.0.4515.107 Safari/537.36"
180.101.174.150 - - [04/Jan/2025:02:21:52 +0300] "PUT /about-us/ HTTP/1.1" 400 5303 "-" "Wget/1.19.5 (linux-gnu)"
124.29.122.120 - - [04/Jan/2025:02:21:57 +0300] "DELETE /index.html HTTP/1.1" 201 22970 "-" "Microsoft Edge 44.18362.449.0; Windows 10; ARM64"
172.55.147.133 - - [04/Jan/2025:02:22:15 +0300] "PUT /about-us/ HTTP/1.1" 201 15140 "-" "Wget/1.19.5 (linux-gnu)"
36.254.127.5 - - [04/Jan/2025:02:22:56 +0300] "POST /about-us/ HTTP/1.1" 503 3109 "-" "Mozilla/5.0 (Windows NT 10.0; Win64; x64) AppleWebKit/537.36 (KHTML, like Gecko) Chrome/92.0.4515.107 Safari/537.36"
168.14.215.0 - - [04/Jan/2025:02:22:57 +0300] "GET /about-us/ HTTP/1.1" 400 32544 "-" "Wget/1.19.5 (linux-gnu)"
250.74.3.46 - - [04/Jan/2025:02:24:28 +0300] "PATCH /services/ HTTP/1.1" 401 15613 "-" "Internet Explorer 7.0; Windows NT 6.0; Trident/5.0"
28.186.70.250 - - [04/Jan/2025:02:25:34 +0300] "POST /about-us/ HTTP/1.1" 502 19007 "-" "Crawler Bot v1.0 (+https://example.com/bot.html)"
172.55.147.133 - - [04/Jan/2025:02:26:46 +0300] "POST /contact/ HTTP/1.1" 200 23110 "-" "Microsoft Edge 44.18362.449.0; Windows 10; ARM64"
250.74.3.46 - - [04/Jan/2025:02:27:20 +0300] "PATCH /index.html HTTP/1.1" 201 8937 "-" "Wget/1.19.5 (linux-gnu)"
53.144.239.176 - - [04/Jan/2025:02:27:38 +0300] "GET /contact/ HTTP/1.1" 502 21720 "-" "Microsoft Edge 44.18362.449.0; Windows 10; ARM64"
153.52.113.49 - - [04/Jan/2025:02:28:54 +0300] "PUT /contact/ HTTP/1.1" 500 9742 "-" "Microsoft Edge 44.18362.449.0; Windows 10; ARM64"
149.90.30.222 - - [04/Jan/2025:02:30:13 +0300] "PUT /contact/ HTTP/1.1" 502 14929 "-" "Opera/9.80 (X11; Linux i686; Ubuntu/14.10) Presto/2.12.388 Version/12.16"
44.2.222.93 - - [04/Jan/2025:02:31:15 +0300] "PUT /about-us/ HTTP/1.1" 201 25909 "-" "Safari/604.1 CFNetwork/893.14 Darwin/17.0.0 (x86_64)"
53.144.239.176 - - [04/Jan/2025:02:31:27 +0300] "GET /services/ HTTP/1.1" 502 18504 "-" "Crawler Bot v1.0 (+https://example.com/bot.html)"
133.81.129.159 - - [04/Jan/2025:02:31:45 +0300] "DELETE /services/ HTTP/1.1" 201 22757 "-" "Opera/9.80 (X11; Linux i686; Ubuntu/14.10) Presto/2.12.388 Version/12.16"
53.144.239.176 - - [04/Jan/2025:02:32:21 +0300] "DELETE /contact/ HTTP/1.1" 501 12088 "-" "Mozilla/5.0 (Windows NT 10.0; Win64; x64) AppleWebKit/537.36 (KHTML, like Gecko) Chrome/92.0.4515.107 Safari/537.36"
124.29.122.120 - - [04/Jan/2025:02:33:42 +0300] "PATCH /contact/ HTTP/1.1" 403 14068 "-" "Wget/1.19.5 (linux-gnu)"
147.65.92.12 - - [04/Jan/2025:02:34:15 +0300] "POST /index.html HTTP/1.1" 201 1677 "-" "Internet Explorer 7.0; Windows NT 6.0; Trident/5.0"
180.101.174.150 - - [04/Jan/2025:02:35:41 +0300] "PUT /products/ HTTP/1.1" 401 16246 "-" "Opera/9.80 (X11; Linux i686; Ubuntu/14.10) Presto/2.12.388 Version/12.16"
83.96.224.158 - - [04/Jan/2025:02:36:50 +0300] "PATCH /products/ HTTP/1.1" 503 2014 "-" "Microsoft Edge 44.18362.449.0; Windows 10; ARM64"
114.72.135.61 - - [04/Jan/2025:02:38:19 +0300] "POST /services/ HTTP/1.1" 404 11455 "-" "Crawler Bot v1.0 (+https://example.com/bot.html)"
180.101.174.150 - - [04/Jan/2025:02:39:23 +0300] "GET /about-us/ HTTP/1.1" 401 19659 "-" "Safari/604.1 CFNetwork/893.14 Darwin/17.0.0 (x86_64)"
53.144.239.176 - - [04/Jan/2025:02:40:04 +0300] "POST /about-us/ HTTP/1.1" 403 22354 "-" "Wget/1.19.5 (linux-gnu)"
44.2.222.93 - - [04/Jan/2025:02:41:38 +0300] "PUT /contact/ HTTP/1.1" 401 17441 "-" "Internet Explorer 7.0; Windows NT 6.0; Trident/5.0"
172.55.147.133 - - [04/Jan/2025:02:43:01 +0300] "POST /services/ HTTP/1.1" 501 32611 "-" "Opera/9.80 (X11; Linux i686; Ubuntu/14.10) Presto/2.12.388 Version/12.16"
28.42.76.86 - - [04/Jan/2025:02:43:31 +0300] "POST /about-us/ HTTP/1.1" 502 19197 "-" "Mozilla/5.0 (Windows NT 10.0; Win64; x64) AppleWebKit/537.36 (KHTML, like Gecko) Chrome/92.0.4515.107 Safari/537.36"
20.182.249.13 - - [04/Jan/2025:02:44:52 +0300] "GET /products/ HTTP/1.1" 502 4157 "-" "Mozilla/5.0 (Windows NT 10.0; Win64; x64) AppleWebKit/537.36 (KHTML, like Gecko) Chrome/92.0.4515.107 Safari/537.36"
231.62.123.253 - - [04/Jan/2025:02:45:06 +0300] "PATCH /services/ HTTP/1.1" 401 21532 "-" "Opera/9.80 (X11; Linux i686; Ubuntu/14.10) Presto/2.12.388 Version/12.16"
214.61.138.41 - - [04/Jan/2025:02:46:25 +0300] "PUT /about-us/ HTTP/1.1" 501 22743 "-" "Internet Explorer 7.0; Windows NT 6.0; Trident/5.0"
44.2.222.93 - - [04/Jan/2025:02:47:49 +0300] "PATCH /contact/ HTTP/1.1" 501 33417 "-" "Opera/9.80 (X11; Linux i686; Ubuntu/14.10) Presto/2.12.388 Version/12.16"
168.14.215.0 - - [04/Jan/2025:02:47:55 +0300] "PUT /contact/ HTTP/1.1" 403 1973 "-" "Safari/604.1 CFNetwork/893.14 Darwin/17.0.0 (x86_64)"
147.65.92.12 - - [04/Jan/2025:02:49:28 +0300] "PUT /products/ HTTP/1.1" 200 18564 "-" "Crawler Bot v1.0 (+https://example.com/bot.html)"
28.186.70.250 - - [04/Jan/2025:02:49:53 +0300] "POST /index.html HTTP/1.1" 403 11837 "-" "Crawler Bot v1.0 (+https://example.com/bot.html)"
28.42.76.86 - - [04/Jan/2025:02:50:34 +0300] "POST /index.html HTTP/1.1" 400 20057 "-" "Microsoft Edge 44.18362.449.0; Windows 10; ARM64"
180.101.174.150 - - [04/Jan/2025:02:51:17 +0300] "DELETE /index.html HTTP/1.1" 201 6473 "-" "Microsoft Edge 44.18362.449.0; Windows 10; ARM64"
231.62.123.253 - - [04/Jan/2025:02:52:06 +0300] "DELETE /index.html HTTP/1.1" 501 29722 "-" "Safari/604.1 CFNetwork/893.14 Darwin/17.0.0 (x86_64)"
64.255.15.33 - - [04/Jan/2025:02:53:14 +0300] "POST /contact/ HTTP/1.1" 500 22014 "-" "Safari/604.1 CFNetwork/893.14 Darwin/17.0.0 (x86_64)"
114.72.135.61 - - [04/Jan/2025:02:53:26 +0300] "PUT /services/ HTTP/1.1" 403 16650 "-" "Opera/9.80 (X11; Linux i686; Ubuntu/14.10) Presto/2.12.388 Version/12.16"
168.14.215.0 - - [04/Jan/2025:02:53:55 +0300] "GET /index.html HTTP/1.1" 501 33413 "-" "Mozilla/5.0 (Windows NT 10.0; Win64; x64) AppleWebKit/537.36 (KHTML, like Gecko) Chrome/92.0.4515.107 Safari/537.36"
20.182.249.13 - - [04/Jan/2025:02:54:48 +0300] "POST /products/ HTTP/1.1" 401 25608 "-" "Microsoft Edge 44.18362.449.0; Windows 10; ARM64"
83.96.224.158 - - [04/Jan/2025:02:56:09 +0300] "PUT /products/ HTTP/1.1" 400 6820 "-" "Wget/1.19.5 (linux-gnu)"
168.14.215.0 - - [04/Jan/2025:02:57:11 +0300] "POST /services/ HTTP/1.1" 200 18891 "-" "Microsoft Edge 44.18362.449.0; Windows 10; ARM64"
153.52.113.49 - - [04/Jan/2025:02:57:24 +0300] "DELETE /contact/ HTTP/1.1" 404 31272 "-" "Wget/1.19.5 (linux-gnu)"
44.2.222.93 - - [04/Jan/2025:02:58:08 +0300] "PUT /contact/ HTTP/1.1" 201 21802 "-" "Mozilla/5.0 (Windows NT 10.0; Win64; x64) AppleWebKit/537.36 (KHTML, like Gecko) Chrome/92.0.4515.107 Safari/537.36"
124.29.122.120 - - [04/Jan/2025:02:58:56 +0300] "PUT /about-us/ HTTP/1.1" 400 6301 "-" "Mozilla/5.0 (Windows NT 10.0; Win64; x64) AppleWebKit/537.36 (KHTML, like Gecko) Chrome/92.0.4515.107 Safari/537.36"
250.74.3.46 - - [04/Jan/2025:03:00:11 +0300] "DELETE /products/ HTTP/1.1" 201 24039 "-" "Internet Explorer 7.0; Windows NT 6.0; Trident/5.0"
28.42.76.86 - - [04/Jan/2025:03:00:44 +0300] "PUT /about-us/ HTTP/1.1" 500 25358 "-" "Wget/1.19.5 (linux-gnu)"
153.52.113.49 - - [04/Jan/2025:03:01:01 +0300] "PATCH /about-us/ HTTP/1.1" 404 21356 "-" "Crawler Bot v1.0 (+https://example.com/bot.html)"
229.206.221.69 - - [04/Jan/2025:03:02:34 +0300] "GET /contact/ HTTP/1.1" 400 23460 "-" "Microsoft Edge 44.18362.449.0; Windows 10; ARM64"
229.206.221.69 - - [04/Jan/2025:03:03:40 +0300] "PUT /services/ HTTP/1.1" 201 13254 "-" "Crawler Bot v1.0 (+https://example.com/bot.html)"
218.228.44.29 - - [04/Jan/2025:03:03:42 +0300] "PUT /index.html HTTP/1.1" 401 2081 "-" "Crawler Bot v1.0 (+https://example.com/bot.html)"
180.101.174.150 - - [04/Jan/2025:03:04:00 +0300] "DELETE /products/ HTTP/1.1" 201 25329 "-" "Internet Explorer 7.0; Windows NT 6.0; Trident/5.0"
114.72.135.61 - - [04/Jan/2025:03:04:27 +0300] "POST /products/ HTTP/1.1" 503 1940 "-" "Wget/1.19.5 (linux-gnu)"
180.101.174.150 - - [04/Jan/2025:03:04:54 +0300] "GET /contact/ HTTP/1.1" 400 26441 "-" "Opera/9.80 (X11; Linux i686; Ubuntu/14.10) Presto/2.12.388 Version/12.16"
49.20.36.30 - - [04/Jan/2025:03:05:53 +0300] "PUT /products/ HTTP/1.1" 502 21254 "-" "Mozilla/5.0 (Windows NT 10.0; Win64; x64) AppleWebKit/537.36 (KHTML, like Gecko) Chrome/92.0.4515.107 Safari/537.36"
64.255.15.33 - - [04/Jan/2025:03:05:59 +0300] "POST /services/ HTTP/1.1" 401 31584 "-" "Microsoft Edge 44.18362.449.0; Windows 10; ARM64"
149.90.30.222 - - [04/Jan/2025:03:07:30 +0300] "POST /services/ HTTP/1.1" 200 23607 "-" "Safari/604.1 CFNetwork/893.14 Darwin/17.0.0 (x86_64)"
180.101.174.150 - - [04/Jan/2025:03:08:58 +0300] "PATCH /about-us/ HTTP/1.1" 502 24255 "-" "Mozilla/5.0 (Windows NT 10.0; Win64; x64) AppleWebKit/537.36 (KHTML, like Gecko) Chrome/92.0.4515.107 Safari/537.36"
149.90.30.222 - - [04/Jan/2025:03:09:52 +0300] "POST /about-us/ HTTP/1.1" 501 7807 "-" "Microsoft Edge 44.18362.449.0; Windows 10; ARM64"
149.90.30.222 - - [04/Jan/2025:03:10:08 +0300] "GET /products/ HTTP/1.1" 403 17532 "-" "Internet Explorer 7.0; Windows NT 6.0; Trident/5.0"
124.29.122.120 - - [04/Jan/2025:03:10:47 +0300] "PATCH /services/ HTTP/1.1" 401 32674 "-" "Mozilla/5.0 (Windows NT 10.0; Win64; x64) AppleWebKit/537.36 (KHTML, like Gecko) Chrome/92.0.4515.107 Safari/537.36"
83.96.224.158 - - [04/Jan/2025:03:11:00 +0300] "PUT /products/ HTTP/1.1" 201 32982 "-" "Wget/1.19.5 (linux-gnu)"
218.228.44.29 - - [04/Jan/2025:03:11:25 +0300] "POST /services/ HTTP/1.1" 502 33483 "-" "Wget/1.19.5 (linux-gnu)"
133.81.129.159 - - [04/Jan/2025:03:11:42 +0300] "PATCH /services/ HTTP/1.1" 404 26454 "-" "Microsoft Edge 44.18362.449.0; Windows 10; ARM64"
83.96.224.158 - - [04/Jan/2025:03:12:53 +0300] "GET /contact/ HTTP/1.1" 404 11147 "-" "Microsoft Edge 44.18362.449.0; Windows 10; ARM64"
64.255.15.33 - - [04/Jan/2025:03:14:09 +0300] "PATCH /products/ HTTP/1.1" 401 18459 "-" "Wget/1.19.5 (linux-gnu)"
83.96.224.158 - - [04/Jan/2025:03:15:30 +0300] "PATCH /contact/ HTTP/1.1" 201 5269 "-" "Microsoft Edge 44.18362.449.0; Windows 10; ARM64"
44.2.222.93 - - [04/Jan/2025:03:16:36 +0300] "POST /about-us/ HTTP/1.1" 501 18114 "-" "Crawler Bot v1.0 (+https://example.com/bot.html)"
147.65.92.12 - - [04/Jan/2025:03:17:36 +0300] "POST /products/ HTTP/1.1" 200 4507 "-" "Wget/1.19.5 (linux-gnu)"
231.62.123.253 - - [04/Jan/2025:03:18:34 +0300] "GET /index.html HTTP/1.1" 200 21814 "-" "Internet Explorer 7.0; Windows NT 6.0; Trident/5.0"
218.228.44.29 - - [04/Jan/2025:03:19:45 +0300] "PUT /about-us/ HTTP/1.1" 404 3082 "-" "Crawler Bot v1.0 (+https://example.com/bot.html)"
28.42.76.86 - - [04/Jan/2025:03:20:47 +0300] "PUT /services/ HTTP/1.1" 201 16809 "-" "Wget/1.19.5 (linux-gnu)"
229.206.221.69 - - [04/Jan/2025:03:21:26 +0300] "POST /contact/ HTTP/1.1" 400 5668 "-" "Internet Explorer 7.0; Windows NT 6.0; Trident/5.0"
28.186.70.250 - - [04/Jan/2025:03:22:17 +0300] "PATCH /index.html HTTP/1.1" 401 27850 "-" "Opera/9.80 (X11; Linux i686; Ubuntu/14.10) Presto/2.12.388 Version/12.16"
53.144.239.176 - - [04/Jan/2025:03:22:29 +0300] "PUT /products/ HTTP/1.1" 200 17307 "-" "Safari/604.1 CFNetwork/893.14 Darwin/17.0.0 (x86_64)"
214.61.138.41 - - [04/Jan/2025:03:22:52 +0300] "DELETE /products/ HTTP/1.1" 401 9010 "-" "Microsoft Edge 44.18362.449.0; Windows 10; ARM64"
49.20.36.30 - - [04/Jan/2025:03:24:04 +0300] "POST /services/ HTTP/1.1" 201 16278 "-" "Opera/9.80 (X11; Linux i686; Ubuntu/14.10) Presto/2.12.388 Version/12.16"
28.186.70.250 - - [04/Jan/2025:03:25:35 +0300] "DELETE /index.html HTTP/1.1" 201 25946 "-" "Mozilla/5.0 (Windows NT 10.0; Win64; x64) AppleWebKit/537.36 (KHTML, like Gecko) Chrome/92.0.4515.107 Safari/537.36"
44.2.222.93 - - [04/Jan/2025:03:26:30 +0300] "PUT /services/ HTTP/1.1" 201 9530 "-" "Opera/9.80 (X11; Linux i686; Ubuntu/14.10) Presto/2.12.388 Version/12.16"
168.14.215.0 - - [04/Jan/2025:03:27:50 +0300] "PATCH /products/ HTTP/1.1" 401 14341 "-" "Microsoft Edge 44.18362.449.0; Windows 10; ARM64"
250.74.3.46 - - [04/Jan/2025:03:28:26 +0300] "GET /contact/ HTTP/1.1" 501 16825 "-" "Internet Explorer 7.0; Windows NT 6.0; Trident/5.0"
83.96.224.158 - - [04/Jan/2025:03:29:50 +0300] "POST /products/ HTTP/1.1" 501 31509 "-" "Safari/604.1 CFNetwork/893.14 Darwin/17.0.0 (x86_64)"
36.254.127.5 - - [04/Jan/2025:03:31:24 +0300] "POST /index.html HTTP/1.1" 502 18223 "-" "Wget/1.19.5 (linux-gnu)"
250.74.3.46 - - [04/Jan/2025:03:32:41 +0300] "POST /services/ HTTP/1.1" 400 24295 "-" "Internet Explorer 7.0; Windows NT 6.0; Trident/5.0"
133.81.129.159 - - [04/Jan/2025:03:32:49 +0300] "GET /services/ HTTP/1.1" 403 9328 "-" "Microsoft Edge 44.18362.449.0; Windows 10; ARM64"
147.65.92.12 - - [04/Jan/2025:03:34:16 +0300] "DELETE /index.html HTTP/1.1" 404 14601 "-" "Internet Explorer 7.0; Windows NT 6.0; Trident/5.0"
218.228.44.29 - - [04/Jan/2025:03:34:26 +0300] "POST /about-us/ HTTP/1.1" 200 3607 "-" "Microsoft Edge 44.18362.449.0; Windows 10; ARM64"
153.52.113.49 - - [04/Jan/2025:03:34:37 +0300] "PUT /index.html HTTP/1.1" 503 12776 "-" "Crawler Bot v1.0 (+https://example.com/bot.html)"
172.55.147.133 - - [04/Jan/2025:03:34:51 +0300] "PUT /contact/ HTTP/1.1" 503 24435 "-" "Crawler Bot v1.0 (+https://example.com/bot.html)"
218.228.44.29 - - [04/Jan/2025:03:35:25 +0300] "GET /about-us/ HTTP/1.1" 201 33784 "-" "Mozilla/5.0 (Windows NT 10.0; Win64; x64) AppleWebKit/537.36 (KHTML, like Gecko) Chrome/92.0.4515.107 Safari/537.36"
114.72.135.61 - - [04/Jan/2025:03:36:34 +0300] "DELETE /services/ HTTP/1.1" 200 18295 "-" "Mozilla/5.0 (Windows NT 10.0; Win64; x64) AppleWebKit/537.36 (KHTML, like Gecko) Chrome/92.0.4515.107 Safari/537.36"
142.201.33.58 - - [04/Jan/2025:03:38:06 +0300] "PUT /services/ HTTP/1.1" 501 3672 "-" "Safari/604.1 CFNetwork/893.14 Darwin/17.0.0 (x86_64)"
250.74.3.46 - - [04/Jan/2025:03:39:33 +0300] "GET /products/ HTTP/1.1" 403 26217 "-" "Safari/604.1 CFNetwork/893.14 Darwin/17.0.0 (x86_64)"
114.72.135.61 - - [04/Jan/2025:03:40:40 +0300] "POST /services/ HTTP/1.1" 401 9315 "-" "Wget/1.19.5 (linux-gnu)"
133.81.129.159 - - [04/Jan/2025:03:41:35 +0300] "POST /contact/ HTTP/1.1" 403 3879 "-" "Internet Explorer 7.0; Windows NT 6.0; Trident/5.0"
250.74.3.46 - - [04/Jan/2025:03:42:11 +0300] "PUT /contact/ HTTP/1.1" 404 9098 "-" "Crawler Bot v1.0 (+https://example.com/bot.html)"
229.206.221.69 - - [04/Jan/2025:03:43:18 +0300] "PATCH /index.html HTTP/1.1" 501 30454 "-" "Crawler Bot v1.0 (+https://example.com/bot.html)"
142.201.33.58 - - [04/Jan/2025:03:44:22 +0300] "POST /services/ HTTP/1.1" 200 3350 "-" "Opera/9.80 (X11; Linux i686; Ubuntu/14.10) Presto/2.12.388 Version/12.16"
149.90.30.222 - - [04/Jan/2025:03:45:05 +0300] "POST /index.html HTTP/1.1" 400 29455 "-" "Crawler Bot v1.0 (+https://example.com/bot.html)"
28.186.70.250 - - [04/Jan/2025:03:45:12 +0300] "PATCH /index.html HTTP/1.1" 201 4030 "-" "Safari/604.1 CFNetwork/893.14 Darwin/17.0.0 (x86_64)"
28.42.76.86 - - [04/Jan/2025:03:46:09 +0300] "PUT /products/ HTTP/1.1" 404 27623 "-" "Internet Explorer 7.0; Windows NT 6.0; Trident/5.0"
114.72.135.61 - - [04/Jan/2025:03:46:49 +0300] "PUT /index.html HTTP/1.1" 404 27372 "-" "Opera/9.80 (X11; Linux i686; Ubuntu/14.10) Presto/2.12.388 Version/12.16"
142.201.33.58 - - [04/Jan/2025:03:47:50 +0300] "PUT /products/ HTTP/1.1" 201 30370 "-" "Mozilla/5.0 (Windows NT 10.0; Win64; x64) AppleWebKit/537.36 (KHTML, like Gecko) Chrome/92.0.4515.107 Safari/537.36"
64.255.15.33 - - [04/Jan/2025:03:47:56 +0300] "DELETE /products/ HTTP/1.1" 200 7841 "-" "Wget/1.19.5 (linux-gnu)"
172.55.147.133 - - [04/Jan/2025:03:48:41 +0300] "PUT /about-us/ HTTP/1.1" 201 13715 "-" "Microsoft Edge 44.18362.449.0; Windows 10; ARM64"
44.2.222.93 - - [04/Jan/2025:03:49:49 +0300] "PATCH /contact/ HTTP/1.1" 200 2583 "-" "Mozilla/5.0 (Windows NT 10.0; Win64; x64) AppleWebKit/537.36 (KHTML, like Gecko) Chrome/92.0.4515.107 Safari/537.36"
28.42.76.86 - - [04/Jan/2025:03:50:49 +0300] "DELETE /index.html HTTP/1.1" 403 19005 "-" "Internet Explorer 7.0; Windows NT 6.0; Trident/5.0"
168.14.215.0 - - [04/Jan/2025:03:51:17 +0300] "PUT /about-us/ HTTP/1.1" 501 5874 "-" "Internet Explorer 7.0; Windows NT 6.0; Trident/5.0"
36.254.127.5 - - [04/Jan/2025:03:51:47 +0300] "DELETE /products/ HTTP/1.1" 503 31257 "-" "Crawler Bot v1.0 (+https://example.com/bot.html)"
83.96.224.158 - - [04/Jan/2025:03:52:57 +0300] "PUT /products/ HTTP/1.1" 404 31265 "-" "Safari/604.1 CFNetwork/893.14 Darwin/17.0.0 (x86_64)"
28.42.76.86 - - [04/Jan/2025:03:54:13 +0300] "POST /index.html HTTP/1.1" 200 1127 "-" "Crawler Bot v1.0 (+https://example.com/bot.html)"
153.52.113.49 - - [04/Jan/2025:03:54:19 +0300] "DELETE /products/ HTTP/1.1" 400 27973 "-" "Opera/9.80 (X11; Linux i686; Ubuntu/14.10) Presto/2.12.388 Version/12.16"
133.81.129.159 - - [04/Jan/2025:03:55:10 +0300] "DELETE /products/ HTTP/1.1" 200 2446 "-" "Microsoft Edge 44.18362.449.0; Windows 10; ARM64"
124.29.122.120 - - [04/Jan/2025:03:56:37 +0300] "PATCH /about-us/ HTTP/1.1" 502 16192 "-" "Microsoft Edge 44.18362.449.0; Windows 10; ARM64"
49.20.36.30 - - [04/Jan/2025:03:56:54 +0300] "PUT /products/ HTTP/1.1" 200 5795 "-" "Internet Explorer 7.0; Windows NT 6.0; Trident/5.0"
142.201.33.58 - - [04/Jan/2025:03:57:11 +0300] "POST /services/ HTTP/1.1" 501 3427 "-" "Crawler Bot v1.0 (+https://example.com/bot.html)"
168.14.215.0 - - [04/Jan/2025:03:58:21 +0300] "DELETE /products/ HTTP/1.1" 201 6696 "-" "Opera/9.80 (X11; Linux i686; Ubuntu/14.10) Presto/2.12.388 Version/12.16"
180.101.174.150 - - [04/Jan/2025:03:59:22 +0300] "POST /index.html HTTP/1.1" 200 31648 "-" "Opera/9.80 (X11; Linux i686; Ubuntu/14.10) Presto/2.12.388 Version/12.16"
44.2.222.93 - - [04/Jan/2025:04:00:41 +0300] "GET /services/ HTTP/1.1" 401 9606 "-" "Opera/9.80 (X11; Linux i686; Ubuntu/14.10) Presto/2.12.388 Version/12.16"
229.206.221.69 - - [04/Jan/2025:04:01:36 +0300] "DELETE /contact/ HTTP/1.1" 500 3054 "-" "Opera/9.80 (X11; Linux i686; Ubuntu/14.10) Presto/2.12.388 Version/12.16"
20.182.249.13 - - [04/Jan/2025:04:02:17 +0300] "PATCH /products/ HTTP/1.1" 500 32401 "-" "Crawler Bot v1.0 (+https://example.com/bot.html)"
149.90.30.222 - - [04/Jan/2025:04:02:36 +0300] "POST /index.html HTTP/1.1" 201 5239 "-" "Microsoft Edge 44.18362.449.0; Windows 10; ARM64"
28.186.70.250 - - [04/Jan/2025:04:03:53 +0300] "DELETE /contact/ HTTP/1.1" 400 1681 "-" "Microsoft Edge 44.18362.449.0; Windows 10; ARM64"
44.2.222.93 - - [04/Jan/2025:04:04:04 +0300] "GET /services/ HTTP/1.1" 404 8429 "-" "Microsoft Edge 44.18362.449.0; Windows 10; ARM64"
214.61.138.41 - - [04/Jan/2025:04:05:20 +0300] "GET /about-us/ HTTP/1.1" 403 33397 "-" "Opera/9.80 (X11; Linux i686; Ubuntu/14.10) Presto/2.12.388 Version/12.16"
180.101.174.150 - - [04/Jan/2025:04:06:14 +0300] "GET /products/ HTTP/1.1" 500 19261 "-" "Microsoft Edge 44.18362.449.0; Windows 10; ARM64"
49.20.36.30 - - [04/Jan/2025:04:07:36 +0300] "PATCH /services/ HTTP/1.1" 200 4677 "-" "Crawler Bot v1.0 (+https://example.com/bot.html)"
44.2.222.93 - - [04/Jan/2025:04:08:01 +0300] "PATCH /index.html HTTP/1.1" 502 4593 "-" "Opera/9.80 (X11; Linux i686; Ubuntu/14.10) Presto/2.12.388 Version/12.16"
49.20.36.30 - - [04/Jan/2025:04:09:24 +0300] "PUT /contact/ HTTP/1.1" 501 11941 "-" "Mozilla/5.0 (Windows NT 10.0; Win64; x64) AppleWebKit/537.36 (KHTML, like Gecko) Chrome/92.0.4515.107 Safari/537.36"
149.90.30.222 - - [04/Jan/2025:04:10:44 +0300] "PUT /about-us/ HTTP/1.1" 503 3412 "-" "Wget/1.19.5 (linux-gnu)"
64.255.15.33 - - [04/Jan/2025:04:11:08 +0300] "PUT /contact/ HTTP/1.1" 403 29387 "-" "Safari/604.1 CFNetwork/893.14 Darwin/17.0.0 (x86_64)"
28.42.76.86 - - [04/Jan/2025:04:11:17 +0300] "POST /services/ HTTP/1.1" 403 14493 "-" "Opera/9.80 (X11; Linux i686; Ubuntu/14.10) Presto/2.12.388 Version/12.16"
142.201.33.58 - - [04/Jan/2025:04:11:28 +0300] "PUT /services/ HTTP/1.1" 200 30670 "-" "Wget/1.19.5 (linux-gnu)"
20.182.249.13 - - [04/Jan/2025:04:12:38 +0300] "PUT /services/ HTTP/1.1" 201 2039 "-" "Microsoft Edge 44.18362.449.0; Windows 10; ARM64"
28.186.70.250 - - [04/Jan/2025:04:13:16 +0300] "DELETE /services/ HTTP/1.1" 404 32142 "-" "Wget/1.19.5 (linux-gnu)"
147.65.92.12 - - [04/Jan/2025:04:14:36 +0300] "PATCH /contact/ HTTP/1.1" 401 21163 "-" "Mozilla/5.0 (Windows NT 10.0; Win64; x64) AppleWebKit/537.36 (KHTML, like Gecko) Chrome/92.0.4515.107 Safari/537.36"
28.186.70.250 - - [04/Jan/2025:04:16:03 +0300] "GET /about-us/ HTTP/1.1" 404 4957 "-" "Crawler Bot v1.0 (+https://example.com/bot.html)"
231.62.123.253 - - [04/Jan/2025:04:17:16 +0300] "PATCH /products/ HTTP/1.1" 501 18222 "-" "Opera/9.80 (X11; Linux i686; Ubuntu/14.10) Presto/2.12.388 Version/12.16"
28.42.76.86 - - [04/Jan/2025:04:17:27 +0300] "PUT /services/ HTTP/1.1" 201 33672 "-" "Microsoft Edge 44.18362.449.0; Windows 10; ARM64"
180.101.174.150 - - [04/Jan/2025:04:17:32 +0300] "PATCH /services/ HTTP/1.1" 500 31067 "-" "Opera/9.80 (X11; Linux i686; Ubuntu/14.10) Presto/2.12.388 Version/12.16"
28.42.76.86 - - [04/Jan/2025:04:17:49 +0300] "POST /about-us/ HTTP/1.1" 500 7702 "-" "Opera/9.80 (X11; Linux i686; Ubuntu/14.10) Presto/2.12.388 Version/12.16"
20.182.249.13 - - [04/Jan/2025:04:18:01 +0300] "GET /products/ HTTP/1.1" 503 22900 "-" "Crawler Bot v1.0 (+https://example.com/bot.html)"
218.228.44.29 - - [04/Jan/2025:04:19:16 +0300] "GET /products/ HTTP/1.1" 403 17986 "-" "Crawler Bot v1.0 (+https://example.com/bot.html)"
83.96.224.158 - - [04/Jan/2025:04:20:19 +0300] "POST /contact/ HTTP/1.1" 200 20895 "-" "Internet Explorer 7.0; Windows NT 6.0; Trident/5.0"
53.144.239.176 - - [04/Jan/2025:04:21:36 +0300] "PUT /index.html HTTP/1.1" 201 22193 "-" "Crawler Bot v1.0 (+https://example.com/bot.html)"
53.144.239.176 - - [04/Jan/2025:04:22:27 +0300] "GET /about-us/ HTTP/1.1" 403 28671 "-" "Mozilla/5.0 (Windows NT 10.0; Win64; x64) AppleWebKit/537.36 (KHTML, like Gecko) Chrome/92.0.4515.107 Safari/537.36"
20.182.249.13 - - [04/Jan/2025:04:22:57 +0300] "PATCH /contact/ HTTP/1.1" 501 11221 "-" "Microsoft Edge 44.18362.449.0; Windows 10; ARM64"
28.42.76.86 - - [04/Jan/2025:04:23:32 +0300] "DELETE /about-us/ HTTP/1.1" 200 27045 "-" "Mozilla/5.0 (Windows NT 10.0; Win64; x64) AppleWebKit/537.36 (KHTML, like Gecko) Chrome/92.0.4515.107 Safari/537.36"
49.20.36.30 - - [04/Jan/2025:04:25:00 +0300] "GET /services/ HTTP/1.1" 503 17416 "-" "Mozilla/5.0 (Windows NT 10.0; Win64; x64) AppleWebKit/537.36 (KHTML, like Gecko) Chrome/92.0.4515.107 Safari/537.36"
250.74.3.46 - - [04/Jan/2025:04:25:44 +0300] "POST /contact/ HTTP/1.1" 403 27092 "-" "Crawler Bot v1.0 (+https://example.com/bot.html)"
44.2.222.93 - - [04/Jan/2025:04:26:44 +0300] "GET /about-us/ HTTP/1.1" 201 9276 "-" "Safari/604.1 CFNetwork/893.14 Darwin/17.0.0 (x86_64)"
153.52.113.49 - - [04/Jan/2025:04:28:20 +0300] "DELETE /services/ HTTP/1.1" 404 20250 "-" "Internet Explorer 7.0; Windows NT 6.0; Trident/5.0"
149.90.30.222 - - [04/Jan/2025:04:29:32 +0300] "DELETE /index.html HTTP/1.1" 502 26369 "-" "Opera/9.80 (X11; Linux i686; Ubuntu/14.10) Presto/2.12.388 Version/12.16"
53.144.239.176 - - [04/Jan/2025:04:30:57 +0300] "PUT /products/ HTTP/1.1" 401 16268 "-" "Microsoft Edge 44.18362.449.0; Windows 10; ARM64"
172.55.147.133 - - [04/Jan/2025:04:31:42 +0300] "PATCH /products/ HTTP/1.1" 501 23243 "-" "Opera/9.80 (X11; Linux i686; Ubuntu/14.10) Presto/2.12.388 Version/12.16"
142.201.33.58 - - [04/Jan/2025:04:32:53 +0300] "GET /services/ HTTP/1.1" 502 20565 "-" "Microsoft Edge 44.18362.449.0; Windows 10; ARM64"
