28.42.76.86 - - [03/Jan/2025:00:00:59 +0300] "GET /services/ HTTP/1.1" 401 16333 "-" "Safari/604.1 CFNetwork/893.14 Darwin/17.0.0 (x86_64)"
64.255.15.33 - - [03/Jan/2025:00:02:05 +0300] "PUT /services/ HTTP/1.1" 503 11460 "-" "Opera/9.80 (X11; Linux i686; Ubuntu/14.10) Presto/2.12.388 Version/12.16"
64.255.15.33 - - [03/Jan/2025:00:03:06 +0300] "POST /index.html HTTP/1.1" 403 16671 "-" "Safari/604.1 CFNetwork/893.14 Darwin/17.0.0 (x86_64)"
28.42.76.86 - - [03/Jan/2025:00:03:39 +0300] "DELETE /about-us/ HTTP/1.1" 501 26689 "-" "Microsoft Edge 44.18362.449.0; Windows 10; ARM64"
153.52.113.49 - - [03/Jan/2025:00:04:38 +0300] "PUT /services/ HTTP/1.1" 503 29255 "-" "Microsoft Edge 44.18362.449.0; Windows 10; ARM64"
28.42.76.86 - - [03/Jan/2025:00:05:54 +0300] "GET /contact/ HTTP/1.1" 404 12338 "-" "Microsoft Edge 44.18362.449.0; Windows 10; ARM64"
44.2.222.93 - - [03/Jan/2025:00:07:46 +0300] "PATCH /products/ HTTP/1.1" 500 19869 "-" "Safari/604.1 CFNetwork/893.14 Darwin/17.0.0 (x86_64)"
49.20.36.30 - - [03/Jan/2025:00:09:37 +0300] "POST /contact/ HTTP/1.1" 502 9281 "-" "Mozilla/5.0 (Windows NT 10.0; Win64; x64) AppleWebKit/537.36 (KHTML, like Gecko) Chrome/92.0.4515.107 Safari/537.36"
218.228.44.29 - - [03/Jan/2025:00:10:22 +0300] "DELETE /services/ HTTP/1.1" 403 21422 "-" "Microsoft Edge 44.18362.449.0; Windows 10; ARM64"
133.81.129.159 - - [03/Jan/2025:00:11:06 +0300] "GET /about-us/ HTTP/1.1" 502 31981 "-" "Wget/1.19.5 (linux-gnu)"
36.254.127.5 - - [03/Jan/2025:00:11:30 +0300] "GET /products/ HTTP/1.1" 501 12303 "-" "Wget/1.19.5 (linux-gnu)"
147.65.92.12 - - [03/Jan/2025:00:12:18 +0300] "POST /about-us/ HTTP/1.1" 404 15196 "-" "Wget/1.19.5 (linux-gnu)"
149.90.30.222 - - [03/Jan/2025:00:13:07 +0300] "PATCH /index.html HTTP/1.1" 502 14495 "-" "Microsoft Edge 44.18362.449.0; Windows 10; ARM64"
64.255.15.33 - - [03/Jan/2025:00:14:18 +0300] "PATCH /products/ HTTP/1.1" 201 11546 "-" "Internet Explorer 7.0; Windows NT 6.0; Trident/5.0"
218.228.44.29 - - [03/Jan/2025:00:14:28 +0300] "PUT /services/ HTTP/1.1" 200 15820 "-" "Wget/1.19.5 (linux-gnu)"
250.74.3.46 - - [03/Jan/2025:00:15:34 +0300] "PUT /index.html HTTP/1.1" 503 7117 "-" "Safari/604.1 CFNetwork/893.14 Darwin/17.0.0 (x86_64)"
250.74.3.46 - - [03/Jan/2025:00:16:34 +0300] "GET /products/ HTTP/1.1" 403 12379 "-" "Opera/9.80 (X11; Linux i686; Ubuntu/14.10) Presto/2.12.388 Version/12.16"
53.144.239.176 - - [03/Jan/2025:00:17:56 +0300] "PUT /index.html HTTP/1.1" 403 10809 "-" "Internet Explorer 7.0; Windows NT 6.0; Trident/5.0"
114.72.135.61 - - [03/Jan/2025:00:18:40 +0300] "GET /about-us/ HTTP/1.1" 501 1843 "-" "Crawler Bot v1.0 (+https://example.com/bot.html)"
172.55.147.133 - - [03/Jan/2025:00:20:26 +0300] "DELETE /index.html HTTP/1.1" 403 10341 "-" "Crawler Bot v1.0 (+https://example.com/bot.html)"
142.201.33.58 - - [03/Jan/2025:00:20:36 +0300] "PATCH /about-us/ HTTP/1.1" 502 32510 "-" "Crawler Bot v1.0 (+https://example.com/bot.html)"
36.254.127.5 - - [03/Jan/2025:00:20:46 +0300] "POST /about-us/ HTTP/1.1" 502 23472 "-" "Internet Explorer 7.0; Windows NT 6.0; Trident/5.0"
64.255.15.33 - - [03/Jan/2025:00:22:38 +0300] "POST /contact/ HTTP/1.1" 400 15354 "-" "Internet Explorer 7.0; Windows NT 6.0; Trident/5.0"
142.201.33.58 - - [03/Jan/2025:00:23:01 +0300] "PATCH /contact/ HTTP/1.1" 404 8640 "-" "Opera/9.80 (X11; Linux i686; Ubuntu/14.10) Presto/2.12.388 Version/12.16"
133.81.129.159 - - [03/Jan/2025:00:24:37 +0300] "PATCH /about-us/ HTTP/1.1" 503 17944 "-" "Microsoft Edge 44.18362.449.0; Windows 10; ARM64"
124.29.122.120 - - [03/Jan/2025:00:25:44 +0300] "PUT /services/ HTTP/1.1" 201 23460 "-" "Opera/9.80 (X11; Linux i686; Ubuntu/14.10) Presto/2.12.388 Version/12.16"
53.144.239.176 - - [03/Jan/2025:00:26:25 +0300] "GET /products/ HTTP/1.1" 401 18599 "-" "Microsoft Edge 44.18362.449.0; Windows 10; ARM64"
218.228.44.29 - - [03/Jan/2025:00:27:24 +0300] "PATCH /about-us/ HTTP/1.1" 404 10025 "-" "Microsoft Edge 44.18362.449.0; Windows 10; ARM64"
229.206.221.69 - - [03/Jan/2025:00:27:56 +0300] "POST /products/ HTTP/1.1" 404 11341 "-" "Opera/9.80 (X11; Linux i686; Ubuntu/14.10) Presto/2.12.388 Version/12.16"
53.144.239.176 - - [03/Jan/2025:00:29:46 +0300] "PUT /services/ HTTP/1.1" 201 22098 "-" "Internet Explorer 7.0; Windows NT 6.0; Trident/5.0"
133.81.129.159 - - [03/Jan/2025:00:29:56 +0300] "PUT /index.html HTTP/1.1" 400 11454 "-" "Mozilla/5.0 (Windows NT 10.0; Win64; x64) AppleWebKit/537.36 (KHTML, like Gecko) Chrome/92.0.4515.107 Safari/537.36"
28.186.70.250 - - [03/Jan/2025:00:30:46 +0300] "PATCH /index.html HTTP/1.1" 501 2027 "-" "Crawler Bot v1.0 (+https://example.com/bot.html)"
153.52.113.49 - - [03/Jan/2025:00:31:54 +0300] "POST /index.html HTTP/1.1" 500 30328 "-" "Microsoft Edge 44.18362.449.0; Windows 10; ARM64"
124.29.122.120 - - [03/Jan/2025:00:32:41 +0300] "DELETE /products/ HTTP/1.1" 404 18867 "-" "Safari/604.1 CFNetwork/893.14 Darwin/17.0.0 (x86_64)"
229.206.221.69 - - [03/Jan/2025:00:33:45 +0300] "POST /products/ HTTP/1.1" 201 3684 "-" "Safari/604.1 CFNetwork/893.14 Darwin/17.0.0 (x86_64)"
147.65.92.12 - - [03/Jan/2025:00:34:24 +0300] "DELETE /products/ HTTP/1.1" 403 32218 "-" "Microsoft Edge 44.18362.449.0; Windows 10; ARM64"
153.52.113.49 - - [03/Jan/2025:00:36:00 +0300] "POST /about-us/ HTTP/1.1" 404 10877 "-" "Wget/1.19.5 (linux-gnu)"
214.61.138.41 - - [03/Jan/2025:00:36:04 +0300] "POST /contact/ HTTP/1.1" 503 11626 "-" "Mozilla/5.0 (Windows NT 10.0; Win64; x64) AppleWebKit/537.36 (KHTML, like Gecko) Chrome/92.0.4515.107 Safari/537.36"
142.201.33.58 - - [03/Jan/2025:00:36:45 +0300] "GET /services/ HTTP/1.1" 200 27320 "-" "Safari/604.1 CFNetwork/893.14 Darwin/17.0.0 (x86_64)"
172.55.147.133 - - [03/Jan/2025:00:38:08 +0300] "DELETE /index.html HTTP/1.1" 403 20459 "-" "Crawler Bot v1.0 (+https://example.com/bot.html)"
53.144.239.176 - - [03/Jan/2025:00:39:05 +0300] "PATCH /about-us/ HTTP/1.1" 503 24203 "-" "Microsoft Edge 44.18362.449.0; Windows 10; ARM64"
28.186.70.250 - - [03/Jan/2025:00:40:33 +0300] "POST /contact/ HTTP/1.1" 501 30642 "-" "Mozilla/5.0 (Windows NT 10.0; Win64; x64) AppleWebKit/537.36 (KHTML, like Gecko) Chrome/92.0.4515.107 Safari/537.36"
64.255.15.33 - - [03/Jan/2025:00:42:26 +0300] "POST /contact/ HTTP/1.1" 503 11547 "-" "Microsoft Edge 44.18362.449.0; Windows 10; ARM64"
153.52.113.49 - - [03/Jan/2025:00:42:46 +0300] "GET /about-us/ HTTP/1.1" 500 25204 "-" "Internet Explorer 7.0; Windows NT 6.0; Trident/5.0"
147.65.92.12 - - [03/Jan/2025:00:44:32 +0300] "POST /about-us/ HTTP/1.1" 401 11168 "-" "Internet Explorer 7.0; Windows NT 6.0; Trident/5.0"
133.81.129.159 - - [03/Jan/2025:00:44:34 +0300] "PATCH /products/ HTTP/1.1" 403 26220 "-" "Microsoft Edge 44.18362.449.0; Windows 10; ARM64"
114.72.135.61 - - [03/Jan/2025:00:45:33 +0300] "GET /index.html HTTP/1.1" 400 7538 "-" "Opera/9.80 (X11; Linux i686; Ubuntu/14.10) Presto/2.12.388 Version/12.16"
28.42.76.86 - - [03/Jan/2025:00:47:22 +0300] "POST /about-us/ HTTP/1.1" 503 14229 "-" "Wget/1.19.5 (linux-gnu)"
64.255.15.33 - - [03/Jan/2025:00:47:50 +0300] "PUT /about-us/ HTTP/1.1" 404 12514 "-" "Wget/1.19.5 (linux-gnu)"
168.14.215.0 - - [03/Jan/2025:00:49:12 +0300] "DELETE /index.html HTTP/1.1" 404 8831 "-" "Wget/1.19.5 (linux-gnu)"
28.186.70.250 - - [03/Jan/2025:00:49:23 +0300] "PATCH /contact/ HTTP/1.1" 500 13742 "-" "Safari/604.1 CFNetwork/893.14 Darwin/17.0.0 (x86_64)"
49.20.36.30 - - [03/Jan/2025:00:50:31 +0300] "PUT /products/ HTTP/1.1" 501 8818 "-" "Wget/1.19.5 (linux-gnu)"
153.52.113.49 - - [03/Jan/2025:00:52:03 +0300] "GET /services/ HTTP/1.1" 403 23119 "-" "Crawler Bot v1.0 (+https://example.com/bot.html)"
180.101.174.150 - - [03/Jan/2025:00:52:39 +0300] "POST /products/ HTTP/1.1" 501 27924 "-" "Mozilla/5.0 (Windows NT 10.0; Win64; x64) AppleWebKit/537.36 (KHTML, like Gecko) Chrome/92.0.4515.107 Safari/537.36"
147.65.92.12 - - [03/Jan/2025:00:54:13 +0300] "PATCH /products/ HTTP/1.1" 501 19613 "-" "Crawler Bot v1.0 (+https://example.com/bot.html)"
229.206.221.69 - - [03/Jan/2025:00:55:45 +0300] "POST /index.html HTTP/1.1" 200 18848 "-" "Crawler Bot v1.0 (+https://example.com/bot.html)"
53.144.239.176 - - [03/Jan/2025:00:56:47 +0300] "GET /about-us/ HTTP/1.1" 401 14910 "-" "Internet Explorer 7.0; Windows NT 6.0; Trident/5.0"
229.206.221.69 - - [03/Jan/2025:00:57:54 +0300] "DELETE /contact/ HTTP/1.1" 403 7155 "-" "Safari/604.1 CFNetwork/893.14 Darwin/17.0.0 (x86_64)"
218.228.44.29 - - [03/Jan/2025:00:58:12 +0300] "PUT /index.html HTTP/1.1" 401 4511 "-" "Internet Explorer 7.0; Windows NT 6.0; Trident/5.0"
64.255.15.33 - - [03/Jan/2025:00:59:43 +0300] "GET /products/ HTTP/1.1" 401 31557 "-" "Crawler Bot v1.0 (+https://example.com/bot.html)"
172.55.147.133 - - [03/Jan/2025:01:00:24 +0300] "GET /products/ HTTP/1.1" 403 15633 "-" "Wget/1.19.5 (linux-gnu)"
172.55.147.133 - - [03/Jan/2025:01:00:25 +0300] "POST /contact/ HTTP/1.1" 500 30991 "-" "Mozilla/5.0 (Windows NT 10.0; Win64; x64) AppleWebKit/537.36 (KHTML, like Gecko) Chrome/92.0.4515.107 Safari/537.36"
142.201.33.58 - - [03/Jan/2025:01:01:32 +0300] "PUT /products/ HTTP/1.1" 502 28771 "-" "Mozilla/5.0 (Windows NT 10.0; Win64; x64) AppleWebKit/537.36 (KHTML, like Gecko) Chrome/92.0.4515.107 Safari/537.36"
142.201.33.58 - - [03/Jan/2025:01:02:49 +0300] "GET /index.html HTTP/1.1" 404 19191 "-" "Safari/604.1 CFNetwork/893.14 Darwin/17.0.0 (x86_64)"
172.55.147.133 - - [03/Jan/2025:01:03:16 +0300] "DELETE /services/ HTTP/1.1" 501 4880 "-" "Wget/1.19.5 (linux-gnu)"
147.65.92.12 - - [03/Jan/2025:01:05:06 +0300] "PUT /products/ HTTP/1.1" 501 27669 "-" "Safari/604.1 CFNetwork/893.14 Darwin/17.0.0 (x86_64)"
83.96.224.158 - - [03/Jan/2025:01:05:58 +0300] "GET /contact/ HTTP/1.1" 403 13080 "-" "Opera/9.80 (X11; Linux i686; Ubuntu/14.10) Presto/2.12.388 Version/12.16"
214.61.138.41 - - [03/Jan/2025:01:07:51 +0300] "PUT /index.html HTTP/1.1" 501 2304 "-" "Opera/9.80 (X11; Linux i686; Ubuntu/14.10) Presto/2.12.388 Version/12.16"
20.182.249.13 - - [03/Jan/2025:01:08:14 +0300] "PUT /about-us/ HTTP/1.1" 503 33607 "-" "Wget/1.19.5 (linux-gnu)"
114.72.135.61 - - [03/Jan/2025:01:09:08 +0300] "DELETE /index.html HTTP/1.1" 400 33031 "-" "Mozilla/5.0 (Windows NT 10.0; Win64; x64) AppleWebKit/537.36 (KHTML, like Gecko) Chrome/92.0.4515.107 Safari/537.36"
250.74.3.46 - - [03/Jan/2025:01:10:09 +0300] "GET /products/ HTTP/1.1" 501 14970 "-" "Wget/1.19.5 (linux-gnu)"
133.81.129.159 - - [03/Jan/2025:01:10:27 +0300] "PATCH /products/ HTTP/1.1" 201 7510 "-" "Mozilla/5.0 (Windows NT 10.0; Win64; x64) AppleWebKit/537.36 (KHTML, like Gecko) Chrome/92.0.4515.107 Safari/537.36"
53.144.239.176 - - [03/Jan/2025:01:11:09 +0300] "PATCH /contact/ HTTP/1.1" 401 11166 "-" "Wget/1.19.5 (linux-gnu)"
49.20.36.30 - - [03/Jan/2025:01:12:10 +0300] "DELETE /about-us/ HTTP/1.1" 503 14134 "-" "Opera/9.80 (X11; Linux i686; Ubuntu/14.10) Presto/2.12.388 Version/12.16"
44.2.222.93 - - [03/Jan/2025:01:14:02 +0300] "POST /products/ HTTP/1.1" 200 33463 "-" "Mozilla/5.0 (Windows NT 10.0; Win64; x64) AppleWebKit/537.36 (KHTML, like Gecko) Chrome/92.0.4515.107 Safari/537.36"
124.29.122.120 - - [03/Jan/2025:01:15:09 +0300] "PATCH /services/ HTTP/1.1" 201 31222 "-" "Internet Explorer 7.0; Windows NT 6.0; Trident/5.0"
44.2.222.93 - - [03/Jan/2025:01:16:59 +0300] "DELETE /products/ HTTP/1.1" 502 2740 "-" "Wget/1.19.5 (linux-gnu)"
153.52.113.49 - - [03/Jan/2025:01:17:47 +0300] "DELETE /contact/ HTTP/1.1" 401 1171 "-" "Wget/1.19.5 (linux-gnu)"
133.81.129.159 - - [03/Jan/2025:01:18:44 +0300] "PUT /index.html HTTP/1.1" 500 22645 "-" "Internet Explorer 7.0; Windows NT 6.0; Trident/5.0"
53.144.239.176 - - [03/Jan/2025:01:19:10 +0300] "GET /contact/ HTTP/1.1" 403 24787 "-" "Wget/1.19.5 (linux-gnu)"
231.62.123.253 - - [03/Jan/2025:01:19:27 +0300] "PUT /products/ HTTP/1.1" 401 24337 "-" "Microsoft Edge 44.18362.449.0; Windows 10; ARM64"
229.206.221.69 - - [03/Jan/2025:01:21:19 +0300] "GET /services/ HTTP/1.1" 401 2179 "-" "Safari/604.1 CFNetwork/893.14 Darwin/17.0.0 (x86_64)"
124.29.122.120 - - [03/Jan/2025:01:21:39 +0300] "PUT /about-us/ HTTP/1.1" 503 18208 "-" "Opera/9.80 (X11; Linux i686; Ubuntu/14.10) Presto/2.12.388 Version/12.16"
168.14.215.0 - - [03/Jan/2025:01:23:08 +0300] "PATCH /products/ HTTP/1.1" 502 19071 "-" "Internet Explorer 7.0; Windows NT 6.0; Trident/5.0"
218.228.44.29 - - [03/Jan/2025:01:23:57 +0300] "PUT /services/ HTTP/1.1" 403 12094 "-" "Opera/9.80 (X11; Linux i686; Ubuntu/14.10) Presto/2.12.388 Version/12.16"
147.65.92.12 - - [03/Jan/2025:01:25:28 +0300] "PATCH /services/ HTTP/1.1" 404 25061 "-" "Mozilla/5.0 (Windows NT 10.0; Win64; x64) AppleWebKit/537.36 (KHTML, like Gecko) Chrome/92.0.4515.107 Safari/537.36"
83.96.224.158 - - [03/Jan/2025:01:26:19 +0300] "GET /contact/ HTTP/1.1" 501 29966 "-" "Internet Explorer 7.0; Windows NT 6.0; Trident/5.0"
180.101.174.150 - - [03/Jan/2025:01:27:50 +0300] "PATCH /about-us/ HTTP/1.1" 502 6752 "-" "Microsoft Edge 44.18362.449.0; Windows 10; ARM64"
149.90.30.222 - - [03/Jan/2025:01:28:48 +0300] "PUT /about-us/ HTTP/1.1" 201 6093 "-" "Crawler Bot v1.0 (+https://example.com/bot.html)"
49.20.36.30 - - [03/Jan/2025:01:30:25 +0300] "GET /services/ HTTP/1.1" 404 13633 "-" "Opera/9.80 (X11; Linux i686; Ubuntu/14.10) Presto/2.12.388 Version/12.16"
133.81.129.159 - - [03/Jan/2025:01:31:46 +0300] "PATCH /products/ HTTP/1.1" 200 29361 "-" "Mozilla/5.0 (Windows NT 10.0; Win64; x64) AppleWebKit/537.36 (KHTML, like Gecko) Chrome/92.0.4515.107 Safari/537.36"
53.144.239.176 - - [03/Jan/2025:01:32:32 +0300] "POST /contact/ HTTP/1.1" 503 21533 "-" "Crawler Bot v1.0 (+https://example.com/bot.html)"
114.72.135.61 - - [03/Jan/2025:01:34:15 +0300] "GET /contact/ HTTP/1.1" 503 25018 "-" "Crawler Bot v1.0 (+https://example.com/bot.html)"
124.29.122.120 - - [03/Jan/2025:01:34:19 +0300] "PATCH /index.html HTTP/1.1" 404 1882 "-" "Microsoft Edge 44.18362.449.0; Windows 10; ARM64"
168.14.215.0 - - [03/Jan/2025:01:34:37 +0300] "PATCH /about-us/ HTTP/1.1" 500 5732 "-" "Crawler Bot v1.0 (+https://example.com/bot.html)"
20.182.249.13 - - [03/Jan/2025:01:35:49 +0300] "PATCH /about-us/ HTTP/1.1" 501 28678 "-" "Safari/604.1 CFNetwork/893.14 Darwin/17.0.0 (x86_64)"
28.42.76.86 - - [03/Jan/2025:01:36:16 +0300] "GET /index.html HTTP/1.1" 201 10047 "-" "Mozilla/5.0 (Windows NT 10.0; Win64; x64) AppleWebKit/537.36 (KHTML, like Gecko) Chrome/92.0.4515.107 Safari/537.36"
180.101.174.150 - - [03/Jan/2025:01:37:43 +0300] "DELETE /services/ HTTP/1.1" 400 11388 "-" "Crawler Bot v1.0 (+https://example.com/bot.html)"
214.61.138.41 - - [03/Jan/2025:01:39:31 +0300] "PUT /about-us/ HTTP/1.1" 502 23256 "-" "Opera/9.80 (X11; Linux i686; Ubuntu/14.10) Presto/2.12.388 Version/12.16"
36.254.127.5 - - [03/Jan/2025:01:39:44 +0300] "GET /products/ HTTP/1.1" 404 28439 "-" "Internet Explorer 7.0; Windows NT 6.0; Trident/5.0"
64.255.15.33 - - [03/Jan/2025:01:39:47 +0300] "PATCH /contact/ HTTP/1.1" 404 5765 "-" "Crawler Bot v1.0 (+https://example.com/bot.html)"
83.96.224.158 - - [03/Jan/2025:01:41:20 +0300] "PUT /about-us/ HTTP/1.1" 401 10419 "-" "Internet Explorer 7.0; Windows NT 6.0; Trident/5.0"
64.255.15.33 - - [03/Jan/2025:01:43:00 +0300] "GET /products/ HTTP/1.1" 404 8291 "-" "Mozilla/5.0 (Windows NT 10.0; Win64; x64) AppleWebKit/537.36 (KHTML, like Gecko) Chrome/92.0.4515.107 Safari/537.36"
142.201.33.58 - - [03/Jan/2025:01:44:32 +0300] "DELETE /services/ HTTP/1.1" 501 1937 "-" "Wget/1.19.5 (linux-gnu)"
168.14.215.0 - - [03/Jan/2025:01:44:35 +0300] "GET /about-us/ HTTP/1.1" 500 21599 "-" "Microsoft Edge 44.18362.449.0; Windows 10; ARM64"
250.74.3.46 - - [03/Jan/2025:01:46:15 +0300] "PUT /about-us/ HTTP/1.1" 400 9540 "-" "Wget/1.19.5 (linux-gnu)"
83.96.224.158 - - [03/Jan/2025:01:47:45 +0300] "PATCH /services/ HTTP/1.1" 403 10128 "-" "Internet Explorer 7.0; Windows NT 6.0; Trident/5.0"
218.228.44.29 - - [03/Jan/2025:01:48:22 +0300] "POST /services/ HTTP/1.1" 400 17817 "-" "Wget/1.19.5 (linux-gnu)"
250.74.3.46 - - [03/Jan/2025:01:50:02 +0300] "PATCH /services/ HTTP/1.1" 404 33052 "-" "Mozilla/5.0 (Windows NT 10.0; Win64; x64) AppleWebKit/537.36 (KHTML, like Gecko) Chrome/92.0.4515.107 Safari/537.36"
28.186.70.250 - - [03/Jan/2025:01:51:51 +0300] "POST /products/ HTTP/1.1" 200 7552 "-" "Opera/9.80 (X11; Linux i686; Ubuntu/14.10) Presto/2.12.388 Version/12.16"
28.186.70.250 - - [03/Jan/2025:01:53:07 +0300] "PUT /products/ HTTP/1.1" 401 14839 "-" "Mozilla/5.0 (Windows NT 10.0; Win64; x64) AppleWebKit/537.36 (KHTML, like Gecko) Chrome/92.0.4515.107 Safari/537.36"
147.65.92.12 - - [03/Jan/2025:01:53:30 +0300] "DELETE /contact/ HTTP/1.1" 503 18624 "-" "Crawler Bot v1.0 (+https://example.com/bot.html)"
214.61.138.41 - - [03/Jan/2025:01:54:54 +0300] "DELETE /contact/ HTTP/1.1" 200 13921 "-" "Mozilla/5.0 (Windows NT 10.0; Win64; x64) AppleWebKit/537.36 (KHTML, like Gecko) Chrome/92.0.4515.107 Safari/537.36"
36.254.127.5 - - [03/Jan/2025:01:55:12 +0300] "PUT /products/ HTTP/1.1" 404 12449 "-" "Mozilla/5.0 (Windows NT 10.0; Win64; x64) AppleWebKit/537.36 (KHTML, like Gecko) Chrome/92.0.4515.107 Safari/537.36"
64.255.15.33 - - [03/Jan/2025:01:56:15 +0300] "POST /contact/ HTTP/1.1" 200 9052 "-" "Internet Explorer 7.0; Windows NT 6.0; Trident/5.0"
28.42.76.86 - - [03/Jan/2025:01:57:59 +0300] "GET /index.html HTTP/1.1" 401 23235 "-" "Internet Explorer 7.0; Windows NT 6.0; Trident/5.0"
168.14.215.0 - - [03/Jan/2025:01:59:49 +0300] "DELETE /services/ HTTP/1.1" 401 31256 "-" "Opera/9.80 (X11; Linux i686; Ubuntu/14.10) Presto/2.12.388 Version/12.16"
172.55.147.133 - - [03/Jan/2025:02:00:49 +0300] "POST /contact/ HTTP/1.1" 501 6848 "-" "Crawler Bot v1.0 (+https://example.com/bot.html)"
180.101.174.150 - - [03/Jan/2025:02:00:56 +0300] "POST /services/ HTTP/1.1" 404 5362 "-" "Crawler Bot v1.0 (+https://example.com/bot.html)"
231.62.123.253 - - [03/Jan/2025:02:02:15 +0300] "DELETE /contact/ HTTP/1.1" 403 5007 "-" "Microsoft Edge 44.18362.449.0; Windows 10; ARM64"
20.182.249.13 - - [03/Jan/2025:02:02:20 +0300] "PATCH /contact/ HTTP/1.1" 400 25974 "-" "Microsoft Edge 44.18362.449.0; Windows 10; ARM64"
64.255.15.33 - - [03/Jan/2025:02:03:56 +0300] "PUT /products/ HTTP/1.1" 501 29264 "-" "Opera/9.80 (X11; Linux i686; Ubuntu/14.10) Presto/2.12.388 Version/12.16"
28.42.76.86 - - [03/Jan/2025:02:04:50 +0300] "PUT /contact/ HTTP/1.1" 200 32194 "-" "Opera/9.80 (X11; Linux i686; Ubuntu/14.10) Presto/2.12.388 Version/12.16"
36.254.127.5 - - [03/Jan/2025:02:05:59 +0300] "DELETE /contact/ HTTP/1.1" 502 18280 "-" "Safari/604.1 CFNetwork/893.14 Darwin/17.0.0 (x86_64)"
147.65.92.12 - - [03/Jan/2025:02:06:10 +0300] "PATCH /index.html HTTP/1.1" 401 16203 "-" "Wget/1.19.5 (linux-gnu)"
53.144.239.176 - - [03/Jan/2025:02:07:13 +0300] "POST /about-us/ HTTP/1.1" 200 30392 "-" "Crawler Bot v1.0 (+https://example.com/bot.html)"
149.90.30.222 - - [03/Jan/2025:02:08:13 +0300] "GET /contact/ HTTP/1.1" 400 11013 "-" "Internet Explorer 7.0; Windows NT 6.0; Trident/5.0"
44.2.222.93 - - [03/Jan/2025:02:09:18 +0300] "POST /contact/ HTTP/1.1" 201 6745 "-" "Wget/1.19.5 (linux-gnu)"
142.201.33.58 - - [03/Jan/2025:02:11:10 +0300] "DELETE /about-us/ HTTP/1.1" 501 12757 "-" "Wget/1.19.5 (linux-gnu)"
28.186.70.250 - - [03/Jan/2025:02:11:50 +0300] "DELETE /contact/ HTTP/1.1" 503 14114 "-" "Wget/1.19.5 (linux-gnu)"
49.20.36.30 - - [03/Jan/2025:02:13:30 +0300] "PATCH /products/ HTTP/1.1" 201 33074 "-" "Microsoft Edge 44.18362.449.0; Windows 10; ARM64"
147.65.92.12 - - [03/Jan/2025:02:15:21 +0300] "GET /contact/ HTTP/1.1" 401 11721 "-" "Internet Explorer 7.0; Windows NT 6.0; Trident/5.0"
149.90.30.222 - - [03/Jan/2025:02:16:08 +0300] "POST /index.html HTTP/1.1" 503 8767 "-" "Opera/9.80 (X11; Linux i686; Ubuntu/14.10) Presto/2.12.388 Version/12.16"
168.14.215.0 - - [03/Jan/2025:02:17:56 +0300] "DELETE /contact/ HTTP/1.1" 404 15597 "-" "Opera/9.80 (X11; Linux i686; Ubuntu/14.10) Presto/2.12.388 Version/12.16"
114.72.135.61 - - [03/Jan/2025:02:19:36 +0300] "DELETE /index.html HTTP/1.1" 403 26094 "-" "Crawler Bot v1.0 (+https://example.com/bot.html)"
49.20.36.30 - - [03/Jan/2025:02:19:37 +0300] "GET /about-us/ HTTP/1.1" 503 13394 "-" "Microsoft Edge 44.18362.449.0; Windows 10; ARM64"
168.14.215.0 - - [03/Jan/2025:02:20:53 +0300] "POST /index.html HTTP/1.1" 501 6266 "-" "Opera/9.80 (X11; Linux i686; Ubuntu/14.10) Presto/2.12.388 Version/12.16"
28.186.70.250 - - [03/Jan/2025:02:21:09 +0300] "PATCH /services/ HTTP/1.1" 401 30789 "-" "Mozilla/5.0 (Windows NT 10.0; Win64; x64) AppleWebKit/537.36 (KHTML, like Gecko) Chrome/92.0.4515.107 Safari/537.36"
53.144.239.176 - - [03/Jan/2025:02:22:55 +0300] "PUT /products/ HTTP/1.1" 500 6954 "-" "Internet Explorer 7.0; Windows NT 6.0; Trident/5.0"
250.74.3.46 - - [03/Jan/2025:02:24:35 +0300] "DELETE /services/ HTTP/1.1" 403 33553 "-" "Microsoft Edge 44.18362.449.0; Windows 10; ARM64"
180.101.174.150 - - [03/Jan/2025:02:25:09 +0300] "PATCH /about-us/ HTTP/1.1" 500 28237 "-" "Mozilla/5.0 (Windows NT 10.0; Win64; x64) AppleWebKit/537.36 (KHTML, like Gecko) Chrome/92.0.4515.107 Safari/537.36"
180.101.174.150 - - [03/Jan/2025:02:25:26 +0300] "DELETE /about-us/ HTTP/1.1" 501 21017 "-" "Safari/604.1 CFNetwork/893.14 Darwin/17.0.0 (x86_64)"
28.186.70.250 - - [03/Jan/2025:02:26:07 +0300] "PATCH /contact/ HTTP/1.1" 502 7942 "-" "Opera/9.80 (X11; Linux i686; Ubuntu/14.10) Presto/2.12.388 Version/12.16"
64.255.15.33 - - [03/Jan/2025:02:27:05 +0300] "DELETE /about-us/ HTTP/1.1" 501 5159 "-" "Crawler Bot v1.0 (+https://example.com/bot.html)"
153.52.113.49 - - [03/Jan/2025:02:28:27 +0300] "PATCH /index.html HTTP/1.1" 500 3763 "-" "Wget/1.19.5 (linux-gnu)"
231.62.123.253 - - [03/Jan/2025:02:29:37 +0300] "GET /services/ HTTP/1.1" 404 26873 "-" "Wget/1.19.5 (linux-gnu)"
229.206.221.69 - - [03/Jan/2025:02:31:06 +0300] "POST /about-us/ HTTP/1.1" 503 14473 "-" "Safari/604.1 CFNetwork/893.14 Darwin/17.0.0 (x86_64)"
168.14.215.0 - - [03/Jan/2025:02:31:21 +0300] "GET /index.html HTTP/1.1" 200 15793 "-" "Crawler Bot v1.0 (+https://example.com/bot.html)"
168.14.215.0 - - [03/Jan/2025:02:32:40 +0300] "PUT /services/ HTTP/1.1" 200 6582 "-" "Internet Explorer 7.0; Windows NT 6.0; Trident/5.0"
172.55.147.133 - - [03/Jan/2025:02:33:59 +0300] "PATCH /about-us/ HTTP/1.1" 502 26967 "-" "Microsoft Edge 44.18362.449.0; Windows 10; ARM64"
124.29.122.120 - - [03/Jan/2025:02:35:45 +0300] "DELETE /services/ HTTP/1.1" 404 24845 "-" "Safari/604.1 CFNetwork/893.14 Darwin/17.0.0 (x86_64)"
250.74.3.46 - - [03/Jan/2025:02:36:45 +0300] "GET /contact/ HTTP/1.1" 401 5478 "-" "Wget/1.19.5 (linux-gnu)"
83.96.224.158 - - [03/Jan/2025:02:36:48 +0300] "DELETE /index.html HTTP/1.1" 401 24778 "-" "Wget/1.19.5 (linux-gnu)"
168.14.215.0 - - [03/Jan/2025:02:37:09 +0300] "PUT /services/ HTTP/1.1" 401 16992 "-" "Crawler Bot v1.0 (+https://example.com/bot.html)"
53.144.239.176 - - [03/Jan/2025:02:37:34 +0300] "PUT /services/ HTTP/1.1" 201 3828 "-" "Internet Explorer 7.0; Windows NT 6.0; Trident/5.0"
153.52.113.49 - - [03/Jan/2025:02:39:01 +0300] "DELETE /services/ HTTP/1.1" 501 12816 "-" "Safari/604.1 CFNetwork/893.14 Darwin/17.0.0 (x86_64)"
20.182.249.13 - - [03/Jan/2025:02:40:50 +0300] "DELETE /products/ HTTP/1.1" 502 3499 "-" "Wget/1.19.5 (linux-gnu)"
49.20.36.30 - - [03/Jan/2025:02:42:19 +0300] "POST /index.html HTTP/1.1" 502 12974 "-" "Opera/9.80 (X11; Linux i686; Ubuntu/14.10) Presto/2.12.388 Version/12.16"
229.206.221.69 - - [03/Jan/2025:02:43:40 +0300] "PATCH /services/ HTTP/1.1" 501 10490 "-" "Opera/9.80 (X11; Linux i686; Ubuntu/14.10) Presto/2.12.388 Version/12.16"
214.61.138.41 - - [03/Jan/2025:02:44:37 +0300] "POST /about-us/ HTTP/1.1" 404 9650 "-" "Opera/9.80 (X11; Linux i686; Ubuntu/14.10) Presto/2.12.388 Version/12.16"
172.55.147.133 - - [03/Jan/2025:02:45:03 +0300] "GET /products/ HTTP/1.1" 201 18669 "-" "Safari/604.1 CFNetwork/893.14 Darwin/17.0.0 (x86_64)"
214.61.138.41 - - [03/Jan/2025:02:46:06 +0300] "DELETE /index.html HTTP/1.1" 404 21329 "-" "Microsoft Edge 44.18362.449.0; Windows 10; ARM64"
180.101.174.150 - - [03/Jan/2025:02:47:03 +0300] "POST /products/ HTTP/1.1" 401 21132 "-" "Crawler Bot v1.0 (+https://example.com/bot.html)"
231.62.123.253 - - [03/Jan/2025:02:48:07 +0300] "PATCH /contact/ HTTP/1.1" 400 18015 "-" "Opera/9.80 (X11; Linux i686; Ubuntu/14.10) Presto/2.12.388 Version/12.16"
250.74.3.46 - - [03/Jan/2025:02:48:47 +0300] "PATCH /index.html HTTP/1.1" 502 29041 "-" "Crawler Bot v1.0 (+https://example.com/bot.html)"
133.81.129.159 - - [03/Jan/2025:02:49:17 +0300] "DELETE /contact/ HTTP/1.1" 403 1366 "-" "Wget/1.19.5 (linux-gnu)"
83.96.224.158 - - [03/Jan/2025:02:50:37 +0300] "GET /about-us/ HTTP/1.1" 502 17657 "-" "Safari/604.1 CFNetwork/893.14 Darwin/17.0.0 (x86_64)"
20.182.249.13 - - [03/Jan/2025:02:50:50 +0300] "DELETE /products/ HTTP/1.1" 200 15279 "-" "Microsoft Edge 44.18362.449.0; Windows 10; ARM64"
20.182.249.13 - - [03/Jan/2025:02:52:14 +0300] "GET /products/ HTTP/1.1" 404 15209 "-" "Safari/604.1 CFNetwork/893.14 Darwin/17.0.0 (x86_64)"
172.55.147.133 - - [03/Jan/2025:02:54:01 +0300] "PUT /about-us/ HTTP/1.1" 501 13070 "-" "Mozilla/5.0 (Windows NT 10.0; Win64; x64) AppleWebKit/537.36 (KHTML, like Gecko) Chrome/92.0.4515.107 Safari/537.36"
153.52.113.49 - - [03/Jan/2025:02:54:05 +0300] "POST /products/ HTTP/1.1" 200 26394 "-" "Internet Explorer 7.0; Windows NT 6.0; Trident/5.0"
49.20.36.30 - - [03/Jan/2025:02:55:05 +0300] "PUT /about-us/ HTTP/1.1" 500 25540 "-" "Internet Explorer 7.0; Windows NT 6.0; Trident/5.0"
44.2.222.93 - - [03/Jan/2025:02:55:20 +0300] "GET /products/ HTTP/1.1" 501 17219 "-" "Safari/604.1 CFNetwork/893.14 Darwin/17.0.0 (x86_64)"
44.2.222.93 - - [03/Jan/2025:02:56:47 +0300] "POST /contact/ HTTP/1.1" 401 32477 "-" "Wget/1.19.5 (linux-gnu)"
44.2.222.93 - - [03/Jan/2025:02:57:15 +0300] "PATCH /contact/ HTTP/1.1" 501 4095 "-" "Wget/1.19.5 (linux-gnu)"
64.255.15.33 - - [03/Jan/2025:02:58:46 +0300] "POST /index.html HTTP/1.1" 404 31698 "-" "Internet Explorer 7.0; Windows NT 6.0; Trident/5.0"
168.14.215.0 - - [03/Jan/2025:02:59:12 +0300] "POST /about-us/ HTTP/1.1" 500 23069 "-" "Wget/1.19.5 (linux-gnu)"
250.74.3.46 - - [03/Jan/2025:03:00:59 +0300] "PATCH /index.html HTTP/1.1" 502 19545 "-" "Mozilla/5.0 (Windows NT 10.0; Win64; x64) AppleWebKit/537.36 (KHTML, like Gecko) Chrome/92.0.4515.107 Safari/537.36"
229.206.221.69 - - [03/Jan/2025:03:02:15 +0300] "PATCH /services/ HTTP/1.1" 401 32016 "-" "Wget/1.19.5 (linux-gnu)"
133.81.129.159 - - [03/Jan/2025:03:03:39 +0300] "GET /services/ HTTP/1.1" 400 26761 "-" "Microsoft Edge 44.18362.449.0; Windows 10; ARM64"
64.255.15.33 - - [03/Jan/2025:03:04:41 +0300] "POST /services/ HTTP/1.1" 500 13955 "-" "Crawler Bot v1.0 (+https://example.com/bot.html)"
172.55.147.133 - - [03/Jan/2025:03:05:41 +0300] "POST /index.html HTTP/1.1" 404 4884 "-" "Mozilla/5.0 (Windows NT 10.0; Win64; x64) AppleWebKit/537.36 (KHTML, like Gecko) Chrome/92.0.4515.107 Safari/537.36"
231.62.123.253 - - [03/Jan/2025:03:06:02 +0300] "PUT /index.html HTTP/1.1" 403 12851 "-" "Wget/1.19.5 (linux-gnu)"
147.65.92.12 - - [03/Jan/2025:03:06:42 +0300] "DELETE /about-us/ HTTP/1.1" 200 20790 "-" "Opera/9.80 (X11; Linux i686; Ubuntu/14.10) Presto/2.12.388 Version/12.16"
114.72.135.61 - - [03/Jan/2025:03:07:07 +0300] "POST /about-us/ HTTP/1.1" 400 5452 "-" "Crawler Bot v1.0 (+https://example.com/bot.html)"
83.96.224.158 - - [03/Jan/2025:03:08:39 +0300] "DELETE /contact/ HTTP/1.1" 200 6332 "-" "Safari/604.1 CFNetwork/893.14 Darwin/17.0.0 (x86_64)"
229.206.221.69 - - [03/Jan/2025:03:09:49 +0300] "POST /services/ HTTP/1.1" 201 25127 "-" "Internet Explorer 7.0; Windows NT 6.0; Trident/5.0"
153.52.113.49 - - [03/Jan/2025:03:10:58 +0300] "GET /products/ HTTP/1.1" 401 2632 "-" "Mozilla/5.0 (Windows NT 10.0; Win64; x64) AppleWebKit/537.36 (KHTML, like Gecko) Chrome/92.0.4515.107 Safari/537.36"
83.96.224.158 - - [03/Jan/2025:03:12:33 +0300] "PATCH /about-us/ HTTP/1.1" 401 19742 "-" "Microsoft Edge 44.18362.449.0; Windows 10; ARM64"
153.52.113.49 - - [03/Jan/2025:03:13:22 +0300] "PATCH /products/ HTTP/1.1" 201 19526 "-" "Safari/604.1 CFNetwork/893.14 Darwin/17.0.0 (x86_64)"
114.72.135.61 - - [03/Jan/2025:03:13:57 +0300] "GET /contact/ HTTP/1.1" 501 11244 "-" "Wget/1.19.5 (linux-gnu)"
231.62.123.253 - - [03/Jan/2025:03:14:45 +0300] "POST /services/ HTTP/1.1" 403 28042 "-" "Microsoft Edge 44.18362.449.0; Windows 10; ARM64"
153.52.113.49 - - [03/Jan/2025:03:14:58 +0300] "DELETE /services/ HTTP/1.1" 501 9011 "-" "Opera/9.80 (X11; Linux i686; Ubuntu/14.10) Presto/2.12.388 Version/12.16"
44.2.222.93 - - [03/Jan/2025:03:15:47 +0300] "PUT /about-us/ HTTP/1.1" 501 6645 "-" "Opera/9.80 (X11; Linux i686; Ubuntu/14.10) Presto/2.12.388 Version/12.16"
64.255.15.33 - - [03/Jan/2025:03:16:56 +0300] "PUT /contact/ HTTP/1.1" 404 17589 "-" "Microsoft Edge 44.18362.449.0; Windows 10; ARM64"
44.2.222.93 - - [03/Jan/2025:03:18:45 +0300] "DELETE /contact/ HTTP/1.1" 403 5217 "-" "Microsoft Edge 44.18362.449.0; Windows 10; ARM64"
180.101.174.150 - - [03/Jan/2025:03:19:52 +0300] "POST /index.html HTTP/1.1" 503 19673 "-" "Microsoft Edge 44.18362.449.0; Windows 10; ARM64"
28.42.76.86 - - [03/Jan/2025:03:21:27 +0300] "GET /contact/ HTTP/1.1" 404 32784 "-" "Microsoft Edge 44.18362.449.0; Windows 10; ARM64"
20.182.249.13 - - [03/Jan/2025:03:22:35 +0300] "POST /products/ HTTP/1.1" 400 30489 "-" "Internet Explorer 7.0; Windows NT 6.0; Trident/5.0"
172.55.147.133 - - [03/Jan/2025:03:24:22 +0300] "POST /contact/ HTTP/1.1" 201 22791 "-" "Opera/9.80 (X11; Linux i686; Ubuntu/14.10) Presto/2.12.388 Version/12.16"
180.101.174.150 - - [03/Jan/2025:03:25:11 +0300] "PUT /products/ HTTP/1.1" 201 20730 "-" "Microsoft Edge 44.18362.449.0; Windows 10; ARM64"
114.72.135.61 - - [03/Jan/2025:03:27:00 +0300] "PUT /index.html HTTP/1.1" 400 20634 "-" "Opera/9.80 (X11; Linux i686; Ubuntu/14.10) Presto/2.12.388 Version/12.16"
214.61.138.41 - - [03/Jan/2025:03:28:38 +0300] "POST /about-us/ HTTP/1.1" 503 2131 "-" "Crawler Bot v1.0 (+https://example.com/bot.html)"
172.55.147.133 - - [03/Jan/2025:03:29:21 +0300] "DELETE /services/ HTTP/1.1" 400 20841 "-" "Safari/604.1 CFNetwork/893.14 Darwin/17.0.0 (x86_64)"
36.254.127.5 - - [03/Jan/2025:03:30:55 +0300] "POST /services/ HTTP/1.1" 401 33777 "-" "Internet Explorer 7.0; Windows NT 6.0; Trident/5.0"
133.81.129.159 - - [03/Jan/2025:03:32:01 +0300] "PUT /index.html HTTP/1.1" 500 3904 "-" "Crawler Bot v1.0 (+https://example.com/bot.html)"
20.182.249.13 - - [03/Jan/2025:03:33:54 +0300] "PATCH /products/ HTTP/1.1" 404 6434 "-" "Internet Explorer 7.0; Windows NT 6.0; Trident/5.0"
142.201.33.58 - - [03/Jan/2025:03:34:12 +0300] "DELETE /services/ HTTP/1.1" 400 4143 "-" "Crawler Bot v1.0 (+https://example.com/bot.html)"
133.81.129.159 - - [03/Jan/2025:03:34:23 +0300] "PATCH /index.html HTTP/1.1" 404 30928 "-" "Mozilla/5.0 (Windows NT 10.0; Win64; x64) AppleWebKit/537.36 (KHTML, like Gecko) Chrome/92.0.4515.107 Safari/537.36"
180.101.174.150 - - [03/Jan/2025:03:35:27 +0300] "PATCH /index.html HTTP/1.1" 501 23647 "-" "Mozilla/5.0 (Windows NT 10.0; Win64; x64) AppleWebKit/537.36 (KHTML, like Gecko) Chrome/92.0.4515.107 Safari/537.36"
142.201.33.58 - - [03/Jan/2025:03:35:57 +0300] "GET /about-us/ HTTP/1.1" 400 15924 "-" "Safari/604.1 CFNetwork/893.14 Darwin/17.0.0 (x86_64)"
180.101.174.150 - - [03/Jan/2025:03:37:38 +0300] "PUT /about-us/ HTTP/1.1" 503 6348 "-" "Internet Explorer 7.0; Windows NT 6.0; Trident/5.0"
28.42.76.86 - - [03/Jan/2025:03:38:31 +0300] "DELETE /products/ HTTP/1.1" 404 23257 "-" "Mozilla/5.0 (Windows NT 10.0; Win64; x64) AppleWebKit/537.36 (KHTML, like Gecko) Chrome/92.0.4515.107 Safari/537.36"
83.96.224.158 - - [03/Jan/2025:03:39:01 +0300] "PATCH /index.html HTTP/1.1" 400 14495 "-" "Safari/604.1 CFNetwork/893.14 Darwin/17.0.0 (x86_64)"
83.96.224.158 - - [03/Jan/2025:03:39:08 +0300] "POST /index.html HTTP/1.1" 400 28627 "-" "Wget/1.19.5 (linux-gnu)"
172.55.147.133 - - [03/Jan/2025:03:39:16 +0300] "PUT /index.html HTTP/1.1" 503 1390 "-" "Crawler Bot v1.0 (+https://example.com/bot.html)"
44.2.222.93 - - [03/Jan/2025:03:39:37 +0300] "GET /index.html HTTP/1.1" 403 17332 "-" "Internet Explorer 7.0; Windows NT 6.0; Trident/5.0"
20.182.249.13 - - [03/Jan/2025:03:41:21 +0300] "PATCH /services/ HTTP/1.1" 201 20823 "-" "Microsoft Edge 44.18362.449.0; Windows 10; ARM64"
168.14.215.0 - - [03/Jan/2025:03:41:23 +0300] "DELETE /index.html HTTP/1.1" 201 7480 "-" "Wget/1.19.5 (linux-gnu)"
133.81.129.159 - - [03/Jan/2025:03:43:06 +0300] "POST /about-us/ HTTP/1.1" 503 31764 "-" "Safari/604.1 CFNetwork/893.14 Darwin/17.0.0 (x86_64)"
147.65.92.12 - - [03/Jan/2025:03:43:30 +0300] "PUT /products/ HTTP/1.1" 404 8222 "-" "Internet Explorer 7.0; Windows NT 6.0; Trident/5.0"
83.96.224.158 - - [03/Jan/2025:03:43:43 +0300] "PATCH /products/ HTTP/1.1" 400 21728 "-" "Safari/604.1 CFNetwork/893.14 Darwin/17.0.0 (x86_64)"
20.182.249.13 - - [03/Jan/2025:03:44:16 +0300] "GET /contact/ HTTP/1.1" 404 4220 "-" "Safari/604.1 CFNetwork/893.14 Darwin/17.0.0 (x86_64)"
53.144.239.176 - - [03/Jan/2025:03:45:01 +0300] "PUT /services/ HTTP/1.1" 503 10074 "-" "Microsoft Edge 44.18362.449.0; Windows 10; ARM64"
168.14.215.0 - - [03/Jan/2025:03:45:42 +0300] "GET /index.html HTTP/1.1" 201 30207 "-" "Safari/604.1 CFNetwork/893.14 Darwin/17.0.0 (x86_64)"
28.186.70.250 - - [03/Jan/2025:03:46:48 +0300] "DELETE /products/ HTTP/1.1" 401 17653 "-" "Internet Explorer 7.0; Windows NT 6.0; Trident/5.0"
147.65.92.12 - - [03/Jan/2025:03:47:03 +0300] "PATCH /services/ HTTP/1.1" 404 30044 "-" "Safari/604.1 CFNetwork/893.14 Darwin/17.0.0 (x86_64)"
149.90.30.222 - - [03/Jan/2025:03:47:15 +0300] "PUT /about-us/ HTTP/1.1" 200 31530 "-" "Safari/604.1 CFNetwork/893.14 Darwin/17.0.0 (x86_64)"
83.96.224.158 - - [03/Jan/2025:03:48:18 +0300] "PATCH /about-us/ HTTP/1.1" 500 22318 "-" "Crawler Bot v1.0 (+https://example.com/bot.html)"
142.201.33.58 - - [03/Jan/2025:03:49:39 +0300] "DELETE /about-us/ HTTP/1.1" 401 27582 "-" "Microsoft Edge 44.18362.449.0; Windows 10; ARM64"
64.255.15.33 - - [03/Jan/2025:03:51:12 +0300] "PUT /services/ HTTP/1.1" 400 1398 "-" "Internet Explorer 7.0; Windows NT 6.0; Trident/5.0"
36.254.127.5 - - [03/Jan/2025:03:52:54 +0300] "GET /about-us/ HTTP/1.1" 403 25919 "-" "Opera/9.80 (X11; Linux i686; Ubuntu/14.10) Presto/2.12.388 Version/12.16"
53.144.239.176 - - [03/Jan/2025:03:53:58 +0300] "PATCH /contact/ HTTP/1.1" 400 15578 "-" "Microsoft Edge 44.18362.449.0; Windows 10; ARM64"
20.182.249.13 - - [03/Jan/2025:03:54:06 +0300] "POST /index.html HTTP/1.1" 400 32360 "-" "Microsoft Edge 44.18362.449.0; Windows 10; ARM64"
168.14.215.0 - - [03/Jan/2025:03:54:58 +0300] "GET /contact/ HTTP/1.1" 503 3559 "-" "Wget/1.19.5 (linux-gnu)"
250.74.3.46 - - [03/Jan/2025:03:55:27 +0300] "PATCH /about-us/ HTTP/1.1" 400 12843 "-" "Internet Explorer 7.0; Windows NT 6.0; Trident/5.0"
214.61.138.41 - - [03/Jan/2025:03:57:12 +0300] "POST /index.html HTTP/1.1" 501 27640 "-" "Crawler Bot v1.0 (+https://example.com/bot.html)"
36.254.127.5 - - [03/Jan/2025:03:58:37 +0300] "PATCH /about-us/ HTTP/1.1" 400 23257 "-" "Crawler Bot v1.0 (+https://example.com/bot.html)"
83.96.224.158 - - [03/Jan/2025:03:59:05 +0300] "DELETE /products/ HTTP/1.1" 503 17788 "-" "Safari/604.1 CFNetwork/893.14 Darwin/17.0.0 (x86_64)"
229.206.221.69 - - [03/Jan/2025:04:00:57 +0300] "GET /about-us/ HTTP/1.1" 200 26773 "-" "Internet Explorer 7.0; Windows NT 6.0; Trident/5.0"
133.81.129.159 - - [03/Jan/2025:04:02:28 +0300] "GET /products/ HTTP/1.1" 501 23016 "-" "Microsoft Edge 44.18362.449.0; Windows 10; ARM64"
142.201.33.58 - - [03/Jan/2025:04:03:18 +0300] "PUT /contact/ HTTP/1.1" 502 31984 "-" "Crawler Bot v1.0 (+https://example.com/bot.html)"
44.2.222.93 - - [03/Jan/2025:04:03:54 +0300] "POST /services/ HTTP/1.1" 501 10847 "-" "Opera/9.80 (X11; Linux i686; Ubuntu/14.10) Presto/2.12.388 Version/12.16"
83.96.224.158 - - [03/Jan/2025:04:04:54 +0300] "GET /about-us/ HTTP/1.1" 401 16749 "-" "Wget/1.19.5 (linux-gnu)"
147.65.92.12 - - [03/Jan/2025:04:05:57 +0300] "GET /index.html HTTP/1.1" 403 17141 "-" "Mozilla/5.0 (Windows NT 10.0; Win64; x64) AppleWebKit/537.36 (KHTML, like Gecko) Chrome/92.0.4515.107 Safari/537.36"
149.90.30.222 - - [03/Jan/2025:04:06:47 +0300] "POST /services/ HTTP/1.1" 404 12587 "-" "Mozilla/5.0 (Windows NT 10.0; Win64; x64) AppleWebKit/537.36 (KHTML, like Gecko) Chrome/92.0.4515.107 Safari/537.36"
114.72.135.61 - - [03/Jan/2025:04:08:18 +0300] "POST /products/ HTTP/1.1" 200 22862 "-" "Mozilla/5.0 (Windows NT 10.0; Win64; x64) AppleWebKit/537.36 (KHTML, like Gecko) Chrome/92.0.4515.107 Safari/537.36"
180.101.174.150 - - [03/Jan/2025:04:08:44 +0300] "POST /products/ HTTP/1.1" 404 15081 "-" "Microsoft Edge 44.18362.449.0; Windows 10; ARM64"
28.186.70.250 - - [03/Jan/2025:04:08:49 +0300] "PUT /products/ HTTP/1.1" 401 21481 "-" "Opera/9.80 (X11; Linux i686; Ubuntu/14.10) Presto/2.12.388 Version/12.16"
124.29.122.120 - - [03/Jan/2025:04:09:18 +0300] "GET /index.html HTTP/1.1" 500 21230 "-" "Internet Explorer 7.0; Windows NT 6.0; Trident/5.0"
20.182.249.13 - - [03/Jan/2025:04:09:47 +0300] "PUT /contact/ HTTP/1.1" 501 19098 "-" "Opera/9.80 (X11; Linux i686; Ubuntu/14.10) Presto/2.12.388 Version/12.16"
83.96.224.158 - - [03/Jan/2025:04:10:43 +0300] "POST /about-us/ HTTP/1.1" 404 1732 "-" "Opera/9.80 (X11; Linux i686; Ubuntu/14.10) Presto/2.12.388 Version/12.16"
153.52.113.49 - - [03/Jan/2025:04:11:31 +0300] "GET /index.html HTTP/1.1" 201 19376 "-" "Microsoft Edge 44.18362.449.0; Windows 10; ARM64"
44.2.222.93 - - [03/Jan/2025:04:12:29 +0300] "PATCH /about-us/ HTTP/1.1" 500 17842 "-" "Mozilla/5.0 (Windows NT 10.0; Win64; x64) AppleWebKit/537.36 (KHTML, like Gecko) Chrome/92.0.4515.107 Safari/537.36"
250.74.3.46 - - [03/Jan/2025:04:14:04 +0300] "DELETE /services/ HTTP/1.1" 502 23262 "-" "Safari/604.1 CFNetwork/893.14 Darwin/17.0.0 (x86_64)"
172.55.147.133 - - [03/Jan/2025:04:14:21 +0300] "PUT /services/ HTTP/1.1" 404 7224 "-" "Internet Explorer 7.0; Windows NT 6.0; Trident/5.0"
44.2.222.93 - - [03/Jan/2025:04:15:29 +0300] "PATCH /index.html HTTP/1.1" 201 24919 "-" "Mozilla/5.0 (Windows NT 10.0; Win64; x64) AppleWebKit/537.36 (KHTML, like Gecko) Chrome/92.0.4515.107 Safari/537.36"
36.254.127.5 - - [03/Jan/2025:04:16:04 +0300] "PUT /contact/ HTTP/1.1" 404 27197 "-" "Crawler Bot v1.0 (+https://example.com/bot.html)"
172.55.147.133 - - [03/Jan/2025:04:17:08 +0300] "POST /services/ HTTP/1.1" 502 32818 "-" "Safari/604.1 CFNetwork/893.14 Darwin/17.0.0 (x86_64)"
49.20.36.30 - - [03/Jan/2025:04:17:23 +0300] "PUT /services/ HTTP/1.1" 404 3948 "-" "Crawler Bot v1.0 (+https://example.com/bot.html)"
83.96.224.158 - - [03/Jan/2025:04:18:34 +0300] "DELETE /contact/ HTTP/1.1" 400 24978 "-" "Mozilla/5.0 (Windows NT 10.0; Win64; x64) AppleWebKit/537.36 (KHTML, like Gecko) Chrome/92.0.4515.107 Safari/537.36"
147.65.92.12 - - [03/Jan/2025:04:19:23 +0300] "POST /index.html HTTP/1.1" 200 11275 "-" "Internet Explorer 7.0; Windows NT 6.0; Trident/5.0"
133.81.129.159 - - [03/Jan/2025:04:19:40 +0300] "PATCH /about-us/ HTTP/1.1" 401 27798 "-" "Opera/9.80 (X11; Linux i686; Ubuntu/14.10) Presto/2.12.388 Version/12.16"
180.101.174.150 - - [03/Jan/2025:04:20:57 +0300] "PATCH /about-us/ HTTP/1.1" 401 14255 "-" "Safari/604.1 CFNetwork/893.14 Darwin/17.0.0 (x86_64)"
83.96.224.158 - - [03/Jan/2025:04:22:45 +0300] "GET /index.html HTTP/1.1" 500 17520 "-" "Wget/1.19.5 (linux-gnu)"
64.255.15.33 - - [03/Jan/2025:04:22:47 +0300] "DELETE /index.html HTTP/1.1" 200 16219 "-" "Internet Explorer 7.0; Windows NT 6.0; Trident/5.0"
147.65.92.12 - - [03/Jan/2025:04:24:24 +0300] "PATCH /index.html HTTP/1.1" 502 6133 "-" "Opera/9.80 (X11; Linux i686; Ubuntu/14.10) Presto/2.12.388 Version/12.16"
124.29.122.120 - - [03/Jan/2025:04:25:21 +0300] "POST /contact/ HTTP/1.1" 401 4611 "-" "Wget/1.19.5 (linux-gnu)"
28.186.70.250 - - [03/Jan/2025:04:25:51 +0300] "PATCH /about-us/ HTTP/1.1" 501 17721 "-" "Safari/604.1 CFNetwork/893.14 Darwin/17.0.0 (x86_64)"
114.72.135.61 - - [03/Jan/2025:04:26:51 +0300] "PUT /about-us/ HTTP/1.1" 401 6143 "-" "Mozilla/5.0 (Windows NT 10.0; Win64; x64) AppleWebKit/537.36 (KHTML, like Gecko) Chrome/92.0.4515.107 Safari/537.36"
83.96.224.158 - - [03/Jan/2025:04:27:27 +0300] "POST /contact/ HTTP/1.1" 403 30267 "-" "Safari/604.1 CFNetwork/893.14 Darwin/17.0.0 (x86_64)"
44.2.222.93 - - [03/Jan/2025:04:28:20 +0300] "GET /products/ HTTP/1.1" 201 13198 "-" "Crawler Bot v1.0 (+https://example.com/bot.html)"
114.72.135.61 - - [03/Jan/2025:04:30:13 +0300] "POST /products/ HTTP/1.1" 502 28131 "-" "Crawler Bot v1.0 (+https://example.com/bot.html)"
168.14.215.0 - - [03/Jan/2025:04:30:23 +0300] "POST /products/ HTTP/1.1" 400 19588 "-" "Crawler Bot v1.0 (+https://example.com/bot.html)"
250.74.3.46 - - [03/Jan/2025:04:31:33 +0300] "PUT /about-us/ HTTP/1.1" 400 30312 "-" "Opera/9.80 (X11; Linux i686; Ubuntu/14.10) Presto/2.12.388 Version/12.16"
49.20.36.30 - - [03/Jan/2025:04:32:27 +0300] "POST /contact/ HTTP/1.1" 403 30848 "-" "Opera/9.80 (X11; Linux i686; Ubuntu/14.10) Presto/2.12.388 Version/12.16"
180.101.174.150 - - [03/Jan/2025:04:32:35 +0300] "PUT /products/ HTTP/1.1" 400 31081 "-" "Crawler Bot v1.0 (+https://example.com/bot.html)"
149.90.30.222 - - [03/Jan/2025:04:34:19 +0300] "PUT /index.html HTTP/1.1" 500 31710 "-" "Wget/1.19.5 (linux-gnu)"
124.29.122.120 - - [03/Jan/2025:04:34:52 +0300] "PUT /services/ HTTP/1.1" 401 31473 "-" "Mozilla/5.0 (Windows NT 10.0; Win64; x64) AppleWebKit/537.36 (KHTML, like Gecko) Chrome/92.0.4515.107 Safari/537.36"
49.20.36.30 - - [03/Jan/2025:04:36:39 +0300] "PATCH /services/ HTTP/1.1" 502 13858 "-" "Wget/1.19.5 (linux-gnu)"
149.90.30.222 - - [03/Jan/2025:04:37:17 +0300] "PATCH /about-us/ HTTP/1.1" 400 2715 "-" "Opera/9.80 (X11; Linux i686; Ubuntu/14.10) Presto/2.12.388 Version/12.16"
142.201.33.58 - - [03/Jan/2025:04:37:34 +0300] "PATCH /products/ HTTP/1.1" 400 32049 "-" "Mozilla/5.0 (Windows NT 10.0; Win64; x64) AppleWebKit/537.36 (KHTML, like Gecko) Chrome/92.0.4515.107 Safari/537.36"
28.186.70.250 - - [03/Jan/2025:04:38:33 +0300] "PATCH /services/ HTTP/1.1" 201 13806 "-" "Crawler Bot v1.0 (+https://example.com/bot.html)"
83.96.224.158 - - [03/Jan/2025:04:38:40 +0300] "GET /services/ HTTP/1.1" 503 33122 "-" "Microsoft Edge 44.18362.449.0; Windows 10; ARM64"
124.29.122.120 - - [03/Jan/2025:04:39:31 +0300] "DELETE /services/ HTTP/1.1" 503 4827 "-" "Mozilla/5.0 (Windows NT 10.0; Win64; x64) AppleWebKit/537.36 (KHTML, like Gecko) Chrome/92.0.4515.107 Safari/537.36"
147.65.92.12 - - [03/Jan/2025:04:40:08 +0300] "POST /products/ HTTP/1.1" 404 25565 "-" "Wget/1.19.5 (linux-gnu)"
28.186.70.250 - - [03/Jan/2025:04:41:28 +0300] "DELETE /contact/ HTTP/1.1" 502 5031 "-" "Internet Explorer 7.0; Windows NT 6.0; Trident/5.0"
28.186.70.250 - - [03/Jan/2025:04:42:13 +0300] "GET /products/ HTTP/1.1" 201 5052 "-" "Mozilla/5.0 (Windows NT 10.0; Win64; x64) AppleWebKit/537.36 (KHTML, like Gecko) Chrome/92.0.4515.107 Safari/537.36"
133.81.129.159 - - [03/Jan/2025:04:42:41 +0300] "PUT /products/ HTTP/1.1" 502 27804 "-" "Crawler Bot v1.0 (+https://example.com/bot.html)"
180.101.174.150 - - [03/Jan/2025:04:44:13 +0300] "POST /about-us/ HTTP/1.1" 401 31858 "-" "Microsoft Edge 44.18362.449.0; Windows 10; ARM64"
133.81.129.159 - - [03/Jan/2025:04:44:56 +0300] "POST /services/ HTTP/1.1" 200 13077 "-" "Crawler Bot v1.0 (+https://example.com/bot.html)"
44.2.222.93 - - [03/Jan/2025:04:46:08 +0300] "GET /index.html HTTP/1.1" 501 29495 "-" "Crawler Bot v1.0 (+https://example.com/bot.html)"
180.101.174.150 - - [03/Jan/2025:04:46:41 +0300] "PATCH /contact/ HTTP/1.1" 404 4139 "-" "Crawler Bot v1.0 (+https://example.com/bot.html)"
180.101.174.150 - - [03/Jan/2025:04:47:04 +0300] "PUT /contact/ HTTP/1.1" 404 20199 "-" "Crawler Bot v1.0 (+https://example.com/bot.html)"
149.90.30.222 - - [03/Jan/2025:04:48:10 +0300] "PATCH /products/ HTTP/1.1" 502 5466 "-" "Opera/9.80 (X11; Linux i686; Ubuntu/14.10) Presto/2.12.388 Version/12.16"
64.255.15.33 - - [03/Jan/2025:04:49:31 +0300] "PUT /about-us/ HTTP/1.1" 404 15765 "-" "Opera/9.80 (X11; Linux i686; Ubuntu/14.10) Presto/2.12.388 Version/12.16"
149.90.30.222 - - [03/Jan/2025:04:50:04 +0300] "POST /index.html HTTP/1.1" 500 9828 "-" "Mozilla/5.0 (Windows NT 10.0; Win64; x64) AppleWebKit/537.36 (KHTML, like Gecko) Chrome/92.0.4515.107 Safari/537.36"
114.72.135.61 - - [03/Jan/2025:04:50:34 +0300] "PUT /index.html HTTP/1.1" 403 2402 "-" "Microsoft Edge 44.18362.449.0; Windows 10; ARM64"
28.42.76.86 - - [03/Jan/2025:04:52:23 +0300] "GET /index.html HTTP/1.1" 502 3756 "-" "Internet Explorer 7.0; Windows NT 6.0; Trident/5.0"
149.90.30.222 - - [03/Jan/2025:04:53:12 +0300] "GET /index.html HTTP/1.1" 403 12815 "-" "Safari/604.1 CFNetwork/893.14 Darwin/17.0.0 (x86_64)"
168.14.215.0 - - [03/Jan/2025:04:54:44 +0300] "GET /services/ HTTP/1.1" 404 19999 "-" "Internet Explorer 7.0; Windows NT 6.0; Trident/5.0"
64.255.15.33 - - [03/Jan/2025:04:56:24 +0300] "PATCH /contact/ HTTP/1.1" 502 5585 "-" "Microsoft Edge 44.18362.449.0; Windows 10; ARM64"
36.254.127.5 - - [03/Jan/2025:04:57:04 +0300] "POST /about-us/ HTTP/1.1" 502 33473 "-" "Crawler Bot v1.0 (+https://example.com/bot.html)"
250.74.3.46 - - [03/Jan/2025:04:58:45 +0300] "DELETE /index.html HTTP/1.1" 400 28371 "-" "Crawler Bot v1.0 (+https://example.com/bot.html)"
83.96.224.158 - - [03/Jan/2025:04:59:44 +0300] "POST /products/ HTTP/1.1" 201 32528 "-" "Safari/604.1 CFNetwork/893.14 Darwin/17.0.0 (x86_64)"
214.61.138.41 - - [03/Jan/2025:05:00:03 +0300] "PUT /index.html HTTP/1.1" 501 17905 "-" "Opera/9.80 (X11; Linux i686; Ubuntu/14.10) Presto/2.12.388 Version/12.16"
28.42.76.86 - - [03/Jan/2025:05:01:18 +0300] "GET /about-us/ HTTP/1.1" 503 23670 "-" "Opera/9.80 (X11; Linux i686; Ubuntu/14.10) Presto/2.12.388 Version/12.16"
20.182.249.13 - - [03/Jan/2025:05:02:26 +0300] "POST /products/ HTTP/1.1" 500 26790 "-" "Microsoft Edge 44.18362.449.0; Windows 10; ARM64"
20.182.249.13 - - [03/Jan/2025:05:03:47 +0300] "DELETE /products/ HTTP/1.1" 500 12026 "-" "Opera/9.80 (X11; Linux i686; Ubuntu/14.10) Presto/2.12.388 Version/12.16"
180.101.174.150 - - [03/Jan/2025:05:05:23 +0300] "DELETE /products/ HTTP/1.1" 401 18716 "-" "Internet Explorer 7.0; Windows NT 6.0; Trident/5.0"
172.55.147.133 - - [03/Jan/2025:05:06:47 +0300] "GET /services/ HTTP/1.1" 200 24359 "-" "Wget/1.19.5 (linux-gnu)"
147.65.92.12 - - [03/Jan/2025:05:08:37 +0300] "GET /about-us/ HTTP/1.1" 401 32867 "-" "Opera/9.80 (X11; Linux i686; Ubuntu/14.10) Presto/2.12.388 Version/12.16"
168.14.215.0 - - [03/Jan/2025:05:09:09 +0300] "DELETE /index.html HTTP/1.1" 401 23573 "-" "Wget/1.19.5 (linux-gnu)"
214.61.138.41 - - [03/Jan/2025:05:10:19 +0300] "DELETE /products/ HTTP/1.1" 500 13060 "-" "Mozilla/5.0 (Windows NT 10.0; Win64; x64) AppleWebKit/537.36 (KHTML, like Gecko) Chrome/92.0.4515.107 Safari/537.36"
49.20.36.30 - - [03/Jan/2025:05:12:09 +0300] "PATCH /contact/ HTTP/1.1" 201 3408 "-" "Opera/9.80 (X11; Linux i686; Ubuntu/14.10) Presto/2.12.388 Version/12.16"
44.2.222.93 - - [03/Jan/2025:05:12:12 +0300] "GET /contact/ HTTP/1.1" 403 7395 "-" "Mozilla/5.0 (Windows NT 10.0; Win64; x64) AppleWebKit/537.36 (KHTML, like Gecko) Chrome/92.0.4515.107 Safari/537.36"
149.90.30.222 - - [03/Jan/2025:05:12:33 +0300] "DELETE /products/ HTTP/1.1" 401 26794 "-" "Internet Explorer 7.0; Windows NT 6.0; Trident/5.0"
36.254.127.5 - - [03/Jan/2025:05:13:27 +0300] "DELETE /services/ HTTP/1.1" 502 5767 "-" "Mozilla/5.0 (Windows NT 10.0; Win64; x64) AppleWebKit/537.36 (KHTML, like Gecko) Chrome/92.0.4515.107 Safari/537.36"
124.29.122.120 - - [03/Jan/2025:05:15:19 +0300] "PATCH /contact/ HTTP/1.1" 201 24632 "-" "Mozilla/5.0 (Windows NT 10.0; Win64; x64) AppleWebKit/537.36 (KHTML, like Gecko) Chrome/92.0.4515.107 Safari/537.36"
250.74.3.46 - - [03/Jan/2025:05:15:38 +0300] "PUT /about-us/ HTTP/1.1" 403 15977 "-" "Wget/1.19.5 (linux-gnu)"
218.228.44.29 - - [03/Jan/2025:05:15:56 +0300] "GET /about-us/ HTTP/1.1" 500 5510 "-" "Wget/1.19.5 (linux-gnu)"
229.206.221.69 - - [03/Jan/2025:05:17:28 +0300] "GET /index.html HTTP/1.1" 500 23331 "-" "Mozilla/5.0 (Windows NT 10.0; Win64; x64) AppleWebKit/537.36 (KHTML, like Gecko) Chrome/92.0.4515.107 Safari/537.36"
229.206.221.69 - - [03/Jan/2025:05:18:31 +0300] "PUT /about-us/ HTTP/1.1" 201 14770 "-" "Wget/1.19.5 (linux-gnu)"
153.52.113.49 - - [03/Jan/2025:05:20:18 +0300] "GET /about-us/ HTTP/1.1" 201 4993 "-" "Internet Explorer 7.0; Windows NT 6.0; Trident/5.0"
36.254.127.5 - - [03/Jan/2025:05:21:33 +0300] "GET /about-us/ HTTP/1.1" 500 26411 "-" "Mozilla/5.0 (Windows NT 10.0; Win64; x64) AppleWebKit/537.36 (KHTML, like Gecko) Chrome/92.0.4515.107 Safari/537.36"
172.55.147.133 - - [03/Jan/2025:05:23:23 +0300] "DELETE /contact/ HTTP/1.1" 502 18035 "-" "Crawler Bot v1.0 (+https://example.com/bot.html)"
172.55.147.133 - - [03/Jan/2025:05:24:07 +0300] "PATCH /services/ HTTP/1.1" 503 20393 "-" "Microsoft Edge 44.18362.449.0; Windows 10; ARM64"
124.29.122.120 - - [03/Jan/2025:05:24:21 +0300] "POST /services/ HTTP/1.1" 200 30232 "-" "Safari/604.1 CFNetwork/893.14 Darwin/17.0.0 (x86_64)"
124.29.122.120 - - [03/Jan/2025:05:25:11 +0300] "GET /about-us/ HTTP/1.1" 201 33076 "-" "Crawler Bot v1.0 (+https://example.com/bot.html)"
250.74.3.46 - - [03/Jan/2025:05:25:50 +0300] "GET /about-us/ HTTP/1.1" 201 27170 "-" "Internet Explorer 7.0; Windows NT 6.0; Trident/5.0"
83.96.224.158 - - [03/Jan/2025:05:26:09 +0300] "PATCH /services/ HTTP/1.1" 201 30078 "-" "Microsoft Edge 44.18362.449.0; Windows 10; ARM64"
28.186.70.250 - - [03/Jan/2025:05:26:20 +0300] "PATCH /contact/ HTTP/1.1" 501 28113 "-" "Wget/1.19.5 (linux-gnu)"
53.144.239.176 - - [03/Jan/2025:05:26:21 +0300] "PATCH /contact/ HTTP/1.1" 404 10133 "-" "Mozilla/5.0 (Windows NT 10.0; Win64; x64) AppleWebKit/537.36 (KHTML, like Gecko) Chrome/92.0.4515.107 Safari/537.36"
214.61.138.41 - - [03/Jan/2025:05:27:35 +0300] "DELETE /index.html HTTP/1.1" 201 7031 "-" "Crawler Bot v1.0 (+https://example.com/bot.html)"
83.96.224.158 - - [03/Jan/2025:05:28:33 +0300] "GET /products/ HTTP/1.1" 404 8753 "-" "Microsoft Edge 44.18362.449.0; Windows 10; ARM64"
229.206.221.69 - - [03/Jan/2025:05:29:26 +0300] "PATCH /products/ HTTP/1.1" 503 8248 "-" "Mozilla/5.0 (Windows NT 10.0; Win64; x64) AppleWebKit/537.36 (KHTML, like Gecko) Chrome/92.0.4515.107 Safari/537.36"
133.81.129.159 - - [03/Jan/2025:05:29:55 +0300] "GET /index.html HTTP/1.1" 400 29430 "-" "Wget/1.19.5 (linux-gnu)"
