124.29.122.120 - - [05/Jan/2025:00:01:46 +0300] "POST /about-us/ HTTP/1.1" 404 7119 "-" "Crawler Bot v1.0 (+https://example.com/bot.html)"
64.255.15.33 - - [05/Jan/2025:00:02:30 +0300] "DELETE /products/ HTTP/1.1" 503 29291 "-" "Opera/9.80 (X11; Linux i686; Ubuntu/14.10) Presto/2.12.388 Version/12.16"
44.2.222.93 - - [05/Jan/2025:00:02:39 +0300] "POST /products/ HTTP/1.1" 502 29000 "-" "Wget/1.19.5 (linux-gnu)"
142.201.33.58 - - [05/Jan/2025:00:02:59 +0300] "DELETE /index.html HTTP/1.1" 503 32718 "-" "Internet Explorer 7.0; Windows NT 6.0; Trident/5.0"
83.96.224.158 - - [05/Jan/2025:00:05:31 +0300] "POST /about-us/ HTTP/1.1" 404 11429 "-" "Wget/1.19.5 (linux-gnu)"
218.228.44.29 - - [05/Jan/2025:00:07:13 +0300] "POST /products/ HTTP/1.1" 502 9598 "-" "Opera/9.80 (X11; Linux i686; Ubuntu/14.10) Presto/2.12.388 Version/12.16"
44.2.222.93 - - [05/Jan/2025:00:08:13 +0300] "PUT /services/ HTTP/1.1" 502 27477 "-" "Crawler Bot v1.0 (+https://example.com/bot.html)"
124.29.122.120 - - [05/Jan/2025:00:10:27 +0300] "DELETE /services/ HTTP/1.1" 403 33153 "-" "Safari/604.1 CFNetwork/893.14 Darwin/17.0.0 (x86_64)"
172.55.147.133 - - [05/Jan/2025:00:12:04 +0300] "PUT /contact/ HTTP/1.1" 404 18165 "-" "Opera/9.80 (X11; Linux i686; Ubuntu/14.10) Presto/2.12.388 Version/12.16"
53.144.239.176 - - [05/Jan/2025:00:14:21 +0300] "POST /products/ HTTP/1.1" 500 29827 "-" "Wget/1.19.5 (linux-gnu)"
64.255.15.33 - - [05/Jan/2025:00:16:22 +0300] "PUT /index.html HTTP/1.1" 400 28667 "-" "Opera/9.80 (X11; Linux i686; Ubuntu/14.10) Presto/2.12.388 Version/12.16"
28.186.70.250 - - [05/Jan/2025:00:18:31 +0300] "GET /about-us/ HTTP/1.1" 503 25482 "-" "Opera/9.80 (X11; Linux i686; Ubuntu/14.10) Presto/2.12.388 Version/12.16"
214.61.138.41 - - [05/Jan/2025:00:19:15 +0300] "DELETE /about-us/ HTTP/1.1" 502 10934 "-" "Crawler Bot v1.0 (+https://example.com/bot.html)"
218.228.44.29 - - [05/Jan/2025:00:20:47 +0300] "DELETE /products/ HTTP/1.1" 400 4471 "-" "Microsoft Edge 44.18362.449.0; Windows 10; ARM64"
229.206.221.69 - - [05/Jan/2025:00:22:14 +0300] "POST /contact/ HTTP/1.1" 403 9539 "-" "Mozilla/5.0 (Windows NT 10.0; Win64; x64) AppleWebKit/537.36 (KHTML, like Gecko) Chrome/92.0.4515.107 Safari/537.36"
214.61.138.41 - - [05/Jan/2025:00:22:43 +0300] "POST /index.html HTTP/1.1" 501 5769 "-" "Crawler Bot v1.0 (+https://example.com/bot.html)"
28.186.70.250 - - [05/Jan/2025:00:22:50 +0300] "DELETE /contact/ HTTP/1.1" 401 12960 "-" "Wget/1.19.5 (linux-gnu)"
214.61.138.41 - - [05/Jan/2025:00:23:31 +0300] "PATCH /contact/ HTTP/1.1" 201 20832 "-" "Crawler Bot v1.0 (+https://example.com/bot.html)"
53.144.239.176 - - [05/Jan/2025:00:24:07 +0300] "POST /services/ HTTP/1.1" 403 33048 "-" "Opera/9.80 (X11; Linux i686; Ubuntu/14.10) Presto/2.12.388 Version/12.16"
114.72.135.61 - - [05/Jan/2025:00:26:06 +0300] "POST /services/ HTTP/1.1" 503 1635 "-" "Opera/9.80 (X11; Linux i686; Ubuntu/14.10) Presto/2.12.388 Version/12.16"
229.206.221.69 - - [05/Jan/2025:00:26:41 +0300] "POST /products/ HTTP/1.1" 400 24155 "-" "Internet Explorer 7.0; Windows NT 6.0; Trident/5.0"
229.206.221.69 - - [05/Jan/2025:00:26:42 +0300] "DELETE /products/ HTTP/1.1" 503 10561 "-" "Crawler Bot v1.0 (+https://example.com/bot.html)"
180.101.174.150 - - [05/Jan/2025:00:28:03 +0300] "PUT /services/ HTTP/1.1" 501 10393 "-" "Wget/1.19.5 (linux-gnu)"
36.254.127.5 - - [05/Jan/2025:00:30:15 +0300] "GET /services/ HTTP/1.1" 401 3425 "-" "Wget/1.19.5 (linux-gnu)"
28.186.70.250 - - [05/Jan/2025:00:31:15 +0300] "POST /services/ HTTP/1.1" 401 1422 "-" "Wget/1.19.5 (linux-gnu)"
142.201.33.58 - - [05/Jan/2025:00:33:26 +0300] "PUT /products/ HTTP/1.1" 200 18549 "-" "Crawler Bot v1.0 (+https://example.com/bot.html)"
53.144.239.176 - - [05/Jan/2025:00:35:00 +0300] "POST /products/ HTTP/1.1" 502 5621 "-" "Opera/9.80 (X11; Linux i686; Ubuntu/14.10) Presto/2.12.388 Version/12.16"
133.81.129.159 - - [05/Jan/2025:00:35:59 +0300] "PUT /about-us/ HTTP/1.1" 500 19527 "-" "Safari/604.1 CFNetwork/893.14 Darwin/17.0.0 (x86_64)"
49.20.36.30 - - [05/Jan/2025:00:38:31 +0300] "PUT /contact/ HTTP/1.1" 503 25653 "-" "Wget/1.19.5 (linux-gnu)"
28.186.70.250 - - [05/Jan/2025:00:39:42 +0300] "DELETE /about-us/ HTTP/1.1" 401 32089 "-" "Microsoft Edge 44.18362.449.0; Windows 10; ARM64"
53.144.239.176 - - [05/Jan/2025:00:42:03 +0300] "PUT /contact/ HTTP/1.1" 501 5135 "-" "Microsoft Edge 44.18362.449.0; Windows 10; ARM64"
64.255.15.33 - - [05/Jan/2025:00:43:10 +0300] "PATCH /index.html HTTP/1.1" 502 13773 "-" "Mozilla/5.0 (Windows NT 10.0; Win64; x64) AppleWebKit/537.36 (KHTML, like Gecko) Chrome/92.0.4515.107 Safari/537.36"
64.255.15.33 - - [05/Jan/2025:00:43:22 +0300] "PUT /index.html HTTP/1.1" 404 26469 "-" "Mozilla/5.0 (Windows NT 10.0; Win64; x64) AppleWebKit/537.36 (KHTML, like Gecko) Chrome/92.0.4515.107 Safari/537.36"
44.2.222.93 - - [05/Jan/2025:00:45:44 +0300] "GET /index.html HTTP/1.1" 501 11235 "-" "Opera/9.80 (X11; Linux i686; Ubuntu/14.10) Presto/2.12.388 Version/12.16"
28.186.70.250 - - [05/Jan/2025:00:47:39 +0300] "GET /about-us/ HTTP/1.1" 501 24596 "-" "Safari/604.1 CFNetwork/893.14 Darwin/17.0.0 (x86_64)"
229.206.221.69 - - [05/Jan/2025:00:48:54 +0300] "DELETE /index.html HTTP/1.1" 501 2536 "-" "Internet Explorer 7.0; Windows NT 6.0; Trident/5.0"
28.42.76.86 - - [05/Jan/2025:00:51:18 +0300] "DELETE /products/ HTTP/1.1" 502 7304 "-" "Internet Explorer 7.0; Windows NT 6.0; Trident/5.0"
153.52.113.49 - - [05/Jan/2025:00:53:26 +0300] "PATCH /contact/ HTTP/1.1" 501 16586 "-" "Mozilla/5.0 (Windows NT 10.0; Win64; x64) AppleWebKit/537.36 (KHTML, like Gecko) Chrome/92.0.4515.107 Safari/537.36"
168.14.215.0 - - [05/Jan/2025:00:53:47 +0300] "DELETE /about-us/ HTTP/1.1" 500 24081 "-" "Mozilla/5.0 (Windows NT 10.0; Win64; x64) AppleWebKit/537.36 (KHTML, like Gecko) Chrome/92.0.4515.107 Safari/537.36"
229.206.221.69 - - [05/Jan/2025:00:54:55 +0300] "GET /index.html HTTP/1.1" 501 21988 "-" "Opera/9.80 (X11; Linux i686; Ubuntu/14.10) Presto/2.12.388 Version/12.16"
147.65.92.12 - - [05/Jan/2025:00:56:35 +0300] "GET /index.html HTTP/1.1" 401 5022 "-" "Mozilla/5.0 (Windows NT 10.0; Win64; x64) AppleWebKit/537.36 (KHTML, like Gecko) Chrome/92.0.4515.107 Safari/537.36"
218.228.44.29 - - [05/Jan/2025:00:57:23 +0300] "GET /products/ HTTP/1.1" 502 18166 "-" "Internet Explorer 7.0; Windows NT 6.0; Trident/5.0"
83.96.224.158 - - [05/Jan/2025:00:57:33 +0300] "PATCH /products/ HTTP/1.1" 500 13980 "-" "Internet Explorer 7.0; Windows NT 6.0; Trident/5.0"
142.201.33.58 - - [05/Jan/2025:00:59:52 +0300] "PATCH /services/ HTTP/1.1" 400 23454 "-" "Opera/9.80 (X11; Linux i686; Ubuntu/14.10) Presto/2.12.388 Version/12.16"
250.74.3.46 - - [05/Jan/2025:01:00:05 +0300] "PUT /contact/ HTTP/1.1" 201 28372 "-" "Crawler Bot v1.0 (+https://example.com/bot.html)"
83.96.224.158 - - [05/Jan/2025:01:01:49 +0300] "GET /index.html HTTP/1.1" 501 8147 "-" "Wget/1.19.5 (linux-gnu)"
147.65.92.12 - - [05/Jan/2025:01:03:24 +0300] "GET /services/ HTTP/1.1" 404 4165 "-" "Mozilla/5.0 (Windows NT 10.0; Win64; x64) AppleWebKit/537.36 (KHTML, like Gecko) Chrome/92.0.4515.107 Safari/537.36"
64.255.15.33 - - [05/Jan/2025:01:04:58 +0300] "PATCH /services/ HTTP/1.1" 404 17274 "-" "Internet Explorer 7.0; Windows NT 6.0; Trident/5.0"
168.14.215.0 - - [05/Jan/2025:01:06:21 +0300] "PUT /about-us/ HTTP/1.1" 401 28179 "-" "Mozilla/5.0 (Windows NT 10.0; Win64; x64) AppleWebKit/537.36 (KHTML, like Gecko) Chrome/92.0.4515.107 Safari/537.36"
180.101.174.150 - - [05/Jan/2025:01:06:48 +0300] "GET /services/ HTTP/1.1" 503 28632 "-" "Mozilla/5.0 (Windows NT 10.0; Win64; x64) AppleWebKit/537.36 (KHTML, like Gecko) Chrome/92.0.4515.107 Safari/537.36"
44.2.222.93 - - [05/Jan/2025:01:08:36 +0300] "POST /services/ HTTP/1.1" 501 5254 "-" "Crawler Bot v1.0 (+https://example.com/bot.html)"
114.72.135.61 - - [05/Jan/2025:01:09:28 +0300] "DELETE /products/ HTTP/1.1" 502 33725 "-" "Wget/1.19.5 (linux-gnu)"
250.74.3.46 - - [05/Jan/2025:01:12:04 +0300] "PUT /about-us/ HTTP/1.1" 201 17128 "-" "Internet Explorer 7.0; Windows NT 6.0; Trident/5.0"
149.90.30.222 - - [05/Jan/2025:01:13:54 +0300] "GET /services/ HTTP/1.1" 503 6478 "-" "Opera/9.80 (X11; Linux i686; Ubuntu/14.10) Presto/2.12.388 Version/12.16"
28.186.70.250 - - [05/Jan/2025:01:15:40 +0300] "PATCH /contact/ HTTP/1.1" 502 17495 "-" "Wget/1.19.5 (linux-gnu)"
49.20.36.30 - - [05/Jan/2025:01:16:37 +0300] "POST /services/ HTTP/1.1" 400 13702 "-" "Internet Explorer 7.0; Windows NT 6.0; Trident/5.0"
214.61.138.41 - - [05/Jan/2025:01:18:24 +0300] "PUT /index.html HTTP/1.1" 404 20940 "-" "Microsoft Edge 44.18362.449.0; Windows 10; ARM64"
114.72.135.61 - - [05/Jan/2025:01:19:16 +0300] "PATCH /services/ HTTP/1.1" 201 20781 "-" "Internet Explorer 7.0; Windows NT 6.0; Trident/5.0"
214.61.138.41 - - [05/Jan/2025:01:19:30 +0300] "DELETE /contact/ HTTP/1.1" 200 5096 "-" "Mozilla/5.0 (Windows NT 10.0; Win64; x64) AppleWebKit/537.36 (KHTML, like Gecko) Chrome/92.0.4515.107 Safari/537.36"
149.90.30.222 - - [05/Jan/2025:01:19:35 +0300] "DELETE /services/ HTTP/1.1" 500 30657 "-" "Internet Explorer 7.0; Windows NT 6.0; Trident/5.0"
149.90.30.222 - - [05/Jan/2025:01:22:08 +0300] "PUT /about-us/ HTTP/1.1" 400 13232 "-" "Opera/9.80 (X11; Linux i686; Ubuntu/14.10) Presto/2.12.388 Version/12.16"
250.74.3.46 - - [05/Jan/2025:01:23:21 +0300] "PATCH /contact/ HTTP/1.1" 501 32173 "-" "Wget/1.19.5 (linux-gnu)"
147.65.92.12 - - [05/Jan/2025:01:25:43 +0300] "DELETE /services/ HTTP/1.1" 201 16423 "-" "Opera/9.80 (X11; Linux i686; Ubuntu/14.10) Presto/2.12.388 Version/12.16"
218.228.44.29 - - [05/Jan/2025:01:28:04 +0300] "PUT /products/ HTTP/1.1" 201 7938 "-" "Microsoft Edge 44.18362.449.0; Windows 10; ARM64"
20.182.249.13 - - [05/Jan/2025:01:28:19 +0300] "PATCH /index.html HTTP/1.1" 200 29571 "-" "Opera/9.80 (X11; Linux i686; Ubuntu/14.10) Presto/2.12.388 Version/12.16"
114.72.135.61 - - [05/Jan/2025:01:30:32 +0300] "PUT /about-us/ HTTP/1.1" 400 2932 "-" "Opera/9.80 (X11; Linux i686; Ubuntu/14.10) Presto/2.12.388 Version/12.16"
44.2.222.93 - - [05/Jan/2025:01:32:40 +0300] "GET /index.html HTTP/1.1" 403 20511 "-" "Microsoft Edge 44.18362.449.0; Windows 10; ARM64"
172.55.147.133 - - [05/Jan/2025:01:35:02 +0300] "DELETE /services/ HTTP/1.1" 400 5536 "-" "Safari/604.1 CFNetwork/893.14 Darwin/17.0.0 (x86_64)"
168.14.215.0 - - [05/Jan/2025:01:35:45 +0300] "DELETE /products/ HTTP/1.1" 500 22109 "-" "Opera/9.80 (X11; Linux i686; Ubuntu/14.10) Presto/2.12.388 Version/12.16"
149.90.30.222 - - [05/Jan/2025:01:36:55 +0300] "DELETE /contact/ HTTP/1.1" 502 33077 "-" "Crawler Bot v1.0 (+https://example.com/bot.html)"
218.228.44.29 - - [05/Jan/2025:01:38:57 +0300] "POST /index.html HTTP/1.1" 404 25686 "-" "Mozilla/5.0 (Windows NT 10.0; Win64; x64) AppleWebKit/537.36 (KHTML, like Gecko) Chrome/92.0.4515.107 Safari/537.36"
53.144.239.176 - - [05/Jan/2025:01:40:51 +0300] "POST /services/ HTTP/1.1" 200 23409 "-" "Crawler Bot v1.0 (+https://example.com/bot.html)"
133.81.129.159 - - [05/Jan/2025:01:42:07 +0300] "PUT /index.html HTTP/1.1" 400 21631 "-" "Mozilla/5.0 (Windows NT 10.0; Win64; x64) AppleWebKit/537.36 (KHTML, like Gecko) Chrome/92.0.4515.107 Safari/537.36"
168.14.215.0 - - [05/Jan/2025:01:42:22 +0300] "PUT /index.html HTTP/1.1" 501 4276 "-" "Internet Explorer 7.0; Windows NT 6.0; Trident/5.0"
20.182.249.13 - - [05/Jan/2025:01:44:30 +0300] "GET /index.html HTTP/1.1" 401 10148 "-" "Microsoft Edge 44.18362.449.0; Windows 10; ARM64"
250.74.3.46 - - [05/Jan/2025:01:46:28 +0300] "PATCH /services/ HTTP/1.1" 403 25555 "-" "Mozilla/5.0 (Windows NT 10.0; Win64; x64) AppleWebKit/537.36 (KHTML, like Gecko) Chrome/92.0.4515.107 Safari/537.36"
142.201.33.58 - - [05/Jan/2025:01:48:04 +0300] "PATCH /services/ HTTP/1.1" 404 11875 "-" "Mozilla/5.0 (Windows NT 10.0; Win64; x64) AppleWebKit/537.36 (KHTML, like Gecko) Chrome/92.0.4515.107 Safari/537.36"
172.55.147.133 - - [05/Jan/2025:01:50:01 +0300] "GET /contact/ HTTP/1.1" 201 11098 "-" "Mozilla/5.0 (Windows NT 10.0; Win64; x64) AppleWebKit/537.36 (KHTML, like Gecko) Chrome/92.0.4515.107 Safari/537.36"
250.74.3.46 - - [05/Jan/2025:01:52:11 +0300] "PUT /services/ HTTP/1.1" 500 15877 "-" "Crawler Bot v1.0 (+https://example.com/bot.html)"
168.14.215.0 - - [05/Jan/2025:01:53:23 +0300] "PUT /contact/ HTTP/1.1" 500 30091 "-" "Mozilla/5.0 (Windows NT 10.0; Win64; x64) AppleWebKit/537.36 (KHTML, like Gecko) Chrome/92.0.4515.107 Safari/537.36"
28.42.76.86 - - [05/Jan/2025:01:54:00 +0300] "POST /index.html HTTP/1.1" 401 9772 "-" "Opera/9.80 (X11; Linux i686; Ubuntu/14.10) Presto/2.12.388 Version/12.16"
44.2.222.93 - - [05/Jan/2025:01:56:07 +0300] "POST /about-us/ HTTP/1.1" 502 29720 "-" "Wget/1.19.5 (linux-gnu)"
114.72.135.61 - - [05/Jan/2025:01:57:47 +0300] "PATCH /about-us/ HTTP/1.1" 500 32871 "-" "Safari/604.1 CFNetwork/893.14 Darwin/17.0.0 (x86_64)"
124.29.122.120 - - [05/Jan/2025:01:58:32 +0300] "GET /products/ HTTP/1.1" 502 5509 "-" "Wget/1.19.5 (linux-gnu)"
53.144.239.176 - - [05/Jan/2025:02:01:02 +0300] "PUT /index.html HTTP/1.1" 404 31057 "-" "Internet Explorer 7.0; Windows NT 6.0; Trident/5.0"
153.52.113.49 - - [05/Jan/2025:02:02:20 +0300] "PUT /services/ HTTP/1.1" 200 9196 "-" "Safari/604.1 CFNetwork/893.14 Darwin/17.0.0 (x86_64)"
133.81.129.159 - - [05/Jan/2025:02:03:20 +0300] "DELETE /services/ HTTP/1.1" 503 26706 "-" "Wget/1.19.5 (linux-gnu)"
124.29.122.120 - - [05/Jan/2025:02:03:22 +0300] "PATCH /contact/ HTTP/1.1" 401 11005 "-" "Wget/1.19.5 (linux-gnu)"
250.74.3.46 - - [05/Jan/2025:02:05:55 +0300] "GET /products/ HTTP/1.1" 502 12073 "-" "Microsoft Edge 44.18362.449.0; Windows 10; ARM64"
64.255.15.33 - - [05/Jan/2025:02:06:35 +0300] "POST /products/ HTTP/1.1" 500 26972 "-" "Wget/1.19.5 (linux-gnu)"
180.101.174.150 - - [05/Jan/2025:02:06:47 +0300] "PATCH /about-us/ HTTP/1.1" 400 26491 "-" "Internet Explorer 7.0; Windows NT 6.0; Trident/5.0"
218.228.44.29 - - [05/Jan/2025:02:09:23 +0300] "DELETE /products/ HTTP/1.1" 400 12345 "-" "Wget/1.19.5 (linux-gnu)"
83.96.224.158 - - [05/Jan/2025:02:09:28 +0300] "PUT /contact/ HTTP/1.1" 403 22395 "-" "Wget/1.19.5 (linux-gnu)"
180.101.174.150 - - [05/Jan/2025:02:11:57 +0300] "POST /products/ HTTP/1.1" 200 30402 "-" "Wget/1.19.5 (linux-gnu)"
20.182.249.13 - - [05/Jan/2025:02:13:36 +0300] "POST /index.html HTTP/1.1" 501 29553 "-" "Mozilla/5.0 (Windows NT 10.0; Win64; x64) AppleWebKit/537.36 (KHTML, like Gecko) Chrome/92.0.4515.107 Safari/537.36"
53.144.239.176 - - [05/Jan/2025:02:15:12 +0300] "DELETE /products/ HTTP/1.1" 500 13006 "-" "Opera/9.80 (X11; Linux i686; Ubuntu/14.10) Presto/2.12.388 Version/12.16"
83.96.224.158 - - [05/Jan/2025:02:16:51 +0300] "DELETE /about-us/ HTTP/1.1" 401 14174 "-" "Mozilla/5.0 (Windows NT 10.0; Win64; x64) AppleWebKit/537.36 (KHTML, like Gecko) Chrome/92.0.4515.107 Safari/537.36"
180.101.174.150 - - [05/Jan/2025:02:18:41 +0300] "GET /contact/ HTTP/1.1" 404 7513 "-" "Mozilla/5.0 (Windows NT 10.0; Win64; x64) AppleWebKit/537.36 (KHTML, like Gecko) Chrome/92.0.4515.107 Safari/537.36"
49.20.36.30 - - [05/Jan/2025:02:18:47 +0300] "GET /about-us/ HTTP/1.1" 501 9008 "-" "Mozilla/5.0 (Windows NT 10.0; Win64; x64) AppleWebKit/537.36 (KHTML, like Gecko) Chrome/92.0.4515.107 Safari/537.36"
20.182.249.13 - - [05/Jan/2025:02:20:31 +0300] "POST /products/ HTTP/1.1" 401 6005 "-" "Crawler Bot v1.0 (+https://example.com/bot.html)"
20.182.249.13 - - [05/Jan/2025:02:21:04 +0300] "POST /contact/ HTTP/1.1" 201 12942 "-" "Wget/1.19.5 (linux-gnu)"
64.255.15.33 - - [05/Jan/2025:02:21:53 +0300] "POST /products/ HTTP/1.1" 200 3627 "-" "Internet Explorer 7.0; Windows NT 6.0; Trident/5.0"
28.186.70.250 - - [05/Jan/2025:02:24:13 +0300] "PUT /about-us/ HTTP/1.1" 502 29744 "-" "Opera/9.80 (X11; Linux i686; Ubuntu/14.10) Presto/2.12.388 Version/12.16"
250.74.3.46 - - [05/Jan/2025:02:24:47 +0300] "GET /services/ HTTP/1.1" 401 20175 "-" "Mozilla/5.0 (Windows NT 10.0; Win64; x64) AppleWebKit/537.36 (KHTML, like Gecko) Chrome/92.0.4515.107 Safari/537.36"
229.206.221.69 - - [05/Jan/2025:02:26:15 +0300] "DELETE /services/ HTTP/1.1" 502 33032 "-" "Safari/604.1 CFNetwork/893.14 Darwin/17.0.0 (x86_64)"
83.96.224.158 - - [05/Jan/2025:02:28:26 +0300] "POST /products/ HTTP/1.1" 501 10781 "-" "Mozilla/5.0 (Windows NT 10.0; Win64; x64) AppleWebKit/537.36 (KHTML, like Gecko) Chrome/92.0.4515.107 Safari/537.36"
168.14.215.0 - - [05/Jan/2025:02:30:36 +0300] "PATCH /services/ HTTP/1.1" 400 14862 "-" "Mozilla/5.0 (Windows NT 10.0; Win64; x64) AppleWebKit/537.36 (KHTML, like Gecko) Chrome/92.0.4515.107 Safari/537.36"
114.72.135.61 - - [05/Jan/2025:02:32:28 +0300] "POST /about-us/ HTTP/1.1" 403 32716 "-" "Crawler Bot v1.0 (+https://example.com/bot.html)"
214.61.138.41 - - [05/Jan/2025:02:34:04 +0300] "PUT /contact/ HTTP/1.1" 501 5296 "-" "Wget/1.19.5 (linux-gnu)"
20.182.249.13 - - [05/Jan/2025:02:35:03 +0300] "DELETE /services/ HTTP/1.1" 400 12496 "-" "Wget/1.19.5 (linux-gnu)"
231.62.123.253 - - [05/Jan/2025:02:37:04 +0300] "PUT /services/ HTTP/1.1" 200 18992 "-" "Crawler Bot v1.0 (+https://example.com/bot.html)"
153.52.113.49 - - [05/Jan/2025:02:37:42 +0300] "DELETE /products/ HTTP/1.1" 404 17734 "-" "Crawler Bot v1.0 (+https://example.com/bot.html)"
218.228.44.29 - - [05/Jan/2025:02:38:20 +0300] "POST /products/ HTTP/1.1" 502 29217 "-" "Wget/1.19.5 (linux-gnu)"
49.20.36.30 - - [05/Jan/2025:02:39:57 +0300] "DELETE /index.html HTTP/1.1" 404 2371 "-" "Crawler Bot v1.0 (+https://example.com/bot.html)"
180.101.174.150 - - [05/Jan/2025:02:40:30 +0300] "DELETE /services/ HTTP/1.1" 400 22111 "-" "Safari/604.1 CFNetwork/893.14 Darwin/17.0.0 (x86_64)"
20.182.249.13 - - [05/Jan/2025:02:42:56 +0300] "PUT /index.html HTTP/1.1" 201 19781 "-" "Mozilla/5.0 (Windows NT 10.0; Win64; x64) AppleWebKit/537.36 (KHTML, like Gecko) Chrome/92.0.4515.107 Safari/537.36"
147.65.92.12 - - [05/Jan/2025:02:43:07 +0300] "PATCH /services/ HTTP/1.1" 400 18691 "-" "Safari/604.1 CFNetwork/893.14 Darwin/17.0.0 (x86_64)"
64.255.15.33 - - [05/Jan/2025:02:44:27 +0300] "POST /products/ HTTP/1.1" 500 21765 "-" "Crawler Bot v1.0 (+https://example.com/bot.html)"
44.2.222.93 - - [05/Jan/2025:02:46:15 +0300] "POST /about-us/ HTTP/1.1" 502 28976 "-" "Crawler Bot v1.0 (+https://example.com/bot.html)"
114.72.135.61 - - [05/Jan/2025:02:47:44 +0300] "PUT /products/ HTTP/1.1" 400 28257 "-" "Safari/604.1 CFNetwork/893.14 Darwin/17.0.0 (x86_64)"
142.201.33.58 - - [05/Jan/2025:02:48:04 +0300] "DELETE /about-us/ HTTP/1.1" 500 5874 "-" "Mozilla/5.0 (Windows NT 10.0; Win64; x64) AppleWebKit/537.36 (KHTML, like Gecko) Chrome/92.0.4515.107 Safari/537.36"
36.254.127.5 - - [05/Jan/2025:02:49:02 +0300] "DELETE /index.html HTTP/1.1" 401 13823 "-" "Microsoft Edge 44.18362.449.0; Windows 10; ARM64"
28.186.70.250 - - [05/Jan/2025:02:49:51 +0300] "POST /contact/ HTTP/1.1" 503 13371 "-" "Crawler Bot v1.0 (+https://example.com/bot.html)"
231.62.123.253 - - [05/Jan/2025:02:51:58 +0300] "PATCH /about-us/ HTTP/1.1" 200 13256 "-" "Crawler Bot v1.0 (+https://example.com/bot.html)"
114.72.135.61 - - [05/Jan/2025:02:53:11 +0300] "DELETE /products/ HTTP/1.1" 502 12592 "-" "Microsoft Edge 44.18362.449.0; Windows 10; ARM64"
53.144.239.176 - - [05/Jan/2025:02:54:17 +0300] "GET /contact/ HTTP/1.1" 400 15544 "-" "Wget/1.19.5 (linux-gnu)"
229.206.221.69 - - [05/Jan/2025:02:54:46 +0300] "PATCH /about-us/ HTTP/1.1" 401 30364 "-" "Internet Explorer 7.0; Windows NT 6.0; Trident/5.0"
64.255.15.33 - - [05/Jan/2025:02:56:34 +0300] "PATCH /index.html HTTP/1.1" 503 10142 "-" "Crawler Bot v1.0 (+https://example.com/bot.html)"
36.254.127.5 - - [05/Jan/2025:02:56:47 +0300] "POST /contact/ HTTP/1.1" 404 26140 "-" "Internet Explorer 7.0; Windows NT 6.0; Trident/5.0"
28.42.76.86 - - [05/Jan/2025:02:58:47 +0300] "PATCH /contact/ HTTP/1.1" 201 26863 "-" "Mozilla/5.0 (Windows NT 10.0; Win64; x64) AppleWebKit/537.36 (KHTML, like Gecko) Chrome/92.0.4515.107 Safari/537.36"
49.20.36.30 - - [05/Jan/2025:02:59:26 +0300] "PATCH /products/ HTTP/1.1" 404 26334 "-" "Crawler Bot v1.0 (+https://example.com/bot.html)"
229.206.221.69 - - [05/Jan/2025:03:00:55 +0300] "PATCH /index.html HTTP/1.1" 404 18356 "-" "Wget/1.19.5 (linux-gnu)"
124.29.122.120 - - [05/Jan/2025:03:01:26 +0300] "PUT /products/ HTTP/1.1" 400 4795 "-" "Wget/1.19.5 (linux-gnu)"
168.14.215.0 - - [05/Jan/2025:03:01:48 +0300] "PUT /contact/ HTTP/1.1" 502 26668 "-" "Internet Explorer 7.0; Windows NT 6.0; Trident/5.0"
147.65.92.12 - - [05/Jan/2025:03:02:06 +0300] "PATCH /index.html HTTP/1.1" 201 5722 "-" "Wget/1.19.5 (linux-gnu)"
229.206.221.69 - - [05/Jan/2025:03:02:40 +0300] "POST /about-us/ HTTP/1.1" 502 8309 "-" "Crawler Bot v1.0 (+https://example.com/bot.html)"
114.72.135.61 - - [05/Jan/2025:03:04:44 +0300] "PUT /index.html HTTP/1.1" 400 25167 "-" "Internet Explorer 7.0; Windows NT 6.0; Trident/5.0"
64.255.15.33 - - [05/Jan/2025:03:05:11 +0300] "GET /index.html HTTP/1.1" 404 18232 "-" "Internet Explorer 7.0; Windows NT 6.0; Trident/5.0"
250.74.3.46 - - [05/Jan/2025:03:05:21 +0300] "GET /services/ HTTP/1.1" 502 8358 "-" "Microsoft Edge 44.18362.449.0; Windows 10; ARM64"
229.206.221.69 - - [05/Jan/2025:03:05:28 +0300] "GET /services/ HTTP/1.1" 500 7826 "-" "Wget/1.19.5 (linux-gnu)"
168.14.215.0 - - [05/Jan/2025:03:07:45 +0300] "PATCH /index.html HTTP/1.1" 200 20159 "-" "Crawler Bot v1.0 (+https://example.com/bot.html)"
147.65.92.12 - - [05/Jan/2025:03:09:25 +0300] "PUT /about-us/ HTTP/1.1" 501 13653 "-" "Internet Explorer 7.0; Windows NT 6.0; Trident/5.0"
147.65.92.12 - - [05/Jan/2025:03:11:44 +0300] "PUT /index.html HTTP/1.1" 400 26286 "-" "Crawler Bot v1.0 (+https://example.com/bot.html)"
64.255.15.33 - - [05/Jan/2025:03:11:59 +0300] "PATCH /services/ HTTP/1.1" 503 5762 "-" "Wget/1.19.5 (linux-gnu)"
172.55.147.133 - - [05/Jan/2025:03:13:01 +0300] "PATCH /products/ HTTP/1.1" 201 30108 "-" "Mozilla/5.0 (Windows NT 10.0; Win64; x64) AppleWebKit/537.36 (KHTML, like Gecko) Chrome/92.0.4515.107 Safari/537.36"
28.42.76.86 - - [05/Jan/2025:03:15:25 +0300] "PUT /products/ HTTP/1.1" 503 4380 "-" "Crawler Bot v1.0 (+https://example.com/bot.html)"
36.254.127.5 - - [05/Jan/2025:03:16:21 +0300] "DELETE /products/ HTTP/1.1" 201 28265 "-" "Mozilla/5.0 (Windows NT 10.0; Win64; x64) AppleWebKit/537.36 (KHTML, like Gecko) Chrome/92.0.4515.107 Safari/537.36"
124.29.122.120 - - [05/Jan/2025:03:18:05 +0300] "GET /services/ HTTP/1.1" 503 33704 "-" "Safari/604.1 CFNetwork/893.14 Darwin/17.0.0 (x86_64)"
168.14.215.0 - - [05/Jan/2025:03:19:15 +0300] "DELETE /index.html HTTP/1.1" 501 12602 "-" "Crawler Bot v1.0 (+https://example.com/bot.html)"
36.254.127.5 - - [05/Jan/2025:03:20:40 +0300] "PUT /services/ HTTP/1.1" 500 30025 "-" "Internet Explorer 7.0; Windows NT 6.0; Trident/5.0"
53.144.239.176 - - [05/Jan/2025:03:21:51 +0300] "PATCH /about-us/ HTTP/1.1" 401 28049 "-" "Wget/1.19.5 (linux-gnu)"
250.74.3.46 - - [05/Jan/2025:03:22:57 +0300] "DELETE /services/ HTTP/1.1" 503 26753 "-" "Crawler Bot v1.0 (+https://example.com/bot.html)"
28.42.76.86 - - [05/Jan/2025:03:24:39 +0300] "GET /about-us/ HTTP/1.1" 503 21300 "-" "Microsoft Edge 44.18362.449.0; Windows 10; ARM64"
83.96.224.158 - - [05/Jan/2025:03:26:05 +0300] "DELETE /index.html HTTP/1.1" 501 27078 "-" "Internet Explorer 7.0; Windows NT 6.0; Trident/5.0"
20.182.249.13 - - [05/Jan/2025:03:27:15 +0300] "PATCH /services/ HTTP/1.1" 201 26746 "-" "Wget/1.19.5 (linux-gnu)"
44.2.222.93 - - [05/Jan/2025:03:28:38 +0300] "DELETE /contact/ HTTP/1.1" 403 27793 "-" "Mozilla/5.0 (Windows NT 10.0; Win64; x64) AppleWebKit/537.36 (KHTML, like Gecko) Chrome/92.0.4515.107 Safari/537.36"
218.228.44.29 - - [05/Jan/2025:03:29:33 +0300] "PATCH /contact/ HTTP/1.1" 501 18989 "-" "Crawler Bot v1.0 (+https://example.com/bot.html)"
49.20.36.30 - - [05/Jan/2025:03:30:21 +0300] "POST /contact/ HTTP/1.1" 403 18585 "-" "Internet Explorer 7.0; Windows NT 6.0; Trident/5.0"
124.29.122.120 - - [05/Jan/2025:03:31:01 +0300] "PUT /about-us/ HTTP/1.1" 503 23770 "-" "Microsoft Edge 44.18362.449.0; Windows 10; ARM64"
53.144.239.176 - - [05/Jan/2025:03:32:51 +0300] "PUT /products/ HTTP/1.1" 201 26471 "-" "Crawler Bot v1.0 (+https://example.com/bot.html)"
250.74.3.46 - - [05/Jan/2025:03:33:34 +0300] "GET /index.html HTTP/1.1" 500 30946 "-" "Mozilla/5.0 (Windows NT 10.0; Win64; x64) AppleWebKit/537.36 (KHTML, like Gecko) Chrome/92.0.4515.107 Safari/537.36"
133.81.129.159 - - [05/Jan/2025:03:36:06 +0300] "POST /products/ HTTP/1.1" 503 28200 "-" "Microsoft Edge 44.18362.449.0; Windows 10; ARM64"
28.42.76.86 - - [05/Jan/2025:03:37:53 +0300] "POST /about-us/ HTTP/1.1" 501 24754 "-" "Microsoft Edge 44.18362.449.0; Windows 10; ARM64"
147.65.92.12 - - [05/Jan/2025:03:40:29 +0300] "POST /contact/ HTTP/1.1" 500 15165 "-" "Opera/9.80 (X11; Linux i686; Ubuntu/14.10) Presto/2.12.388 Version/12.16"
49.20.36.30 - - [05/Jan/2025:03:41:22 +0300] "GET /products/ HTTP/1.1" 201 32726 "-" "Crawler Bot v1.0 (+https://example.com/bot.html)"
153.52.113.49 - - [05/Jan/2025:03:43:11 +0300] "POST /index.html HTTP/1.1" 400 4644 "-" "Crawler Bot v1.0 (+https://example.com/bot.html)"
218.228.44.29 - - [05/Jan/2025:03:44:46 +0300] "PATCH /index.html HTTP/1.1" 502 27272 "-" "Wget/1.19.5 (linux-gnu)"
231.62.123.253 - - [05/Jan/2025:03:46:58 +0300] "POST /products/ HTTP/1.1" 400 22157 "-" "Opera/9.80 (X11; Linux i686; Ubuntu/14.10) Presto/2.12.388 Version/12.16"
28.42.76.86 - - [05/Jan/2025:03:48:53 +0300] "POST /contact/ HTTP/1.1" 500 11603 "-" "Wget/1.19.5 (linux-gnu)"
180.101.174.150 - - [05/Jan/2025:03:49:30 +0300] "DELETE /index.html HTTP/1.1" 501 11510 "-" "Mozilla/5.0 (Windows NT 10.0; Win64; x64) AppleWebKit/537.36 (KHTML, like Gecko) Chrome/92.0.4515.107 Safari/537.36"
20.182.249.13 - - [05/Jan/2025:03:49:43 +0300] "PUT /about-us/ HTTP/1.1" 503 28932 "-" "Crawler Bot v1.0 (+https://example.com/bot.html)"
229.206.221.69 - - [05/Jan/2025:03:49:57 +0300] "DELETE /about-us/ HTTP/1.1" 401 6398 "-" "Internet Explorer 7.0; Windows NT 6.0; Trident/5.0"
147.65.92.12 - - [05/Jan/2025:03:51:20 +0300] "PUT /index.html HTTP/1.1" 503 21560 "-" "Safari/604.1 CFNetwork/893.14 Darwin/17.0.0 (x86_64)"
153.52.113.49 - - [05/Jan/2025:03:53:26 +0300] "PUT /products/ HTTP/1.1" 501 30263 "-" "Microsoft Edge 44.18362.449.0; Windows 10; ARM64"
49.20.36.30 - - [05/Jan/2025:03:55:07 +0300] "PUT /index.html HTTP/1.1" 401 31067 "-" "Safari/604.1 CFNetwork/893.14 Darwin/17.0.0 (x86_64)"
180.101.174.150 - - [05/Jan/2025:03:56:05 +0300] "PUT /index.html HTTP/1.1" 403 26843 "-" "Opera/9.80 (X11; Linux i686; Ubuntu/14.10) Presto/2.12.388 Version/12.16"
20.182.249.13 - - [05/Jan/2025:03:56:13 +0300] "PUT /products/ HTTP/1.1" 401 33734 "-" "Wget/1.19.5 (linux-gnu)"
124.29.122.120 - - [05/Jan/2025:03:56:22 +0300] "POST /contact/ HTTP/1.1" 503 32559 "-" "Internet Explorer 7.0; Windows NT 6.0; Trident/5.0"
214.61.138.41 - - [05/Jan/2025:03:57:21 +0300] "DELETE /products/ HTTP/1.1" 503 20586 "-" "Safari/604.1 CFNetwork/893.14 Darwin/17.0.0 (x86_64)"
28.186.70.250 - - [05/Jan/2025:03:58:17 +0300] "GET /index.html HTTP/1.1" 502 30972 "-" "Opera/9.80 (X11; Linux i686; Ubuntu/14.10) Presto/2.12.388 Version/12.16"
114.72.135.61 - - [05/Jan/2025:04:00:08 +0300] "GET /services/ HTTP/1.1" 501 29025 "-" "Opera/9.80 (X11; Linux i686; Ubuntu/14.10) Presto/2.12.388 Version/12.16"
229.206.221.69 - - [05/Jan/2025:04:02:24 +0300] "GET /services/ HTTP/1.1" 501 8831 "-" "Crawler Bot v1.0 (+https://example.com/bot.html)"
142.201.33.58 - - [05/Jan/2025:04:04:37 +0300] "GET /products/ HTTP/1.1" 401 31493 "-" "Crawler Bot v1.0 (+https://example.com/bot.html)"
147.65.92.12 - - [05/Jan/2025:04:06:39 +0300] "POST /about-us/ HTTP/1.1" 404 25506 "-" "Opera/9.80 (X11; Linux i686; Ubuntu/14.10) Presto/2.12.388 Version/12.16"
218.228.44.29 - - [05/Jan/2025:04:08:20 +0300] "PATCH /products/ HTTP/1.1" 201 26030 "-" "Wget/1.19.5 (linux-gnu)"
36.254.127.5 - - [05/Jan/2025:04:09:08 +0300] "PATCH /products/ HTTP/1.1" 200 23226 "-" "Safari/604.1 CFNetwork/893.14 Darwin/17.0.0 (x86_64)"
133.81.129.159 - - [05/Jan/2025:04:11:10 +0300] "POST /contact/ HTTP/1.1" 503 25104 "-" "Internet Explorer 7.0; Windows NT 6.0; Trident/5.0"
218.228.44.29 - - [05/Jan/2025:04:12:15 +0300] "PUT /products/ HTTP/1.1" 401 28482 "-" "Internet Explorer 7.0; Windows NT 6.0; Trident/5.0"
64.255.15.33 - - [05/Jan/2025:04:13:12 +0300] "DELETE /about-us/ HTTP/1.1" 502 8620 "-" "Opera/9.80 (X11; Linux i686; Ubuntu/14.10) Presto/2.12.388 Version/12.16"
218.228.44.29 - - [05/Jan/2025:04:13:30 +0300] "POST /services/ HTTP/1.1" 403 22893 "-" "Opera/9.80 (X11; Linux i686; Ubuntu/14.10) Presto/2.12.388 Version/12.16"
147.65.92.12 - - [05/Jan/2025:04:13:39 +0300] "DELETE /services/ HTTP/1.1" 502 10911 "-" "Mozilla/5.0 (Windows NT 10.0; Win64; x64) AppleWebKit/537.36 (KHTML, like Gecko) Chrome/92.0.4515.107 Safari/537.36"
83.96.224.158 - - [05/Jan/2025:04:13:52 +0300] "PUT /index.html HTTP/1.1" 400 8598 "-" "Opera/9.80 (X11; Linux i686; Ubuntu/14.10) Presto/2.12.388 Version/12.16"
133.81.129.159 - - [05/Jan/2025:04:14:27 +0300] "GET /index.html HTTP/1.1" 200 28067 "-" "Opera/9.80 (X11; Linux i686; Ubuntu/14.10) Presto/2.12.388 Version/12.16"
124.29.122.120 - - [05/Jan/2025:04:14:46 +0300] "PATCH /products/ HTTP/1.1" 500 33448 "-" "Mozilla/5.0 (Windows NT 10.0; Win64; x64) AppleWebKit/537.36 (KHTML, like Gecko) Chrome/92.0.4515.107 Safari/537.36"
168.14.215.0 - - [05/Jan/2025:04:15:59 +0300] "GET /about-us/ HTTP/1.1" 403 15282 "-" "Microsoft Edge 44.18362.449.0; Windows 10; ARM64"
180.101.174.150 - - [05/Jan/2025:04:16:12 +0300] "DELETE /products/ HTTP/1.1" 200 13556 "-" "Crawler Bot v1.0 (+https://example.com/bot.html)"
153.52.113.49 - - [05/Jan/2025:04:17:56 +0300] "DELETE /services/ HTTP/1.1" 404 28758 "-" "Microsoft Edge 44.18362.449.0; Windows 10; ARM64"
49.20.36.30 - - [05/Jan/2025:04:18:21 +0300] "DELETE /products/ HTTP/1.1" 403 29669 "-" "Wget/1.19.5 (linux-gnu)"
250.74.3.46 - - [05/Jan/2025:04:18:48 +0300] "GET /index.html HTTP/1.1" 200 28117 "-" "Wget/1.19.5 (linux-gnu)"
49.20.36.30 - - [05/Jan/2025:04:21:22 +0300] "GET /services/ HTTP/1.1" 401 5052 "-" "Internet Explorer 7.0; Windows NT 6.0; Trident/5.0"
83.96.224.158 - - [05/Jan/2025:04:22:01 +0300] "GET /contact/ HTTP/1.1" 501 24655 "-" "Internet Explorer 7.0; Windows NT 6.0; Trident/5.0"
153.52.113.49 - - [05/Jan/2025:04:22:49 +0300] "POST /index.html HTTP/1.1" 502 25157 "-" "Crawler Bot v1.0 (+https://example.com/bot.html)"
133.81.129.159 - - [05/Jan/2025:04:24:23 +0300] "POST /contact/ HTTP/1.1" 403 25846 "-" "Opera/9.80 (X11; Linux i686; Ubuntu/14.10) Presto/2.12.388 Version/12.16"
231.62.123.253 - - [05/Jan/2025:04:26:34 +0300] "DELETE /about-us/ HTTP/1.1" 200 21945 "-" "Safari/604.1 CFNetwork/893.14 Darwin/17.0.0 (x86_64)"
147.65.92.12 - - [05/Jan/2025:04:28:06 +0300] "GET /products/ HTTP/1.1" 403 6718 "-" "Crawler Bot v1.0 (+https://example.com/bot.html)"
124.29.122.120 - - [05/Jan/2025:04:30:33 +0300] "DELETE /about-us/ HTTP/1.1" 500 10526 "-" "Crawler Bot v1.0 (+https://example.com/bot.html)"
147.65.92.12 - - [05/Jan/2025:04:32:36 +0300] "PUT /index.html HTTP/1.1" 503 33192 "-" "Safari/604.1 CFNetwork/893.14 Darwin/17.0.0 (x86_64)"
44.2.222.93 - - [05/Jan/2025:04:32:41 +0300] "POST /index.html HTTP/1.1" 404 10106 "-" "Crawler Bot v1.0 (+https://example.com/bot.html)"
133.81.129.159 - - [05/Jan/2025:04:34:57 +0300] "GET /products/ HTTP/1.1" 501 5427 "-" "Mozilla/5.0 (Windows NT 10.0; Win64; x64) AppleWebKit/537.36 (KHTML, like Gecko) Chrome/92.0.4515.107 Safari/537.36"
142.201.33.58 - - [05/Jan/2025:04:37:33 +0300] "GET /products/ HTTP/1.1" 502 12874 "-" "Opera/9.80 (X11; Linux i686; Ubuntu/14.10) Presto/2.12.388 Version/12.16"
218.228.44.29 - - [05/Jan/2025:04:39:54 +0300] "POST /contact/ HTTP/1.1" 502 25461 "-" "Wget/1.19.5 (linux-gnu)"
114.72.135.61 - - [05/Jan/2025:04:41:59 +0300] "DELETE /products/ HTTP/1.1" 200 22987 "-" "Mozilla/5.0 (Windows NT 10.0; Win64; x64) AppleWebKit/537.36 (KHTML, like Gecko) Chrome/92.0.4515.107 Safari/537.36"
64.255.15.33 - - [05/Jan/2025:04:42:53 +0300] "DELETE /services/ HTTP/1.1" 503 13867 "-" "Wget/1.19.5 (linux-gnu)"
44.2.222.93 - - [05/Jan/2025:04:45:09 +0300] "GET /products/ HTTP/1.1" 502 9324 "-" "Wget/1.19.5 (linux-gnu)"
142.201.33.58 - - [05/Jan/2025:04:46:42 +0300] "DELETE /index.html HTTP/1.1" 200 24997 "-" "Safari/604.1 CFNetwork/893.14 Darwin/17.0.0 (x86_64)"
64.255.15.33 - - [05/Jan/2025:04:46:45 +0300] "DELETE /about-us/ HTTP/1.1" 401 6024 "-" "Safari/604.1 CFNetwork/893.14 Darwin/17.0.0 (x86_64)"
133.81.129.159 - - [05/Jan/2025:04:47:58 +0300] "POST /about-us/ HTTP/1.1" 403 7926 "-" "Microsoft Edge 44.18362.449.0; Windows 10; ARM64"
218.228.44.29 - - [05/Jan/2025:04:49:49 +0300] "DELETE /about-us/ HTTP/1.1" 500 13803 "-" "Safari/604.1 CFNetwork/893.14 Darwin/17.0.0 (x86_64)"
218.228.44.29 - - [05/Jan/2025:04:51:59 +0300] "PUT /products/ HTTP/1.1" 400 20359 "-" "Mozilla/5.0 (Windows NT 10.0; Win64; x64) AppleWebKit/537.36 (KHTML, like Gecko) Chrome/92.0.4515.107 Safari/537.36"
133.81.129.159 - - [05/Jan/2025:04:52:56 +0300] "PATCH /about-us/ HTTP/1.1" 502 3697 "-" "Internet Explorer 7.0; Windows NT 6.0; Trident/5.0"
231.62.123.253 - - [05/Jan/2025:04:52:57 +0300] "DELETE /contact/ HTTP/1.1" 201 5187 "-" "Microsoft Edge 44.18362.449.0; Windows 10; ARM64"
149.90.30.222 - - [05/Jan/2025:04:53:03 +0300] "DELETE /index.html HTTP/1.1" 501 11867 "-" "Mozilla/5.0 (Windows NT 10.0; Win64; x64) AppleWebKit/537.36 (KHTML, like Gecko) Chrome/92.0.4515.107 Safari/537.36"
153.52.113.49 - - [05/Jan/2025:04:53:38 +0300] "DELETE /services/ HTTP/1.1" 201 7500 "-" "Microsoft Edge 44.18362.449.0; Windows 10; ARM64"
142.201.33.58 - - [05/Jan/2025:04:55:17 +0300] "PATCH /contact/ HTTP/1.1" 500 2971 "-" "Wget/1.19.5 (linux-gnu)"
20.182.249.13 - - [05/Jan/2025:04:55:42 +0300] "PATCH /index.html HTTP/1.1" 200 9948 "-" "Safari/604.1 CFNetwork/893.14 Darwin/17.0.0 (x86_64)"
229.206.221.69 - - [05/Jan/2025:04:57:16 +0300] "PUT /index.html HTTP/1.1" 200 26309 "-" "Mozilla/5.0 (Windows NT 10.0; Win64; x64) AppleWebKit/537.36 (KHTML, like Gecko) Chrome/92.0.4515.107 Safari/537.36"
133.81.129.159 - - [05/Jan/2025:04:58:10 +0300] "PATCH /products/ HTTP/1.1" 401 9062 "-" "Opera/9.80 (X11; Linux i686; Ubuntu/14.10) Presto/2.12.388 Version/12.16"
133.81.129.159 - - [05/Jan/2025:05:00:14 +0300] "GET /services/ HTTP/1.1" 500 27998 "-" "Internet Explorer 7.0; Windows NT 6.0; Trident/5.0"
133.81.129.159 - - [05/Jan/2025:05:02:26 +0300] "PATCH /about-us/ HTTP/1.1" 400 23254 "-" "Mozilla/5.0 (Windows NT 10.0; Win64; x64) AppleWebKit/537.36 (KHTML, like Gecko) Chrome/92.0.4515.107 Safari/537.36"
20.182.249.13 - - [05/Jan/2025:05:03:23 +0300] "POST /services/ HTTP/1.1" 500 23206 "-" "Internet Explorer 7.0; Windows NT 6.0; Trident/5.0"
172.55.147.133 - - [05/Jan/2025:05:05:06 +0300] "POST /services/ HTTP/1.1" 201 17611 "-" "Safari/604.1 CFNetwork/893.14 Darwin/17.0.0 (x86_64)"
133.81.129.159 - - [05/Jan/2025:05:06:30 +0300] "DELETE /contact/ HTTP/1.1" 200 16124 "-" "Opera/9.80 (X11; Linux i686; Ubuntu/14.10) Presto/2.12.388 Version/12.16"
229.206.221.69 - - [05/Jan/2025:05:07:06 +0300] "DELETE /services/ HTTP/1.1" 400 23066 "-" "Internet Explorer 7.0; Windows NT 6.0; Trident/5.0"
229.206.221.69 - - [05/Jan/2025:05:09:43 +0300] "POST /contact/ HTTP/1.1" 200 16142 "-" "Mozilla/5.0 (Windows NT 10.0; Win64; x64) AppleWebKit/537.36 (KHTML, like Gecko) Chrome/92.0.4515.107 Safari/537.36"
36.254.127.5 - - [05/Jan/2025:05:10:04 +0300] "GET /services/ HTTP/1.1" 503 20730 "-" "Opera/9.80 (X11; Linux i686; Ubuntu/14.10) Presto/2.12.388 Version/12.16"
147.65.92.12 - - [05/Jan/2025:05:10:45 +0300] "PUT /products/ HTTP/1.1" 502 29140 "-" "Crawler Bot v1.0 (+https://example.com/bot.html)"
214.61.138.41 - - [05/Jan/2025:05:12:46 +0300] "DELETE /about-us/ HTTP/1.1" 501 6060 "-" "Crawler Bot v1.0 (+https://example.com/bot.html)"
231.62.123.253 - - [05/Jan/2025:05:14:46 +0300] "PUT /index.html HTTP/1.1" 400 24712 "-" "Opera/9.80 (X11; Linux i686; Ubuntu/14.10) Presto/2.12.388 Version/12.16"
147.65.92.12 - - [05/Jan/2025:05:16:37 +0300] "DELETE /products/ HTTP/1.1" 401 26455 "-" "Mozilla/5.0 (Windows NT 10.0; Win64; x64) AppleWebKit/537.36 (KHTML, like Gecko) Chrome/92.0.4515.107 Safari/537.36"
149.90.30.222 - - [05/Jan/2025:05:18:46 +0300] "PUT /index.html HTTP/1.1" 500 13892 "-" "Crawler Bot v1.0 (+https://example.com/bot.html)"
172.55.147.133 - - [05/Jan/2025:05:20:58 +0300] "PATCH /contact/ HTTP/1.1" 200 23830 "-" "Opera/9.80 (X11; Linux i686; Ubuntu/14.10) Presto/2.12.388 Version/12.16"
229.206.221.69 - - [05/Jan/2025:05:21:10 +0300] "PATCH /services/ HTTP/1.1" 403 33595 "-" "Microsoft Edge 44.18362.449.0; Windows 10; ARM64"
153.52.113.49 - - [05/Jan/2025:05:23:16 +0300] "GET /index.html HTTP/1.1" 501 9812 "-" "Mozilla/5.0 (Windows NT 10.0; Win64; x64) AppleWebKit/537.36 (KHTML, like Gecko) Chrome/92.0.4515.107 Safari/537.36"
36.254.127.5 - - [05/Jan/2025:05:24:30 +0300] "PUT /about-us/ HTTP/1.1" 401 14823 "-" "Internet Explorer 7.0; Windows NT 6.0; Trident/5.0"
53.144.239.176 - - [05/Jan/2025:05:26:23 +0300] "PUT /products/ HTTP/1.1" 404 6991 "-" "Wget/1.19.5 (linux-gnu)"
28.42.76.86 - - [05/Jan/2025:05:27:35 +0300] "POST /services/ HTTP/1.1" 200 30063 "-" "Internet Explorer 7.0; Windows NT 6.0; Trident/5.0"
172.55.147.133 - - [05/Jan/2025:05:28:41 +0300] "DELETE /products/ HTTP/1.1" 200 21966 "-" "Safari/604.1 CFNetwork/893.14 Darwin/17.0.0 (x86_64)"
214.61.138.41 - - [05/Jan/2025:05:29:06 +0300] "DELETE /products/ HTTP/1.1" 200 10123 "-" "Crawler Bot v1.0 (+https://example.com/bot.html)"
153.52.113.49 - - [05/Jan/2025:05:31:35 +0300] "GET /index.html HTTP/1.1" 500 2368 "-" "Crawler Bot v1.0 (+https://example.com/bot.html)"
149.90.30.222 - - [05/Jan/2025:05:32:07 +0300] "PUT /about-us/ HTTP/1.1" 501 33352 "-" "Crawler Bot v1.0 (+https://example.com/bot.html)"
83.96.224.158 - - [05/Jan/2025:05:34:25 +0300] "GET /about-us/ HTTP/1.1" 403 1973 "-" "Mozilla/5.0 (Windows NT 10.0; Win64; x64) AppleWebKit/537.36 (KHTML, like Gecko) Chrome/92.0.4515.107 Safari/537.36"
20.182.249.13 - - [05/Jan/2025:05:36:07 +0300] "PUT /contact/ HTTP/1.1" 401 17292 "-" "Crawler Bot v1.0 (+https://example.com/bot.html)"
231.62.123.253 - - [05/Jan/2025:05:36:08 +0300] "POST /index.html HTTP/1.1" 201 14962 "-" "Microsoft Edge 44.18362.449.0; Windows 10; ARM64"
133.81.129.159 - - [05/Jan/2025:05:37:27 +0300] "PUT /index.html HTTP/1.1" 201 7375 "-" "Opera/9.80 (X11; Linux i686; Ubuntu/14.10) Presto/2.12.388 Version/12.16"
28.42.76.86 - - [05/Jan/2025:05:38:29 +0300] "PATCH /index.html HTTP/1.1" 201 15365 "-" "Wget/1.19.5 (linux-gnu)"
28.42.76.86 - - [05/Jan/2025:05:40:02 +0300] "DELETE /products/ HTTP/1.1" 500 6336 "-" "Mozilla/5.0 (Windows NT 10.0; Win64; x64) AppleWebKit/537.36 (KHTML, like Gecko) Chrome/92.0.4515.107 Safari/537.36"
133.81.129.159 - - [05/Jan/2025:05:42:27 +0300] "POST /services/ HTTP/1.1" 404 28878 "-" "Internet Explorer 7.0; Windows NT 6.0; Trident/5.0"
168.14.215.0 - - [05/Jan/2025:05:42:36 +0300] "PUT /contact/ HTTP/1.1" 404 19237 "-" "Internet Explorer 7.0; Windows NT 6.0; Trident/5.0"
231.62.123.253 - - [05/Jan/2025:05:44:03 +0300] "DELETE /index.html HTTP/1.1" 502 30493 "-" "Mozilla/5.0 (Windows NT 10.0; Win64; x64) AppleWebKit/537.36 (KHTML, like Gecko) Chrome/92.0.4515.107 Safari/537.36"
114.72.135.61 - - [05/Jan/2025:05:45:52 +0300] "DELETE /index.html HTTP/1.1" 501 33364 "-" "Safari/604.1 CFNetwork/893.14 Darwin/17.0.0 (x86_64)"
49.20.36.30 - - [05/Jan/2025:05:47:13 +0300] "PUT /services/ HTTP/1.1" 503 3618 "-" "Safari/604.1 CFNetwork/893.14 Darwin/17.0.0 (x86_64)"
229.206.221.69 - - [05/Jan/2025:05:49:13 +0300] "DELETE /services/ HTTP/1.1" 501 20622 "-" "Wget/1.19.5 (linux-gnu)"
231.62.123.253 - - [05/Jan/2025:05:50:08 +0300] "PATCH /index.html HTTP/1.1" 201 14414 "-" "Microsoft Edge 44.18362.449.0; Windows 10; ARM64"
147.65.92.12 - - [05/Jan/2025:05:51:45 +0300] "DELETE /services/ HTTP/1.1" 503 15431 "-" "Internet Explorer 7.0; Windows NT 6.0; Trident/5.0"
180.101.174.150 - - [05/Jan/2025:05:52:29 +0300] "PATCH /about-us/ HTTP/1.1" 502 29567 "-" "Crawler Bot v1.0 (+https://example.com/bot.html)"
44.2.222.93 - - [05/Jan/2025:05:53:17 +0300] "DELETE /index.html HTTP/1.1" 201 10475 "-" "Crawler Bot v1.0 (+https://example.com/bot.html)"
28.186.70.250 - - [05/Jan/2025:05:53:51 +0300] "PATCH /contact/ HTTP/1.1" 503 22827 "-" "Wget/1.19.5 (linux-gnu)"
149.90.30.222 - - [05/Jan/2025:05:54:14 +0300] "PUT /about-us/ HTTP/1.1" 500 26185 "-" "Crawler Bot v1.0 (+https://example.com/bot.html)"
124.29.122.120 - - [05/Jan/2025:05:56:28 +0300] "POST /about-us/ HTTP/1.1" 404 32442 "-" "Internet Explorer 7.0; Windows NT 6.0; Trident/5.0"
28.186.70.250 - - [05/Jan/2025:05:58:15 +0300] "POST /products/ HTTP/1.1" 503 22557 "-" "Safari/604.1 CFNetwork/893.14 Darwin/17.0.0 (x86_64)"
20.182.249.13 - - [05/Jan/2025:06:00:13 +0300] "GET /contact/ HTTP/1.1" 401 29365 "-" "Safari/604.1 CFNetwork/893.14 Darwin/17.0.0 (x86_64)"
28.186.70.250 - - [05/Jan/2025:06:01:53 +0300] "PATCH /services/ HTTP/1.1" 200 12925 "-" "Mozilla/5.0 (Windows NT 10.0; Win64; x64) AppleWebKit/537.36 (KHTML, like Gecko) Chrome/92.0.4515.107 Safari/537.36"
229.206.221.69 - - [05/Jan/2025:06:02:46 +0300] "PATCH /services/ HTTP/1.1" 502 23622 "-" "Internet Explorer 7.0; Windows NT 6.0; Trident/5.0"
44.2.222.93 - - [05/Jan/2025:06:03:28 +0300] "PUT /contact/ HTTP/1.1" 201 21467 "-" "Mozilla/5.0 (Windows NT 10.0; Win64; x64) AppleWebKit/537.36 (KHTML, like Gecko) Chrome/92.0.4515.107 Safari/537.36"
180.101.174.150 - - [05/Jan/2025:06:05:31 +0300] "GET /products/ HTTP/1.1" 404 4295 "-" "Crawler Bot v1.0 (+https://example.com/bot.html)"
28.186.70.250 - - [05/Jan/2025:06:06:12 +0300] "PUT /contact/ HTTP/1.1" 404 8776 "-" "Opera/9.80 (X11; Linux i686; Ubuntu/14.10) Presto/2.12.388 Version/12.16"
214.61.138.41 - - [05/Jan/2025:06:08:26 +0300] "DELETE /index.html HTTP/1.1" 200 18802 "-" "Internet Explorer 7.0; Windows NT 6.0; Trident/5.0"
36.254.127.5 - - [05/Jan/2025:06:10:11 +0300] "GET /services/ HTTP/1.1" 401 22443 "-" "Mozilla/5.0 (Windows NT 10.0; Win64; x64) AppleWebKit/537.36 (KHTML, like Gecko) Chrome/92.0.4515.107 Safari/537.36"
114.72.135.61 - - [05/Jan/2025:06:12:32 +0300] "DELETE /services/ HTTP/1.1" 404 2165 "-" "Crawler Bot v1.0 (+https://example.com/bot.html)"
180.101.174.150 - - [05/Jan/2025:06:13:51 +0300] "GET /products/ HTTP/1.1" 404 2088 "-" "Internet Explorer 7.0; Windows NT 6.0; Trident/5.0"
149.90.30.222 - - [05/Jan/2025:06:16:17 +0300] "PUT /index.html HTTP/1.1" 200 33011 "-" "Microsoft Edge 44.18362.449.0; Windows 10; ARM64"
218.228.44.29 - - [05/Jan/2025:06:18:30 +0300] "DELETE /contact/ HTTP/1.1" 500 30306 "-" "Crawler Bot v1.0 (+https://example.com/bot.html)"
49.20.36.30 - - [05/Jan/2025:06:18:56 +0300] "PATCH /contact/ HTTP/1.1" 401 29580 "-" "Internet Explorer 7.0; Windows NT 6.0; Trident/5.0"
28.186.70.250 - - [05/Jan/2025:06:20:20 +0300] "PUT /products/ HTTP/1.1" 404 17568 "-" "Crawler Bot v1.0 (+https://example.com/bot.html)"
44.2.222.93 - - [05/Jan/2025:06:21:35 +0300] "DELETE /index.html HTTP/1.1" 401 19267 "-" "Mozilla/5.0 (Windows NT 10.0; Win64; x64) AppleWebKit/537.36 (KHTML, like Gecko) Chrome/92.0.4515.107 Safari/537.36"
28.186.70.250 - - [05/Jan/2025:06:23:40 +0300] "GET /products/ HTTP/1.1" 503 33006 "-" "Crawler Bot v1.0 (+https://example.com/bot.html)"
114.72.135.61 - - [05/Jan/2025:06:23:46 +0300] "PATCH /index.html HTTP/1.1" 501 23470 "-" "Safari/604.1 CFNetwork/893.14 Darwin/17.0.0 (x86_64)"
231.62.123.253 - - [05/Jan/2025:06:25:07 +0300] "GET /index.html HTTP/1.1" 502 32636 "-" "Crawler Bot v1.0 (+https://example.com/bot.html)"
124.29.122.120 - - [05/Jan/2025:06:25:35 +0300] "POST /products/ HTTP/1.1" 502 16734 "-" "Mozilla/5.0 (Windows NT 10.0; Win64; x64) AppleWebKit/537.36 (KHTML, like Gecko) Chrome/92.0.4515.107 Safari/537.36"
28.42.76.86 - - [05/Jan/2025:06:25:59 +0300] "POST /index.html HTTP/1.1" 401 28959 "-" "Safari/604.1 CFNetwork/893.14 Darwin/17.0.0 (x86_64)"
28.186.70.250 - - [05/Jan/2025:06:26:23 +0300] "PUT /about-us/ HTTP/1.1" 502 9507 "-" "Wget/1.19.5 (linux-gnu)"
83.96.224.158 - - [05/Jan/2025:06:27:14 +0300] "GET /services/ HTTP/1.1" 500 33244 "-" "Wget/1.19.5 (linux-gnu)"
44.2.222.93 - - [05/Jan/2025:06:27:19 +0300] "PUT /services/ HTTP/1.1" 404 6282 "-" "Safari/604.1 CFNetwork/893.14 Darwin/17.0.0 (x86_64)"
147.65.92.12 - - [05/Jan/2025:06:29:55 +0300] "PUT /services/ HTTP/1.1" 404 16238 "-" "Internet Explorer 7.0; Windows NT 6.0; Trident/5.0"
124.29.122.120 - - [05/Jan/2025:06:32:26 +0300] "PUT /services/ HTTP/1.1" 200 12887 "-" "Mozilla/5.0 (Windows NT 10.0; Win64; x64) AppleWebKit/537.36 (KHTML, like Gecko) Chrome/92.0.4515.107 Safari/537.36"
53.144.239.176 - - [05/Jan/2025:06:34:23 +0300] "POST /products/ HTTP/1.1" 400 3746 "-" "Internet Explorer 7.0; Windows NT 6.0; Trident/5.0"
28.42.76.86 - - [05/Jan/2025:06:35:21 +0300] "GET /products/ HTTP/1.1" 400 31165 "-" "Safari/604.1 CFNetwork/893.14 Darwin/17.0.0 (x86_64)"
114.72.135.61 - - [05/Jan/2025:06:37:05 +0300] "DELETE /about-us/ HTTP/1.1" 404 1239 "-" "Mozilla/5.0 (Windows NT 10.0; Win64; x64) AppleWebKit/537.36 (KHTML, like Gecko) Chrome/92.0.4515.107 Safari/537.36"
133.81.129.159 - - [05/Jan/2025:06:39:07 +0300] "PUT /about-us/ HTTP/1.1" 502 5521 "-" "Safari/604.1 CFNetwork/893.14 Darwin/17.0.0 (x86_64)"
147.65.92.12 - - [05/Jan/2025:06:40:27 +0300] "PUT /services/ HTTP/1.1" 502 8765 "-" "Safari/604.1 CFNetwork/893.14 Darwin/17.0.0 (x86_64)"
133.81.129.159 - - [05/Jan/2025:06:41:37 +0300] "GET /services/ HTTP/1.1" 502 31401 "-" "Microsoft Edge 44.18362.449.0; Windows 10; ARM64"
218.228.44.29 - - [05/Jan/2025:06:41:51 +0300] "PATCH /services/ HTTP/1.1" 502 9196 "-" "Crawler Bot v1.0 (+https://example.com/bot.html)"
124.29.122.120 - - [05/Jan/2025:06:42:24 +0300] "PUT /services/ HTTP/1.1" 403 28836 "-" "Internet Explorer 7.0; Windows NT 6.0; Trident/5.0"
28.42.76.86 - - [05/Jan/2025:06:43:53 +0300] "GET /contact/ HTTP/1.1" 401 8969 "-" "Opera/9.80 (X11; Linux i686; Ubuntu/14.10) Presto/2.12.388 Version/12.16"
64.255.15.33 - - [05/Jan/2025:06:46:11 +0300] "PUT /products/ HTTP/1.1" 404 14806 "-" "Wget/1.19.5 (linux-gnu)"
153.52.113.49 - - [05/Jan/2025:06:46:43 +0300] "GET /index.html HTTP/1.1" 400 31346 "-" "Crawler Bot v1.0 (+https://example.com/bot.html)"
124.29.122.120 - - [05/Jan/2025:06:47:36 +0300] "GET /contact/ HTTP/1.1" 502 14261 "-" "Wget/1.19.5 (linux-gnu)"
114.72.135.61 - - [05/Jan/2025:06:49:13 +0300] "PATCH /products/ HTTP/1.1" 403 2362 "-" "Wget/1.19.5 (linux-gnu)"
147.65.92.12 - - [05/Jan/2025:06:50:22 +0300] "DELETE /services/ HTTP/1.1" 404 26416 "-" "Crawler Bot v1.0 (+https://example.com/bot.html)"
229.206.221.69 - - [05/Jan/2025:06:52:04 +0300] "PUT /about-us/ HTTP/1.1" 401 30335 "-" "Crawler Bot v1.0 (+https://example.com/bot.html)"
64.255.15.33 - - [05/Jan/2025:06:53:17 +0300] "PATCH /about-us/ HTTP/1.1" 200 18422 "-" "Crawler Bot v1.0 (+https://example.com/bot.html)"
214.61.138.41 - - [05/Jan/2025:06:53:26 +0300] "DELETE /services/ HTTP/1.1" 501 28030 "-" "Wget/1.19.5 (linux-gnu)"
218.228.44.29 - - [05/Jan/2025:06:53:58 +0300] "PATCH /products/ HTTP/1.1" 200 26253 "-" "Crawler Bot v1.0 (+https://example.com/bot.html)"
83.96.224.158 - - [05/Jan/2025:06:55:10 +0300] "POST /index.html HTTP/1.1" 503 21810 "-" "Microsoft Edge 44.18362.449.0; Windows 10; ARM64"
114.72.135.61 - - [05/Jan/2025:06:57:05 +0300] "PUT /services/ HTTP/1.1" 501 28170 "-" "Microsoft Edge 44.18362.449.0; Windows 10; ARM64"
172.55.147.133 - - [05/Jan/2025:06:57:19 +0300] "GET /about-us/ HTTP/1.1" 404 18318 "-" "Internet Explorer 7.0; Windows NT 6.0; Trident/5.0"
149.90.30.222 - - [05/Jan/2025:06:59:55 +0300] "GET /contact/ HTTP/1.1" 500 4122 "-" "Opera/9.80 (X11; Linux i686; Ubuntu/14.10) Presto/2.12.388 Version/12.16"
28.186.70.250 - - [05/Jan/2025:07:01:06 +0300] "PUT /products/ HTTP/1.1" 403 18992 "-" "Crawler Bot v1.0 (+https://example.com/bot.html)"
218.228.44.29 - - [05/Jan/2025:07:02:17 +0300] "PUT /index.html HTTP/1.1" 400 19127 "-" "Microsoft Edge 44.18362.449.0; Windows 10; ARM64"
231.62.123.253 - - [05/Jan/2025:07:02:53 +0300] "DELETE /about-us/ HTTP/1.1" 501 18475 "-" "Internet Explorer 7.0; Windows NT 6.0; Trident/5.0"
168.14.215.0 - - [05/Jan/2025:07:05:21 +0300] "PUT /contact/ HTTP/1.1" 200 4583 "-" "Opera/9.80 (X11; Linux i686; Ubuntu/14.10) Presto/2.12.388 Version/12.16"
180.101.174.150 - - [05/Jan/2025:07:06:59 +0300] "PUT /services/ HTTP/1.1" 502 24818 "-" "Microsoft Edge 44.18362.449.0; Windows 10; ARM64"
218.228.44.29 - - [05/Jan/2025:07:08:27 +0300] "PUT /services/ HTTP/1.1" 501 33742 "-" "Safari/604.1 CFNetwork/893.14 Darwin/17.0.0 (x86_64)"
124.29.122.120 - - [05/Jan/2025:07:09:29 +0300] "POST /contact/ HTTP/1.1" 501 8565 "-" "Mozilla/5.0 (Windows NT 10.0; Win64; x64) AppleWebKit/537.36 (KHTML, like Gecko) Chrome/92.0.4515.107 Safari/537.36"
64.255.15.33 - - [05/Jan/2025:07:12:06 +0300] "DELETE /services/ HTTP/1.1" 503 12730 "-" "Mozilla/5.0 (Windows NT 10.0; Win64; x64) AppleWebKit/537.36 (KHTML, like Gecko) Chrome/92.0.4515.107 Safari/537.36"
218.228.44.29 - - [05/Jan/2025:07:12:21 +0300] "PATCH /products/ HTTP/1.1" 503 30823 "-" "Opera/9.80 (X11; Linux i686; Ubuntu/14.10) Presto/2.12.388 Version/12.16"
36.254.127.5 - - [05/Jan/2025:07:14:53 +0300] "POST /products/ HTTP/1.1" 404 26761 "-" "Crawler Bot v1.0 (+https://example.com/bot.html)"
172.55.147.133 - - [05/Jan/2025:07:15:44 +0300] "PUT /about-us/ HTTP/1.1" 403 25481 "-" "Safari/604.1 CFNetwork/893.14 Darwin/17.0.0 (x86_64)"
172.55.147.133 - - [05/Jan/2025:07:17:03 +0300] "PUT /about-us/ HTTP/1.1" 200 9822 "-" "Microsoft Edge 44.18362.449.0; Windows 10; ARM64"
133.81.129.159 - - [05/Jan/2025:07:19:21 +0300] "DELETE /contact/ HTTP/1.1" 403 13429 "-" "Wget/1.19.5 (linux-gnu)"
20.182.249.13 - - [05/Jan/2025:07:20:34 +0300] "DELETE /about-us/ HTTP/1.1" 201 15831 "-" "Safari/604.1 CFNetwork/893.14 Darwin/17.0.0 (x86_64)"
20.182.249.13 - - [05/Jan/2025:07:21:40 +0300] "PUT /about-us/ HTTP/1.1" 404 23373 "-" "Opera/9.80 (X11; Linux i686; Ubuntu/14.10) Presto/2.12.388 Version/12.16"
36.254.127.5 - - [05/Jan/2025:07:22:56 +0300] "POST /index.html HTTP/1.1" 501 24946 "-" "Microsoft Edge 44.18362.449.0; Windows 10; ARM64"
36.254.127.5 - - [05/Jan/2025:07:24:20 +0300] "DELETE /products/ HTTP/1.1" 400 6065 "-" "Internet Explorer 7.0; Windows NT 6.0; Trident/5.0"
