114.72.135.61 - - [04/Jan/2025:04:33:43 +0300] "DELETE /about-us/ HTTP/1.1" 501 1105 "-" "Safari/604.1 CFNetwork/893.14 Darwin/17.0.0 (x86_64)"
214.61.138.41 - - [04/Jan/2025:04:35:04 +0300] "PATCH /index.html HTTP/1.1" 200 11280 "-" "Opera/9.80 (X11; Linux i686; Ubuntu/14.10) Presto/2.12.388 Version/12.16"
124.29.122.120 - - [04/Jan/2025:04:35:20 +0300] "POST /services/ HTTP/1.1" 200 9316 "-" "Crawler Bot v1.0 (+https://example.com/bot.html)"
147.65.92.12 - - [04/Jan/2025:04:36:27 +0300] "POST /products/ HTTP/1.1" 404 32481 "-" "Wget/1.19.5 (linux-gnu)"
250.74.3.46 - - [04/Jan/2025:04:37:16 +0300] "POST /about-us/ HTTP/1.1" 201 7238 "-" "Safari/604.1 CFNetwork/893.14 Darwin/17.0.0 (x86_64)"
218.228.44.29 - - [04/Jan/2025:04:38:35 +0300] "PATCH /about-us/ HTTP/1.1" 401 4762 "-" "Internet Explorer 7.0; Windows NT 6.0; Trident/5.0"
53.144.239.176 - - [04/Jan/2025:04:38:53 +0300] "DELETE /contact/ HTTP/1.1" 401 1325 "-" "Safari/604.1 CFNetwork/893.14 Darwin/17.0.0 (x86_64)"
49.20.36.30 - - [04/Jan/2025:04:39:31 +0300] "PUT /products/ HTTP/1.1" 500 23920 "-" "Crawler Bot v1.0 (+https://example.com/bot.html)"
83.96.224.158 - - [04/Jan/2025:04:40:01 +0300] "GET /index.html HTTP/1.1" 502 4898 "-" "Wget/1.19.5 (linux-gnu)"
250.74.3.46 - - [04/Jan/2025:04:40:37 +0300] "DELETE /about-us/ HTTP/1.1" 502 14776 "-" "Internet Explorer 7.0; Windows NT 6.0; Trident/5.0"
168.14.215.0 - - [04/Jan/2025:04:41:44 +0300] "PUT /index.html HTTP/1.1" 503 21611 "-" "Mozilla/5.0 (Windows NT 10.0; Win64; x64) AppleWebKit/537.36 (KHTML, like Gecko) Chrome/92.0.4515.107 Safari/537.36"
28.42.76.86 - - [04/Jan/2025:04:42:32 +0300] "PATCH /about-us/ HTTP/1.1" 201 10961 "-" "Opera/9.80 (X11; Linux i686; Ubuntu/14.10) Presto/2.12.388 Version/12.16"
229.206.221.69 - - [04/Jan/2025:04:44:06 +0300] "GET /index.html HTTP/1.1" 401 22026 "-" "Crawler Bot v1.0 (+https://example.com/bot.html)"
229.206.221.69 - - [04/Jan/2025:04:45:13 +0300] "PATCH /services/ HTTP/1.1" 400 15664 "-" "Opera/9.80 (X11; Linux i686; Ubuntu/14.10) Presto/2.12.388 Version/12.16"
133.81.129.159 - - [04/Jan/2025:04:45:26 +0300] "DELETE /index.html HTTP/1.1" 503 10147 "-" "Mozilla/5.0 (Windows NT 10.0; Win64; x64) AppleWebKit/537.36 (KHTML, like Gecko) Chrome/92.0.4515.107 Safari/537.36"
231.62.123.253 - - [04/Jan/2025:04:46:47 +0300] "PATCH /products/ HTTP/1.1" 502 24650 "-" "Mozilla/5.0 (Windows NT 10.0; Win64; x64) AppleWebKit/537.36 (KHTML, like Gecko) Chrome/92.0.4515.107 Safari/537.36"
147.65.92.12 - - [04/Jan/2025:04:46:48 +0300] "GET /services/ HTTP/1.1" 500 26388 "-" "Microsoft Edge 44.18362.449.0; Windows 10; ARM64"
53.144.239.176 - - [04/Jan/2025:04:46:54 +0300] "PATCH /contact/ HTTP/1.1" 403 19644 "-" "Internet Explorer 7.0; Windows NT 6.0; Trident/5.0"
172.55.147.133 - - [04/Jan/2025:04:47:02 +0300] "GET /about-us/ HTTP/1.1" 503 27502 "-" "Internet Explorer 7.0; Windows NT 6.0; Trident/5.0"
214.61.138.41 - - [04/Jan/2025:04:48:03 +0300] "GET /contact/ HTTP/1.1" 200 10100 "-" "Wget/1.19.5 (linux-gnu)"
124.29.122.120 - - [04/Jan/2025:04:49:16 +0300] "PUT /products/ HTTP/1.1" 404 22895 "-" "Internet Explorer 7.0; Windows NT 6.0; Trident/5.0"
20.182.249.13 - - [04/Jan/2025:04:50:29 +0300] "PATCH /contact/ HTTP/1.1" 500 6675 "-" "Microsoft Edge 44.18362.449.0; Windows 10; ARM64"
28.186.70.250 - - [04/Jan/2025:04:50:47 +0300] "DELETE /services/ HTTP/1.1" 401 26613 "-" "Mozilla/5.0 (Windows NT 10.0; Win64; x64) AppleWebKit/537.36 (KHTML, like Gecko) Chrome/92.0.4515.107 Safari/537.36"
114.72.135.61 - - [04/Jan/2025:04:51:35 +0300] "PUT /products/ HTTP/1.1" 400 20437 "-" "Internet Explorer 7.0; Windows NT 6.0; Trident/5.0"
53.144.239.176 - - [04/Jan/2025:04:51:59 +0300] "POST /services/ HTTP/1.1" 201 29316 "-" "Wget/1.19.5 (linux-gnu)"
147.65.92.12 - - [04/Jan/2025:04:53:10 +0300] "GET /about-us/ HTTP/1.1" 500 17903 "-" "Opera/9.80 (X11; Linux i686; Ubuntu/14.10) Presto/2.12.388 Version/12.16"
83.96.224.158 - - [04/Jan/2025:04:54:37 +0300] "GET /index.html HTTP/1.1" 201 24631 "-" "Mozilla/5.0 (Windows NT 10.0; Win64; x64) AppleWebKit/537.36 (KHTML, like Gecko) Chrome/92.0.4515.107 Safari/537.36"
114.72.135.61 - - [04/Jan/2025:04:56:05 +0300] "PATCH /products/ HTTP/1.1" 403 33469 "-" "Microsoft Edge 44.18362.449.0; Windows 10; ARM64"
172.55.147.133 - - [04/Jan/2025:04:57:01 +0300] "PUT /products/ HTTP/1.1" 501 19809 "-" "Internet Explorer 7.0; Windows NT 6.0; Trident/5.0"
142.201.33.58 - - [04/Jan/2025:04:57:02 +0300] "POST /services/ HTTP/1.1" 503 14945 "-" "Wget/1.19.5 (linux-gnu)"
124.29.122.120 - - [04/Jan/2025:04:57:28 +0300] "DELETE /services/ HTTP/1.1" 501 7407 "-" "Safari/604.1 CFNetwork/893.14 Darwin/17.0.0 (x86_64)"
83.96.224.158 - - [04/Jan/2025:04:58:04 +0300] "POST /index.html HTTP/1.1" 500 9301 "-" "Opera/9.80 (X11; Linux i686; Ubuntu/14.10) Presto/2.12.388 Version/12.16"
124.29.122.120 - - [04/Jan/2025:04:59:30 +0300] "GET /about-us/ HTTP/1.1" 503 29317 "-" "Microsoft Edge 44.18362.449.0; Windows 10; ARM64"
28.42.76.86 - - [04/Jan/2025:05:00:00 +0300] "PUT /contact/ HTTP/1.1" 501 25779 "-" "Crawler Bot v1.0 (+https://example.com/bot.html)"
149.90.30.222 - - [04/Jan/2025:05:00:30 +0300] "PUT /index.html HTTP/1.1" 400 18772 "-" "Wget/1.19.5 (linux-gnu)"
168.14.215.0 - - [04/Jan/2025:05:01:39 +0300] "DELETE /index.html HTTP/1.1" 503 18010 "-" "Wget/1.19.5 (linux-gnu)"
231.62.123.253 - - [04/Jan/2025:05:01:50 +0300] "PUT /contact/ HTTP/1.1" 500 19647 "-" "Crawler Bot v1.0 (+https://example.com/bot.html)"
231.62.123.253 - - [04/Jan/2025:05:03:26 +0300] "DELETE /contact/ HTTP/1.1" 502 15567 "-" "Opera/9.80 (X11; Linux i686; Ubuntu/14.10) Presto/2.12.388 Version/12.16"
64.255.15.33 - - [04/Jan/2025:05:04:01 +0300] "DELETE /products/ HTTP/1.1" 400 27647 "-" "Crawler Bot v1.0 (+https://example.com/bot.html)"
172.55.147.133 - - [04/Jan/2025:05:04:39 +0300] "POST /index.html HTTP/1.1" 200 30434 "-" "Internet Explorer 7.0; Windows NT 6.0; Trident/5.0"
168.14.215.0 - - [04/Jan/2025:05:05:19 +0300] "POST /index.html HTTP/1.1" 500 12347 "-" "Crawler Bot v1.0 (+https://example.com/bot.html)"
124.29.122.120 - - [04/Jan/2025:05:05:20 +0300] "POST /index.html HTTP/1.1" 404 15720 "-" "Mozilla/5.0 (Windows NT 10.0; Win64; x64) AppleWebKit/537.36 (KHTML, like Gecko) Chrome/92.0.4515.107 Safari/537.36"
124.29.122.120 - - [04/Jan/2025:05:05:49 +0300] "PUT /about-us/ HTTP/1.1" 502 4051 "-" "Crawler Bot v1.0 (+https://example.com/bot.html)"
250.74.3.46 - - [04/Jan/2025:05:06:35 +0300] "PATCH /products/ HTTP/1.1" 500 9586 "-" "Mozilla/5.0 (Windows NT 10.0; Win64; x64) AppleWebKit/537.36 (KHTML, like Gecko) Chrome/92.0.4515.107 Safari/537.36"
231.62.123.253 - - [04/Jan/2025:05:07:08 +0300] "GET /products/ HTTP/1.1" 501 3431 "-" "Mozilla/5.0 (Windows NT 10.0; Win64; x64) AppleWebKit/537.36 (KHTML, like Gecko) Chrome/92.0.4515.107 Safari/537.36"
180.101.174.150 - - [04/Jan/2025:05:08:14 +0300] "GET /services/ HTTP/1.1" 502 26025 "-" "Safari/604.1 CFNetwork/893.14 Darwin/17.0.0 (x86_64)"
218.228.44.29 - - [04/Jan/2025:05:08:42 +0300] "PATCH /about-us/ HTTP/1.1" 403 9375 "-" "Microsoft Edge 44.18362.449.0; Windows 10; ARM64"
229.206.221.69 - - [04/Jan/2025:05:08:51 +0300] "PATCH /services/ HTTP/1.1" 500 28203 "-" "Crawler Bot v1.0 (+https://example.com/bot.html)"
28.42.76.86 - - [04/Jan/2025:05:09:39 +0300] "PATCH /index.html HTTP/1.1" 401 16697 "-" "Mozilla/5.0 (Windows NT 10.0; Win64; x64) AppleWebKit/537.36 (KHTML, like Gecko) Chrome/92.0.4515.107 Safari/537.36"
64.255.15.33 - - [04/Jan/2025:05:10:07 +0300] "PATCH /products/ HTTP/1.1" 501 13748 "-" "Crawler Bot v1.0 (+https://example.com/bot.html)"
147.65.92.12 - - [04/Jan/2025:05:11:10 +0300] "DELETE /services/ HTTP/1.1" 200 9176 "-" "Mozilla/5.0 (Windows NT 10.0; Win64; x64) AppleWebKit/537.36 (KHTML, like Gecko) Chrome/92.0.4515.107 Safari/537.36"
229.206.221.69 - - [04/Jan/2025:05:11:22 +0300] "DELETE /about-us/ HTTP/1.1" 201 17369 "-" "Crawler Bot v1.0 (+https://example.com/bot.html)"
133.81.129.159 - - [04/Jan/2025:05:12:27 +0300] "DELETE /contact/ HTTP/1.1" 400 9633 "-" "Microsoft Edge 44.18362.449.0; Windows 10; ARM64"
44.2.222.93 - - [04/Jan/2025:05:12:55 +0300] "PUT /index.html HTTP/1.1" 501 11036 "-" "Wget/1.19.5 (linux-gnu)"
114.72.135.61 - - [04/Jan/2025:05:13:14 +0300] "PUT /services/ HTTP/1.1" 500 28408 "-" "Crawler Bot v1.0 (+https://example.com/bot.html)"
168.14.215.0 - - [04/Jan/2025:05:13:59 +0300] "PATCH /index.html HTTP/1.1" 502 12688 "-" "Crawler Bot v1.0 (+https://example.com/bot.html)"
142.201.33.58 - - [04/Jan/2025:05:14:43 +0300] "PUT /index.html HTTP/1.1" 403 20127 "-" "Mozilla/5.0 (Windows NT 10.0; Win64; x64) AppleWebKit/537.36 (KHTML, like Gecko) Chrome/92.0.4515.107 Safari/537.36"
250.74.3.46 - - [04/Jan/2025:05:16:11 +0300] "POST /about-us/ HTTP/1.1" 400 2526 "-" "Safari/604.1 CFNetwork/893.14 Darwin/17.0.0 (x86_64)"
114.72.135.61 - - [04/Jan/2025:05:17:20 +0300] "PATCH /about-us/ HTTP/1.1" 503 16119 "-" "Microsoft Edge 44.18362.449.0; Windows 10; ARM64"
28.42.76.86 - - [04/Jan/2025:05:18:20 +0300] "POST /index.html HTTP/1.1" 400 19534 "-" "Microsoft Edge 44.18362.449.0; Windows 10; ARM64"
153.52.113.49 - - [04/Jan/2025:05:18:54 +0300] "DELETE /index.html HTTP/1.1" 403 17647 "-" "Crawler Bot v1.0 (+https://example.com/bot.html)"
114.72.135.61 - - [04/Jan/2025:05:19:25 +0300] "PATCH /products/ HTTP/1.1" 400 29552 "-" "Mozilla/5.0 (Windows NT 10.0; Win64; x64) AppleWebKit/537.36 (KHTML, like Gecko) Chrome/92.0.4515.107 Safari/537.36"
133.81.129.159 - - [04/Jan/2025:05:19:49 +0300] "GET /products/ HTTP/1.1" 500 3682 "-" "Mozilla/5.0 (Windows NT 10.0; Win64; x64) AppleWebKit/537.36 (KHTML, like Gecko) Chrome/92.0.4515.107 Safari/537.36"
133.81.129.159 - - [04/Jan/2025:05:20:58 +0300] "GET /index.html HTTP/1.1" 201 31281 "-" "Mozilla/5.0 (Windows NT 10.0; Win64; x64) AppleWebKit/537.36 (KHTML, like Gecko) Chrome/92.0.4515.107 Safari/537.36"
20.182.249.13 - - [04/Jan/2025:05:22:24 +0300] "POST /about-us/ HTTP/1.1" 401 28083 "-" "Wget/1.19.5 (linux-gnu)"
250.74.3.46 - - [04/Jan/2025:05:22:46 +0300] "PUT /about-us/ HTTP/1.1" 201 29177 "-" "Internet Explorer 7.0; Windows NT 6.0; Trident/5.0"
83.96.224.158 - - [04/Jan/2025:05:24:07 +0300] "POST /services/ HTTP/1.1" 503 14401 "-" "Internet Explorer 7.0; Windows NT 6.0; Trident/5.0"
28.186.70.250 - - [04/Jan/2025:05:24:38 +0300] "GET /products/ HTTP/1.1" 401 11548 "-" "Microsoft Edge 44.18362.449.0; Windows 10; ARM64"
53.144.239.176 - - [04/Jan/2025:05:24:49 +0300] "POST /about-us/ HTTP/1.1" 503 32738 "-" "Wget/1.19.5 (linux-gnu)"
231.62.123.253 - - [04/Jan/2025:05:25:28 +0300] "POST /about-us/ HTTP/1.1" 500 31197 "-" "Internet Explorer 7.0; Windows NT 6.0; Trident/5.0"
149.90.30.222 - - [04/Jan/2025:05:26:25 +0300] "PATCH /about-us/ HTTP/1.1" 201 31557 "-" "Opera/9.80 (X11; Linux i686; Ubuntu/14.10) Presto/2.12.388 Version/12.16"
218.228.44.29 - - [04/Jan/2025:05:26:40 +0300] "POST /about-us/ HTTP/1.1" 502 21942 "-" "Safari/604.1 CFNetwork/893.14 Darwin/17.0.0 (x86_64)"
53.144.239.176 - - [04/Jan/2025:05:26:48 +0300] "DELETE /index.html HTTP/1.1" 404 16310 "-" "Microsoft Edge 44.18362.449.0; Windows 10; ARM64"
64.255.15.33 - - [04/Jan/2025:05:27:07 +0300] "DELETE /index.html HTTP/1.1" 200 6764 "-" "Microsoft Edge 44.18362.449.0; Windows 10; ARM64"
147.65.92.12 - - [04/Jan/2025:05:28:10 +0300] "PATCH /about-us/ HTTP/1.1" 401 6099 "-" "Wget/1.19.5 (linux-gnu)"
214.61.138.41 - - [04/Jan/2025:05:28:37 +0300] "DELETE /services/ HTTP/1.1" 501 4953 "-" "Mozilla/5.0 (Windows NT 10.0; Win64; x64) AppleWebKit/537.36 (KHTML, like Gecko) Chrome/92.0.4515.107 Safari/537.36"
28.186.70.250 - - [04/Jan/2025:05:29:44 +0300] "PUT /services/ HTTP/1.1" 500 14241 "-" "Opera/9.80 (X11; Linux i686; Ubuntu/14.10) Presto/2.12.388 Version/12.16"
28.42.76.86 - - [04/Jan/2025:05:29:51 +0300] "GET /services/ HTTP/1.1" 501 6232 "-" "Internet Explorer 7.0; Windows NT 6.0; Trident/5.0"
28.42.76.86 - - [04/Jan/2025:05:30:36 +0300] "DELETE /services/ HTTP/1.1" 503 26853 "-" "Mozilla/5.0 (Windows NT 10.0; Win64; x64) AppleWebKit/537.36 (KHTML, like Gecko) Chrome/92.0.4515.107 Safari/537.36"
180.101.174.150 - - [04/Jan/2025:05:32:04 +0300] "PATCH /contact/ HTTP/1.1" 404 13651 "-" "Crawler Bot v1.0 (+https://example.com/bot.html)"
28.42.76.86 - - [04/Jan/2025:05:33:25 +0300] "DELETE /index.html HTTP/1.1" 404 15007 "-" "Opera/9.80 (X11; Linux i686; Ubuntu/14.10) Presto/2.12.388 Version/12.16"
53.144.239.176 - - [04/Jan/2025:05:33:37 +0300] "PUT /about-us/ HTTP/1.1" 501 10773 "-" "Internet Explorer 7.0; Windows NT 6.0; Trident/5.0"
149.90.30.222 - - [04/Jan/2025:05:34:51 +0300] "DELETE /products/ HTTP/1.1" 404 29409 "-" "Mozilla/5.0 (Windows NT 10.0; Win64; x64) AppleWebKit/537.36 (KHTML, like Gecko) Chrome/92.0.4515.107 Safari/537.36"
214.61.138.41 - - [04/Jan/2025:05:35:14 +0300] "GET /products/ HTTP/1.1" 503 16790 "-" "Wget/1.19.5 (linux-gnu)"
44.2.222.93 - - [04/Jan/2025:05:36:14 +0300] "POST /products/ HTTP/1.1" 401 24389 "-" "Crawler Bot v1.0 (+https://example.com/bot.html)"
142.201.33.58 - - [04/Jan/2025:05:36:31 +0300] "PATCH /products/ HTTP/1.1" 500 14066 "-" "Internet Explorer 7.0; Windows NT 6.0; Trident/5.0"
142.201.33.58 - - [04/Jan/2025:05:36:33 +0300] "PUT /index.html HTTP/1.1" 500 21145 "-" "Opera/9.80 (X11; Linux i686; Ubuntu/14.10) Presto/2.12.388 Version/12.16"
28.42.76.86 - - [04/Jan/2025:05:37:08 +0300] "DELETE /contact/ HTTP/1.1" 501 24149 "-" "Microsoft Edge 44.18362.449.0; Windows 10; ARM64"
172.55.147.133 - - [04/Jan/2025:05:38:41 +0300] "POST /index.html HTTP/1.1" 201 31030 "-" "Mozilla/5.0 (Windows NT 10.0; Win64; x64) AppleWebKit/537.36 (KHTML, like Gecko) Chrome/92.0.4515.107 Safari/537.36"
133.81.129.159 - - [04/Jan/2025:05:39:45 +0300] "GET /services/ HTTP/1.1" 403 8071 "-" "Internet Explorer 7.0; Windows NT 6.0; Trident/5.0"
114.72.135.61 - - [04/Jan/2025:05:39:51 +0300] "DELETE /products/ HTTP/1.1" 403 30385 "-" "Crawler Bot v1.0 (+https://example.com/bot.html)"
250.74.3.46 - - [04/Jan/2025:05:39:58 +0300] "GET /index.html HTTP/1.1" 200 1247 "-" "Wget/1.19.5 (linux-gnu)"
64.255.15.33 - - [04/Jan/2025:05:40:41 +0300] "PATCH /contact/ HTTP/1.1" 200 10805 "-" "Microsoft Edge 44.18362.449.0; Windows 10; ARM64"
153.52.113.49 - - [04/Jan/2025:05:41:11 +0300] "DELETE /index.html HTTP/1.1" 200 29297 "-" "Crawler Bot v1.0 (+https://example.com/bot.html)"
231.62.123.253 - - [04/Jan/2025:05:42:01 +0300] "POST /index.html HTTP/1.1" 404 21672 "-" "Crawler Bot v1.0 (+https://example.com/bot.html)"
153.52.113.49 - - [04/Jan/2025:05:43:19 +0300] "DELETE /index.html HTTP/1.1" 201 6589 "-" "Safari/604.1 CFNetwork/893.14 Darwin/17.0.0 (x86_64)"
180.101.174.150 - - [04/Jan/2025:05:43:20 +0300] "GET /contact/ HTTP/1.1" 201 32011 "-" "Internet Explorer 7.0; Windows NT 6.0; Trident/5.0"
44.2.222.93 - - [04/Jan/2025:05:43:48 +0300] "POST /services/ HTTP/1.1" 502 28634 "-" "Microsoft Edge 44.18362.449.0; Windows 10; ARM64"
124.29.122.120 - - [04/Jan/2025:05:45:14 +0300] "POST /index.html HTTP/1.1" 503 30142 "-" "Wget/1.19.5 (linux-gnu)"
168.14.215.0 - - [04/Jan/2025:05:46:46 +0300] "DELETE /about-us/ HTTP/1.1" 502 9094 "-" "Mozilla/5.0 (Windows NT 10.0; Win64; x64) AppleWebKit/537.36 (KHTML, like Gecko) Chrome/92.0.4515.107 Safari/537.36"
218.228.44.29 - - [04/Jan/2025:05:47:36 +0300] "DELETE /contact/ HTTP/1.1" 501 30554 "-" "Crawler Bot v1.0 (+https://example.com/bot.html)"
149.90.30.222 - - [04/Jan/2025:05:48:24 +0300] "GET /contact/ HTTP/1.1" 503 1368 "-" "Crawler Bot v1.0 (+https://example.com/bot.html)"
124.29.122.120 - - [04/Jan/2025:05:49:14 +0300] "DELETE /products/ HTTP/1.1" 501 9229 "-" "Crawler Bot v1.0 (+https://example.com/bot.html)"
147.65.92.12 - - [04/Jan/2025:05:49:57 +0300] "POST /contact/ HTTP/1.1" 200 22469 "-" "Opera/9.80 (X11; Linux i686; Ubuntu/14.10) Presto/2.12.388 Version/12.16"
214.61.138.41 - - [04/Jan/2025:05:50:17 +0300] "PUT /contact/ HTTP/1.1" 503 8158 "-" "Mozilla/5.0 (Windows NT 10.0; Win64; x64) AppleWebKit/537.36 (KHTML, like Gecko) Chrome/92.0.4515.107 Safari/537.36"
250.74.3.46 - - [04/Jan/2025:05:51:38 +0300] "DELETE /index.html HTTP/1.1" 401 19275 "-" "Mozilla/5.0 (Windows NT 10.0; Win64; x64) AppleWebKit/537.36 (KHTML, like Gecko) Chrome/92.0.4515.107 Safari/537.36"
114.72.135.61 - - [04/Jan/2025:05:52:11 +0300] "PATCH /contact/ HTTP/1.1" 401 32074 "-" "Crawler Bot v1.0 (+https://example.com/bot.html)"
20.182.249.13 - - [04/Jan/2025:05:53:04 +0300] "DELETE /about-us/ HTTP/1.1" 200 13452 "-" "Opera/9.80 (X11; Linux i686; Ubuntu/14.10) Presto/2.12.388 Version/12.16"
214.61.138.41 - - [04/Jan/2025:05:53:31 +0300] "PATCH /products/ HTTP/1.1" 400 26383 "-" "Wget/1.19.5 (linux-gnu)"
218.228.44.29 - - [04/Jan/2025:05:54:37 +0300] "GET /contact/ HTTP/1.1" 502 22740 "-" "Safari/604.1 CFNetwork/893.14 Darwin/17.0.0 (x86_64)"
153.52.113.49 - - [04/Jan/2025:05:55:14 +0300] "PATCH /products/ HTTP/1.1" 400 8305 "-" "Wget/1.19.5 (linux-gnu)"
114.72.135.61 - - [04/Jan/2025:05:56:23 +0300] "PATCH /services/ HTTP/1.1" 401 32221 "-" "Mozilla/5.0 (Windows NT 10.0; Win64; x64) AppleWebKit/537.36 (KHTML, like Gecko) Chrome/92.0.4515.107 Safari/537.36"
218.228.44.29 - - [04/Jan/2025:05:57:41 +0300] "PUT /products/ HTTP/1.1" 201 19692 "-" "Internet Explorer 7.0; Windows NT 6.0; Trident/5.0"
53.144.239.176 - - [04/Jan/2025:05:58:15 +0300] "PUT /products/ HTTP/1.1" 400 31218 "-" "Wget/1.19.5 (linux-gnu)"
36.254.127.5 - - [04/Jan/2025:05:58:40 +0300] "DELETE /products/ HTTP/1.1" 500 19277 "-" "Mozilla/5.0 (Windows NT 10.0; Win64; x64) AppleWebKit/537.36 (KHTML, like Gecko) Chrome/92.0.4515.107 Safari/537.36"
231.62.123.253 - - [04/Jan/2025:05:59:30 +0300] "PATCH /contact/ HTTP/1.1" 502 28698 "-" "Opera/9.80 (X11; Linux i686; Ubuntu/14.10) Presto/2.12.388 Version/12.16"
28.42.76.86 - - [04/Jan/2025:05:59:48 +0300] "PUT /services/ HTTP/1.1" 501 15757 "-" "Opera/9.80 (X11; Linux i686; Ubuntu/14.10) Presto/2.12.388 Version/12.16"
20.182.249.13 - - [04/Jan/2025:06:00:56 +0300] "PUT /services/ HTTP/1.1" 401 8654 "-" "Opera/9.80 (X11; Linux i686; Ubuntu/14.10) Presto/2.12.388 Version/12.16"
149.90.30.222 - - [04/Jan/2025:06:01:47 +0300] "DELETE /products/ HTTP/1.1" 501 14261 "-" "Mozilla/5.0 (Windows NT 10.0; Win64; x64) AppleWebKit/537.36 (KHTML, like Gecko) Chrome/92.0.4515.107 Safari/537.36"
83.96.224.158 - - [04/Jan/2025:06:02:17 +0300] "POST /services/ HTTP/1.1" 500 10261 "-" "Safari/604.1 CFNetwork/893.14 Darwin/17.0.0 (x86_64)"
231.62.123.253 - - [04/Jan/2025:06:03:29 +0300] "PUT /products/ HTTP/1.1" 200 1887 "-" "Opera/9.80 (X11; Linux i686; Ubuntu/14.10) Presto/2.12.388 Version/12.16"
214.61.138.41 - - [04/Jan/2025:06:04:21 +0300] "POST /products/ HTTP/1.1" 404 30222 "-" "Wget/1.19.5 (linux-gnu)"
147.65.92.12 - - [04/Jan/2025:06:04:25 +0300] "PUT /products/ HTTP/1.1" 502 32574 "-" "Opera/9.80 (X11; Linux i686; Ubuntu/14.10) Presto/2.12.388 Version/12.16"
214.61.138.41 - - [04/Jan/2025:06:05:12 +0300] "PATCH /contact/ HTTP/1.1" 500 22041 "-" "Wget/1.19.5 (linux-gnu)"
153.52.113.49 - - [04/Jan/2025:06:05:20 +0300] "DELETE /about-us/ HTTP/1.1" 201 26938 "-" "Crawler Bot v1.0 (+https://example.com/bot.html)"
214.61.138.41 - - [04/Jan/2025:06:06:12 +0300] "GET /services/ HTTP/1.1" 500 15395 "-" "Mozilla/5.0 (Windows NT 10.0; Win64; x64) AppleWebKit/537.36 (KHTML, like Gecko) Chrome/92.0.4515.107 Safari/537.36"
147.65.92.12 - - [04/Jan/2025:06:06:49 +0300] "POST /contact/ HTTP/1.1" 502 13108 "-" "Mozilla/5.0 (Windows NT 10.0; Win64; x64) AppleWebKit/537.36 (KHTML, like Gecko) Chrome/92.0.4515.107 Safari/537.36"
229.206.221.69 - - [04/Jan/2025:06:08:19 +0300] "POST /products/ HTTP/1.1" 401 21155 "-" "Opera/9.80 (X11; Linux i686; Ubuntu/14.10) Presto/2.12.388 Version/12.16"
83.96.224.158 - - [04/Jan/2025:06:09:31 +0300] "POST /index.html HTTP/1.1" 404 2686 "-" "Internet Explorer 7.0; Windows NT 6.0; Trident/5.0"
229.206.221.69 - - [04/Jan/2025:06:10:38 +0300] "PUT /contact/ HTTP/1.1" 501 2432 "-" "Mozilla/5.0 (Windows NT 10.0; Win64; x64) AppleWebKit/537.36 (KHTML, like Gecko) Chrome/92.0.4515.107 Safari/537.36"
218.228.44.29 - - [04/Jan/2025:06:11:35 +0300] "POST /services/ HTTP/1.1" 404 21598 "-" "Microsoft Edge 44.18362.449.0; Windows 10; ARM64"
172.55.147.133 - - [04/Jan/2025:06:13:01 +0300] "POST /index.html HTTP/1.1" 502 8619 "-" "Safari/604.1 CFNetwork/893.14 Darwin/17.0.0 (x86_64)"
64.255.15.33 - - [04/Jan/2025:06:13:39 +0300] "POST /services/ HTTP/1.1" 501 31043 "-" "Crawler Bot v1.0 (+https://example.com/bot.html)"
20.182.249.13 - - [04/Jan/2025:06:14:26 +0300] "POST /about-us/ HTTP/1.1" 401 3279 "-" "Safari/604.1 CFNetwork/893.14 Darwin/17.0.0 (x86_64)"
114.72.135.61 - - [04/Jan/2025:06:15:41 +0300] "DELETE /contact/ HTTP/1.1" 502 28049 "-" "Crawler Bot v1.0 (+https://example.com/bot.html)"
231.62.123.253 - - [04/Jan/2025:06:16:45 +0300] "DELETE /contact/ HTTP/1.1" 500 33479 "-" "Mozilla/5.0 (Windows NT 10.0; Win64; x64) AppleWebKit/537.36 (KHTML, like Gecko) Chrome/92.0.4515.107 Safari/537.36"
28.186.70.250 - - [04/Jan/2025:06:16:59 +0300] "GET /index.html HTTP/1.1" 400 17769 "-" "Opera/9.80 (X11; Linux i686; Ubuntu/14.10) Presto/2.12.388 Version/12.16"
218.228.44.29 - - [04/Jan/2025:06:17:06 +0300] "PATCH /about-us/ HTTP/1.1" 201 16638 "-" "Mozilla/5.0 (Windows NT 10.0; Win64; x64) AppleWebKit/537.36 (KHTML, like Gecko) Chrome/92.0.4515.107 Safari/537.36"
180.101.174.150 - - [04/Jan/2025:06:17:52 +0300] "PUT /about-us/ HTTP/1.1" 400 2127 "-" "Mozilla/5.0 (Windows NT 10.0; Win64; x64) AppleWebKit/537.36 (KHTML, like Gecko) Chrome/92.0.4515.107 Safari/537.36"
36.254.127.5 - - [04/Jan/2025:06:18:59 +0300] "GET /products/ HTTP/1.1" 500 21091 "-" "Microsoft Edge 44.18362.449.0; Windows 10; ARM64"
64.255.15.33 - - [04/Jan/2025:06:20:12 +0300] "PATCH /index.html HTTP/1.1" 500 14563 "-" "Crawler Bot v1.0 (+https://example.com/bot.html)"
153.52.113.49 - - [04/Jan/2025:06:20:28 +0300] "GET /products/ HTTP/1.1" 200 7844 "-" "Wget/1.19.5 (linux-gnu)"
250.74.3.46 - - [04/Jan/2025:06:21:42 +0300] "GET /contact/ HTTP/1.1" 501 5253 "-" "Safari/604.1 CFNetwork/893.14 Darwin/17.0.0 (x86_64)"
124.29.122.120 - - [04/Jan/2025:06:21:58 +0300] "PUT /products/ HTTP/1.1" 501 6795 "-" "Safari/604.1 CFNetwork/893.14 Darwin/17.0.0 (x86_64)"
250.74.3.46 - - [04/Jan/2025:06:22:30 +0300] "PATCH /contact/ HTTP/1.1" 403 20113 "-" "Microsoft Edge 44.18362.449.0; Windows 10; ARM64"
229.206.221.69 - - [04/Jan/2025:06:23:22 +0300] "POST /services/ HTTP/1.1" 201 13899 "-" "Wget/1.19.5 (linux-gnu)"
172.55.147.133 - - [04/Jan/2025:06:24:41 +0300] "PUT /services/ HTTP/1.1" 403 11405 "-" "Crawler Bot v1.0 (+https://example.com/bot.html)"
250.74.3.46 - - [04/Jan/2025:06:26:03 +0300] "POST /contact/ HTTP/1.1" 502 4587 "-" "Internet Explorer 7.0; Windows NT 6.0; Trident/5.0"
172.55.147.133 - - [04/Jan/2025:06:27:16 +0300] "PUT /products/ HTTP/1.1" 401 18156 "-" "Internet Explorer 7.0; Windows NT 6.0; Trident/5.0"
124.29.122.120 - - [04/Jan/2025:06:28:49 +0300] "GET /contact/ HTTP/1.1" 200 16703 "-" "Wget/1.19.5 (linux-gnu)"
124.29.122.120 - - [04/Jan/2025:06:29:44 +0300] "PUT /index.html HTTP/1.1" 500 13004 "-" "Crawler Bot v1.0 (+https://example.com/bot.html)"
20.182.249.13 - - [04/Jan/2025:06:31:04 +0300] "PATCH /contact/ HTTP/1.1" 502 23668 "-" "Internet Explorer 7.0; Windows NT 6.0; Trident/5.0"
149.90.30.222 - - [04/Jan/2025:06:32:11 +0300] "POST /about-us/ HTTP/1.1" 501 30964 "-" "Mozilla/5.0 (Windows NT 10.0; Win64; x64) AppleWebKit/537.36 (KHTML, like Gecko) Chrome/92.0.4515.107 Safari/537.36"
172.55.147.133 - - [04/Jan/2025:06:32:14 +0300] "PATCH /products/ HTTP/1.1" 501 1122 "-" "Safari/604.1 CFNetwork/893.14 Darwin/17.0.0 (x86_64)"
250.74.3.46 - - [04/Jan/2025:06:32:55 +0300] "PUT /index.html HTTP/1.1" 400 18810 "-" "Crawler Bot v1.0 (+https://example.com/bot.html)"
133.81.129.159 - - [04/Jan/2025:06:33:08 +0300] "DELETE /services/ HTTP/1.1" 403 11461 "-" "Safari/604.1 CFNetwork/893.14 Darwin/17.0.0 (x86_64)"
142.201.33.58 - - [04/Jan/2025:06:33:55 +0300] "POST /services/ HTTP/1.1" 404 28744 "-" "Safari/604.1 CFNetwork/893.14 Darwin/17.0.0 (x86_64)"
28.42.76.86 - - [04/Jan/2025:06:35:15 +0300] "GET /services/ HTTP/1.1" 502 23101 "-" "Wget/1.19.5 (linux-gnu)"
20.182.249.13 - - [04/Jan/2025:06:36:50 +0300] "PATCH /contact/ HTTP/1.1" 201 18443 "-" "Safari/604.1 CFNetwork/893.14 Darwin/17.0.0 (x86_64)"
83.96.224.158 - - [04/Jan/2025:06:38:00 +0300] "DELETE /about-us/ HTTP/1.1" 200 1030 "-" "Microsoft Edge 44.18362.449.0; Windows 10; ARM64"
218.228.44.29 - - [04/Jan/2025:06:38:42 +0300] "PATCH /index.html HTTP/1.1" 502 7023 "-" "Opera/9.80 (X11; Linux i686; Ubuntu/14.10) Presto/2.12.388 Version/12.16"
149.90.30.222 - - [04/Jan/2025:06:39:49 +0300] "PATCH /services/ HTTP/1.1" 401 32130 "-" "Mozilla/5.0 (Windows NT 10.0; Win64; x64) AppleWebKit/537.36 (KHTML, like Gecko) Chrome/92.0.4515.107 Safari/537.36"
180.101.174.150 - - [04/Jan/2025:06:41:02 +0300] "GET /products/ HTTP/1.1" 404 15216 "-" "Internet Explorer 7.0; Windows NT 6.0; Trident/5.0"
172.55.147.133 - - [04/Jan/2025:06:41:22 +0300] "POST /about-us/ HTTP/1.1" 201 30817 "-" "Microsoft Edge 44.18362.449.0; Windows 10; ARM64"
229.206.221.69 - - [04/Jan/2025:06:42:37 +0300] "POST /products/ HTTP/1.1" 401 16351 "-" "Microsoft Edge 44.18362.449.0; Windows 10; ARM64"
114.72.135.61 - - [04/Jan/2025:06:43:16 +0300] "POST /contact/ HTTP/1.1" 404 11507 "-" "Mozilla/5.0 (Windows NT 10.0; Win64; x64) AppleWebKit/537.36 (KHTML, like Gecko) Chrome/92.0.4515.107 Safari/537.36"
153.52.113.49 - - [04/Jan/2025:06:43:20 +0300] "DELETE /services/ HTTP/1.1" 503 12075 "-" "Crawler Bot v1.0 (+https://example.com/bot.html)"
250.74.3.46 - - [04/Jan/2025:06:43:35 +0300] "DELETE /contact/ HTTP/1.1" 403 22087 "-" "Wget/1.19.5 (linux-gnu)"
147.65.92.12 - - [04/Jan/2025:06:43:56 +0300] "PUT /contact/ HTTP/1.1" 200 12987 "-" "Wget/1.19.5 (linux-gnu)"
133.81.129.159 - - [04/Jan/2025:06:44:29 +0300] "PATCH /products/ HTTP/1.1" 201 31541 "-" "Mozilla/5.0 (Windows NT 10.0; Win64; x64) AppleWebKit/537.36 (KHTML, like Gecko) Chrome/92.0.4515.107 Safari/537.36"
36.254.127.5 - - [04/Jan/2025:06:44:56 +0300] "POST /index.html HTTP/1.1" 401 14060 "-" "Microsoft Edge 44.18362.449.0; Windows 10; ARM64"
20.182.249.13 - - [04/Jan/2025:06:45:00 +0300] "DELETE /about-us/ HTTP/1.1" 501 6444 "-" "Internet Explorer 7.0; Windows NT 6.0; Trident/5.0"
124.29.122.120 - - [04/Jan/2025:06:46:21 +0300] "PUT /services/ HTTP/1.1" 404 15250 "-" "Opera/9.80 (X11; Linux i686; Ubuntu/14.10) Presto/2.12.388 Version/12.16"
64.255.15.33 - - [04/Jan/2025:06:46:32 +0300] "POST /index.html HTTP/1.1" 400 12753 "-" "Safari/604.1 CFNetwork/893.14 Darwin/17.0.0 (x86_64)"
36.254.127.5 - - [04/Jan/2025:06:46:54 +0300] "PUT /services/ HTTP/1.1" 400 18149 "-" "Wget/1.19.5 (linux-gnu)"
28.42.76.86 - - [04/Jan/2025:06:47:25 +0300] "GET /index.html HTTP/1.1" 200 4593 "-" "Safari/604.1 CFNetwork/893.14 Darwin/17.0.0 (x86_64)"
214.61.138.41 - - [04/Jan/2025:06:47:47 +0300] "PATCH /products/ HTTP/1.1" 502 7641 "-" "Microsoft Edge 44.18362.449.0; Windows 10; ARM64"
64.255.15.33 - - [04/Jan/2025:06:48:07 +0300] "POST /products/ HTTP/1.1" 501 31504 "-" "Internet Explorer 7.0; Windows NT 6.0; Trident/5.0"
231.62.123.253 - - [04/Jan/2025:06:49:42 +0300] "DELETE /about-us/ HTTP/1.1" 401 19050 "-" "Mozilla/5.0 (Windows NT 10.0; Win64; x64) AppleWebKit/537.36 (KHTML, like Gecko) Chrome/92.0.4515.107 Safari/537.36"
142.201.33.58 - - [04/Jan/2025:06:51:14 +0300] "GET /services/ HTTP/1.1" 502 16880 "-" "Safari/604.1 CFNetwork/893.14 Darwin/17.0.0 (x86_64)"
149.90.30.222 - - [04/Jan/2025:06:51:54 +0300] "PUT /contact/ HTTP/1.1" 503 12988 "-" "Wget/1.19.5 (linux-gnu)"
114.72.135.61 - - [04/Jan/2025:06:51:55 +0300] "POST /contact/ HTTP/1.1" 400 32632 "-" "Internet Explorer 7.0; Windows NT 6.0; Trident/5.0"
114.72.135.61 - - [04/Jan/2025:06:53:11 +0300] "DELETE /index.html HTTP/1.1" 502 28032 "-" "Microsoft Edge 44.18362.449.0; Windows 10; ARM64"
218.228.44.29 - - [04/Jan/2025:06:54:47 +0300] "DELETE /about-us/ HTTP/1.1" 403 4610 "-" "Mozilla/5.0 (Windows NT 10.0; Win64; x64) AppleWebKit/537.36 (KHTML, like Gecko) Chrome/92.0.4515.107 Safari/537.36"
172.55.147.133 - - [04/Jan/2025:06:55:25 +0300] "DELETE /about-us/ HTTP/1.1" 200 28978 "-" "Safari/604.1 CFNetwork/893.14 Darwin/17.0.0 (x86_64)"
44.2.222.93 - - [04/Jan/2025:06:56:59 +0300] "PATCH /index.html HTTP/1.1" 400 27463 "-" "Wget/1.19.5 (linux-gnu)"
147.65.92.12 - - [04/Jan/2025:06:57:07 +0300] "PATCH /contact/ HTTP/1.1" 401 33411 "-" "Wget/1.19.5 (linux-gnu)"
20.182.249.13 - - [04/Jan/2025:06:57:16 +0300] "PATCH /index.html HTTP/1.1" 401 11182 "-" "Microsoft Edge 44.18362.449.0; Windows 10; ARM64"
172.55.147.133 - - [04/Jan/2025:06:58:48 +0300] "PATCH /about-us/ HTTP/1.1" 401 20548 "-" "Internet Explorer 7.0; Windows NT 6.0; Trident/5.0"
133.81.129.159 - - [04/Jan/2025:06:58:53 +0300] "DELETE /contact/ HTTP/1.1" 401 25070 "-" "Mozilla/5.0 (Windows NT 10.0; Win64; x64) AppleWebKit/537.36 (KHTML, like Gecko) Chrome/92.0.4515.107 Safari/537.36"
28.186.70.250 - - [04/Jan/2025:07:00:00 +0300] "POST /products/ HTTP/1.1" 404 24502 "-" "Wget/1.19.5 (linux-gnu)"
64.255.15.33 - - [04/Jan/2025:07:00:19 +0300] "GET /products/ HTTP/1.1" 401 24582 "-" "Opera/9.80 (X11; Linux i686; Ubuntu/14.10) Presto/2.12.388 Version/12.16"
147.65.92.12 - - [04/Jan/2025:07:00:48 +0300] "DELETE /about-us/ HTTP/1.1" 502 27228 "-" "Safari/604.1 CFNetwork/893.14 Darwin/17.0.0 (x86_64)"
180.101.174.150 - - [04/Jan/2025:07:02:18 +0300] "GET /products/ HTTP/1.1" 404 5036 "-" "Mozilla/5.0 (Windows NT 10.0; Win64; x64) AppleWebKit/537.36 (KHTML, like Gecko) Chrome/92.0.4515.107 Safari/537.36"
20.182.249.13 - - [04/Jan/2025:07:02:43 +0300] "PUT /products/ HTTP/1.1" 404 23289 "-" "Internet Explorer 7.0; Windows NT 6.0; Trident/5.0"
133.81.129.159 - - [04/Jan/2025:07:03:20 +0300] "GET /services/ HTTP/1.1" 501 28450 "-" "Opera/9.80 (X11; Linux i686; Ubuntu/14.10) Presto/2.12.388 Version/12.16"
229.206.221.69 - - [04/Jan/2025:07:04:50 +0300] "POST /services/ HTTP/1.1" 201 8808 "-" "Microsoft Edge 44.18362.449.0; Windows 10; ARM64"
20.182.249.13 - - [04/Jan/2025:07:05:57 +0300] "PATCH /about-us/ HTTP/1.1" 503 28190 "-" "Opera/9.80 (X11; Linux i686; Ubuntu/14.10) Presto/2.12.388 Version/12.16"
36.254.127.5 - - [04/Jan/2025:07:05:58 +0300] "POST /about-us/ HTTP/1.1" 403 24859 "-" "Microsoft Edge 44.18362.449.0; Windows 10; ARM64"
28.186.70.250 - - [04/Jan/2025:07:06:46 +0300] "PUT /about-us/ HTTP/1.1" 200 26966 "-" "Safari/604.1 CFNetwork/893.14 Darwin/17.0.0 (x86_64)"
36.254.127.5 - - [04/Jan/2025:07:07:15 +0300] "PUT /about-us/ HTTP/1.1" 201 25345 "-" "Opera/9.80 (X11; Linux i686; Ubuntu/14.10) Presto/2.12.388 Version/12.16"
231.62.123.253 - - [04/Jan/2025:07:08:31 +0300] "PATCH /index.html HTTP/1.1" 403 2378 "-" "Safari/604.1 CFNetwork/893.14 Darwin/17.0.0 (x86_64)"
124.29.122.120 - - [04/Jan/2025:07:09:44 +0300] "GET /products/ HTTP/1.1" 403 16798 "-" "Internet Explorer 7.0; Windows NT 6.0; Trident/5.0"
53.144.239.176 - - [04/Jan/2025:07:09:52 +0300] "PATCH /index.html HTTP/1.1" 403 18794 "-" "Opera/9.80 (X11; Linux i686; Ubuntu/14.10) Presto/2.12.388 Version/12.16"
142.201.33.58 - - [04/Jan/2025:07:10:25 +0300] "PUT /services/ HTTP/1.1" 500 11185 "-" "Crawler Bot v1.0 (+https://example.com/bot.html)"
36.254.127.5 - - [04/Jan/2025:07:10:32 +0300] "GET /services/ HTTP/1.1" 501 11854 "-" "Wget/1.19.5 (linux-gnu)"
64.255.15.33 - - [04/Jan/2025:07:11:22 +0300] "GET /about-us/ HTTP/1.1" 503 7822 "-" "Internet Explorer 7.0; Windows NT 6.0; Trident/5.0"
149.90.30.222 - - [04/Jan/2025:07:12:38 +0300] "PUT /products/ HTTP/1.1" 403 10996 "-" "Microsoft Edge 44.18362.449.0; Windows 10; ARM64"
168.14.215.0 - - [04/Jan/2025:07:13:34 +0300] "PUT /about-us/ HTTP/1.1" 502 4615 "-" "Microsoft Edge 44.18362.449.0; Windows 10; ARM64"
218.228.44.29 - - [04/Jan/2025:07:14:38 +0300] "PUT /contact/ HTTP/1.1" 404 13291 "-" "Opera/9.80 (X11; Linux i686; Ubuntu/14.10) Presto/2.12.388 Version/12.16"
53.144.239.176 - - [04/Jan/2025:07:15:58 +0300] "POST /products/ HTTP/1.1" 400 4828 "-" "Opera/9.80 (X11; Linux i686; Ubuntu/14.10) Presto/2.12.388 Version/12.16"
172.55.147.133 - - [04/Jan/2025:07:17:11 +0300] "DELETE /services/ HTTP/1.1" 500 22204 "-" "Mozilla/5.0 (Windows NT 10.0; Win64; x64) AppleWebKit/537.36 (KHTML, like Gecko) Chrome/92.0.4515.107 Safari/537.36"
20.182.249.13 - - [04/Jan/2025:07:18:11 +0300] "POST /contact/ HTTP/1.1" 501 31748 "-" "Microsoft Edge 44.18362.449.0; Windows 10; ARM64"
28.42.76.86 - - [04/Jan/2025:07:19:38 +0300] "POST /about-us/ HTTP/1.1" 401 25671 "-" "Crawler Bot v1.0 (+https://example.com/bot.html)"
28.186.70.250 - - [04/Jan/2025:07:20:13 +0300] "PUT /contact/ HTTP/1.1" 401 28397 "-" "Crawler Bot v1.0 (+https://example.com/bot.html)"
147.65.92.12 - - [04/Jan/2025:07:20:29 +0300] "POST /products/ HTTP/1.1" 404 17566 "-" "Mozilla/5.0 (Windows NT 10.0; Win64; x64) AppleWebKit/537.36 (KHTML, like Gecko) Chrome/92.0.4515.107 Safari/537.36"
218.228.44.29 - - [04/Jan/2025:07:21:33 +0300] "DELETE /about-us/ HTTP/1.1" 200 4556 "-" "Mozilla/5.0 (Windows NT 10.0; Win64; x64) AppleWebKit/537.36 (KHTML, like Gecko) Chrome/92.0.4515.107 Safari/537.36"
53.144.239.176 - - [04/Jan/2025:07:21:44 +0300] "GET /about-us/ HTTP/1.1" 503 21236 "-" "Microsoft Edge 44.18362.449.0; Windows 10; ARM64"
49.20.36.30 - - [04/Jan/2025:07:22:51 +0300] "GET /contact/ HTTP/1.1" 502 27205 "-" "Mozilla/5.0 (Windows NT 10.0; Win64; x64) AppleWebKit/537.36 (KHTML, like Gecko) Chrome/92.0.4515.107 Safari/537.36"
168.14.215.0 - - [04/Jan/2025:07:24:16 +0300] "PATCH /services/ HTTP/1.1" 201 6377 "-" "Safari/604.1 CFNetwork/893.14 Darwin/17.0.0 (x86_64)"
28.42.76.86 - - [04/Jan/2025:07:24:36 +0300] "DELETE /services/ HTTP/1.1" 200 18727 "-" "Safari/604.1 CFNetwork/893.14 Darwin/17.0.0 (x86_64)"
231.62.123.253 - - [04/Jan/2025:07:26:02 +0300] "PUT /products/ HTTP/1.1" 501 4524 "-" "Safari/604.1 CFNetwork/893.14 Darwin/17.0.0 (x86_64)"
231.62.123.253 - - [04/Jan/2025:07:26:11 +0300] "DELETE /index.html HTTP/1.1" 500 33333 "-" "Opera/9.80 (X11; Linux i686; Ubuntu/14.10) Presto/2.12.388 Version/12.16"
218.228.44.29 - - [04/Jan/2025:07:27:20 +0300] "PATCH /products/ HTTP/1.1" 500 21595 "-" "Safari/604.1 CFNetwork/893.14 Darwin/17.0.0 (x86_64)"
250.74.3.46 - - [04/Jan/2025:07:28:47 +0300] "PUT /services/ HTTP/1.1" 200 30998 "-" "Opera/9.80 (X11; Linux i686; Ubuntu/14.10) Presto/2.12.388 Version/12.16"
133.81.129.159 - - [04/Jan/2025:07:29:33 +0300] "DELETE /about-us/ HTTP/1.1" 501 5802 "-" "Microsoft Edge 44.18362.449.0; Windows 10; ARM64"
114.72.135.61 - - [04/Jan/2025:07:31:07 +0300] "PATCH /products/ HTTP/1.1" 501 21495 "-" "Safari/604.1 CFNetwork/893.14 Darwin/17.0.0 (x86_64)"
83.96.224.158 - - [04/Jan/2025:07:32:16 +0300] "PUT /services/ HTTP/1.1" 502 11357 "-" "Wget/1.19.5 (linux-gnu)"
147.65.92.12 - - [04/Jan/2025:07:32:17 +0300] "GET /products/ HTTP/1.1" 501 3754 "-" "Opera/9.80 (X11; Linux i686; Ubuntu/14.10) Presto/2.12.388 Version/12.16"
36.254.127.5 - - [04/Jan/2025:07:33:48 +0300] "POST /contact/ HTTP/1.1" 502 32375 "-" "Internet Explorer 7.0; Windows NT 6.0; Trident/5.0"
142.201.33.58 - - [04/Jan/2025:07:33:57 +0300] "PUT /index.html HTTP/1.1" 503 24767 "-" "Safari/604.1 CFNetwork/893.14 Darwin/17.0.0 (x86_64)"
168.14.215.0 - - [04/Jan/2025:07:34:19 +0300] "PATCH /contact/ HTTP/1.1" 500 5204 "-" "Internet Explorer 7.0; Windows NT 6.0; Trident/5.0"
133.81.129.159 - - [04/Jan/2025:07:34:38 +0300] "DELETE /index.html HTTP/1.1" 501 17628 "-" "Wget/1.19.5 (linux-gnu)"
20.182.249.13 - - [04/Jan/2025:07:35:06 +0300] "PUT /contact/ HTTP/1.1" 501 13850 "-" "Safari/604.1 CFNetwork/893.14 Darwin/17.0.0 (x86_64)"
218.228.44.29 - - [04/Jan/2025:07:36:24 +0300] "GET /about-us/ HTTP/1.1" 201 20024 "-" "Safari/604.1 CFNetwork/893.14 Darwin/17.0.0 (x86_64)"
36.254.127.5 - - [04/Jan/2025:07:36:32 +0300] "PATCH /products/ HTTP/1.1" 501 5631 "-" "Safari/604.1 CFNetwork/893.14 Darwin/17.0.0 (x86_64)"
231.62.123.253 - - [04/Jan/2025:07:37:59 +0300] "PUT /products/ HTTP/1.1" 502 23130 "-" "Wget/1.19.5 (linux-gnu)"
149.90.30.222 - - [04/Jan/2025:07:38:09 +0300] "PATCH /services/ HTTP/1.1" 404 25557 "-" "Internet Explorer 7.0; Windows NT 6.0; Trident/5.0"
53.144.239.176 - - [04/Jan/2025:07:38:39 +0300] "GET /products/ HTTP/1.1" 501 23788 "-" "Mozilla/5.0 (Windows NT 10.0; Win64; x64) AppleWebKit/537.36 (KHTML, like Gecko) Chrome/92.0.4515.107 Safari/537.36"
180.101.174.150 - - [04/Jan/2025:07:39:27 +0300] "DELETE /about-us/ HTTP/1.1" 201 10362 "-" "Safari/604.1 CFNetwork/893.14 Darwin/17.0.0 (x86_64)"
168.14.215.0 - - [04/Jan/2025:07:40:26 +0300] "GET /about-us/ HTTP/1.1" 500 19719 "-" "Opera/9.80 (X11; Linux i686; Ubuntu/14.10) Presto/2.12.388 Version/12.16"
180.101.174.150 - - [04/Jan/2025:07:41:29 +0300] "DELETE /index.html HTTP/1.1" 503 11313 "-" "Crawler Bot v1.0 (+https://example.com/bot.html)"
147.65.92.12 - - [04/Jan/2025:07:42:06 +0300] "GET /contact/ HTTP/1.1" 403 30385 "-" "Crawler Bot v1.0 (+https://example.com/bot.html)"
44.2.222.93 - - [04/Jan/2025:07:43:37 +0300] "DELETE /index.html HTTP/1.1" 503 20136 "-" "Crawler Bot v1.0 (+https://example.com/bot.html)"
153.52.113.49 - - [04/Jan/2025:07:44:39 +0300] "DELETE /about-us/ HTTP/1.1" 401 24199 "-" "Crawler Bot v1.0 (+https://example.com/bot.html)"
153.52.113.49 - - [04/Jan/2025:07:44:50 +0300] "PATCH /products/ HTTP/1.1" 201 13746 "-" "Opera/9.80 (X11; Linux i686; Ubuntu/14.10) Presto/2.12.388 Version/12.16"
149.90.30.222 - - [04/Jan/2025:07:45:26 +0300] "PUT /about-us/ HTTP/1.1" 501 14919 "-" "Mozilla/5.0 (Windows NT 10.0; Win64; x64) AppleWebKit/537.36 (KHTML, like Gecko) Chrome/92.0.4515.107 Safari/537.36"
44.2.222.93 - - [04/Jan/2025:07:45:56 +0300] "POST /services/ HTTP/1.1" 500 3557 "-" "Internet Explorer 7.0; Windows NT 6.0; Trident/5.0"
168.14.215.0 - - [04/Jan/2025:07:46:04 +0300] "DELETE /index.html HTTP/1.1" 502 8764 "-" "Opera/9.80 (X11; Linux i686; Ubuntu/14.10) Presto/2.12.388 Version/12.16"
20.182.249.13 - - [04/Jan/2025:07:46:46 +0300] "PATCH /index.html HTTP/1.1" 502 25580 "-" "Safari/604.1 CFNetwork/893.14 Darwin/17.0.0 (x86_64)"
149.90.30.222 - - [04/Jan/2025:07:47:54 +0300] "POST /services/ HTTP/1.1" 401 28477 "-" "Wget/1.19.5 (linux-gnu)"
149.90.30.222 - - [04/Jan/2025:07:48:16 +0300] "GET /services/ HTTP/1.1" 403 9378 "-" "Wget/1.19.5 (linux-gnu)"
133.81.129.159 - - [04/Jan/2025:07:49:08 +0300] "PUT /contact/ HTTP/1.1" 401 27103 "-" "Wget/1.19.5 (linux-gnu)"
229.206.221.69 - - [04/Jan/2025:07:49:35 +0300] "POST /about-us/ HTTP/1.1" 401 18940 "-" "Safari/604.1 CFNetwork/893.14 Darwin/17.0.0 (x86_64)"
133.81.129.159 - - [04/Jan/2025:07:49:43 +0300] "DELETE /services/ HTTP/1.1" 404 1767 "-" "Opera/9.80 (X11; Linux i686; Ubuntu/14.10) Presto/2.12.388 Version/12.16"
153.52.113.49 - - [04/Jan/2025:07:49:53 +0300] "POST /contact/ HTTP/1.1" 200 11833 "-" "Safari/604.1 CFNetwork/893.14 Darwin/17.0.0 (x86_64)"
124.29.122.120 - - [04/Jan/2025:07:50:42 +0300] "DELETE /about-us/ HTTP/1.1" 403 8281 "-" "Crawler Bot v1.0 (+https://example.com/bot.html)"
124.29.122.120 - - [04/Jan/2025:07:51:09 +0300] "PATCH /services/ HTTP/1.1" 500 9929 "-" "Crawler Bot v1.0 (+https://example.com/bot.html)"
20.182.249.13 - - [04/Jan/2025:07:52:16 +0300] "PATCH /products/ HTTP/1.1" 404 27393 "-" "Microsoft Edge 44.18362.449.0; Windows 10; ARM64"
83.96.224.158 - - [04/Jan/2025:07:53:22 +0300] "DELETE /index.html HTTP/1.1" 400 24868 "-" "Wget/1.19.5 (linux-gnu)"
83.96.224.158 - - [04/Jan/2025:07:54:12 +0300] "PATCH /index.html HTTP/1.1" 403 10732 "-" "Microsoft Edge 44.18362.449.0; Windows 10; ARM64"
64.255.15.33 - - [04/Jan/2025:07:54:54 +0300] "GET /products/ HTTP/1.1" 400 31805 "-" "Opera/9.80 (X11; Linux i686; Ubuntu/14.10) Presto/2.12.388 Version/12.16"
180.101.174.150 - - [04/Jan/2025:07:55:36 +0300] "POST /contact/ HTTP/1.1" 500 20328 "-" "Opera/9.80 (X11; Linux i686; Ubuntu/14.10) Presto/2.12.388 Version/12.16"
147.65.92.12 - - [04/Jan/2025:07:55:43 +0300] "DELETE /services/ HTTP/1.1" 403 14657 "-" "Safari/604.1 CFNetwork/893.14 Darwin/17.0.0 (x86_64)"
214.61.138.41 - - [04/Jan/2025:07:56:11 +0300] "PUT /products/ HTTP/1.1" 404 29319 "-" "Internet Explorer 7.0; Windows NT 6.0; Trident/5.0"
36.254.127.5 - - [04/Jan/2025:07:56:56 +0300] "POST /index.html HTTP/1.1" 401 8315 "-" "Opera/9.80 (X11; Linux i686; Ubuntu/14.10) Presto/2.12.388 Version/12.16"
147.65.92.12 - - [04/Jan/2025:07:57:57 +0300] "PATCH /about-us/ HTTP/1.1" 200 28565 "-" "Microsoft Edge 44.18362.449.0; Windows 10; ARM64"
64.255.15.33 - - [04/Jan/2025:07:58:32 +0300] "GET /index.html HTTP/1.1" 200 24583 "-" "Wget/1.19.5 (linux-gnu)"
172.55.147.133 - - [04/Jan/2025:07:58:41 +0300] "DELETE /products/ HTTP/1.1" 200 11638 "-" "Internet Explorer 7.0; Windows NT 6.0; Trident/5.0"
231.62.123.253 - - [04/Jan/2025:07:59:43 +0300] "DELETE /about-us/ HTTP/1.1" 500 22183 "-" "Opera/9.80 (X11; Linux i686; Ubuntu/14.10) Presto/2.12.388 Version/12.16"
180.101.174.150 - - [04/Jan/2025:08:00:15 +0300] "DELETE /about-us/ HTTP/1.1" 404 27988 "-" "Opera/9.80 (X11; Linux i686; Ubuntu/14.10) Presto/2.12.388 Version/12.16"
153.52.113.49 - - [04/Jan/2025:08:00:27 +0300] "PUT /services/ HTTP/1.1" 404 27490 "-" "Mozilla/5.0 (Windows NT 10.0; Win64; x64) AppleWebKit/537.36 (KHTML, like Gecko) Chrome/92.0.4515.107 Safari/537.36"
53.144.239.176 - - [04/Jan/2025:08:02:00 +0300] "DELETE /services/ HTTP/1.1" 401 21720 "-" "Wget/1.19.5 (linux-gnu)"
28.186.70.250 - - [04/Jan/2025:08:02:19 +0300] "GET /products/ HTTP/1.1" 500 31597 "-" "Wget/1.19.5 (linux-gnu)"
20.182.249.13 - - [04/Jan/2025:08:02:39 +0300] "POST /about-us/ HTTP/1.1" 502 23066 "-" "Wget/1.19.5 (linux-gnu)"
229.206.221.69 - - [04/Jan/2025:08:03:05 +0300] "DELETE /services/ HTTP/1.1" 501 17305 "-" "Wget/1.19.5 (linux-gnu)"
142.201.33.58 - - [04/Jan/2025:08:03:39 +0300] "PUT /products/ HTTP/1.1" 201 12949 "-" "Wget/1.19.5 (linux-gnu)"
142.201.33.58 - - [04/Jan/2025:08:04:25 +0300] "PUT /services/ HTTP/1.1" 400 25901 "-" "Opera/9.80 (X11; Linux i686; Ubuntu/14.10) Presto/2.12.388 Version/12.16"
214.61.138.41 - - [04/Jan/2025:08:05:44 +0300] "DELETE /products/ HTTP/1.1" 503 33741 "-" "Mozilla/5.0 (Windows NT 10.0; Win64; x64) AppleWebKit/537.36 (KHTML, like Gecko) Chrome/92.0.4515.107 Safari/537.36"
114.72.135.61 - - [04/Jan/2025:08:06:00 +0300] "GET /contact/ HTTP/1.1" 401 14480 "-" "Internet Explorer 7.0; Windows NT 6.0; Trident/5.0"
214.61.138.41 - - [04/Jan/2025:08:07:35 +0300] "DELETE /services/ HTTP/1.1" 403 8386 "-" "Safari/604.1 CFNetwork/893.14 Darwin/17.0.0 (x86_64)"
180.101.174.150 - - [04/Jan/2025:08:08:30 +0300] "GET /contact/ HTTP/1.1" 500 17973 "-" "Opera/9.80 (X11; Linux i686; Ubuntu/14.10) Presto/2.12.388 Version/12.16"
218.228.44.29 - - [04/Jan/2025:08:09:34 +0300] "DELETE /index.html HTTP/1.1" 404 15655 "-" "Internet Explorer 7.0; Windows NT 6.0; Trident/5.0"
28.42.76.86 - - [04/Jan/2025:08:10:06 +0300] "GET /products/ HTTP/1.1" 500 11578 "-" "Safari/604.1 CFNetwork/893.14 Darwin/17.0.0 (x86_64)"
142.201.33.58 - - [04/Jan/2025:08:11:38 +0300] "POST /index.html HTTP/1.1" 502 26428 "-" "Crawler Bot v1.0 (+https://example.com/bot.html)"
53.144.239.176 - - [04/Jan/2025:08:11:40 +0300] "GET /about-us/ HTTP/1.1" 401 4017 "-" "Crawler Bot v1.0 (+https://example.com/bot.html)"
124.29.122.120 - - [04/Jan/2025:08:12:01 +0300] "POST /contact/ HTTP/1.1" 401 33258 "-" "Safari/604.1 CFNetwork/893.14 Darwin/17.0.0 (x86_64)"
153.52.113.49 - - [04/Jan/2025:08:13:04 +0300] "PUT /services/ HTTP/1.1" 404 21160 "-" "Microsoft Edge 44.18362.449.0; Windows 10; ARM64"
250.74.3.46 - - [04/Jan/2025:08:13:30 +0300] "PUT /index.html HTTP/1.1" 400 3245 "-" "Safari/604.1 CFNetwork/893.14 Darwin/17.0.0 (x86_64)"
133.81.129.159 - - [04/Jan/2025:08:14:46 +0300] "POST /products/ HTTP/1.1" 401 16789 "-" "Wget/1.19.5 (linux-gnu)"
180.101.174.150 - - [04/Jan/2025:08:14:48 +0300] "GET /contact/ HTTP/1.1" 400 19463 "-" "Mozilla/5.0 (Windows NT 10.0; Win64; x64) AppleWebKit/537.36 (KHTML, like Gecko) Chrome/92.0.4515.107 Safari/537.36"
153.52.113.49 - - [04/Jan/2025:08:14:55 +0300] "GET /index.html HTTP/1.1" 501 18464 "-" "Internet Explorer 7.0; Windows NT 6.0; Trident/5.0"
168.14.215.0 - - [04/Jan/2025:08:15:17 +0300] "GET /services/ HTTP/1.1" 403 11422 "-" "Mozilla/5.0 (Windows NT 10.0; Win64; x64) AppleWebKit/537.36 (KHTML, like Gecko) Chrome/92.0.4515.107 Safari/537.36"
124.29.122.120 - - [04/Jan/2025:08:15:54 +0300] "POST /about-us/ HTTP/1.1" 401 26154 "-" "Opera/9.80 (X11; Linux i686; Ubuntu/14.10) Presto/2.12.388 Version/12.16"
28.42.76.86 - - [04/Jan/2025:08:16:32 +0300] "PUT /about-us/ HTTP/1.1" 502 2637 "-" "Internet Explorer 7.0; Windows NT 6.0; Trident/5.0"
229.206.221.69 - - [04/Jan/2025:08:17:54 +0300] "PATCH /about-us/ HTTP/1.1" 403 8060 "-" "Internet Explorer 7.0; Windows NT 6.0; Trident/5.0"
36.254.127.5 - - [04/Jan/2025:08:19:22 +0300] "GET /products/ HTTP/1.1" 500 17250 "-" "Microsoft Edge 44.18362.449.0; Windows 10; ARM64"
28.42.76.86 - - [04/Jan/2025:08:19:30 +0300] "DELETE /index.html HTTP/1.1" 404 10338 "-" "Crawler Bot v1.0 (+https://example.com/bot.html)"
36.254.127.5 - - [04/Jan/2025:08:21:01 +0300] "PATCH /contact/ HTTP/1.1" 400 15613 "-" "Internet Explorer 7.0; Windows NT 6.0; Trident/5.0"
28.42.76.86 - - [04/Jan/2025:08:22:22 +0300] "DELETE /contact/ HTTP/1.1" 503 10844 "-" "Opera/9.80 (X11; Linux i686; Ubuntu/14.10) Presto/2.12.388 Version/12.16"
172.55.147.133 - - [04/Jan/2025:08:22:32 +0300] "POST /about-us/ HTTP/1.1" 501 14628 "-" "Opera/9.80 (X11; Linux i686; Ubuntu/14.10) Presto/2.12.388 Version/12.16"
153.52.113.49 - - [04/Jan/2025:08:23:45 +0300] "POST /index.html HTTP/1.1" 403 15323 "-" "Mozilla/5.0 (Windows NT 10.0; Win64; x64) AppleWebKit/537.36 (KHTML, like Gecko) Chrome/92.0.4515.107 Safari/537.36"
83.96.224.158 - - [04/Jan/2025:08:23:54 +0300] "PUT /contact/ HTTP/1.1" 200 15395 "-" "Opera/9.80 (X11; Linux i686; Ubuntu/14.10) Presto/2.12.388 Version/12.16"
172.55.147.133 - - [04/Jan/2025:08:25:23 +0300] "POST /products/ HTTP/1.1" 403 31314 "-" "Internet Explorer 7.0; Windows NT 6.0; Trident/5.0"
153.52.113.49 - - [04/Jan/2025:08:25:45 +0300] "POST /services/ HTTP/1.1" 500 18771 "-" "Mozilla/5.0 (Windows NT 10.0; Win64; x64) AppleWebKit/537.36 (KHTML, like Gecko) Chrome/92.0.4515.107 Safari/537.36"
28.186.70.250 - - [04/Jan/2025:08:26:00 +0300] "PATCH /about-us/ HTTP/1.1" 500 21389 "-" "Microsoft Edge 44.18362.449.0; Windows 10; ARM64"
168.14.215.0 - - [04/Jan/2025:08:27:20 +0300] "GET /index.html HTTP/1.1" 502 18958 "-" "Microsoft Edge 44.18362.449.0; Windows 10; ARM64"
28.42.76.86 - - [04/Jan/2025:08:28:30 +0300] "GET /services/ HTTP/1.1" 400 30062 "-" "Safari/604.1 CFNetwork/893.14 Darwin/17.0.0 (x86_64)"
28.186.70.250 - - [04/Jan/2025:08:30:03 +0300] "POST /services/ HTTP/1.1" 503 7457 "-" "Microsoft Edge 44.18362.449.0; Windows 10; ARM64"
36.254.127.5 - - [04/Jan/2025:08:30:38 +0300] "PATCH /index.html HTTP/1.1" 501 17056 "-" "Safari/604.1 CFNetwork/893.14 Darwin/17.0.0 (x86_64)"
218.228.44.29 - - [04/Jan/2025:08:31:33 +0300] "GET /contact/ HTTP/1.1" 503 10052 "-" "Wget/1.19.5 (linux-gnu)"
53.144.239.176 - - [04/Jan/2025:08:32:10 +0300] "GET /about-us/ HTTP/1.1" 501 15127 "-" "Crawler Bot v1.0 (+https://example.com/bot.html)"
172.55.147.133 - - [04/Jan/2025:08:32:24 +0300] "DELETE /index.html HTTP/1.1" 200 1467 "-" "Microsoft Edge 44.18362.449.0; Windows 10; ARM64"
28.186.70.250 - - [04/Jan/2025:08:33:44 +0300] "PUT /about-us/ HTTP/1.1" 503 14645 "-" "Safari/604.1 CFNetwork/893.14 Darwin/17.0.0 (x86_64)"
64.255.15.33 - - [04/Jan/2025:08:34:39 +0300] "PUT /products/ HTTP/1.1" 503 3370 "-" "Microsoft Edge 44.18362.449.0; Windows 10; ARM64"
229.206.221.69 - - [04/Jan/2025:08:35:13 +0300] "GET /products/ HTTP/1.1" 500 16628 "-" "Mozilla/5.0 (Windows NT 10.0; Win64; x64) AppleWebKit/537.36 (KHTML, like Gecko) Chrome/92.0.4515.107 Safari/537.36"
49.20.36.30 - - [04/Jan/2025:08:35:43 +0300] "POST /about-us/ HTTP/1.1" 201 8894 "-" "Crawler Bot v1.0 (+https://example.com/bot.html)"
83.96.224.158 - - [04/Jan/2025:08:36:48 +0300] "PUT /index.html HTTP/1.1" 403 17824 "-" "Internet Explorer 7.0; Windows NT 6.0; Trident/5.0"
53.144.239.176 - - [04/Jan/2025:08:37:12 +0300] "DELETE /contact/ HTTP/1.1" 500 32318 "-" "Opera/9.80 (X11; Linux i686; Ubuntu/14.10) Presto/2.12.388 Version/12.16"
172.55.147.133 - - [04/Jan/2025:08:38:33 +0300] "GET /services/ HTTP/1.1" 503 29139 "-" "Crawler Bot v1.0 (+https://example.com/bot.html)"
44.2.222.93 - - [04/Jan/2025:08:39:28 +0300] "GET /services/ HTTP/1.1" 401 32183 "-" "Internet Explorer 7.0; Windows NT 6.0; Trident/5.0"
149.90.30.222 - - [04/Jan/2025:08:39:55 +0300] "POST /services/ HTTP/1.1" 400 28047 "-" "Safari/604.1 CFNetwork/893.14 Darwin/17.0.0 (x86_64)"
49.20.36.30 - - [04/Jan/2025:08:41:21 +0300] "DELETE /services/ HTTP/1.1" 503 26665 "-" "Internet Explorer 7.0; Windows NT 6.0; Trident/5.0"
149.90.30.222 - - [04/Jan/2025:08:42:50 +0300] "POST /services/ HTTP/1.1" 503 14292 "-" "Mozilla/5.0 (Windows NT 10.0; Win64; x64) AppleWebKit/537.36 (KHTML, like Gecko) Chrome/92.0.4515.107 Safari/537.36"
172.55.147.133 - - [04/Jan/2025:08:43:13 +0300] "POST /contact/ HTTP/1.1" 400 12887 "-" "Internet Explorer 7.0; Windows NT 6.0; Trident/5.0"
83.96.224.158 - - [04/Jan/2025:08:44:08 +0300] "PUT /about-us/ HTTP/1.1" 400 14907 "-" "Opera/9.80 (X11; Linux i686; Ubuntu/14.10) Presto/2.12.388 Version/12.16"
214.61.138.41 - - [04/Jan/2025:08:44:29 +0300] "GET /services/ HTTP/1.1" 200 18070 "-" "Crawler Bot v1.0 (+https://example.com/bot.html)"
153.52.113.49 - - [04/Jan/2025:08:45:15 +0300] "DELETE /about-us/ HTTP/1.1" 404 29163 "-" "Microsoft Edge 44.18362.449.0; Windows 10; ARM64"
142.201.33.58 - - [04/Jan/2025:08:46:49 +0300] "GET /about-us/ HTTP/1.1" 403 27528 "-" "Safari/604.1 CFNetwork/893.14 Darwin/17.0.0 (x86_64)"
250.74.3.46 - - [04/Jan/2025:08:47:30 +0300] "DELETE /services/ HTTP/1.1" 201 9239 "-" "Safari/604.1 CFNetwork/893.14 Darwin/17.0.0 (x86_64)"
28.186.70.250 - - [04/Jan/2025:08:48:38 +0300] "GET /index.html HTTP/1.1" 404 25508 "-" "Opera/9.80 (X11; Linux i686; Ubuntu/14.10) Presto/2.12.388 Version/12.16"
53.144.239.176 - - [04/Jan/2025:08:49:24 +0300] "GET /about-us/ HTTP/1.1" 502 3666 "-" "Internet Explorer 7.0; Windows NT 6.0; Trident/5.0"
