20.182.249.13 - - [01/Jan/2025:04:55:53 +0300] "DELETE /services/ HTTP/1.1" 200 33264 "-" "Internet Explorer 7.0; Windows NT 6.0; Trident/5.0"
231.62.123.253 - - [01/Jan/2025:04:56:05 +0300] "PATCH /products/ HTTP/1.1" 502 21981 "-" "Internet Explorer 7.0; Windows NT 6.0; Trident/5.0"
83.96.224.158 - - [01/Jan/2025:04:56:46 +0300] "GET /index.html HTTP/1.1" 401 8752 "-" "Wget/1.19.5 (linux-gnu)"
147.65.92.12 - - [01/Jan/2025:04:57:30 +0300] "PATCH /contact/ HTTP/1.1" 404 27087 "-" "Crawler Bot v1.0 (+https://example.com/bot.html)"
83.96.224.158 - - [01/Jan/2025:04:58:31 +0300] "DELETE /services/ HTTP/1.1" 501 1933 "-" "Crawler Bot v1.0 (+https://example.com/bot.html)"
53.144.239.176 - - [01/Jan/2025:05:00:02 +0300] "POST /contact/ HTTP/1.1" 501 12003 "-" "Microsoft Edge 44.18362.449.0; Windows 10; ARM64"
231.62.123.253 - - [01/Jan/2025:05:00:03 +0300] "PUT /contact/ HTTP/1.1" 501 9691 "-" "Microsoft Edge 44.18362.449.0; Windows 10; ARM64"
149.90.30.222 - - [01/Jan/2025:05:00:22 +0300] "PATCH /index.html HTTP/1.1" 200 21901 "-" "Opera/9.80 (X11; Linux i686; Ubuntu/14.10) Presto/2.12.388 Version/12.16"
53.144.239.176 - - [01/Jan/2025:05:00:33 +0300] "PUT /about-us/ HTTP/1.1" 403 20769 "-" "Microsoft Edge 44.18362.449.0; Windows 10; ARM64"
44.2.222.93 - - [01/Jan/2025:05:01:56 +0300] "DELETE /products/ HTTP/1.1" 201 1380 "-" "Safari/604.1 CFNetwork/893.14 Darwin/17.0.0 (x86_64)"
180.101.174.150 - - [01/Jan/2025:05:02:30 +0300] "GET /about-us/ HTTP/1.1" 500 32814 "-" "Opera/9.80 (X11; Linux i686; Ubuntu/14.10) Presto/2.12.388 Version/12.16"
153.52.113.49 - - [01/Jan/2025:05:02:37 +0300] "DELETE /products/ HTTP/1.1" 404 14012 "-" "Internet Explorer 7.0; Windows NT 6.0; Trident/5.0"
142.201.33.58 - - [01/Jan/2025:05:03:36 +0300] "PATCH /index.html HTTP/1.1" 501 24355 "-" "Safari/604.1 CFNetwork/893.14 Darwin/17.0.0 (x86_64)"
133.81.129.159 - - [01/Jan/2025:05:04:10 +0300] "GET /products/ HTTP/1.1" 502 3834 "-" "Safari/604.1 CFNetwork/893.14 Darwin/17.0.0 (x86_64)"
168.14.215.0 - - [01/Jan/2025:05:05:53 +0300] "DELETE /products/ HTTP/1.1" 403 32567 "-" "Microsoft Edge 44.18362.449.0; Windows 10; ARM64"
214.61.138.41 - - [01/Jan/2025:05:07:22 +0300] "PUT /contact/ HTTP/1.1" 502 8931 "-" "Wget/1.19.5 (linux-gnu)"
229.206.221.69 - - [01/Jan/2025:05:08:27 +0300] "POST /contact/ HTTP/1.1" 500 6812 "-" "Safari/604.1 CFNetwork/893.14 Darwin/17.0.0 (x86_64)"
53.144.239.176 - - [01/Jan/2025:05:09:55 +0300] "PUT /services/ HTTP/1.1" 503 3092 "-" "Opera/9.80 (X11; Linux i686; Ubuntu/14.10) Presto/2.12.388 Version/12.16"
250.74.3.46 - - [01/Jan/2025:05:10:58 +0300] "DELETE /services/ HTTP/1.1" 502 8982 "-" "Opera/9.80 (X11; Linux i686; Ubuntu/14.10) Presto/2.12.388 Version/12.16"
168.14.215.0 - - [01/Jan/2025:05:12:29 +0300] "PUT /contact/ HTTP/1.1" 403 31571 "-" "Internet Explorer 7.0; Windows NT 6.0; Trident/5.0"
133.81.129.159 - - [01/Jan/2025:05:12:49 +0300] "PUT /index.html HTTP/1.1" 200 15981 "-" "Safari/604.1 CFNetwork/893.14 Darwin/17.0.0 (x86_64)"
28.186.70.250 - - [01/Jan/2025:05:13:30 +0300] "GET /services/ HTTP/1.1" 200 23517 "-" "Safari/604.1 CFNetwork/893.14 Darwin/17.0.0 (x86_64)"
149.90.30.222 - - [01/Jan/2025:05:15:12 +0300] "PUT /contact/ HTTP/1.1" 403 7996 "-" "Crawler Bot v1.0 (+https://example.com/bot.html)"
20.182.249.13 - - [01/Jan/2025:05:16:05 +0300] "GET /about-us/ HTTP/1.1" 401 5579 "-" "Crawler Bot v1.0 (+https://example.com/bot.html)"
133.81.129.159 - - [01/Jan/2025:05:16:33 +0300] "GET /products/ HTTP/1.1" 401 12683 "-" "Microsoft Edge 44.18362.449.0; Windows 10; ARM64"
231.62.123.253 - - [01/Jan/2025:05:17:26 +0300] "GET /products/ HTTP/1.1" 201 31876 "-" "Mozilla/5.0 (Windows NT 10.0; Win64; x64) AppleWebKit/537.36 (KHTML, like Gecko) Chrome/92.0.4515.107 Safari/537.36"
28.42.76.86 - - [01/Jan/2025:05:17:39 +0300] "PATCH /services/ HTTP/1.1" 403 6507 "-" "Mozilla/5.0 (Windows NT 10.0; Win64; x64) AppleWebKit/537.36 (KHTML, like Gecko) Chrome/92.0.4515.107 Safari/537.36"
214.61.138.41 - - [01/Jan/2025:05:18:41 +0300] "DELETE /index.html HTTP/1.1" 201 10561 "-" "Mozilla/5.0 (Windows NT 10.0; Win64; x64) AppleWebKit/537.36 (KHTML, like Gecko) Chrome/92.0.4515.107 Safari/537.36"
49.20.36.30 - - [01/Jan/2025:05:19:53 +0300] "DELETE /products/ HTTP/1.1" 404 21859 "-" "Safari/604.1 CFNetwork/893.14 Darwin/17.0.0 (x86_64)"
250.74.3.46 - - [01/Jan/2025:05:20:39 +0300] "PUT /contact/ HTTP/1.1" 503 26969 "-" "Wget/1.19.5 (linux-gnu)"
218.228.44.29 - - [01/Jan/2025:05:20:42 +0300] "POST /contact/ HTTP/1.1" 500 4728 "-" "Crawler Bot v1.0 (+https://example.com/bot.html)"
28.42.76.86 - - [01/Jan/2025:05:22:24 +0300] "POST /services/ HTTP/1.1" 200 30576 "-" "Microsoft Edge 44.18362.449.0; Windows 10; ARM64"
44.2.222.93 - - [01/Jan/2025:05:23:06 +0300] "POST /index.html HTTP/1.1" 403 13605 "-" "Crawler Bot v1.0 (+https://example.com/bot.html)"
147.65.92.12 - - [01/Jan/2025:05:23:11 +0300] "PATCH /contact/ HTTP/1.1" 400 1310 "-" "Wget/1.19.5 (linux-gnu)"
133.81.129.159 - - [01/Jan/2025:05:23:54 +0300] "POST /index.html HTTP/1.1" 503 25288 "-" "Internet Explorer 7.0; Windows NT 6.0; Trident/5.0"
142.201.33.58 - - [01/Jan/2025:05:25:09 +0300] "POST /about-us/ HTTP/1.1" 400 26637 "-" "Internet Explorer 7.0; Windows NT 6.0; Trident/5.0"
147.65.92.12 - - [01/Jan/2025:05:26:21 +0300] "POST /about-us/ HTTP/1.1" 501 18397 "-" "Opera/9.80 (X11; Linux i686; Ubuntu/14.10) Presto/2.12.388 Version/12.16"
142.201.33.58 - - [01/Jan/2025:05:27:05 +0300] "PUT /index.html HTTP/1.1" 403 13200 "-" "Wget/1.19.5 (linux-gnu)"
214.61.138.41 - - [01/Jan/2025:05:28:46 +0300] "DELETE /products/ HTTP/1.1" 502 11968 "-" "Crawler Bot v1.0 (+https://example.com/bot.html)"
28.186.70.250 - - [01/Jan/2025:05:30:30 +0300] "PUT /services/ HTTP/1.1" 500 4636 "-" "Mozilla/5.0 (Windows NT 10.0; Win64; x64) AppleWebKit/537.36 (KHTML, like Gecko) Chrome/92.0.4515.107 Safari/537.36"
28.42.76.86 - - [01/Jan/2025:05:31:19 +0300] "DELETE /services/ HTTP/1.1" 200 26883 "-" "Internet Explorer 7.0; Windows NT 6.0; Trident/5.0"
142.201.33.58 - - [01/Jan/2025:05:32:11 +0300] "POST /services/ HTTP/1.1" 502 23837 "-" "Safari/604.1 CFNetwork/893.14 Darwin/17.0.0 (x86_64)"
172.55.147.133 - - [01/Jan/2025:05:33:16 +0300] "GET /services/ HTTP/1.1" 404 1658 "-" "Safari/604.1 CFNetwork/893.14 Darwin/17.0.0 (x86_64)"
218.228.44.29 - - [01/Jan/2025:05:33:32 +0300] "GET /contact/ HTTP/1.1" 404 22698 "-" "Wget/1.19.5 (linux-gnu)"
180.101.174.150 - - [01/Jan/2025:05:33:48 +0300] "GET /about-us/ HTTP/1.1" 501 16530 "-" "Mozilla/5.0 (Windows NT 10.0; Win64; x64) AppleWebKit/537.36 (KHTML, like Gecko) Chrome/92.0.4515.107 Safari/537.36"
214.61.138.41 - - [01/Jan/2025:05:34:16 +0300] "GET /contact/ HTTP/1.1" 401 20974 "-" "Mozilla/5.0 (Windows NT 10.0; Win64; x64) AppleWebKit/537.36 (KHTML, like Gecko) Chrome/92.0.4515.107 Safari/537.36"
36.254.127.5 - - [01/Jan/2025:05:35:28 +0300] "PUT /services/ HTTP/1.1" 500 14847 "-" "Wget/1.19.5 (linux-gnu)"
44.2.222.93 - - [01/Jan/2025:05:36:52 +0300] "PUT /about-us/ HTTP/1.1" 200 2496 "-" "Internet Explorer 7.0; Windows NT 6.0; Trident/5.0"
180.101.174.150 - - [01/Jan/2025:05:36:57 +0300] "PATCH /services/ HTTP/1.1" 201 21835 "-" "Safari/604.1 CFNetwork/893.14 Darwin/17.0.0 (x86_64)"
114.72.135.61 - - [01/Jan/2025:05:37:25 +0300] "GET /about-us/ HTTP/1.1" 404 23417 "-" "Safari/604.1 CFNetwork/893.14 Darwin/17.0.0 (x86_64)"
142.201.33.58 - - [01/Jan/2025:05:37:37 +0300] "DELETE /contact/ HTTP/1.1" 501 23801 "-" "Opera/9.80 (X11; Linux i686; Ubuntu/14.10) Presto/2.12.388 Version/12.16"
53.144.239.176 - - [01/Jan/2025:05:38:20 +0300] "GET /index.html HTTP/1.1" 200 14370 "-" "Safari/604.1 CFNetwork/893.14 Darwin/17.0.0 (x86_64)"
231.62.123.253 - - [01/Jan/2025:05:39:27 +0300] "POST /services/ HTTP/1.1" 501 10791 "-" "Opera/9.80 (X11; Linux i686; Ubuntu/14.10) Presto/2.12.388 Version/12.16"
44.2.222.93 - - [01/Jan/2025:05:40:29 +0300] "PATCH /contact/ HTTP/1.1" 403 33683 "-" "Mozilla/5.0 (Windows NT 10.0; Win64; x64) AppleWebKit/537.36 (KHTML, like Gecko) Chrome/92.0.4515.107 Safari/537.36"
53.144.239.176 - - [01/Jan/2025:05:40:53 +0300] "POST /contact/ HTTP/1.1" 201 12101 "-" "Microsoft Edge 44.18362.449.0; Windows 10; ARM64"
180.101.174.150 - - [01/Jan/2025:05:42:23 +0300] "PUT /products/ HTTP/1.1" 502 19868 "-" "Opera/9.80 (X11; Linux i686; Ubuntu/14.10) Presto/2.12.388 Version/12.16"
64.255.15.33 - - [01/Jan/2025:05:44:09 +0300] "PUT /contact/ HTTP/1.1" 403 7413 "-" "Wget/1.19.5 (linux-gnu)"
172.55.147.133 - - [01/Jan/2025:05:45:09 +0300] "POST /index.html HTTP/1.1" 501 16633 "-" "Microsoft Edge 44.18362.449.0; Windows 10; ARM64"
83.96.224.158 - - [01/Jan/2025:05:46:47 +0300] "DELETE /index.html HTTP/1.1" 200 2364 "-" "Opera/9.80 (X11; Linux i686; Ubuntu/14.10) Presto/2.12.388 Version/12.16"
28.186.70.250 - - [01/Jan/2025:05:47:53 +0300] "DELETE /about-us/ HTTP/1.1" 500 21334 "-" "Crawler Bot v1.0 (+https://example.com/bot.html)"
180.101.174.150 - - [01/Jan/2025:05:48:26 +0300] "PUT /products/ HTTP/1.1" 400 21011 "-" "Internet Explorer 7.0; Windows NT 6.0; Trident/5.0"
64.255.15.33 - - [01/Jan/2025:05:49:12 +0300] "PUT /contact/ HTTP/1.1" 501 21453 "-" "Wget/1.19.5 (linux-gnu)"
231.62.123.253 - - [01/Jan/2025:05:49:46 +0300] "PUT /contact/ HTTP/1.1" 200 26973 "-" "Opera/9.80 (X11; Linux i686; Ubuntu/14.10) Presto/2.12.388 Version/12.16"
180.101.174.150 - - [01/Jan/2025:05:50:23 +0300] "PATCH /products/ HTTP/1.1" 503 20903 "-" "Mozilla/5.0 (Windows NT 10.0; Win64; x64) AppleWebKit/537.36 (KHTML, like Gecko) Chrome/92.0.4515.107 Safari/537.36"
180.101.174.150 - - [01/Jan/2025:05:50:37 +0300] "PUT /about-us/ HTTP/1.1" 201 6212 "-" "Opera/9.80 (X11; Linux i686; Ubuntu/14.10) Presto/2.12.388 Version/12.16"
133.81.129.159 - - [01/Jan/2025:05:51:45 +0300] "POST /index.html HTTP/1.1" 400 16250 "-" "Wget/1.19.5 (linux-gnu)"
214.61.138.41 - - [01/Jan/2025:05:51:50 +0300] "POST /services/ HTTP/1.1" 502 11049 "-" "Microsoft Edge 44.18362.449.0; Windows 10; ARM64"
36.254.127.5 - - [01/Jan/2025:05:53:07 +0300] "POST /contact/ HTTP/1.1" 503 27607 "-" "Crawler Bot v1.0 (+https://example.com/bot.html)"
133.81.129.159 - - [01/Jan/2025:05:54:20 +0300] "PUT /index.html HTTP/1.1" 502 1560 "-" "Wget/1.19.5 (linux-gnu)"
218.228.44.29 - - [01/Jan/2025:05:54:33 +0300] "PATCH /about-us/ HTTP/1.1" 501 19721 "-" "Wget/1.19.5 (linux-gnu)"
53.144.239.176 - - [01/Jan/2025:05:54:56 +0300] "PATCH /index.html HTTP/1.1" 400 23365 "-" "Safari/604.1 CFNetwork/893.14 Darwin/17.0.0 (x86_64)"
64.255.15.33 - - [01/Jan/2025:05:55:05 +0300] "DELETE /index.html HTTP/1.1" 403 20556 "-" "Wget/1.19.5 (linux-gnu)"
214.61.138.41 - - [01/Jan/2025:05:56:48 +0300] "DELETE /contact/ HTTP/1.1" 400 33728 "-" "Crawler Bot v1.0 (+https://example.com/bot.html)"
214.61.138.41 - - [01/Jan/2025:05:57:01 +0300] "PUT /services/ HTTP/1.1" 501 14574 "-" "Opera/9.80 (X11; Linux i686; Ubuntu/14.10) Presto/2.12.388 Version/12.16"
218.228.44.29 - - [01/Jan/2025:05:58:02 +0300] "PATCH /contact/ HTTP/1.1" 501 11423 "-" "Microsoft Edge 44.18362.449.0; Windows 10; ARM64"
36.254.127.5 - - [01/Jan/2025:05:59:30 +0300] "POST /services/ HTTP/1.1" 403 17943 "-" "Opera/9.80 (X11; Linux i686; Ubuntu/14.10) Presto/2.12.388 Version/12.16"
64.255.15.33 - - [01/Jan/2025:06:00:36 +0300] "POST /products/ HTTP/1.1" 502 19841 "-" "Mozilla/5.0 (Windows NT 10.0; Win64; x64) AppleWebKit/537.36 (KHTML, like Gecko) Chrome/92.0.4515.107 Safari/537.36"
49.20.36.30 - - [01/Jan/2025:06:01:21 +0300] "POST /about-us/ HTTP/1.1" 201 15159 "-" "Opera/9.80 (X11; Linux i686; Ubuntu/14.10) Presto/2.12.388 Version/12.16"
153.52.113.49 - - [01/Jan/2025:06:02:35 +0300] "DELETE /about-us/ HTTP/1.1" 201 32126 "-" "Crawler Bot v1.0 (+https://example.com/bot.html)"
168.14.215.0 - - [01/Jan/2025:06:03:37 +0300] "GET /index.html HTTP/1.1" 503 25871 "-" "Crawler Bot v1.0 (+https://example.com/bot.html)"
114.72.135.61 - - [01/Jan/2025:06:04:52 +0300] "DELETE /products/ HTTP/1.1" 501 25724 "-" "Internet Explorer 7.0; Windows NT 6.0; Trident/5.0"
214.61.138.41 - - [01/Jan/2025:06:06:20 +0300] "PATCH /services/ HTTP/1.1" 500 9041 "-" "Wget/1.19.5 (linux-gnu)"
149.90.30.222 - - [01/Jan/2025:06:07:28 +0300] "POST /contact/ HTTP/1.1" 201 3555 "-" "Crawler Bot v1.0 (+https://example.com/bot.html)"
28.42.76.86 - - [01/Jan/2025:06:08:42 +0300] "PUT /contact/ HTTP/1.1" 500 19613 "-" "Crawler Bot v1.0 (+https://example.com/bot.html)"
172.55.147.133 - - [01/Jan/2025:06:09:03 +0300] "PUT /contact/ HTTP/1.1" 200 23668 "-" "Wget/1.19.5 (linux-gnu)"
153.52.113.49 - - [01/Jan/2025:06:09:35 +0300] "PATCH /index.html HTTP/1.1" 403 29091 "-" "Mozilla/5.0 (Windows NT 10.0; Win64; x64) AppleWebKit/537.36 (KHTML, like Gecko) Chrome/92.0.4515.107 Safari/537.36"
147.65.92.12 - - [01/Jan/2025:06:11:20 +0300] "PUT /contact/ HTTP/1.1" 501 11915 "-" "Crawler Bot v1.0 (+https://example.com/bot.html)"
172.55.147.133 - - [01/Jan/2025:06:12:16 +0300] "POST /index.html HTTP/1.1" 501 17719 "-" "Safari/604.1 CFNetwork/893.14 Darwin/17.0.0 (x86_64)"
83.96.224.158 - - [01/Jan/2025:06:12:30 +0300] "PUT /about-us/ HTTP/1.1" 201 23913 "-" "Crawler Bot v1.0 (+https://example.com/bot.html)"
172.55.147.133 - - [01/Jan/2025:06:13:42 +0300] "PATCH /services/ HTTP/1.1" 200 22874 "-" "Mozilla/5.0 (Windows NT 10.0; Win64; x64) AppleWebKit/537.36 (KHTML, like Gecko) Chrome/92.0.4515.107 Safari/537.36"
231.62.123.253 - - [01/Jan/2025:06:14:08 +0300] "PATCH /services/ HTTP/1.1" 201 12504 "-" "Mozilla/5.0 (Windows NT 10.0; Win64; x64) AppleWebKit/537.36 (KHTML, like Gecko) Chrome/92.0.4515.107 Safari/537.36"
44.2.222.93 - - [01/Jan/2025:06:14:19 +0300] "DELETE /services/ HTTP/1.1" 201 18746 "-" "Opera/9.80 (X11; Linux i686; Ubuntu/14.10) Presto/2.12.388 Version/12.16"
28.186.70.250 - - [01/Jan/2025:06:16:03 +0300] "POST /products/ HTTP/1.1" 503 11848 "-" "Safari/604.1 CFNetwork/893.14 Darwin/17.0.0 (x86_64)"
28.42.76.86 - - [01/Jan/2025:06:17:31 +0300] "POST /index.html HTTP/1.1" 404 12768 "-" "Safari/604.1 CFNetwork/893.14 Darwin/17.0.0 (x86_64)"
20.182.249.13 - - [01/Jan/2025:06:18:53 +0300] "POST /about-us/ HTTP/1.1" 400 22573 "-" "Mozilla/5.0 (Windows NT 10.0; Win64; x64) AppleWebKit/537.36 (KHTML, like Gecko) Chrome/92.0.4515.107 Safari/537.36"
64.255.15.33 - - [01/Jan/2025:06:19:50 +0300] "POST /products/ HTTP/1.1" 501 22158 "-" "Microsoft Edge 44.18362.449.0; Windows 10; ARM64"
172.55.147.133 - - [01/Jan/2025:06:20:24 +0300] "PUT /products/ HTTP/1.1" 400 22020 "-" "Crawler Bot v1.0 (+https://example.com/bot.html)"
28.186.70.250 - - [01/Jan/2025:06:20:51 +0300] "PUT /contact/ HTTP/1.1" 404 2957 "-" "Mozilla/5.0 (Windows NT 10.0; Win64; x64) AppleWebKit/537.36 (KHTML, like Gecko) Chrome/92.0.4515.107 Safari/537.36"
172.55.147.133 - - [01/Jan/2025:06:22:02 +0300] "GET /about-us/ HTTP/1.1" 500 21193 "-" "Wget/1.19.5 (linux-gnu)"
53.144.239.176 - - [01/Jan/2025:06:23:14 +0300] "PATCH /index.html HTTP/1.1" 201 5636 "-" "Safari/604.1 CFNetwork/893.14 Darwin/17.0.0 (x86_64)"
142.201.33.58 - - [01/Jan/2025:06:23:40 +0300] "POST /index.html HTTP/1.1" 401 16752 "-" "Wget/1.19.5 (linux-gnu)"
124.29.122.120 - - [01/Jan/2025:06:24:06 +0300] "GET /index.html HTTP/1.1" 404 18018 "-" "Safari/604.1 CFNetwork/893.14 Darwin/17.0.0 (x86_64)"
44.2.222.93 - - [01/Jan/2025:06:24:15 +0300] "DELETE /contact/ HTTP/1.1" 501 1947 "-" "Safari/604.1 CFNetwork/893.14 Darwin/17.0.0 (x86_64)"
83.96.224.158 - - [01/Jan/2025:06:24:57 +0300] "PUT /products/ HTTP/1.1" 502 32677 "-" "Mozilla/5.0 (Windows NT 10.0; Win64; x64) AppleWebKit/537.36 (KHTML, like Gecko) Chrome/92.0.4515.107 Safari/537.36"
49.20.36.30 - - [01/Jan/2025:06:25:15 +0300] "PATCH /services/ HTTP/1.1" 200 2833 "-" "Wget/1.19.5 (linux-gnu)"
28.42.76.86 - - [01/Jan/2025:06:26:08 +0300] "GET /contact/ HTTP/1.1" 501 6830 "-" "Opera/9.80 (X11; Linux i686; Ubuntu/14.10) Presto/2.12.388 Version/12.16"
142.201.33.58 - - [01/Jan/2025:06:27:53 +0300] "DELETE /contact/ HTTP/1.1" 403 28665 "-" "Microsoft Edge 44.18362.449.0; Windows 10; ARM64"
64.255.15.33 - - [01/Jan/2025:06:29:05 +0300] "GET /contact/ HTTP/1.1" 501 21581 "-" "Mozilla/5.0 (Windows NT 10.0; Win64; x64) AppleWebKit/537.36 (KHTML, like Gecko) Chrome/92.0.4515.107 Safari/537.36"
114.72.135.61 - - [01/Jan/2025:06:29:36 +0300] "PUT /index.html HTTP/1.1" 404 11414 "-" "Internet Explorer 7.0; Windows NT 6.0; Trident/5.0"
214.61.138.41 - - [01/Jan/2025:06:30:25 +0300] "PATCH /about-us/ HTTP/1.1" 502 11434 "-" "Microsoft Edge 44.18362.449.0; Windows 10; ARM64"
53.144.239.176 - - [01/Jan/2025:06:30:36 +0300] "GET /contact/ HTTP/1.1" 502 4179 "-" "Crawler Bot v1.0 (+https://example.com/bot.html)"
218.228.44.29 - - [01/Jan/2025:06:31:46 +0300] "GET /about-us/ HTTP/1.1" 401 28209 "-" "Crawler Bot v1.0 (+https://example.com/bot.html)"
114.72.135.61 - - [01/Jan/2025:06:32:44 +0300] "PUT /index.html HTTP/1.1" 200 14480 "-" "Opera/9.80 (X11; Linux i686; Ubuntu/14.10) Presto/2.12.388 Version/12.16"
36.254.127.5 - - [01/Jan/2025:06:33:00 +0300] "PATCH /index.html HTTP/1.1" 401 4180 "-" "Crawler Bot v1.0 (+https://example.com/bot.html)"
28.186.70.250 - - [01/Jan/2025:06:34:42 +0300] "GET /about-us/ HTTP/1.1" 404 17137 "-" "Opera/9.80 (X11; Linux i686; Ubuntu/14.10) Presto/2.12.388 Version/12.16"
149.90.30.222 - - [01/Jan/2025:06:35:19 +0300] "GET /services/ HTTP/1.1" 501 31449 "-" "Crawler Bot v1.0 (+https://example.com/bot.html)"
147.65.92.12 - - [01/Jan/2025:06:36:57 +0300] "GET /about-us/ HTTP/1.1" 404 32677 "-" "Internet Explorer 7.0; Windows NT 6.0; Trident/5.0"
231.62.123.253 - - [01/Jan/2025:06:38:09 +0300] "PUT /services/ HTTP/1.1" 201 33660 "-" "Wget/1.19.5 (linux-gnu)"
218.228.44.29 - - [01/Jan/2025:06:39:01 +0300] "PATCH /index.html HTTP/1.1" 502 14757 "-" "Safari/604.1 CFNetwork/893.14 Darwin/17.0.0 (x86_64)"
133.81.129.159 - - [01/Jan/2025:06:39:04 +0300] "POST /services/ HTTP/1.1" 200 28414 "-" "Opera/9.80 (X11; Linux i686; Ubuntu/14.10) Presto/2.12.388 Version/12.16"
64.255.15.33 - - [01/Jan/2025:06:39:31 +0300] "PATCH /contact/ HTTP/1.1" 500 33505 "-" "Wget/1.19.5 (linux-gnu)"
53.144.239.176 - - [01/Jan/2025:06:40:04 +0300] "POST /index.html HTTP/1.1" 500 14825 "-" "Microsoft Edge 44.18362.449.0; Windows 10; ARM64"
142.201.33.58 - - [01/Jan/2025:06:41:48 +0300] "DELETE /products/ HTTP/1.1" 503 29945 "-" "Safari/604.1 CFNetwork/893.14 Darwin/17.0.0 (x86_64)"
49.20.36.30 - - [01/Jan/2025:06:42:24 +0300] "GET /contact/ HTTP/1.1" 403 4751 "-" "Wget/1.19.5 (linux-gnu)"
180.101.174.150 - - [01/Jan/2025:06:42:36 +0300] "PATCH /services/ HTTP/1.1" 404 1155 "-" "Safari/604.1 CFNetwork/893.14 Darwin/17.0.0 (x86_64)"
172.55.147.133 - - [01/Jan/2025:06:43:09 +0300] "PUT /services/ HTTP/1.1" 403 28421 "-" "Mozilla/5.0 (Windows NT 10.0; Win64; x64) AppleWebKit/537.36 (KHTML, like Gecko) Chrome/92.0.4515.107 Safari/537.36"
133.81.129.159 - - [01/Jan/2025:06:43:29 +0300] "GET /services/ HTTP/1.1" 400 25303 "-" "Microsoft Edge 44.18362.449.0; Windows 10; ARM64"
20.182.249.13 - - [01/Jan/2025:06:44:49 +0300] "GET /products/ HTTP/1.1" 401 7511 "-" "Safari/604.1 CFNetwork/893.14 Darwin/17.0.0 (x86_64)"
133.81.129.159 - - [01/Jan/2025:06:45:40 +0300] "POST /contact/ HTTP/1.1" 500 12381 "-" "Opera/9.80 (X11; Linux i686; Ubuntu/14.10) Presto/2.12.388 Version/12.16"
250.74.3.46 - - [01/Jan/2025:06:45:43 +0300] "PUT /services/ HTTP/1.1" 201 5922 "-" "Microsoft Edge 44.18362.449.0; Windows 10; ARM64"
153.52.113.49 - - [01/Jan/2025:06:46:24 +0300] "PUT /about-us/ HTTP/1.1" 404 18428 "-" "Safari/604.1 CFNetwork/893.14 Darwin/17.0.0 (x86_64)"
28.186.70.250 - - [01/Jan/2025:06:46:55 +0300] "PUT /services/ HTTP/1.1" 503 2321 "-" "Crawler Bot v1.0 (+https://example.com/bot.html)"
172.55.147.133 - - [01/Jan/2025:06:46:57 +0300] "GET /products/ HTTP/1.1" 401 14649 "-" "Safari/604.1 CFNetwork/893.14 Darwin/17.0.0 (x86_64)"
36.254.127.5 - - [01/Jan/2025:06:47:37 +0300] "DELETE /contact/ HTTP/1.1" 401 14414 "-" "Mozilla/5.0 (Windows NT 10.0; Win64; x64) AppleWebKit/537.36 (KHTML, like Gecko) Chrome/92.0.4515.107 Safari/537.36"
49.20.36.30 - - [01/Jan/2025:06:49:14 +0300] "GET /products/ HTTP/1.1" 200 28214 "-" "Crawler Bot v1.0 (+https://example.com/bot.html)"
28.42.76.86 - - [01/Jan/2025:06:49:26 +0300] "POST /services/ HTTP/1.1" 501 7472 "-" "Internet Explorer 7.0; Windows NT 6.0; Trident/5.0"
114.72.135.61 - - [01/Jan/2025:06:49:53 +0300] "POST /about-us/ HTTP/1.1" 403 25426 "-" "Opera/9.80 (X11; Linux i686; Ubuntu/14.10) Presto/2.12.388 Version/12.16"
49.20.36.30 - - [01/Jan/2025:06:50:58 +0300] "POST /services/ HTTP/1.1" 502 17219 "-" "Mozilla/5.0 (Windows NT 10.0; Win64; x64) AppleWebKit/537.36 (KHTML, like Gecko) Chrome/92.0.4515.107 Safari/537.36"
250.74.3.46 - - [01/Jan/2025:06:52:29 +0300] "PATCH /about-us/ HTTP/1.1" 403 33177 "-" "Opera/9.80 (X11; Linux i686; Ubuntu/14.10) Presto/2.12.388 Version/12.16"
168.14.215.0 - - [01/Jan/2025:06:53:14 +0300] "POST /index.html HTTP/1.1" 404 8681 "-" "Internet Explorer 7.0; Windows NT 6.0; Trident/5.0"
149.90.30.222 - - [01/Jan/2025:06:54:18 +0300] "PATCH /products/ HTTP/1.1" 404 12869 "-" "Opera/9.80 (X11; Linux i686; Ubuntu/14.10) Presto/2.12.388 Version/12.16"
49.20.36.30 - - [01/Jan/2025:06:54:40 +0300] "GET /index.html HTTP/1.1" 404 19818 "-" "Internet Explorer 7.0; Windows NT 6.0; Trident/5.0"
20.182.249.13 - - [01/Jan/2025:06:55:00 +0300] "PUT /about-us/ HTTP/1.1" 403 30470 "-" "Mozilla/5.0 (Windows NT 10.0; Win64; x64) AppleWebKit/537.36 (KHTML, like Gecko) Chrome/92.0.4515.107 Safari/537.36"
44.2.222.93 - - [01/Jan/2025:06:55:40 +0300] "PUT /contact/ HTTP/1.1" 201 16532 "-" "Internet Explorer 7.0; Windows NT 6.0; Trident/5.0"
231.62.123.253 - - [01/Jan/2025:06:57:09 +0300] "PATCH /about-us/ HTTP/1.1" 401 22235 "-" "Internet Explorer 7.0; Windows NT 6.0; Trident/5.0"
114.72.135.61 - - [01/Jan/2025:06:58:24 +0300] "DELETE /about-us/ HTTP/1.1" 501 10628 "-" "Wget/1.19.5 (linux-gnu)"
147.65.92.12 - - [01/Jan/2025:06:59:21 +0300] "PATCH /contact/ HTTP/1.1" 502 27006 "-" "Microsoft Edge 44.18362.449.0; Windows 10; ARM64"
250.74.3.46 - - [01/Jan/2025:06:59:30 +0300] "DELETE /contact/ HTTP/1.1" 401 23550 "-" "Internet Explorer 7.0; Windows NT 6.0; Trident/5.0"
49.20.36.30 - - [01/Jan/2025:07:00:38 +0300] "PUT /services/ HTTP/1.1" 401 21834 "-" "Crawler Bot v1.0 (+https://example.com/bot.html)"
44.2.222.93 - - [01/Jan/2025:07:01:14 +0300] "GET /contact/ HTTP/1.1" 500 17039 "-" "Wget/1.19.5 (linux-gnu)"
36.254.127.5 - - [01/Jan/2025:07:01:38 +0300] "POST /products/ HTTP/1.1" 200 27920 "-" "Opera/9.80 (X11; Linux i686; Ubuntu/14.10) Presto/2.12.388 Version/12.16"
28.42.76.86 - - [01/Jan/2025:07:02:09 +0300] "DELETE /about-us/ HTTP/1.1" 503 19703 "-" "Crawler Bot v1.0 (+https://example.com/bot.html)"
44.2.222.93 - - [01/Jan/2025:07:03:36 +0300] "PATCH /services/ HTTP/1.1" 400 25263 "-" "Wget/1.19.5 (linux-gnu)"
172.55.147.133 - - [01/Jan/2025:07:05:11 +0300] "POST /index.html HTTP/1.1" 501 13899 "-" "Internet Explorer 7.0; Windows NT 6.0; Trident/5.0"
142.201.33.58 - - [01/Jan/2025:07:06:01 +0300] "DELETE /services/ HTTP/1.1" 401 12427 "-" "Crawler Bot v1.0 (+https://example.com/bot.html)"
218.228.44.29 - - [01/Jan/2025:07:07:17 +0300] "DELETE /about-us/ HTTP/1.1" 502 21038 "-" "Wget/1.19.5 (linux-gnu)"
133.81.129.159 - - [01/Jan/2025:07:08:33 +0300] "PATCH /contact/ HTTP/1.1" 403 16283 "-" "Safari/604.1 CFNetwork/893.14 Darwin/17.0.0 (x86_64)"
53.144.239.176 - - [01/Jan/2025:07:08:38 +0300] "DELETE /services/ HTTP/1.1" 401 25687 "-" "Wget/1.19.5 (linux-gnu)"
231.62.123.253 - - [01/Jan/2025:07:09:40 +0300] "POST /index.html HTTP/1.1" 400 5589 "-" "Microsoft Edge 44.18362.449.0; Windows 10; ARM64"
168.14.215.0 - - [01/Jan/2025:07:10:28 +0300] "POST /index.html HTTP/1.1" 502 4421 "-" "Safari/604.1 CFNetwork/893.14 Darwin/17.0.0 (x86_64)"
147.65.92.12 - - [01/Jan/2025:07:12:05 +0300] "DELETE /products/ HTTP/1.1" 201 6444 "-" "Mozilla/5.0 (Windows NT 10.0; Win64; x64) AppleWebKit/537.36 (KHTML, like Gecko) Chrome/92.0.4515.107 Safari/537.36"
36.254.127.5 - - [01/Jan/2025:07:12:27 +0300] "PATCH /products/ HTTP/1.1" 403 9479 "-" "Opera/9.80 (X11; Linux i686; Ubuntu/14.10) Presto/2.12.388 Version/12.16"
114.72.135.61 - - [01/Jan/2025:07:14:13 +0300] "POST /services/ HTTP/1.1" 403 13881 "-" "Internet Explorer 7.0; Windows NT 6.0; Trident/5.0"
231.62.123.253 - - [01/Jan/2025:07:14:47 +0300] "GET /contact/ HTTP/1.1" 404 29877 "-" "Mozilla/5.0 (Windows NT 10.0; Win64; x64) AppleWebKit/537.36 (KHTML, like Gecko) Chrome/92.0.4515.107 Safari/537.36"
147.65.92.12 - - [01/Jan/2025:07:15:23 +0300] "PATCH /index.html HTTP/1.1" 201 32074 "-" "Microsoft Edge 44.18362.449.0; Windows 10; ARM64"
64.255.15.33 - - [01/Jan/2025:07:16:46 +0300] "PUT /products/ HTTP/1.1" 403 21775 "-" "Mozilla/5.0 (Windows NT 10.0; Win64; x64) AppleWebKit/537.36 (KHTML, like Gecko) Chrome/92.0.4515.107 Safari/537.36"
231.62.123.253 - - [01/Jan/2025:07:17:42 +0300] "PUT /services/ HTTP/1.1" 404 16083 "-" "Internet Explorer 7.0; Windows NT 6.0; Trident/5.0"
124.29.122.120 - - [01/Jan/2025:07:18:52 +0300] "DELETE /contact/ HTTP/1.1" 403 32860 "-" "Crawler Bot v1.0 (+https://example.com/bot.html)"
168.14.215.0 - - [01/Jan/2025:07:19:14 +0300] "DELETE /index.html HTTP/1.1" 401 20685 "-" "Opera/9.80 (X11; Linux i686; Ubuntu/14.10) Presto/2.12.388 Version/12.16"
214.61.138.41 - - [01/Jan/2025:07:19:47 +0300] "PUT /products/ HTTP/1.1" 501 7350 "-" "Opera/9.80 (X11; Linux i686; Ubuntu/14.10) Presto/2.12.388 Version/12.16"
83.96.224.158 - - [01/Jan/2025:07:20:45 +0300] "GET /products/ HTTP/1.1" 503 3352 "-" "Crawler Bot v1.0 (+https://example.com/bot.html)"
28.42.76.86 - - [01/Jan/2025:07:22:10 +0300] "PUT /contact/ HTTP/1.1" 503 21655 "-" "Internet Explorer 7.0; Windows NT 6.0; Trident/5.0"
229.206.221.69 - - [01/Jan/2025:07:22:23 +0300] "POST /services/ HTTP/1.1" 501 18487 "-" "Wget/1.19.5 (linux-gnu)"
231.62.123.253 - - [01/Jan/2025:07:23:54 +0300] "POST /services/ HTTP/1.1" 404 26101 "-" "Wget/1.19.5 (linux-gnu)"
180.101.174.150 - - [01/Jan/2025:07:24:23 +0300] "PATCH /products/ HTTP/1.1" 503 17148 "-" "Microsoft Edge 44.18362.449.0; Windows 10; ARM64"
28.186.70.250 - - [01/Jan/2025:07:24:44 +0300] "PATCH /services/ HTTP/1.1" 401 29964 "-" "Safari/604.1 CFNetwork/893.14 Darwin/17.0.0 (x86_64)"
28.186.70.250 - - [01/Jan/2025:07:26:10 +0300] "PATCH /about-us/ HTTP/1.1" 400 20462 "-" "Safari/604.1 CFNetwork/893.14 Darwin/17.0.0 (x86_64)"
53.144.239.176 - - [01/Jan/2025:07:27:20 +0300] "DELETE /contact/ HTTP/1.1" 500 32845 "-" "Crawler Bot v1.0 (+https://example.com/bot.html)"
142.201.33.58 - - [01/Jan/2025:07:28:28 +0300] "GET /products/ HTTP/1.1" 403 26945 "-" "Mozilla/5.0 (Windows NT 10.0; Win64; x64) AppleWebKit/537.36 (KHTML, like Gecko) Chrome/92.0.4515.107 Safari/537.36"
147.65.92.12 - - [01/Jan/2025:07:29:43 +0300] "PUT /products/ HTTP/1.1" 400 4794 "-" "Opera/9.80 (X11; Linux i686; Ubuntu/14.10) Presto/2.12.388 Version/12.16"
114.72.135.61 - - [01/Jan/2025:07:29:47 +0300] "PATCH /index.html HTTP/1.1" 502 1918 "-" "Safari/604.1 CFNetwork/893.14 Darwin/17.0.0 (x86_64)"
28.42.76.86 - - [01/Jan/2025:07:30:18 +0300] "PATCH /index.html HTTP/1.1" 400 3885 "-" "Crawler Bot v1.0 (+https://example.com/bot.html)"
168.14.215.0 - - [01/Jan/2025:07:31:17 +0300] "GET /contact/ HTTP/1.1" 201 1443 "-" "Opera/9.80 (X11; Linux i686; Ubuntu/14.10) Presto/2.12.388 Version/12.16"
36.254.127.5 - - [01/Jan/2025:07:32:21 +0300] "PATCH /services/ HTTP/1.1" 201 4107 "-" "Crawler Bot v1.0 (+https://example.com/bot.html)"
44.2.222.93 - - [01/Jan/2025:07:33:20 +0300] "PATCH /about-us/ HTTP/1.1" 404 12275 "-" "Safari/604.1 CFNetwork/893.14 Darwin/17.0.0 (x86_64)"
28.186.70.250 - - [01/Jan/2025:07:33:37 +0300] "POST /index.html HTTP/1.1" 503 2301 "-" "Safari/604.1 CFNetwork/893.14 Darwin/17.0.0 (x86_64)"
172.55.147.133 - - [01/Jan/2025:07:33:41 +0300] "GET /products/ HTTP/1.1" 200 29286 "-" "Crawler Bot v1.0 (+https://example.com/bot.html)"
28.42.76.86 - - [01/Jan/2025:07:35:23 +0300] "POST /products/ HTTP/1.1" 201 29342 "-" "Crawler Bot v1.0 (+https://example.com/bot.html)"
153.52.113.49 - - [01/Jan/2025:07:35:31 +0300] "DELETE /products/ HTTP/1.1" 500 20280 "-" "Safari/604.1 CFNetwork/893.14 Darwin/17.0.0 (x86_64)"
44.2.222.93 - - [01/Jan/2025:07:35:38 +0300] "GET /index.html HTTP/1.1" 502 14180 "-" "Crawler Bot v1.0 (+https://example.com/bot.html)"
64.255.15.33 - - [01/Jan/2025:07:35:47 +0300] "PATCH /index.html HTTP/1.1" 400 13131 "-" "Safari/604.1 CFNetwork/893.14 Darwin/17.0.0 (x86_64)"
20.182.249.13 - - [01/Jan/2025:07:36:03 +0300] "DELETE /contact/ HTTP/1.1" 401 2704 "-" "Opera/9.80 (X11; Linux i686; Ubuntu/14.10) Presto/2.12.388 Version/12.16"
49.20.36.30 - - [01/Jan/2025:07:37:09 +0300] "PUT /about-us/ HTTP/1.1" 502 26511 "-" "Wget/1.19.5 (linux-gnu)"
28.186.70.250 - - [01/Jan/2025:07:38:04 +0300] "PATCH /contact/ HTTP/1.1" 503 14886 "-" "Crawler Bot v1.0 (+https://example.com/bot.html)"
153.52.113.49 - - [01/Jan/2025:07:38:15 +0300] "PATCH /contact/ HTTP/1.1" 503 27476 "-" "Opera/9.80 (X11; Linux i686; Ubuntu/14.10) Presto/2.12.388 Version/12.16"
229.206.221.69 - - [01/Jan/2025:07:39:01 +0300] "POST /contact/ HTTP/1.1" 404 5294 "-" "Crawler Bot v1.0 (+https://example.com/bot.html)"
53.144.239.176 - - [01/Jan/2025:07:39:29 +0300] "PATCH /products/ HTTP/1.1" 200 9848 "-" "Internet Explorer 7.0; Windows NT 6.0; Trident/5.0"
231.62.123.253 - - [01/Jan/2025:07:40:29 +0300] "POST /services/ HTTP/1.1" 500 11097 "-" "Crawler Bot v1.0 (+https://example.com/bot.html)"
44.2.222.93 - - [01/Jan/2025:07:41:58 +0300] "PATCH /products/ HTTP/1.1" 501 28207 "-" "Crawler Bot v1.0 (+https://example.com/bot.html)"
231.62.123.253 - - [01/Jan/2025:07:43:22 +0300] "PATCH /contact/ HTTP/1.1" 502 20118 "-" "Mozilla/5.0 (Windows NT 10.0; Win64; x64) AppleWebKit/537.36 (KHTML, like Gecko) Chrome/92.0.4515.107 Safari/537.36"
153.52.113.49 - - [01/Jan/2025:07:44:29 +0300] "PATCH /index.html HTTP/1.1" 401 4027 "-" "Crawler Bot v1.0 (+https://example.com/bot.html)"
28.186.70.250 - - [01/Jan/2025:07:46:12 +0300] "GET /index.html HTTP/1.1" 404 28854 "-" "Wget/1.19.5 (linux-gnu)"
153.52.113.49 - - [01/Jan/2025:07:47:58 +0300] "GET /index.html HTTP/1.1" 501 6665 "-" "Internet Explorer 7.0; Windows NT 6.0; Trident/5.0"
44.2.222.93 - - [01/Jan/2025:07:49:25 +0300] "PUT /services/ HTTP/1.1" 500 6004 "-" "Microsoft Edge 44.18362.449.0; Windows 10; ARM64"
250.74.3.46 - - [01/Jan/2025:07:51:03 +0300] "PUT /contact/ HTTP/1.1" 200 4366 "-" "Wget/1.19.5 (linux-gnu)"
36.254.127.5 - - [01/Jan/2025:07:52:36 +0300] "PUT /about-us/ HTTP/1.1" 400 25255 "-" "Safari/604.1 CFNetwork/893.14 Darwin/17.0.0 (x86_64)"
153.52.113.49 - - [01/Jan/2025:07:53:57 +0300] "PATCH /products/ HTTP/1.1" 404 2504 "-" "Crawler Bot v1.0 (+https://example.com/bot.html)"
142.201.33.58 - - [01/Jan/2025:07:54:42 +0300] "POST /services/ HTTP/1.1" 502 16362 "-" "Wget/1.19.5 (linux-gnu)"
124.29.122.120 - - [01/Jan/2025:07:55:35 +0300] "DELETE /index.html HTTP/1.1" 401 22893 "-" "Safari/604.1 CFNetwork/893.14 Darwin/17.0.0 (x86_64)"
231.62.123.253 - - [01/Jan/2025:07:57:13 +0300] "GET /contact/ HTTP/1.1" 403 2581 "-" "Opera/9.80 (X11; Linux i686; Ubuntu/14.10) Presto/2.12.388 Version/12.16"
147.65.92.12 - - [01/Jan/2025:07:57:56 +0300] "PATCH /services/ HTTP/1.1" 502 20527 "-" "Mozilla/5.0 (Windows NT 10.0; Win64; x64) AppleWebKit/537.36 (KHTML, like Gecko) Chrome/92.0.4515.107 Safari/537.36"
153.52.113.49 - - [01/Jan/2025:07:58:09 +0300] "PATCH /index.html HTTP/1.1" 201 21763 "-" "Mozilla/5.0 (Windows NT 10.0; Win64; x64) AppleWebKit/537.36 (KHTML, like Gecko) Chrome/92.0.4515.107 Safari/537.36"
133.81.129.159 - - [01/Jan/2025:07:59:46 +0300] "PUT /contact/ HTTP/1.1" 500 27535 "-" "Crawler Bot v1.0 (+https://example.com/bot.html)"
147.65.92.12 - - [01/Jan/2025:08:00:57 +0300] "PATCH /services/ HTTP/1.1" 503 4084 "-" "Crawler Bot v1.0 (+https://example.com/bot.html)"
28.42.76.86 - - [01/Jan/2025:08:02:12 +0300] "POST /contact/ HTTP/1.1" 400 15789 "-" "Safari/604.1 CFNetwork/893.14 Darwin/17.0.0 (x86_64)"
172.55.147.133 - - [01/Jan/2025:08:03:22 +0300] "POST /index.html HTTP/1.1" 400 23030 "-" "Mozilla/5.0 (Windows NT 10.0; Win64; x64) AppleWebKit/537.36 (KHTML, like Gecko) Chrome/92.0.4515.107 Safari/537.36"
133.81.129.159 - - [01/Jan/2025:08:04:46 +0300] "GET /products/ HTTP/1.1" 400 14269 "-" "Opera/9.80 (X11; Linux i686; Ubuntu/14.10) Presto/2.12.388 Version/12.16"
153.52.113.49 - - [01/Jan/2025:08:04:52 +0300] "GET /about-us/ HTTP/1.1" 403 1563 "-" "Wget/1.19.5 (linux-gnu)"
44.2.222.93 - - [01/Jan/2025:08:05:41 +0300] "DELETE /products/ HTTP/1.1" 403 30554 "-" "Crawler Bot v1.0 (+https://example.com/bot.html)"
168.14.215.0 - - [01/Jan/2025:08:06:25 +0300] "PUT /services/ HTTP/1.1" 501 17418 "-" "Wget/1.19.5 (linux-gnu)"
114.72.135.61 - - [01/Jan/2025:08:06:29 +0300] "PATCH /about-us/ HTTP/1.1" 500 25017 "-" "Opera/9.80 (X11; Linux i686; Ubuntu/14.10) Presto/2.12.388 Version/12.16"
28.186.70.250 - - [01/Jan/2025:08:08:15 +0300] "GET /about-us/ HTTP/1.1" 400 2785 "-" "Safari/604.1 CFNetwork/893.14 Darwin/17.0.0 (x86_64)"
142.201.33.58 - - [01/Jan/2025:08:09:16 +0300] "POST /services/ HTTP/1.1" 201 24813 "-" "Internet Explorer 7.0; Windows NT 6.0; Trident/5.0"
153.52.113.49 - - [01/Jan/2025:08:10:24 +0300] "PATCH /products/ HTTP/1.1" 403 18022 "-" "Crawler Bot v1.0 (+https://example.com/bot.html)"
168.14.215.0 - - [01/Jan/2025:08:12:04 +0300] "PUT /about-us/ HTTP/1.1" 401 17079 "-" "Safari/604.1 CFNetwork/893.14 Darwin/17.0.0 (x86_64)"
83.96.224.158 - - [01/Jan/2025:08:12:49 +0300] "PUT /about-us/ HTTP/1.1" 200 1266 "-" "Crawler Bot v1.0 (+https://example.com/bot.html)"
124.29.122.120 - - [01/Jan/2025:08:14:06 +0300] "DELETE /index.html HTTP/1.1" 404 17466 "-" "Safari/604.1 CFNetwork/893.14 Darwin/17.0.0 (x86_64)"
168.14.215.0 - - [01/Jan/2025:08:14:27 +0300] "GET /products/ HTTP/1.1" 200 9253 "-" "Wget/1.19.5 (linux-gnu)"
172.55.147.133 - - [01/Jan/2025:08:16:10 +0300] "POST /products/ HTTP/1.1" 201 15198 "-" "Microsoft Edge 44.18362.449.0; Windows 10; ARM64"
83.96.224.158 - - [01/Jan/2025:08:17:51 +0300] "PUT /products/ HTTP/1.1" 501 7601 "-" "Internet Explorer 7.0; Windows NT 6.0; Trident/5.0"
83.96.224.158 - - [01/Jan/2025:08:18:36 +0300] "PUT /products/ HTTP/1.1" 502 3380 "-" "Mozilla/5.0 (Windows NT 10.0; Win64; x64) AppleWebKit/537.36 (KHTML, like Gecko) Chrome/92.0.4515.107 Safari/537.36"
114.72.135.61 - - [01/Jan/2025:08:19:41 +0300] "PATCH /about-us/ HTTP/1.1" 503 7396 "-" "Opera/9.80 (X11; Linux i686; Ubuntu/14.10) Presto/2.12.388 Version/12.16"
49.20.36.30 - - [01/Jan/2025:08:19:43 +0300] "POST /products/ HTTP/1.1" 502 14975 "-" "Opera/9.80 (X11; Linux i686; Ubuntu/14.10) Presto/2.12.388 Version/12.16"
49.20.36.30 - - [01/Jan/2025:08:20:56 +0300] "GET /contact/ HTTP/1.1" 502 22926 "-" "Crawler Bot v1.0 (+https://example.com/bot.html)"
49.20.36.30 - - [01/Jan/2025:08:21:39 +0300] "POST /index.html HTTP/1.1" 503 6137 "-" "Wget/1.19.5 (linux-gnu)"
124.29.122.120 - - [01/Jan/2025:08:22:01 +0300] "GET /index.html HTTP/1.1" 503 14629 "-" "Wget/1.19.5 (linux-gnu)"
149.90.30.222 - - [01/Jan/2025:08:23:01 +0300] "POST /about-us/ HTTP/1.1" 502 9743 "-" "Crawler Bot v1.0 (+https://example.com/bot.html)"
83.96.224.158 - - [01/Jan/2025:08:23:42 +0300] "GET /contact/ HTTP/1.1" 502 22732 "-" "Internet Explorer 7.0; Windows NT 6.0; Trident/5.0"
53.144.239.176 - - [01/Jan/2025:08:24:39 +0300] "POST /about-us/ HTTP/1.1" 501 22407 "-" "Microsoft Edge 44.18362.449.0; Windows 10; ARM64"
124.29.122.120 - - [01/Jan/2025:08:26:03 +0300] "DELETE /products/ HTTP/1.1" 201 6723 "-" "Mozilla/5.0 (Windows NT 10.0; Win64; x64) AppleWebKit/537.36 (KHTML, like Gecko) Chrome/92.0.4515.107 Safari/537.36"
64.255.15.33 - - [01/Jan/2025:08:26:56 +0300] "PATCH /products/ HTTP/1.1" 201 18588 "-" "Microsoft Edge 44.18362.449.0; Windows 10; ARM64"
83.96.224.158 - - [01/Jan/2025:08:27:18 +0300] "POST /index.html HTTP/1.1" 502 28344 "-" "Microsoft Edge 44.18362.449.0; Windows 10; ARM64"
229.206.221.69 - - [01/Jan/2025:08:28:33 +0300] "POST /contact/ HTTP/1.1" 503 17881 "-" "Mozilla/5.0 (Windows NT 10.0; Win64; x64) AppleWebKit/537.36 (KHTML, like Gecko) Chrome/92.0.4515.107 Safari/537.36"
28.42.76.86 - - [01/Jan/2025:08:29:39 +0300] "POST /products/ HTTP/1.1" 500 26350 "-" "Microsoft Edge 44.18362.449.0; Windows 10; ARM64"
124.29.122.120 - - [01/Jan/2025:08:29:46 +0300] "PUT /contact/ HTTP/1.1" 403 29470 "-" "Mozilla/5.0 (Windows NT 10.0; Win64; x64) AppleWebKit/537.36 (KHTML, like Gecko) Chrome/92.0.4515.107 Safari/537.36"
28.42.76.86 - - [01/Jan/2025:08:30:00 +0300] "POST /index.html HTTP/1.1" 403 31962 "-" "Internet Explorer 7.0; Windows NT 6.0; Trident/5.0"
168.14.215.0 - - [01/Jan/2025:08:30:38 +0300] "GET /index.html HTTP/1.1" 200 22210 "-" "Crawler Bot v1.0 (+https://example.com/bot.html)"
218.228.44.29 - - [01/Jan/2025:08:31:11 +0300] "PATCH /services/ HTTP/1.1" 501 21214 "-" "Safari/604.1 CFNetwork/893.14 Darwin/17.0.0 (x86_64)"
218.228.44.29 - - [01/Jan/2025:08:32:34 +0300] "PATCH /services/ HTTP/1.1" 400 22333 "-" "Mozilla/5.0 (Windows NT 10.0; Win64; x64) AppleWebKit/537.36 (KHTML, like Gecko) Chrome/92.0.4515.107 Safari/537.36"
83.96.224.158 - - [01/Jan/2025:08:33:38 +0300] "DELETE /contact/ HTTP/1.1" 401 8229 "-" "Opera/9.80 (X11; Linux i686; Ubuntu/14.10) Presto/2.12.388 Version/12.16"
172.55.147.133 - - [01/Jan/2025:08:35:10 +0300] "PUT /services/ HTTP/1.1" 503 16109 "-" "Crawler Bot v1.0 (+https://example.com/bot.html)"
172.55.147.133 - - [01/Jan/2025:08:36:42 +0300] "POST /contact/ HTTP/1.1" 404 18803 "-" "Crawler Bot v1.0 (+https://example.com/bot.html)"
20.182.249.13 - - [01/Jan/2025:08:36:54 +0300] "GET /services/ HTTP/1.1" 400 15016 "-" "Wget/1.19.5 (linux-gnu)"
250.74.3.46 - - [01/Jan/2025:08:37:20 +0300] "POST /about-us/ HTTP/1.1" 201 20628 "-" "Safari/604.1 CFNetwork/893.14 Darwin/17.0.0 (x86_64)"
20.182.249.13 - - [01/Jan/2025:08:38:55 +0300] "PUT /index.html HTTP/1.1" 403 31169 "-" "Mozilla/5.0 (Windows NT 10.0; Win64; x64) AppleWebKit/537.36 (KHTML, like Gecko) Chrome/92.0.4515.107 Safari/537.36"
231.62.123.253 - - [01/Jan/2025:08:40:22 +0300] "POST /products/ HTTP/1.1" 502 23539 "-" "Microsoft Edge 44.18362.449.0; Windows 10; ARM64"
64.255.15.33 - - [01/Jan/2025:08:40:55 +0300] "GET /about-us/ HTTP/1.1" 400 33589 "-" "Opera/9.80 (X11; Linux i686; Ubuntu/14.10) Presto/2.12.388 Version/12.16"
250.74.3.46 - - [01/Jan/2025:08:42:04 +0300] "GET /services/ HTTP/1.1" 502 7930 "-" "Internet Explorer 7.0; Windows NT 6.0; Trident/5.0"
53.144.239.176 - - [01/Jan/2025:08:43:18 +0300] "POST /index.html HTTP/1.1" 401 15026 "-" "Crawler Bot v1.0 (+https://example.com/bot.html)"
49.20.36.30 - - [01/Jan/2025:08:43:32 +0300] "DELETE /about-us/ HTTP/1.1" 403 31142 "-" "Safari/604.1 CFNetwork/893.14 Darwin/17.0.0 (x86_64)"
49.20.36.30 - - [01/Jan/2025:08:44:33 +0300] "GET /index.html HTTP/1.1" 503 13112 "-" "Mozilla/5.0 (Windows NT 10.0; Win64; x64) AppleWebKit/537.36 (KHTML, like Gecko) Chrome/92.0.4515.107 Safari/537.36"
124.29.122.120 - - [01/Jan/2025:08:46:12 +0300] "PUT /products/ HTTP/1.1" 502 33370 "-" "Crawler Bot v1.0 (+https://example.com/bot.html)"
28.186.70.250 - - [01/Jan/2025:08:47:29 +0300] "DELETE /products/ HTTP/1.1" 403 31036 "-" "Crawler Bot v1.0 (+https://example.com/bot.html)"
44.2.222.93 - - [01/Jan/2025:08:48:55 +0300] "PATCH /services/ HTTP/1.1" 503 19680 "-" "Safari/604.1 CFNetwork/893.14 Darwin/17.0.0 (x86_64)"
124.29.122.120 - - [01/Jan/2025:08:50:06 +0300] "DELETE /services/ HTTP/1.1" 403 24256 "-" "Crawler Bot v1.0 (+https://example.com/bot.html)"
153.52.113.49 - - [01/Jan/2025:08:51:14 +0300] "PUT /contact/ HTTP/1.1" 201 20865 "-" "Crawler Bot v1.0 (+https://example.com/bot.html)"
114.72.135.61 - - [01/Jan/2025:08:52:35 +0300] "PATCH /contact/ HTTP/1.1" 400 17417 "-" "Wget/1.19.5 (linux-gnu)"
168.14.215.0 - - [01/Jan/2025:08:54:12 +0300] "PATCH /index.html HTTP/1.1" 403 11084 "-" "Opera/9.80 (X11; Linux i686; Ubuntu/14.10) Presto/2.12.388 Version/12.16"
44.2.222.93 - - [01/Jan/2025:08:55:28 +0300] "GET /contact/ HTTP/1.1" 502 20439 "-" "Wget/1.19.5 (linux-gnu)"
214.61.138.41 - - [01/Jan/2025:08:56:03 +0300] "PUT /about-us/ HTTP/1.1" 502 21933 "-" "Internet Explorer 7.0; Windows NT 6.0; Trident/5.0"
114.72.135.61 - - [01/Jan/2025:08:56:28 +0300] "GET /index.html HTTP/1.1" 500 1166 "-" "Microsoft Edge 44.18362.449.0; Windows 10; ARM64"
133.81.129.159 - - [01/Jan/2025:08:56:49 +0300] "POST /index.html HTTP/1.1" 403 19859 "-" "Mozilla/5.0 (Windows NT 10.0; Win64; x64) AppleWebKit/537.36 (KHTML, like Gecko) Chrome/92.0.4515.107 Safari/537.36"
20.182.249.13 - - [01/Jan/2025:08:57:10 +0300] "DELETE /about-us/ HTTP/1.1" 404 4207 "-" "Crawler Bot v1.0 (+https://example.com/bot.html)"
124.29.122.120 - - [01/Jan/2025:08:57:17 +0300] "PUT /products/ HTTP/1.1" 404 15845 "-" "Internet Explorer 7.0; Windows NT 6.0; Trident/5.0"
168.14.215.0 - - [01/Jan/2025:08:58:01 +0300] "POST /products/ HTTP/1.1" 404 17723 "-" "Microsoft Edge 44.18362.449.0; Windows 10; ARM64"
147.65.92.12 - - [01/Jan/2025:08:58:55 +0300] "POST /products/ HTTP/1.1" 501 22739 "-" "Microsoft Edge 44.18362.449.0; Windows 10; ARM64"
64.255.15.33 - - [01/Jan/2025:08:59:55 +0300] "GET /products/ HTTP/1.1" 201 2970 "-" "Wget/1.19.5 (linux-gnu)"
124.29.122.120 - - [01/Jan/2025:09:00:51 +0300] "PUT /services/ HTTP/1.1" 503 10037 "-" "Internet Explorer 7.0; Windows NT 6.0; Trident/5.0"
49.20.36.30 - - [01/Jan/2025:09:01:04 +0300] "DELETE /services/ HTTP/1.1" 503 13625 "-" "Mozilla/5.0 (Windows NT 10.0; Win64; x64) AppleWebKit/537.36 (KHTML, like Gecko) Chrome/92.0.4515.107 Safari/537.36"
231.62.123.253 - - [01/Jan/2025:09:02:35 +0300] "PUT /contact/ HTTP/1.1" 201 4199 "-" "Microsoft Edge 44.18362.449.0; Windows 10; ARM64"
83.96.224.158 - - [01/Jan/2025:09:04:04 +0300] "PUT /contact/ HTTP/1.1" 201 11571 "-" "Crawler Bot v1.0 (+https://example.com/bot.html)"
229.206.221.69 - - [01/Jan/2025:09:05:07 +0300] "PUT /about-us/ HTTP/1.1" 401 32765 "-" "Wget/1.19.5 (linux-gnu)"
83.96.224.158 - - [01/Jan/2025:09:06:48 +0300] "POST /about-us/ HTTP/1.1" 501 13224 "-" "Safari/604.1 CFNetwork/893.14 Darwin/17.0.0 (x86_64)"
172.55.147.133 - - [01/Jan/2025:09:06:52 +0300] "PUT /services/ HTTP/1.1" 501 21455 "-" "Wget/1.19.5 (linux-gnu)"
124.29.122.120 - - [01/Jan/2025:09:08:21 +0300] "GET /contact/ HTTP/1.1" 501 31749 "-" "Internet Explorer 7.0; Windows NT 6.0; Trident/5.0"
124.29.122.120 - - [01/Jan/2025:09:09:49 +0300] "POST /services/ HTTP/1.1" 200 21028 "-" "Microsoft Edge 44.18362.449.0; Windows 10; ARM64"
53.144.239.176 - - [01/Jan/2025:09:11:13 +0300] "PATCH /about-us/ HTTP/1.1" 201 8442 "-" "Opera/9.80 (X11; Linux i686; Ubuntu/14.10) Presto/2.12.388 Version/12.16"
28.42.76.86 - - [01/Jan/2025:09:11:14 +0300] "DELETE /services/ HTTP/1.1" 403 23052 "-" "Crawler Bot v1.0 (+https://example.com/bot.html)"
36.254.127.5 - - [01/Jan/2025:09:11:29 +0300] "GET /contact/ HTTP/1.1" 501 23470 "-" "Opera/9.80 (X11; Linux i686; Ubuntu/14.10) Presto/2.12.388 Version/12.16"
250.74.3.46 - - [01/Jan/2025:09:11:36 +0300] "GET /about-us/ HTTP/1.1" 503 24851 "-" "Crawler Bot v1.0 (+https://example.com/bot.html)"
214.61.138.41 - - [01/Jan/2025:09:12:11 +0300] "POST /index.html HTTP/1.1" 503 22090 "-" "Wget/1.19.5 (linux-gnu)"
172.55.147.133 - - [01/Jan/2025:09:12:29 +0300] "DELETE /services/ HTTP/1.1" 502 33644 "-" "Crawler Bot v1.0 (+https://example.com/bot.html)"
149.90.30.222 - - [01/Jan/2025:09:13:16 +0300] "GET /index.html HTTP/1.1" 503 18118 "-" "Crawler Bot v1.0 (+https://example.com/bot.html)"
172.55.147.133 - - [01/Jan/2025:09:13:33 +0300] "PATCH /services/ HTTP/1.1" 404 32733 "-" "Safari/604.1 CFNetwork/893.14 Darwin/17.0.0 (x86_64)"
180.101.174.150 - - [01/Jan/2025:09:14:34 +0300] "DELETE /services/ HTTP/1.1" 502 29294 "-" "Opera/9.80 (X11; Linux i686; Ubuntu/14.10) Presto/2.12.388 Version/12.16"
149.90.30.222 - - [01/Jan/2025:09:16:16 +0300] "DELETE /index.html HTTP/1.1" 200 32417 "-" "Opera/9.80 (X11; Linux i686; Ubuntu/14.10) Presto/2.12.388 Version/12.16"
250.74.3.46 - - [01/Jan/2025:09:16:24 +0300] "DELETE /index.html HTTP/1.1" 500 32010 "-" "Internet Explorer 7.0; Windows NT 6.0; Trident/5.0"
180.101.174.150 - - [01/Jan/2025:09:17:36 +0300] "POST /index.html HTTP/1.1" 503 7014 "-" "Mozilla/5.0 (Windows NT 10.0; Win64; x64) AppleWebKit/537.36 (KHTML, like Gecko) Chrome/92.0.4515.107 Safari/537.36"
83.96.224.158 - - [01/Jan/2025:09:19:16 +0300] "PUT /index.html HTTP/1.1" 502 33634 "-" "Safari/604.1 CFNetwork/893.14 Darwin/17.0.0 (x86_64)"
168.14.215.0 - - [01/Jan/2025:09:20:51 +0300] "POST /services/ HTTP/1.1" 500 10065 "-" "Safari/604.1 CFNetwork/893.14 Darwin/17.0.0 (x86_64)"
172.55.147.133 - - [01/Jan/2025:09:22:27 +0300] "PATCH /index.html HTTP/1.1" 500 14108 "-" "Crawler Bot v1.0 (+https://example.com/bot.html)"
124.29.122.120 - - [01/Jan/2025:09:22:28 +0300] "POST /about-us/ HTTP/1.1" 201 21686 "-" "Opera/9.80 (X11; Linux i686; Ubuntu/14.10) Presto/2.12.388 Version/12.16"
36.254.127.5 - - [01/Jan/2025:09:23:06 +0300] "PATCH /contact/ HTTP/1.1" 503 13956 "-" "Opera/9.80 (X11; Linux i686; Ubuntu/14.10) Presto/2.12.388 Version/12.16"
28.186.70.250 - - [01/Jan/2025:09:24:35 +0300] "PUT /products/ HTTP/1.1" 400 13609 "-" "Wget/1.19.5 (linux-gnu)"
168.14.215.0 - - [01/Jan/2025:09:25:57 +0300] "POST /services/ HTTP/1.1" 200 20328 "-" "Microsoft Edge 44.18362.449.0; Windows 10; ARM64"
214.61.138.41 - - [01/Jan/2025:09:26:50 +0300] "DELETE /contact/ HTTP/1.1" 200 29863 "-" "Opera/9.80 (X11; Linux i686; Ubuntu/14.10) Presto/2.12.388 Version/12.16"
168.14.215.0 - - [01/Jan/2025:09:28:13 +0300] "PUT /about-us/ HTTP/1.1" 503 30061 "-" "Microsoft Edge 44.18362.449.0; Windows 10; ARM64"
28.42.76.86 - - [01/Jan/2025:09:29:28 +0300] "PUT /index.html HTTP/1.1" 503 24705 "-" "Wget/1.19.5 (linux-gnu)"
49.20.36.30 - - [01/Jan/2025:09:29:44 +0300] "DELETE /contact/ HTTP/1.1" 502 32858 "-" "Crawler Bot v1.0 (+https://example.com/bot.html)"
229.206.221.69 - - [01/Jan/2025:09:31:18 +0300] "PATCH /about-us/ HTTP/1.1" 201 22571 "-" "Crawler Bot v1.0 (+https://example.com/bot.html)"
83.96.224.158 - - [01/Jan/2025:09:32:23 +0300] "POST /about-us/ HTTP/1.1" 501 15470 "-" "Opera/9.80 (X11; Linux i686; Ubuntu/14.10) Presto/2.12.388 Version/12.16"
20.182.249.13 - - [01/Jan/2025:09:32:48 +0300] "PUT /services/ HTTP/1.1" 201 7905 "-" "Internet Explorer 7.0; Windows NT 6.0; Trident/5.0"
64.255.15.33 - - [01/Jan/2025:09:33:08 +0300] "PATCH /about-us/ HTTP/1.1" 403 12629 "-" "Internet Explorer 7.0; Windows NT 6.0; Trident/5.0"
28.42.76.86 - - [01/Jan/2025:09:34:43 +0300] "GET /contact/ HTTP/1.1" 501 2808 "-" "Crawler Bot v1.0 (+https://example.com/bot.html)"
124.29.122.120 - - [01/Jan/2025:09:36:28 +0300] "PUT /services/ HTTP/1.1" 403 20083 "-" "Crawler Bot v1.0 (+https://example.com/bot.html)"
44.2.222.93 - - [01/Jan/2025:09:36:38 +0300] "DELETE /products/ HTTP/1.1" 403 19324 "-" "Mozilla/5.0 (Windows NT 10.0; Win64; x64) AppleWebKit/537.36 (KHTML, like Gecko) Chrome/92.0.4515.107 Safari/537.36"
168.14.215.0 - - [01/Jan/2025:09:37:36 +0300] "PUT /products/ HTTP/1.1" 403 3443 "-" "Safari/604.1 CFNetwork/893.14 Darwin/17.0.0 (x86_64)"
168.14.215.0 - - [01/Jan/2025:09:38:19 +0300] "POST /services/ HTTP/1.1" 500 6038 "-" "Opera/9.80 (X11; Linux i686; Ubuntu/14.10) Presto/2.12.388 Version/12.16"
149.90.30.222 - - [01/Jan/2025:09:39:25 +0300] "DELETE /products/ HTTP/1.1" 501 8926 "-" "Wget/1.19.5 (linux-gnu)"
214.61.138.41 - - [01/Jan/2025:09:40:55 +0300] "PATCH /services/ HTTP/1.1" 502 27524 "-" "Wget/1.19.5 (linux-gnu)"
20.182.249.13 - - [01/Jan/2025:09:41:20 +0300] "POST /index.html HTTP/1.1" 502 31023 "-" "Safari/604.1 CFNetwork/893.14 Darwin/17.0.0 (x86_64)"
44.2.222.93 - - [01/Jan/2025:09:42:00 +0300] "PATCH /index.html HTTP/1.1" 200 19430 "-" "Internet Explorer 7.0; Windows NT 6.0; Trident/5.0"
231.62.123.253 - - [01/Jan/2025:09:42:57 +0300] "PATCH /index.html HTTP/1.1" 201 5078 "-" "Wget/1.19.5 (linux-gnu)"
149.90.30.222 - - [01/Jan/2025:09:43:20 +0300] "POST /products/ HTTP/1.1" 200 16837 "-" "Microsoft Edge 44.18362.449.0; Windows 10; ARM64"
53.144.239.176 - - [01/Jan/2025:09:43:44 +0300] "GET /contact/ HTTP/1.1" 201 29723 "-" "Safari/604.1 CFNetwork/893.14 Darwin/17.0.0 (x86_64)"
64.255.15.33 - - [01/Jan/2025:09:44:51 +0300] "PATCH /services/ HTTP/1.1" 403 33190 "-" "Opera/9.80 (X11; Linux i686; Ubuntu/14.10) Presto/2.12.388 Version/12.16"
114.72.135.61 - - [01/Jan/2025:09:46:36 +0300] "PATCH /about-us/ HTTP/1.1" 501 16803 "-" "Safari/604.1 CFNetwork/893.14 Darwin/17.0.0 (x86_64)"
147.65.92.12 - - [01/Jan/2025:09:47:47 +0300] "PATCH /services/ HTTP/1.1" 401 21165 "-" "Microsoft Edge 44.18362.449.0; Windows 10; ARM64"
180.101.174.150 - - [01/Jan/2025:09:49:05 +0300] "DELETE /contact/ HTTP/1.1" 403 26688 "-" "Safari/604.1 CFNetwork/893.14 Darwin/17.0.0 (x86_64)"
147.65.92.12 - - [01/Jan/2025:09:50:10 +0300] "POST /products/ HTTP/1.1" 404 24119 "-" "Mozilla/5.0 (Windows NT 10.0; Win64; x64) AppleWebKit/537.36 (KHTML, like Gecko) Chrome/92.0.4515.107 Safari/537.36"
53.144.239.176 - - [01/Jan/2025:09:50:23 +0300] "DELETE /services/ HTTP/1.1" 502 26380 "-" "Microsoft Edge 44.18362.449.0; Windows 10; ARM64"
214.61.138.41 - - [01/Jan/2025:09:51:34 +0300] "PATCH /index.html HTTP/1.1" 501 31660 "-" "Opera/9.80 (X11; Linux i686; Ubuntu/14.10) Presto/2.12.388 Version/12.16"
83.96.224.158 - - [01/Jan/2025:09:51:43 +0300] "GET /contact/ HTTP/1.1" 403 15287 "-" "Wget/1.19.5 (linux-gnu)"
114.72.135.61 - - [01/Jan/2025:09:53:25 +0300] "DELETE /services/ HTTP/1.1" 500 10669 "-" "Microsoft Edge 44.18362.449.0; Windows 10; ARM64"
218.228.44.29 - - [01/Jan/2025:09:54:23 +0300] "PATCH /contact/ HTTP/1.1" 201 15184 "-" "Opera/9.80 (X11; Linux i686; Ubuntu/14.10) Presto/2.12.388 Version/12.16"
53.144.239.176 - - [01/Jan/2025:09:55:38 +0300] "DELETE /index.html HTTP/1.1" 501 2351 "-" "Crawler Bot v1.0 (+https://example.com/bot.html)"
83.96.224.158 - - [01/Jan/2025:09:55:45 +0300] "PUT /services/ HTTP/1.1" 503 8886 "-" "Wget/1.19.5 (linux-gnu)"
53.144.239.176 - - [01/Jan/2025:09:57:00 +0300] "DELETE /index.html HTTP/1.1" 403 8155 "-" "Wget/1.19.5 (linux-gnu)"
214.61.138.41 - - [01/Jan/2025:09:58:24 +0300] "PUT /services/ HTTP/1.1" 401 2225 "-" "Microsoft Edge 44.18362.449.0; Windows 10; ARM64"
