180.101.174.150 - - [03/Jan/2025:05:30:02 +0300] "DELETE /services/ HTTP/1.1" 501 3992 "-" "Opera/9.80 (X11; Linux i686; Ubuntu/14.10) Presto/2.12.388 Version/12.16"
180.101.174.150 - - [03/Jan/2025:05:30:11 +0300] "DELETE /index.html HTTP/1.1" 404 7832 "-" "Opera/9.80 (X11; Linux i686; Ubuntu/14.10) Presto/2.12.388 Version/12.16"
147.65.92.12 - - [03/Jan/2025:05:30:53 +0300] "PUT /services/ HTTP/1.1" 200 28127 "-" "Microsoft Edge 44.18362.449.0; Windows 10; ARM64"
172.55.147.133 - - [03/Jan/2025:05:30:54 +0300] "PATCH /services/ HTTP/1.1" 500 7964 "-" "Mozilla/5.0 (Windows NT 10.0; Win64; x64) AppleWebKit/537.36 (KHTML, like Gecko) Chrome/92.0.4515.107 Safari/537.36"
133.81.129.159 - - [03/Jan/2025:05:32:39 +0300] "DELETE /index.html HTTP/1.1" 201 18629 "-" "Opera/9.80 (X11; Linux i686; Ubuntu/14.10) Presto/2.12.388 Version/12.16"
168.14.215.0 - - [03/Jan/2025:05:34:31 +0300] "PATCH /contact/ HTTP/1.1" 200 2114 "-" "Internet Explorer 7.0; Windows NT 6.0; Trident/5.0"
53.144.239.176 - - [03/Jan/2025:05:36:10 +0300] "POST /contact/ HTTP/1.1" 500 29432 "-" "Opera/9.80 (X11; Linux i686; Ubuntu/14.10) Presto/2.12.388 Version/12.16"
168.14.215.0 - - [03/Jan/2025:05:37:58 +0300] "POST /index.html HTTP/1.1" 502 25809 "-" "Microsoft Edge 44.18362.449.0; Windows 10; ARM64"
147.65.92.12 - - [03/Jan/2025:05:38:43 +0300] "PUT /index.html HTTP/1.1" 502 27376 "-" "Mozilla/5.0 (Windows NT 10.0; Win64; x64) AppleWebKit/537.36 (KHTML, like Gecko) Chrome/92.0.4515.107 Safari/537.36"
114.72.135.61 - - [03/Jan/2025:05:39:49 +0300] "DELETE /index.html HTTP/1.1" 200 2236 "-" "Wget/1.19.5 (linux-gnu)"
153.52.113.49 - - [03/Jan/2025:05:40:25 +0300] "PUT /products/ HTTP/1.1" 500 29802 "-" "Opera/9.80 (X11; Linux i686; Ubuntu/14.10) Presto/2.12.388 Version/12.16"
64.255.15.33 - - [03/Jan/2025:05:40:51 +0300] "PATCH /about-us/ HTTP/1.1" 201 17282 "-" "Mozilla/5.0 (Windows NT 10.0; Win64; x64) AppleWebKit/537.36 (KHTML, like Gecko) Chrome/92.0.4515.107 Safari/537.36"
250.74.3.46 - - [03/Jan/2025:05:42:18 +0300] "DELETE /index.html HTTP/1.1" 503 29458 "-" "Crawler Bot v1.0 (+https://example.com/bot.html)"
172.55.147.133 - - [03/Jan/2025:05:43:34 +0300] "GET /contact/ HTTP/1.1" 403 22996 "-" "Microsoft Edge 44.18362.449.0; Windows 10; ARM64"
20.182.249.13 - - [03/Jan/2025:05:43:44 +0300] "PATCH /index.html HTTP/1.1" 500 1274 "-" "Opera/9.80 (X11; Linux i686; Ubuntu/14.10) Presto/2.12.388 Version/12.16"
114.72.135.61 - - [03/Jan/2025:05:44:21 +0300] "GET /about-us/ HTTP/1.1" 404 6934 "-" "Internet Explorer 7.0; Windows NT 6.0; Trident/5.0"
28.42.76.86 - - [03/Jan/2025:05:45:34 +0300] "PATCH /services/ HTTP/1.1" 500 13261 "-" "Opera/9.80 (X11; Linux i686; Ubuntu/14.10) Presto/2.12.388 Version/12.16"
172.55.147.133 - - [03/Jan/2025:05:45:51 +0300] "POST /contact/ HTTP/1.1" 404 6374 "-" "Mozilla/5.0 (Windows NT 10.0; Win64; x64) AppleWebKit/537.36 (KHTML, like Gecko) Chrome/92.0.4515.107 Safari/537.36"
153.52.113.49 - - [03/Jan/2025:05:47:26 +0300] "PUT /services/ HTTP/1.1" 502 2337 "-" "Wget/1.19.5 (linux-gnu)"
83.96.224.158 - - [03/Jan/2025:05:48:45 +0300] "POST /contact/ HTTP/1.1" 201 19968 "-" "Opera/9.80 (X11; Linux i686; Ubuntu/14.10) Presto/2.12.388 Version/12.16"
153.52.113.49 - - [03/Jan/2025:05:49:42 +0300] "POST /services/ HTTP/1.1" 404 6925 "-" "Crawler Bot v1.0 (+https://example.com/bot.html)"
49.20.36.30 - - [03/Jan/2025:05:51:04 +0300] "DELETE /about-us/ HTTP/1.1" 200 9558 "-" "Microsoft Edge 44.18362.449.0; Windows 10; ARM64"
53.144.239.176 - - [03/Jan/2025:05:51:21 +0300] "DELETE /contact/ HTTP/1.1" 502 2318 "-" "Crawler Bot v1.0 (+https://example.com/bot.html)"
218.228.44.29 - - [03/Jan/2025:05:52:02 +0300] "GET /contact/ HTTP/1.1" 401 7206 "-" "Microsoft Edge 44.18362.449.0; Windows 10; ARM64"
218.228.44.29 - - [03/Jan/2025:05:53:02 +0300] "POST /about-us/ HTTP/1.1" 403 17058 "-" "Mozilla/5.0 (Windows NT 10.0; Win64; x64) AppleWebKit/537.36 (KHTML, like Gecko) Chrome/92.0.4515.107 Safari/537.36"
229.206.221.69 - - [03/Jan/2025:05:53:52 +0300] "DELETE /contact/ HTTP/1.1" 401 5527 "-" "Internet Explorer 7.0; Windows NT 6.0; Trident/5.0"
147.65.92.12 - - [03/Jan/2025:05:54:21 +0300] "DELETE /services/ HTTP/1.1" 403 12553 "-" "Safari/604.1 CFNetwork/893.14 Darwin/17.0.0 (x86_64)"
250.74.3.46 - - [03/Jan/2025:05:54:35 +0300] "DELETE /about-us/ HTTP/1.1" 404 5259 "-" "Crawler Bot v1.0 (+https://example.com/bot.html)"
114.72.135.61 - - [03/Jan/2025:05:55:31 +0300] "PUT /services/ HTTP/1.1" 404 11507 "-" "Microsoft Edge 44.18362.449.0; Windows 10; ARM64"
231.62.123.253 - - [03/Jan/2025:05:56:59 +0300] "GET /about-us/ HTTP/1.1" 404 7534 "-" "Crawler Bot v1.0 (+https://example.com/bot.html)"
250.74.3.46 - - [03/Jan/2025:05:57:18 +0300] "GET /index.html HTTP/1.1" 500 6624 "-" "Mozilla/5.0 (Windows NT 10.0; Win64; x64) AppleWebKit/537.36 (KHTML, like Gecko) Chrome/92.0.4515.107 Safari/537.36"
28.186.70.250 - - [03/Jan/2025:05:57:56 +0300] "GET /services/ HTTP/1.1" 503 21972 "-" "Wget/1.19.5 (linux-gnu)"
218.228.44.29 - - [03/Jan/2025:05:58:22 +0300] "GET /about-us/ HTTP/1.1" 403 16621 "-" "Internet Explorer 7.0; Windows NT 6.0; Trident/5.0"
168.14.215.0 - - [03/Jan/2025:05:59:52 +0300] "PATCH /contact/ HTTP/1.1" 400 22940 "-" "Internet Explorer 7.0; Windows NT 6.0; Trident/5.0"
229.206.221.69 - - [03/Jan/2025:06:00:42 +0300] "PATCH /services/ HTTP/1.1" 400 7436 "-" "Wget/1.19.5 (linux-gnu)"
250.74.3.46 - - [03/Jan/2025:06:01:56 +0300] "DELETE /about-us/ HTTP/1.1" 201 17459 "-" "Internet Explorer 7.0; Windows NT 6.0; Trident/5.0"
149.90.30.222 - - [03/Jan/2025:06:02:03 +0300] "PATCH /index.html HTTP/1.1" 502 26964 "-" "Opera/9.80 (X11; Linux i686; Ubuntu/14.10) Presto/2.12.388 Version/12.16"
231.62.123.253 - - [03/Jan/2025:06:02:49 +0300] "POST /products/ HTTP/1.1" 501 20352 "-" "Mozilla/5.0 (Windows NT 10.0; Win64; x64) AppleWebKit/537.36 (KHTML, like Gecko) Chrome/92.0.4515.107 Safari/537.36"
53.144.239.176 - - [03/Jan/2025:06:03:05 +0300] "GET /index.html HTTP/1.1" 404 23126 "-" "Safari/604.1 CFNetwork/893.14 Darwin/17.0.0 (x86_64)"
20.182.249.13 - - [03/Jan/2025:06:04:33 +0300] "POST /services/ HTTP/1.1" 400 7380 "-" "Microsoft Edge 44.18362.449.0; Windows 10; ARM64"
180.101.174.150 - - [03/Jan/2025:06:05:22 +0300] "POST /index.html HTTP/1.1" 500 24994 "-" "Microsoft Edge 44.18362.449.0; Windows 10; ARM64"
20.182.249.13 - - [03/Jan/2025:06:05:31 +0300] "POST /contact/ HTTP/1.1" 500 12247 "-" "Safari/604.1 CFNetwork/893.14 Darwin/17.0.0 (x86_64)"
147.65.92.12 - - [03/Jan/2025:06:05:55 +0300] "DELETE /index.html HTTP/1.1" 200 5684 "-" "Wget/1.19.5 (linux-gnu)"
133.81.129.159 - - [03/Jan/2025:06:07:34 +0300] "DELETE /services/ HTTP/1.1" 404 33739 "-" "Mozilla/5.0 (Windows NT 10.0; Win64; x64) AppleWebKit/537.36 (KHTML, like Gecko) Chrome/92.0.4515.107 Safari/537.36"
28.186.70.250 - - [03/Jan/2025:06:08:45 +0300] "PATCH /products/ HTTP/1.1" 500 16350 "-" "Safari/604.1 CFNetwork/893.14 Darwin/17.0.0 (x86_64)"
180.101.174.150 - - [03/Jan/2025:06:09:20 +0300] "POST /index.html HTTP/1.1" 502 17971 "-" "Crawler Bot v1.0 (+https://example.com/bot.html)"
133.81.129.159 - - [03/Jan/2025:06:10:01 +0300] "PUT /contact/ HTTP/1.1" 501 11656 "-" "Microsoft Edge 44.18362.449.0; Windows 10; ARM64"
149.90.30.222 - - [03/Jan/2025:06:10:33 +0300] "GET /index.html HTTP/1.1" 501 26005 "-" "Internet Explorer 7.0; Windows NT 6.0; Trident/5.0"
168.14.215.0 - - [03/Jan/2025:06:12:05 +0300] "POST /about-us/ HTTP/1.1" 501 31496 "-" "Internet Explorer 7.0; Windows NT 6.0; Trident/5.0"
147.65.92.12 - - [03/Jan/2025:06:12:42 +0300] "POST /contact/ HTTP/1.1" 502 4773 "-" "Safari/604.1 CFNetwork/893.14 Darwin/17.0.0 (x86_64)"
44.2.222.93 - - [03/Jan/2025:06:13:48 +0300] "GET /contact/ HTTP/1.1" 200 33379 "-" "Safari/604.1 CFNetwork/893.14 Darwin/17.0.0 (x86_64)"
153.52.113.49 - - [03/Jan/2025:06:14:44 +0300] "POST /products/ HTTP/1.1" 503 17973 "-" "Crawler Bot v1.0 (+https://example.com/bot.html)"
28.42.76.86 - - [03/Jan/2025:06:15:17 +0300] "PATCH /services/ HTTP/1.1" 400 28523 "-" "Opera/9.80 (X11; Linux i686; Ubuntu/14.10) Presto/2.12.388 Version/12.16"
133.81.129.159 - - [03/Jan/2025:06:15:35 +0300] "POST /products/ HTTP/1.1" 403 15600 "-" "Microsoft Edge 44.18362.449.0; Windows 10; ARM64"
168.14.215.0 - - [03/Jan/2025:06:16:33 +0300] "PUT /about-us/ HTTP/1.1" 401 21885 "-" "Mozilla/5.0 (Windows NT 10.0; Win64; x64) AppleWebKit/537.36 (KHTML, like Gecko) Chrome/92.0.4515.107 Safari/537.36"
124.29.122.120 - - [03/Jan/2025:06:17:57 +0300] "DELETE /products/ HTTP/1.1" 200 23963 "-" "Safari/604.1 CFNetwork/893.14 Darwin/17.0.0 (x86_64)"
168.14.215.0 - - [03/Jan/2025:06:18:40 +0300] "POST /index.html HTTP/1.1" 502 15054 "-" "Microsoft Edge 44.18362.449.0; Windows 10; ARM64"
28.42.76.86 - - [03/Jan/2025:06:20:04 +0300] "DELETE /services/ HTTP/1.1" 401 21072 "-" "Mozilla/5.0 (Windows NT 10.0; Win64; x64) AppleWebKit/537.36 (KHTML, like Gecko) Chrome/92.0.4515.107 Safari/537.36"
36.254.127.5 - - [03/Jan/2025:06:20:56 +0300] "GET /products/ HTTP/1.1" 200 20810 "-" "Opera/9.80 (X11; Linux i686; Ubuntu/14.10) Presto/2.12.388 Version/12.16"
250.74.3.46 - - [03/Jan/2025:06:21:16 +0300] "PATCH /about-us/ HTTP/1.1" 404 9054 "-" "Internet Explorer 7.0; Windows NT 6.0; Trident/5.0"
49.20.36.30 - - [03/Jan/2025:06:22:18 +0300] "GET /index.html HTTP/1.1" 500 20727 "-" "Crawler Bot v1.0 (+https://example.com/bot.html)"
229.206.221.69 - - [03/Jan/2025:06:22:25 +0300] "PATCH /about-us/ HTTP/1.1" 500 29905 "-" "Opera/9.80 (X11; Linux i686; Ubuntu/14.10) Presto/2.12.388 Version/12.16"
53.144.239.176 - - [03/Jan/2025:06:24:16 +0300] "GET /services/ HTTP/1.1" 502 20348 "-" "Mozilla/5.0 (Windows NT 10.0; Win64; x64) AppleWebKit/537.36 (KHTML, like Gecko) Chrome/92.0.4515.107 Safari/537.36"
83.96.224.158 - - [03/Jan/2025:06:26:01 +0300] "PATCH /index.html HTTP/1.1" 201 29853 "-" "Safari/604.1 CFNetwork/893.14 Darwin/17.0.0 (x86_64)"
229.206.221.69 - - [03/Jan/2025:06:26:25 +0300] "DELETE /products/ HTTP/1.1" 500 16773 "-" "Microsoft Edge 44.18362.449.0; Windows 10; ARM64"
147.65.92.12 - - [03/Jan/2025:06:27:40 +0300] "DELETE /about-us/ HTTP/1.1" 502 20759 "-" "Opera/9.80 (X11; Linux i686; Ubuntu/14.10) Presto/2.12.388 Version/12.16"
172.55.147.133 - - [03/Jan/2025:06:27:57 +0300] "POST /about-us/ HTTP/1.1" 403 8356 "-" "Mozilla/5.0 (Windows NT 10.0; Win64; x64) AppleWebKit/537.36 (KHTML, like Gecko) Chrome/92.0.4515.107 Safari/537.36"
142.201.33.58 - - [03/Jan/2025:06:29:33 +0300] "GET /products/ HTTP/1.1" 500 33156 "-" "Crawler Bot v1.0 (+https://example.com/bot.html)"
53.144.239.176 - - [03/Jan/2025:06:30:05 +0300] "PATCH /index.html HTTP/1.1" 500 8690 "-" "Wget/1.19.5 (linux-gnu)"
133.81.129.159 - - [03/Jan/2025:06:31:49 +0300] "PATCH /index.html HTTP/1.1" 400 13888 "-" "Internet Explorer 7.0; Windows NT 6.0; Trident/5.0"
133.81.129.159 - - [03/Jan/2025:06:32:37 +0300] "POST /contact/ HTTP/1.1" 403 15497 "-" "Wget/1.19.5 (linux-gnu)"
142.201.33.58 - - [03/Jan/2025:06:33:51 +0300] "POST /contact/ HTTP/1.1" 400 21050 "-" "Opera/9.80 (X11; Linux i686; Ubuntu/14.10) Presto/2.12.388 Version/12.16"
64.255.15.33 - - [03/Jan/2025:06:34:54 +0300] "POST /index.html HTTP/1.1" 500 32802 "-" "Mozilla/5.0 (Windows NT 10.0; Win64; x64) AppleWebKit/537.36 (KHTML, like Gecko) Chrome/92.0.4515.107 Safari/537.36"
180.101.174.150 - - [03/Jan/2025:06:35:03 +0300] "PATCH /contact/ HTTP/1.1" 500 7374 "-" "Safari/604.1 CFNetwork/893.14 Darwin/17.0.0 (x86_64)"
172.55.147.133 - - [03/Jan/2025:06:36:18 +0300] "PATCH /contact/ HTTP/1.1" 401 6481 "-" "Internet Explorer 7.0; Windows NT 6.0; Trident/5.0"
64.255.15.33 - - [03/Jan/2025:06:37:37 +0300] "PATCH /contact/ HTTP/1.1" 200 28359 "-" "Opera/9.80 (X11; Linux i686; Ubuntu/14.10) Presto/2.12.388 Version/12.16"
250.74.3.46 - - [03/Jan/2025:06:38:26 +0300] "PUT /index.html HTTP/1.1" 400 22661 "-" "Mozilla/5.0 (Windows NT 10.0; Win64; x64) AppleWebKit/537.36 (KHTML, like Gecko) Chrome/92.0.4515.107 Safari/537.36"
218.228.44.29 - - [03/Jan/2025:06:38:39 +0300] "GET /contact/ HTTP/1.1" 201 24524 "-" "Wget/1.19.5 (linux-gnu)"
36.254.127.5 - - [03/Jan/2025:06:40:31 +0300] "PUT /services/ HTTP/1.1" 201 1573 "-" "Safari/604.1 CFNetwork/893.14 Darwin/17.0.0 (x86_64)"
250.74.3.46 - - [03/Jan/2025:06:42:22 +0300] "POST /products/ HTTP/1.1" 403 12160 "-" "Internet Explorer 7.0; Windows NT 6.0; Trident/5.0"
149.90.30.222 - - [03/Jan/2025:06:43:29 +0300] "PATCH /contact/ HTTP/1.1" 401 9333 "-" "Opera/9.80 (X11; Linux i686; Ubuntu/14.10) Presto/2.12.388 Version/12.16"
36.254.127.5 - - [03/Jan/2025:06:43:39 +0300] "POST /products/ HTTP/1.1" 400 5140 "-" "Opera/9.80 (X11; Linux i686; Ubuntu/14.10) Presto/2.12.388 Version/12.16"
229.206.221.69 - - [03/Jan/2025:06:43:44 +0300] "PATCH /services/ HTTP/1.1" 403 11008 "-" "Internet Explorer 7.0; Windows NT 6.0; Trident/5.0"
124.29.122.120 - - [03/Jan/2025:06:43:48 +0300] "GET /about-us/ HTTP/1.1" 500 9855 "-" "Mozilla/5.0 (Windows NT 10.0; Win64; x64) AppleWebKit/537.36 (KHTML, like Gecko) Chrome/92.0.4515.107 Safari/537.36"
83.96.224.158 - - [03/Jan/2025:06:45:18 +0300] "DELETE /contact/ HTTP/1.1" 500 3641 "-" "Microsoft Edge 44.18362.449.0; Windows 10; ARM64"
114.72.135.61 - - [03/Jan/2025:06:46:52 +0300] "DELETE /about-us/ HTTP/1.1" 400 11783 "-" "Opera/9.80 (X11; Linux i686; Ubuntu/14.10) Presto/2.12.388 Version/12.16"
214.61.138.41 - - [03/Jan/2025:06:47:59 +0300] "PUT /services/ HTTP/1.1" 404 13982 "-" "Wget/1.19.5 (linux-gnu)"
28.42.76.86 - - [03/Jan/2025:06:49:21 +0300] "DELETE /services/ HTTP/1.1" 400 13341 "-" "Wget/1.19.5 (linux-gnu)"
83.96.224.158 - - [03/Jan/2025:06:51:10 +0300] "POST /about-us/ HTTP/1.1" 201 4004 "-" "Microsoft Edge 44.18362.449.0; Windows 10; ARM64"
172.55.147.133 - - [03/Jan/2025:06:52:18 +0300] "PUT /products/ HTTP/1.1" 201 7453 "-" "Internet Explorer 7.0; Windows NT 6.0; Trident/5.0"
36.254.127.5 - - [03/Jan/2025:06:53:48 +0300] "PUT /contact/ HTTP/1.1" 404 32535 "-" "Safari/604.1 CFNetwork/893.14 Darwin/17.0.0 (x86_64)"
153.52.113.49 - - [03/Jan/2025:06:53:55 +0300] "POST /index.html HTTP/1.1" 501 13318 "-" "Wget/1.19.5 (linux-gnu)"
44.2.222.93 - - [03/Jan/2025:06:54:43 +0300] "PUT /index.html HTTP/1.1" 501 24248 "-" "Opera/9.80 (X11; Linux i686; Ubuntu/14.10) Presto/2.12.388 Version/12.16"
124.29.122.120 - - [03/Jan/2025:06:55:40 +0300] "POST /services/ HTTP/1.1" 403 20593 "-" "Crawler Bot v1.0 (+https://example.com/bot.html)"
149.90.30.222 - - [03/Jan/2025:06:56:50 +0300] "POST /index.html HTTP/1.1" 400 10995 "-" "Internet Explorer 7.0; Windows NT 6.0; Trident/5.0"
218.228.44.29 - - [03/Jan/2025:06:57:47 +0300] "PUT /contact/ HTTP/1.1" 500 26603 "-" "Mozilla/5.0 (Windows NT 10.0; Win64; x64) AppleWebKit/537.36 (KHTML, like Gecko) Chrome/92.0.4515.107 Safari/537.36"
53.144.239.176 - - [03/Jan/2025:06:58:34 +0300] "PUT /products/ HTTP/1.1" 500 29344 "-" "Internet Explorer 7.0; Windows NT 6.0; Trident/5.0"
124.29.122.120 - - [03/Jan/2025:06:58:56 +0300] "DELETE /about-us/ HTTP/1.1" 201 9378 "-" "Mozilla/5.0 (Windows NT 10.0; Win64; x64) AppleWebKit/537.36 (KHTML, like Gecko) Chrome/92.0.4515.107 Safari/537.36"
147.65.92.12 - - [03/Jan/2025:07:00:27 +0300] "PUT /index.html HTTP/1.1" 403 29902 "-" "Wget/1.19.5 (linux-gnu)"
229.206.221.69 - - [03/Jan/2025:07:01:33 +0300] "DELETE /services/ HTTP/1.1" 502 1529 "-" "Wget/1.19.5 (linux-gnu)"
218.228.44.29 - - [03/Jan/2025:07:01:54 +0300] "GET /contact/ HTTP/1.1" 503 15274 "-" "Internet Explorer 7.0; Windows NT 6.0; Trident/5.0"
231.62.123.253 - - [03/Jan/2025:07:01:55 +0300] "GET /index.html HTTP/1.1" 404 30622 "-" "Wget/1.19.5 (linux-gnu)"
149.90.30.222 - - [03/Jan/2025:07:02:38 +0300] "GET /contact/ HTTP/1.1" 503 16621 "-" "Internet Explorer 7.0; Windows NT 6.0; Trident/5.0"
133.81.129.159 - - [03/Jan/2025:07:02:55 +0300] "PATCH /index.html HTTP/1.1" 400 14567 "-" "Crawler Bot v1.0 (+https://example.com/bot.html)"
53.144.239.176 - - [03/Jan/2025:07:03:51 +0300] "GET /about-us/ HTTP/1.1" 501 28348 "-" "Wget/1.19.5 (linux-gnu)"
149.90.30.222 - - [03/Jan/2025:07:04:51 +0300] "DELETE /products/ HTTP/1.1" 502 25834 "-" "Microsoft Edge 44.18362.449.0; Windows 10; ARM64"
28.42.76.86 - - [03/Jan/2025:07:05:17 +0300] "PATCH /services/ HTTP/1.1" 503 4963 "-" "Wget/1.19.5 (linux-gnu)"
153.52.113.49 - - [03/Jan/2025:07:06:58 +0300] "PATCH /contact/ HTTP/1.1" 400 5382 "-" "Opera/9.80 (X11; Linux i686; Ubuntu/14.10) Presto/2.12.388 Version/12.16"
153.52.113.49 - - [03/Jan/2025:07:07:31 +0300] "PUT /about-us/ HTTP/1.1" 404 30324 "-" "Safari/604.1 CFNetwork/893.14 Darwin/17.0.0 (x86_64)"
114.72.135.61 - - [03/Jan/2025:07:08:43 +0300] "DELETE /index.html HTTP/1.1" 501 25911 "-" "Internet Explorer 7.0; Windows NT 6.0; Trident/5.0"
168.14.215.0 - - [03/Jan/2025:07:09:57 +0300] "PATCH /products/ HTTP/1.1" 503 11081 "-" "Safari/604.1 CFNetwork/893.14 Darwin/17.0.0 (x86_64)"
250.74.3.46 - - [03/Jan/2025:07:10:07 +0300] "POST /services/ HTTP/1.1" 502 19172 "-" "Safari/604.1 CFNetwork/893.14 Darwin/17.0.0 (x86_64)"
36.254.127.5 - - [03/Jan/2025:07:10:50 +0300] "PUT /contact/ HTTP/1.1" 404 32761 "-" "Wget/1.19.5 (linux-gnu)"
44.2.222.93 - - [03/Jan/2025:07:12:04 +0300] "PATCH /products/ HTTP/1.1" 503 25335 "-" "Safari/604.1 CFNetwork/893.14 Darwin/17.0.0 (x86_64)"
153.52.113.49 - - [03/Jan/2025:07:13:09 +0300] "PUT /services/ HTTP/1.1" 501 8299 "-" "Microsoft Edge 44.18362.449.0; Windows 10; ARM64"
250.74.3.46 - - [03/Jan/2025:07:14:03 +0300] "POST /index.html HTTP/1.1" 500 30232 "-" "Internet Explorer 7.0; Windows NT 6.0; Trident/5.0"
36.254.127.5 - - [03/Jan/2025:07:14:36 +0300] "PUT /about-us/ HTTP/1.1" 500 31928 "-" "Safari/604.1 CFNetwork/893.14 Darwin/17.0.0 (x86_64)"
28.186.70.250 - - [03/Jan/2025:07:15:02 +0300] "GET /index.html HTTP/1.1" 400 13522 "-" "Crawler Bot v1.0 (+https://example.com/bot.html)"
133.81.129.159 - - [03/Jan/2025:07:16:35 +0300] "PUT /contact/ HTTP/1.1" 503 17242 "-" "Opera/9.80 (X11; Linux i686; Ubuntu/14.10) Presto/2.12.388 Version/12.16"
20.182.249.13 - - [03/Jan/2025:07:17:00 +0300] "GET /contact/ HTTP/1.1" 502 11071 "-" "Crawler Bot v1.0 (+https://example.com/bot.html)"
28.42.76.86 - - [03/Jan/2025:07:18:30 +0300] "PATCH /about-us/ HTTP/1.1" 200 29058 "-" "Safari/604.1 CFNetwork/893.14 Darwin/17.0.0 (x86_64)"
229.206.221.69 - - [03/Jan/2025:07:19:28 +0300] "DELETE /about-us/ HTTP/1.1" 503 32223 "-" "Microsoft Edge 44.18362.449.0; Windows 10; ARM64"
231.62.123.253 - - [03/Jan/2025:07:19:44 +0300] "PATCH /contact/ HTTP/1.1" 200 26240 "-" "Wget/1.19.5 (linux-gnu)"
53.144.239.176 - - [03/Jan/2025:07:21:22 +0300] "PUT /services/ HTTP/1.1" 404 22125 "-" "Mozilla/5.0 (Windows NT 10.0; Win64; x64) AppleWebKit/537.36 (KHTML, like Gecko) Chrome/92.0.4515.107 Safari/537.36"
229.206.221.69 - - [03/Jan/2025:07:22:25 +0300] "GET /services/ HTTP/1.1" 200 25509 "-" "Mozilla/5.0 (Windows NT 10.0; Win64; x64) AppleWebKit/537.36 (KHTML, like Gecko) Chrome/92.0.4515.107 Safari/537.36"
20.182.249.13 - - [03/Jan/2025:07:23:49 +0300] "POST /contact/ HTTP/1.1" 404 32099 "-" "Microsoft Edge 44.18362.449.0; Windows 10; ARM64"
180.101.174.150 - - [03/Jan/2025:07:25:39 +0300] "GET /about-us/ HTTP/1.1" 403 7095 "-" "Microsoft Edge 44.18362.449.0; Windows 10; ARM64"
36.254.127.5 - - [03/Jan/2025:07:26:47 +0300] "PUT /contact/ HTTP/1.1" 501 31460 "-" "Crawler Bot v1.0 (+https://example.com/bot.html)"
229.206.221.69 - - [03/Jan/2025:07:27:59 +0300] "GET /about-us/ HTTP/1.1" 502 24492 "-" "Internet Explorer 7.0; Windows NT 6.0; Trident/5.0"
153.52.113.49 - - [03/Jan/2025:07:28:49 +0300] "POST /contact/ HTTP/1.1" 201 20368 "-" "Crawler Bot v1.0 (+https://example.com/bot.html)"
64.255.15.33 - - [03/Jan/2025:07:29:25 +0300] "DELETE /contact/ HTTP/1.1" 501 3282 "-" "Mozilla/5.0 (Windows NT 10.0; Win64; x64) AppleWebKit/537.36 (KHTML, like Gecko) Chrome/92.0.4515.107 Safari/537.36"
20.182.249.13 - - [03/Jan/2025:07:29:48 +0300] "GET /about-us/ HTTP/1.1" 404 7878 "-" "Crawler Bot v1.0 (+https://example.com/bot.html)"
28.186.70.250 - - [03/Jan/2025:07:30:15 +0300] "PATCH /products/ HTTP/1.1" 200 32262 "-" "Mozilla/5.0 (Windows NT 10.0; Win64; x64) AppleWebKit/537.36 (KHTML, like Gecko) Chrome/92.0.4515.107 Safari/537.36"
229.206.221.69 - - [03/Jan/2025:07:31:41 +0300] "POST /contact/ HTTP/1.1" 404 30449 "-" "Safari/604.1 CFNetwork/893.14 Darwin/17.0.0 (x86_64)"
172.55.147.133 - - [03/Jan/2025:07:33:20 +0300] "GET /services/ HTTP/1.1" 503 25297 "-" "Wget/1.19.5 (linux-gnu)"
168.14.215.0 - - [03/Jan/2025:07:34:37 +0300] "PUT /index.html HTTP/1.1" 403 16388 "-" "Internet Explorer 7.0; Windows NT 6.0; Trident/5.0"
124.29.122.120 - - [03/Jan/2025:07:34:51 +0300] "POST /index.html HTTP/1.1" 201 29140 "-" "Mozilla/5.0 (Windows NT 10.0; Win64; x64) AppleWebKit/537.36 (KHTML, like Gecko) Chrome/92.0.4515.107 Safari/537.36"
64.255.15.33 - - [03/Jan/2025:07:35:59 +0300] "PATCH /about-us/ HTTP/1.1" 403 27122 "-" "Crawler Bot v1.0 (+https://example.com/bot.html)"
229.206.221.69 - - [03/Jan/2025:07:36:41 +0300] "POST /contact/ HTTP/1.1" 502 16474 "-" "Wget/1.19.5 (linux-gnu)"
218.228.44.29 - - [03/Jan/2025:07:38:16 +0300] "GET /services/ HTTP/1.1" 502 3833 "-" "Safari/604.1 CFNetwork/893.14 Darwin/17.0.0 (x86_64)"
114.72.135.61 - - [03/Jan/2025:07:40:03 +0300] "POST /index.html HTTP/1.1" 200 16702 "-" "Mozilla/5.0 (Windows NT 10.0; Win64; x64) AppleWebKit/537.36 (KHTML, like Gecko) Chrome/92.0.4515.107 Safari/537.36"
214.61.138.41 - - [03/Jan/2025:07:40:23 +0300] "PUT /services/ HTTP/1.1" 503 22796 "-" "Mozilla/5.0 (Windows NT 10.0; Win64; x64) AppleWebKit/537.36 (KHTML, like Gecko) Chrome/92.0.4515.107 Safari/537.36"
49.20.36.30 - - [03/Jan/2025:07:40:50 +0300] "GET /about-us/ HTTP/1.1" 502 26303 "-" "Wget/1.19.5 (linux-gnu)"
28.42.76.86 - - [03/Jan/2025:07:40:56 +0300] "PUT /services/ HTTP/1.1" 200 17816 "-" "Safari/604.1 CFNetwork/893.14 Darwin/17.0.0 (x86_64)"
229.206.221.69 - - [03/Jan/2025:07:41:08 +0300] "GET /index.html HTTP/1.1" 200 32330 "-" "Opera/9.80 (X11; Linux i686; Ubuntu/14.10) Presto/2.12.388 Version/12.16"
250.74.3.46 - - [03/Jan/2025:07:42:25 +0300] "POST /services/ HTTP/1.1" 201 11762 "-" "Internet Explorer 7.0; Windows NT 6.0; Trident/5.0"
172.55.147.133 - - [03/Jan/2025:07:42:33 +0300] "PATCH /services/ HTTP/1.1" 200 31572 "-" "Internet Explorer 7.0; Windows NT 6.0; Trident/5.0"
172.55.147.133 - - [03/Jan/2025:07:43:03 +0300] "DELETE /about-us/ HTTP/1.1" 200 25738 "-" "Safari/604.1 CFNetwork/893.14 Darwin/17.0.0 (x86_64)"
28.42.76.86 - - [03/Jan/2025:07:43:49 +0300] "PUT /index.html HTTP/1.1" 400 1032 "-" "Safari/604.1 CFNetwork/893.14 Darwin/17.0.0 (x86_64)"
229.206.221.69 - - [03/Jan/2025:07:44:11 +0300] "DELETE /contact/ HTTP/1.1" 200 32049 "-" "Crawler Bot v1.0 (+https://example.com/bot.html)"
28.42.76.86 - - [03/Jan/2025:07:44:43 +0300] "PUT /about-us/ HTTP/1.1" 503 24428 "-" "Microsoft Edge 44.18362.449.0; Windows 10; ARM64"
49.20.36.30 - - [03/Jan/2025:07:45:23 +0300] "GET /index.html HTTP/1.1" 404 29538 "-" "Crawler Bot v1.0 (+https://example.com/bot.html)"
231.62.123.253 - - [03/Jan/2025:07:45:49 +0300] "PUT /services/ HTTP/1.1" 503 2398 "-" "Internet Explorer 7.0; Windows NT 6.0; Trident/5.0"
168.14.215.0 - - [03/Jan/2025:07:46:58 +0300] "PATCH /about-us/ HTTP/1.1" 503 18869 "-" "Mozilla/5.0 (Windows NT 10.0; Win64; x64) AppleWebKit/537.36 (KHTML, like Gecko) Chrome/92.0.4515.107 Safari/537.36"
149.90.30.222 - - [03/Jan/2025:07:48:48 +0300] "DELETE /about-us/ HTTP/1.1" 404 10780 "-" "Internet Explorer 7.0; Windows NT 6.0; Trident/5.0"
83.96.224.158 - - [03/Jan/2025:07:50:36 +0300] "PATCH /index.html HTTP/1.1" 200 30205 "-" "Opera/9.80 (X11; Linux i686; Ubuntu/14.10) Presto/2.12.388 Version/12.16"
231.62.123.253 - - [03/Jan/2025:07:52:02 +0300] "PUT /contact/ HTTP/1.1" 503 1304 "-" "Opera/9.80 (X11; Linux i686; Ubuntu/14.10) Presto/2.12.388 Version/12.16"
147.65.92.12 - - [03/Jan/2025:07:53:14 +0300] "PATCH /contact/ HTTP/1.1" 501 18343 "-" "Internet Explorer 7.0; Windows NT 6.0; Trident/5.0"
149.90.30.222 - - [03/Jan/2025:07:53:43 +0300] "PUT /index.html HTTP/1.1" 201 29284 "-" "Microsoft Edge 44.18362.449.0; Windows 10; ARM64"
20.182.249.13 - - [03/Jan/2025:07:55:29 +0300] "PATCH /index.html HTTP/1.1" 500 22175 "-" "Mozilla/5.0 (Windows NT 10.0; Win64; x64) AppleWebKit/537.36 (KHTML, like Gecko) Chrome/92.0.4515.107 Safari/537.36"
114.72.135.61 - - [03/Jan/2025:07:55:41 +0300] "DELETE /index.html HTTP/1.1" 501 24694 "-" "Opera/9.80 (X11; Linux i686; Ubuntu/14.10) Presto/2.12.388 Version/12.16"
231.62.123.253 - - [03/Jan/2025:07:56:08 +0300] "PATCH /contact/ HTTP/1.1" 200 5700 "-" "Internet Explorer 7.0; Windows NT 6.0; Trident/5.0"
149.90.30.222 - - [03/Jan/2025:07:56:10 +0300] "POST /contact/ HTTP/1.1" 400 19391 "-" "Microsoft Edge 44.18362.449.0; Windows 10; ARM64"
147.65.92.12 - - [03/Jan/2025:07:57:44 +0300] "PATCH /contact/ HTTP/1.1" 501 21511 "-" "Crawler Bot v1.0 (+https://example.com/bot.html)"
172.55.147.133 - - [03/Jan/2025:07:58:12 +0300] "POST /index.html HTTP/1.1" 404 22767 "-" "Wget/1.19.5 (linux-gnu)"
124.29.122.120 - - [03/Jan/2025:07:59:48 +0300] "PATCH /services/ HTTP/1.1" 400 15808 "-" "Microsoft Edge 44.18362.449.0; Windows 10; ARM64"
64.255.15.33 - - [03/Jan/2025:08:00:58 +0300] "GET /index.html HTTP/1.1" 401 11167 "-" "Microsoft Edge 44.18362.449.0; Windows 10; ARM64"
124.29.122.120 - - [03/Jan/2025:08:02:41 +0300] "DELETE /services/ HTTP/1.1" 401 33599 "-" "Internet Explorer 7.0; Windows NT 6.0; Trident/5.0"
172.55.147.133 - - [03/Jan/2025:08:03:40 +0300] "DELETE /services/ HTTP/1.1" 500 2916 "-" "Wget/1.19.5 (linux-gnu)"
149.90.30.222 - - [03/Jan/2025:08:05:05 +0300] "DELETE /index.html HTTP/1.1" 200 1183 "-" "Opera/9.80 (X11; Linux i686; Ubuntu/14.10) Presto/2.12.388 Version/12.16"
218.228.44.29 - - [03/Jan/2025:08:05:36 +0300] "POST /index.html HTTP/1.1" 200 14068 "-" "Internet Explorer 7.0; Windows NT 6.0; Trident/5.0"
147.65.92.12 - - [03/Jan/2025:08:07:16 +0300] "GET /index.html HTTP/1.1" 501 30627 "-" "Opera/9.80 (X11; Linux i686; Ubuntu/14.10) Presto/2.12.388 Version/12.16"
114.72.135.61 - - [03/Jan/2025:08:08:05 +0300] "GET /about-us/ HTTP/1.1" 502 15026 "-" "Crawler Bot v1.0 (+https://example.com/bot.html)"
20.182.249.13 - - [03/Jan/2025:08:08:46 +0300] "DELETE /products/ HTTP/1.1" 400 24538 "-" "Mozilla/5.0 (Windows NT 10.0; Win64; x64) AppleWebKit/537.36 (KHTML, like Gecko) Chrome/92.0.4515.107 Safari/537.36"
114.72.135.61 - - [03/Jan/2025:08:09:48 +0300] "POST /products/ HTTP/1.1" 403 18744 "-" "Opera/9.80 (X11; Linux i686; Ubuntu/14.10) Presto/2.12.388 Version/12.16"
180.101.174.150 - - [03/Jan/2025:08:10:24 +0300] "DELETE /services/ HTTP/1.1" 401 14736 "-" "Crawler Bot v1.0 (+https://example.com/bot.html)"
83.96.224.158 - - [03/Jan/2025:08:10:37 +0300] "PATCH /about-us/ HTTP/1.1" 404 17733 "-" "Crawler Bot v1.0 (+https://example.com/bot.html)"
64.255.15.33 - - [03/Jan/2025:08:11:16 +0300] "PATCH /contact/ HTTP/1.1" 500 2170 "-" "Mozilla/5.0 (Windows NT 10.0; Win64; x64) AppleWebKit/537.36 (KHTML, like Gecko) Chrome/92.0.4515.107 Safari/537.36"
214.61.138.41 - - [03/Jan/2025:08:12:59 +0300] "PUT /contact/ HTTP/1.1" 502 22863 "-" "Safari/604.1 CFNetwork/893.14 Darwin/17.0.0 (x86_64)"
124.29.122.120 - - [03/Jan/2025:08:14:17 +0300] "POST /services/ HTTP/1.1" 503 8277 "-" "Mozilla/5.0 (Windows NT 10.0; Win64; x64) AppleWebKit/537.36 (KHTML, like Gecko) Chrome/92.0.4515.107 Safari/537.36"
229.206.221.69 - - [03/Jan/2025:08:14:54 +0300] "PUT /contact/ HTTP/1.1" 200 17824 "-" "Microsoft Edge 44.18362.449.0; Windows 10; ARM64"
231.62.123.253 - - [03/Jan/2025:08:15:31 +0300] "POST /contact/ HTTP/1.1" 403 4676 "-" "Opera/9.80 (X11; Linux i686; Ubuntu/14.10) Presto/2.12.388 Version/12.16"
53.144.239.176 - - [03/Jan/2025:08:15:59 +0300] "PUT /about-us/ HTTP/1.1" 503 30280 "-" "Internet Explorer 7.0; Windows NT 6.0; Trident/5.0"
20.182.249.13 - - [03/Jan/2025:08:17:48 +0300] "GET /contact/ HTTP/1.1" 200 12847 "-" "Opera/9.80 (X11; Linux i686; Ubuntu/14.10) Presto/2.12.388 Version/12.16"
218.228.44.29 - - [03/Jan/2025:08:19:01 +0300] "PATCH /services/ HTTP/1.1" 401 16639 "-" "Microsoft Edge 44.18362.449.0; Windows 10; ARM64"
28.42.76.86 - - [03/Jan/2025:08:20:08 +0300] "PATCH /services/ HTTP/1.1" 403 22322 "-" "Safari/604.1 CFNetwork/893.14 Darwin/17.0.0 (x86_64)"
218.228.44.29 - - [03/Jan/2025:08:21:31 +0300] "PUT /about-us/ HTTP/1.1" 201 10740 "-" "Mozilla/5.0 (Windows NT 10.0; Win64; x64) AppleWebKit/537.36 (KHTML, like Gecko) Chrome/92.0.4515.107 Safari/537.36"
149.90.30.222 - - [03/Jan/2025:08:22:58 +0300] "DELETE /index.html HTTP/1.1" 503 24352 "-" "Crawler Bot v1.0 (+https://example.com/bot.html)"
218.228.44.29 - - [03/Jan/2025:08:23:44 +0300] "GET /index.html HTTP/1.1" 404 1432 "-" "Crawler Bot v1.0 (+https://example.com/bot.html)"
147.65.92.12 - - [03/Jan/2025:08:24:06 +0300] "GET /products/ HTTP/1.1" 500 27289 "-" "Opera/9.80 (X11; Linux i686; Ubuntu/14.10) Presto/2.12.388 Version/12.16"
28.186.70.250 - - [03/Jan/2025:08:25:06 +0300] "DELETE /contact/ HTTP/1.1" 501 11016 "-" "Crawler Bot v1.0 (+https://example.com/bot.html)"
231.62.123.253 - - [03/Jan/2025:08:26:18 +0300] "DELETE /contact/ HTTP/1.1" 501 5388 "-" "Opera/9.80 (X11; Linux i686; Ubuntu/14.10) Presto/2.12.388 Version/12.16"
83.96.224.158 - - [03/Jan/2025:08:26:55 +0300] "PUT /services/ HTTP/1.1" 502 15887 "-" "Crawler Bot v1.0 (+https://example.com/bot.html)"
28.42.76.86 - - [03/Jan/2025:08:27:58 +0300] "PATCH /index.html HTTP/1.1" 200 9340 "-" "Opera/9.80 (X11; Linux i686; Ubuntu/14.10) Presto/2.12.388 Version/12.16"
64.255.15.33 - - [03/Jan/2025:08:28:36 +0300] "DELETE /about-us/ HTTP/1.1" 500 28879 "-" "Opera/9.80 (X11; Linux i686; Ubuntu/14.10) Presto/2.12.388 Version/12.16"
147.65.92.12 - - [03/Jan/2025:08:30:06 +0300] "POST /services/ HTTP/1.1" 201 26978 "-" "Microsoft Edge 44.18362.449.0; Windows 10; ARM64"
153.52.113.49 - - [03/Jan/2025:08:31:26 +0300] "PUT /index.html HTTP/1.1" 501 31379 "-" "Internet Explorer 7.0; Windows NT 6.0; Trident/5.0"
172.55.147.133 - - [03/Jan/2025:08:32:09 +0300] "GET /about-us/ HTTP/1.1" 201 21971 "-" "Internet Explorer 7.0; Windows NT 6.0; Trident/5.0"
168.14.215.0 - - [03/Jan/2025:08:33:40 +0300] "GET /index.html HTTP/1.1" 400 20117 "-" "Internet Explorer 7.0; Windows NT 6.0; Trident/5.0"
53.144.239.176 - - [03/Jan/2025:08:33:52 +0300] "PUT /about-us/ HTTP/1.1" 200 2792 "-" "Microsoft Edge 44.18362.449.0; Windows 10; ARM64"
142.201.33.58 - - [03/Jan/2025:08:34:52 +0300] "PUT /products/ HTTP/1.1" 403 19219 "-" "Wget/1.19.5 (linux-gnu)"
147.65.92.12 - - [03/Jan/2025:08:36:00 +0300] "POST /about-us/ HTTP/1.1" 503 5603 "-" "Crawler Bot v1.0 (+https://example.com/bot.html)"
153.52.113.49 - - [03/Jan/2025:08:36:51 +0300] "PATCH /services/ HTTP/1.1" 404 15173 "-" "Safari/604.1 CFNetwork/893.14 Darwin/17.0.0 (x86_64)"
64.255.15.33 - - [03/Jan/2025:08:37:02 +0300] "PATCH /contact/ HTTP/1.1" 401 31924 "-" "Microsoft Edge 44.18362.449.0; Windows 10; ARM64"
124.29.122.120 - - [03/Jan/2025:08:37:58 +0300] "GET /index.html HTTP/1.1" 401 30000 "-" "Opera/9.80 (X11; Linux i686; Ubuntu/14.10) Presto/2.12.388 Version/12.16"
20.182.249.13 - - [03/Jan/2025:08:39:10 +0300] "PUT /index.html HTTP/1.1" 502 27092 "-" "Internet Explorer 7.0; Windows NT 6.0; Trident/5.0"
36.254.127.5 - - [03/Jan/2025:08:41:00 +0300] "POST /about-us/ HTTP/1.1" 201 7494 "-" "Wget/1.19.5 (linux-gnu)"
172.55.147.133 - - [03/Jan/2025:08:41:53 +0300] "DELETE /services/ HTTP/1.1" 200 27811 "-" "Microsoft Edge 44.18362.449.0; Windows 10; ARM64"
142.201.33.58 - - [03/Jan/2025:08:43:15 +0300] "GET /index.html HTTP/1.1" 502 11553 "-" "Internet Explorer 7.0; Windows NT 6.0; Trident/5.0"
153.52.113.49 - - [03/Jan/2025:08:44:29 +0300] "PUT /products/ HTTP/1.1" 503 19961 "-" "Safari/604.1 CFNetwork/893.14 Darwin/17.0.0 (x86_64)"
36.254.127.5 - - [03/Jan/2025:08:45:07 +0300] "POST /services/ HTTP/1.1" 501 1198 "-" "Mozilla/5.0 (Windows NT 10.0; Win64; x64) AppleWebKit/537.36 (KHTML, like Gecko) Chrome/92.0.4515.107 Safari/537.36"
124.29.122.120 - - [03/Jan/2025:08:46:20 +0300] "GET /index.html HTTP/1.1" 404 14768 "-" "Safari/604.1 CFNetwork/893.14 Darwin/17.0.0 (x86_64)"
180.101.174.150 - - [03/Jan/2025:08:47:04 +0300] "DELETE /contact/ HTTP/1.1" 404 7024 "-" "Opera/9.80 (X11; Linux i686; Ubuntu/14.10) Presto/2.12.388 Version/12.16"
83.96.224.158 - - [03/Jan/2025:08:48:40 +0300] "GET /products/ HTTP/1.1" 403 1759 "-" "Mozilla/5.0 (Windows NT 10.0; Win64; x64) AppleWebKit/537.36 (KHTML, like Gecko) Chrome/92.0.4515.107 Safari/537.36"
149.90.30.222 - - [03/Jan/2025:08:50:12 +0300] "PATCH /products/ HTTP/1.1" 400 4002 "-" "Wget/1.19.5 (linux-gnu)"
218.228.44.29 - - [03/Jan/2025:08:52:00 +0300] "POST /services/ HTTP/1.1" 400 8637 "-" "Safari/604.1 CFNetwork/893.14 Darwin/17.0.0 (x86_64)"
36.254.127.5 - - [03/Jan/2025:08:52:41 +0300] "POST /services/ HTTP/1.1" 501 4448 "-" "Wget/1.19.5 (linux-gnu)"
44.2.222.93 - - [03/Jan/2025:08:53:28 +0300] "PUT /index.html HTTP/1.1" 501 22189 "-" "Crawler Bot v1.0 (+https://example.com/bot.html)"
168.14.215.0 - - [03/Jan/2025:08:54:05 +0300] "PATCH /contact/ HTTP/1.1" 200 27492 "-" "Crawler Bot v1.0 (+https://example.com/bot.html)"
250.74.3.46 - - [03/Jan/2025:08:54:11 +0300] "DELETE /about-us/ HTTP/1.1" 503 25384 "-" "Mozilla/5.0 (Windows NT 10.0; Win64; x64) AppleWebKit/537.36 (KHTML, like Gecko) Chrome/92.0.4515.107 Safari/537.36"
64.255.15.33 - - [03/Jan/2025:08:55:47 +0300] "PATCH /contact/ HTTP/1.1" 502 12864 "-" "Mozilla/5.0 (Windows NT 10.0; Win64; x64) AppleWebKit/537.36 (KHTML, like Gecko) Chrome/92.0.4515.107 Safari/537.36"
44.2.222.93 - - [03/Jan/2025:08:56:11 +0300] "PUT /index.html HTTP/1.1" 501 22292 "-" "Microsoft Edge 44.18362.449.0; Windows 10; ARM64"
142.201.33.58 - - [03/Jan/2025:08:56:52 +0300] "PATCH /index.html HTTP/1.1" 501 20959 "-" "Crawler Bot v1.0 (+https://example.com/bot.html)"
229.206.221.69 - - [03/Jan/2025:08:57:59 +0300] "DELETE /about-us/ HTTP/1.1" 403 11689 "-" "Wget/1.19.5 (linux-gnu)"
49.20.36.30 - - [03/Jan/2025:08:59:00 +0300] "PUT /about-us/ HTTP/1.1" 503 9450 "-" "Opera/9.80 (X11; Linux i686; Ubuntu/14.10) Presto/2.12.388 Version/12.16"
218.228.44.29 - - [03/Jan/2025:09:00:12 +0300] "GET /index.html HTTP/1.1" 200 26200 "-" "Crawler Bot v1.0 (+https://example.com/bot.html)"
49.20.36.30 - - [03/Jan/2025:09:00:14 +0300] "DELETE /services/ HTTP/1.1" 502 32387 "-" "Mozilla/5.0 (Windows NT 10.0; Win64; x64) AppleWebKit/537.36 (KHTML, like Gecko) Chrome/92.0.4515.107 Safari/537.36"
44.2.222.93 - - [03/Jan/2025:09:01:47 +0300] "GET /services/ HTTP/1.1" 501 17528 "-" "Internet Explorer 7.0; Windows NT 6.0; Trident/5.0"
28.186.70.250 - - [03/Jan/2025:09:02:27 +0300] "PATCH /products/ HTTP/1.1" 501 27608 "-" "Safari/604.1 CFNetwork/893.14 Darwin/17.0.0 (x86_64)"
36.254.127.5 - - [03/Jan/2025:09:04:05 +0300] "PATCH /products/ HTTP/1.1" 404 6012 "-" "Crawler Bot v1.0 (+https://example.com/bot.html)"
218.228.44.29 - - [03/Jan/2025:09:05:32 +0300] "DELETE /contact/ HTTP/1.1" 404 24436 "-" "Wget/1.19.5 (linux-gnu)"
124.29.122.120 - - [03/Jan/2025:09:06:36 +0300] "PATCH /index.html HTTP/1.1" 401 22842 "-" "Safari/604.1 CFNetwork/893.14 Darwin/17.0.0 (x86_64)"
49.20.36.30 - - [03/Jan/2025:09:08:16 +0300] "DELETE /services/ HTTP/1.1" 500 8477 "-" "Internet Explorer 7.0; Windows NT 6.0; Trident/5.0"
124.29.122.120 - - [03/Jan/2025:09:09:30 +0300] "GET /about-us/ HTTP/1.1" 401 15395 "-" "Opera/9.80 (X11; Linux i686; Ubuntu/14.10) Presto/2.12.388 Version/12.16"
142.201.33.58 - - [03/Jan/2025:09:10:09 +0300] "GET /products/ HTTP/1.1" 200 26510 "-" "Safari/604.1 CFNetwork/893.14 Darwin/17.0.0 (x86_64)"
214.61.138.41 - - [03/Jan/2025:09:11:46 +0300] "PUT /services/ HTTP/1.1" 404 12576 "-" "Mozilla/5.0 (Windows NT 10.0; Win64; x64) AppleWebKit/537.36 (KHTML, like Gecko) Chrome/92.0.4515.107 Safari/537.36"
142.201.33.58 - - [03/Jan/2025:09:13:32 +0300] "PUT /products/ HTTP/1.1" 404 29622 "-" "Safari/604.1 CFNetwork/893.14 Darwin/17.0.0 (x86_64)"
36.254.127.5 - - [03/Jan/2025:09:13:52 +0300] "POST /contact/ HTTP/1.1" 403 16310 "-" "Mozilla/5.0 (Windows NT 10.0; Win64; x64) AppleWebKit/537.36 (KHTML, like Gecko) Chrome/92.0.4515.107 Safari/537.36"
53.144.239.176 - - [03/Jan/2025:09:15:37 +0300] "DELETE /about-us/ HTTP/1.1" 501 24218 "-" "Internet Explorer 7.0; Windows NT 6.0; Trident/5.0"
172.55.147.133 - - [03/Jan/2025:09:16:18 +0300] "PUT /services/ HTTP/1.1" 201 27444 "-" "Opera/9.80 (X11; Linux i686; Ubuntu/14.10) Presto/2.12.388 Version/12.16"
149.90.30.222 - - [03/Jan/2025:09:18:01 +0300] "GET /about-us/ HTTP/1.1" 503 23523 "-" "Crawler Bot v1.0 (+https://example.com/bot.html)"
229.206.221.69 - - [03/Jan/2025:09:19:51 +0300] "PUT /about-us/ HTTP/1.1" 201 14899 "-" "Opera/9.80 (X11; Linux i686; Ubuntu/14.10) Presto/2.12.388 Version/12.16"
147.65.92.12 - - [03/Jan/2025:09:20:37 +0300] "GET /about-us/ HTTP/1.1" 404 7365 "-" "Safari/604.1 CFNetwork/893.14 Darwin/17.0.0 (x86_64)"
149.90.30.222 - - [03/Jan/2025:09:21:06 +0300] "PATCH /index.html HTTP/1.1" 401 7355 "-" "Microsoft Edge 44.18362.449.0; Windows 10; ARM64"
44.2.222.93 - - [03/Jan/2025:09:21:21 +0300] "POST /contact/ HTTP/1.1" 404 8150 "-" "Internet Explorer 7.0; Windows NT 6.0; Trident/5.0"
218.228.44.29 - - [03/Jan/2025:09:22:54 +0300] "PATCH /products/ HTTP/1.1" 401 3029 "-" "Mozilla/5.0 (Windows NT 10.0; Win64; x64) AppleWebKit/537.36 (KHTML, like Gecko) Chrome/92.0.4515.107 Safari/537.36"
231.62.123.253 - - [03/Jan/2025:09:23:59 +0300] "PATCH /about-us/ HTTP/1.1" 201 7773 "-" "Microsoft Edge 44.18362.449.0; Windows 10; ARM64"
180.101.174.150 - - [03/Jan/2025:09:25:05 +0300] "GET /index.html HTTP/1.1" 404 24409 "-" "Opera/9.80 (X11; Linux i686; Ubuntu/14.10) Presto/2.12.388 Version/12.16"
149.90.30.222 - - [03/Jan/2025:09:25:25 +0300] "PUT /products/ HTTP/1.1" 503 13811 "-" "Microsoft Edge 44.18362.449.0; Windows 10; ARM64"
49.20.36.30 - - [03/Jan/2025:09:26:16 +0300] "GET /index.html HTTP/1.1" 400 20935 "-" "Internet Explorer 7.0; Windows NT 6.0; Trident/5.0"
20.182.249.13 - - [03/Jan/2025:09:27:51 +0300] "GET /services/ HTTP/1.1" 500 21479 "-" "Opera/9.80 (X11; Linux i686; Ubuntu/14.10) Presto/2.12.388 Version/12.16"
124.29.122.120 - - [03/Jan/2025:09:28:52 +0300] "POST /about-us/ HTTP/1.1" 401 7599 "-" "Microsoft Edge 44.18362.449.0; Windows 10; ARM64"
49.20.36.30 - - [03/Jan/2025:09:30:15 +0300] "DELETE /services/ HTTP/1.1" 404 21255 "-" "Crawler Bot v1.0 (+https://example.com/bot.html)"
28.42.76.86 - - [03/Jan/2025:09:31:43 +0300] "POST /services/ HTTP/1.1" 401 3169 "-" "Wget/1.19.5 (linux-gnu)"
214.61.138.41 - - [03/Jan/2025:09:32:14 +0300] "GET /about-us/ HTTP/1.1" 500 19799 "-" "Safari/604.1 CFNetwork/893.14 Darwin/17.0.0 (x86_64)"
218.228.44.29 - - [03/Jan/2025:09:32:53 +0300] "GET /contact/ HTTP/1.1" 503 11858 "-" "Mozilla/5.0 (Windows NT 10.0; Win64; x64) AppleWebKit/537.36 (KHTML, like Gecko) Chrome/92.0.4515.107 Safari/537.36"
149.90.30.222 - - [03/Jan/2025:09:33:09 +0300] "PATCH /products/ HTTP/1.1" 400 27990 "-" "Opera/9.80 (X11; Linux i686; Ubuntu/14.10) Presto/2.12.388 Version/12.16"
28.42.76.86 - - [03/Jan/2025:09:34:18 +0300] "PATCH /contact/ HTTP/1.1" 503 22338 "-" "Microsoft Edge 44.18362.449.0; Windows 10; ARM64"
153.52.113.49 - - [03/Jan/2025:09:36:02 +0300] "POST /products/ HTTP/1.1" 200 19305 "-" "Crawler Bot v1.0 (+https://example.com/bot.html)"
142.201.33.58 - - [03/Jan/2025:09:37:22 +0300] "PUT /about-us/ HTTP/1.1" 502 5895 "-" "Safari/604.1 CFNetwork/893.14 Darwin/17.0.0 (x86_64)"
28.42.76.86 - - [03/Jan/2025:09:38:16 +0300] "DELETE /contact/ HTTP/1.1" 501 21094 "-" "Internet Explorer 7.0; Windows NT 6.0; Trident/5.0"
168.14.215.0 - - [03/Jan/2025:09:38:54 +0300] "POST /contact/ HTTP/1.1" 501 26770 "-" "Mozilla/5.0 (Windows NT 10.0; Win64; x64) AppleWebKit/537.36 (KHTML, like Gecko) Chrome/92.0.4515.107 Safari/537.36"
28.42.76.86 - - [03/Jan/2025:09:40:35 +0300] "GET /services/ HTTP/1.1" 400 1309 "-" "Microsoft Edge 44.18362.449.0; Windows 10; ARM64"
231.62.123.253 - - [03/Jan/2025:09:40:55 +0300] "POST /services/ HTTP/1.1" 502 23769 "-" "Safari/604.1 CFNetwork/893.14 Darwin/17.0.0 (x86_64)"
36.254.127.5 - - [03/Jan/2025:09:42:09 +0300] "POST /products/ HTTP/1.1" 400 33570 "-" "Safari/604.1 CFNetwork/893.14 Darwin/17.0.0 (x86_64)"
44.2.222.93 - - [03/Jan/2025:09:43:28 +0300] "GET /contact/ HTTP/1.1" 403 12691 "-" "Opera/9.80 (X11; Linux i686; Ubuntu/14.10) Presto/2.12.388 Version/12.16"
231.62.123.253 - - [03/Jan/2025:09:44:07 +0300] "DELETE /services/ HTTP/1.1" 401 10390 "-" "Crawler Bot v1.0 (+https://example.com/bot.html)"
229.206.221.69 - - [03/Jan/2025:09:45:30 +0300] "PATCH /about-us/ HTTP/1.1" 404 6619 "-" "Internet Explorer 7.0; Windows NT 6.0; Trident/5.0"
153.52.113.49 - - [03/Jan/2025:09:46:10 +0300] "PATCH /services/ HTTP/1.1" 403 28007 "-" "Wget/1.19.5 (linux-gnu)"
44.2.222.93 - - [03/Jan/2025:09:47:23 +0300] "PUT /products/ HTTP/1.1" 201 14591 "-" "Internet Explorer 7.0; Windows NT 6.0; Trident/5.0"
147.65.92.12 - - [03/Jan/2025:09:48:05 +0300] "GET /contact/ HTTP/1.1" 401 29064 "-" "Safari/604.1 CFNetwork/893.14 Darwin/17.0.0 (x86_64)"
231.62.123.253 - - [03/Jan/2025:09:48:12 +0300] "DELETE /products/ HTTP/1.1" 501 10321 "-" "Internet Explorer 7.0; Windows NT 6.0; Trident/5.0"
20.182.249.13 - - [03/Jan/2025:09:48:13 +0300] "PUT /index.html HTTP/1.1" 500 3729 "-" "Opera/9.80 (X11; Linux i686; Ubuntu/14.10) Presto/2.12.388 Version/12.16"
218.228.44.29 - - [03/Jan/2025:09:48:52 +0300] "PUT /index.html HTTP/1.1" 503 25499 "-" "Mozilla/5.0 (Windows NT 10.0; Win64; x64) AppleWebKit/537.36 (KHTML, like Gecko) Chrome/92.0.4515.107 Safari/537.36"
147.65.92.12 - - [03/Jan/2025:09:50:00 +0300] "PATCH /index.html HTTP/1.1" 503 2540 "-" "Crawler Bot v1.0 (+https://example.com/bot.html)"
49.20.36.30 - - [03/Jan/2025:09:50:46 +0300] "PUT /services/ HTTP/1.1" 502 12709 "-" "Opera/9.80 (X11; Linux i686; Ubuntu/14.10) Presto/2.12.388 Version/12.16"
142.201.33.58 - - [03/Jan/2025:09:51:34 +0300] "GET /index.html HTTP/1.1" 400 30164 "-" "Safari/604.1 CFNetwork/893.14 Darwin/17.0.0 (x86_64)"
83.96.224.158 - - [03/Jan/2025:09:51:41 +0300] "DELETE /products/ HTTP/1.1" 502 26415 "-" "Opera/9.80 (X11; Linux i686; Ubuntu/14.10) Presto/2.12.388 Version/12.16"
53.144.239.176 - - [03/Jan/2025:09:52:55 +0300] "GET /index.html HTTP/1.1" 502 2483 "-" "Wget/1.19.5 (linux-gnu)"
147.65.92.12 - - [03/Jan/2025:09:54:45 +0300] "DELETE /services/ HTTP/1.1" 501 12409 "-" "Crawler Bot v1.0 (+https://example.com/bot.html)"
114.72.135.61 - - [03/Jan/2025:09:55:11 +0300] "PATCH /products/ HTTP/1.1" 201 19410 "-" "Internet Explorer 7.0; Windows NT 6.0; Trident/5.0"
229.206.221.69 - - [03/Jan/2025:09:56:43 +0300] "PATCH /index.html HTTP/1.1" 500 22940 "-" "Mozilla/5.0 (Windows NT 10.0; Win64; x64) AppleWebKit/537.36 (KHTML, like Gecko) Chrome/92.0.4515.107 Safari/537.36"
53.144.239.176 - - [03/Jan/2025:09:56:50 +0300] "DELETE /products/ HTTP/1.1" 401 17221 "-" "Mozilla/5.0 (Windows NT 10.0; Win64; x64) AppleWebKit/537.36 (KHTML, like Gecko) Chrome/92.0.4515.107 Safari/537.36"
180.101.174.150 - - [03/Jan/2025:09:58:09 +0300] "POST /index.html HTTP/1.1" 401 32544 "-" "Mozilla/5.0 (Windows NT 10.0; Win64; x64) AppleWebKit/537.36 (KHTML, like Gecko) Chrome/92.0.4515.107 Safari/537.36"
250.74.3.46 - - [03/Jan/2025:09:59:44 +0300] "GET /products/ HTTP/1.1" 403 8762 "-" "Internet Explorer 7.0; Windows NT 6.0; Trident/5.0"
28.42.76.86 - - [03/Jan/2025:10:00:47 +0300] "PUT /products/ HTTP/1.1" 502 6622 "-" "Crawler Bot v1.0 (+https://example.com/bot.html)"
28.186.70.250 - - [03/Jan/2025:10:02:02 +0300] "PATCH /services/ HTTP/1.1" 501 19631 "-" "Internet Explorer 7.0; Windows NT 6.0; Trident/5.0"
168.14.215.0 - - [03/Jan/2025:10:03:05 +0300] "PUT /about-us/ HTTP/1.1" 401 21498 "-" "Opera/9.80 (X11; Linux i686; Ubuntu/14.10) Presto/2.12.388 Version/12.16"
124.29.122.120 - - [03/Jan/2025:10:03:10 +0300] "POST /products/ HTTP/1.1" 404 30106 "-" "Microsoft Edge 44.18362.449.0; Windows 10; ARM64"
124.29.122.120 - - [03/Jan/2025:10:03:48 +0300] "DELETE /contact/ HTTP/1.1" 201 32354 "-" "Safari/604.1 CFNetwork/893.14 Darwin/17.0.0 (x86_64)"
218.228.44.29 - - [03/Jan/2025:10:05:40 +0300] "PUT /services/ HTTP/1.1" 400 30606 "-" "Wget/1.19.5 (linux-gnu)"
20.182.249.13 - - [03/Jan/2025:10:06:25 +0300] "GET /index.html HTTP/1.1" 404 12608 "-" "Safari/604.1 CFNetwork/893.14 Darwin/17.0.0 (x86_64)"
28.42.76.86 - - [03/Jan/2025:10:07:28 +0300] "GET /contact/ HTTP/1.1" 502 24053 "-" "Opera/9.80 (X11; Linux i686; Ubuntu/14.10) Presto/2.12.388 Version/12.16"
214.61.138.41 - - [03/Jan/2025:10:08:30 +0300] "DELETE /index.html HTTP/1.1" 401 18765 "-" "Mozilla/5.0 (Windows NT 10.0; Win64; x64) AppleWebKit/537.36 (KHTML, like Gecko) Chrome/92.0.4515.107 Safari/537.36"
28.42.76.86 - - [03/Jan/2025:10:09:08 +0300] "POST /products/ HTTP/1.1" 201 4182 "-" "Opera/9.80 (X11; Linux i686; Ubuntu/14.10) Presto/2.12.388 Version/12.16"
250.74.3.46 - - [03/Jan/2025:10:09:43 +0300] "DELETE /contact/ HTTP/1.1" 500 1095 "-" "Safari/604.1 CFNetwork/893.14 Darwin/17.0.0 (x86_64)"
147.65.92.12 - - [03/Jan/2025:10:11:13 +0300] "POST /contact/ HTTP/1.1" 400 10016 "-" "Safari/604.1 CFNetwork/893.14 Darwin/17.0.0 (x86_64)"
64.255.15.33 - - [03/Jan/2025:10:11:42 +0300] "GET /about-us/ HTTP/1.1" 503 2072 "-" "Safari/604.1 CFNetwork/893.14 Darwin/17.0.0 (x86_64)"
218.228.44.29 - - [03/Jan/2025:10:12:45 +0300] "GET /products/ HTTP/1.1" 200 19174 "-" "Wget/1.19.5 (linux-gnu)"
168.14.215.0 - - [03/Jan/2025:10:13:05 +0300] "GET /services/ HTTP/1.1" 403 16079 "-" "Microsoft Edge 44.18362.449.0; Windows 10; ARM64"
53.144.239.176 - - [03/Jan/2025:10:13:46 +0300] "GET /index.html HTTP/1.1" 201 31676 "-" "Microsoft Edge 44.18362.449.0; Windows 10; ARM64"
153.52.113.49 - - [03/Jan/2025:10:15:04 +0300] "PATCH /services/ HTTP/1.1" 400 9639 "-" "Microsoft Edge 44.18362.449.0; Windows 10; ARM64"
133.81.129.159 - - [03/Jan/2025:10:15:37 +0300] "PATCH /about-us/ HTTP/1.1" 500 17955 "-" "Mozilla/5.0 (Windows NT 10.0; Win64; x64) AppleWebKit/537.36 (KHTML, like Gecko) Chrome/92.0.4515.107 Safari/537.36"
229.206.221.69 - - [03/Jan/2025:10:16:56 +0300] "PATCH /contact/ HTTP/1.1" 500 29093 "-" "Crawler Bot v1.0 (+https://example.com/bot.html)"
218.228.44.29 - - [03/Jan/2025:10:18:04 +0300] "GET /products/ HTTP/1.1" 502 3409 "-" "Wget/1.19.5 (linux-gnu)"
53.144.239.176 - - [03/Jan/2025:10:19:36 +0300] "PUT /products/ HTTP/1.1" 503 13213 "-" "Crawler Bot v1.0 (+https://example.com/bot.html)"
49.20.36.30 - - [03/Jan/2025:10:19:57 +0300] "DELETE /index.html HTTP/1.1" 201 18089 "-" "Internet Explorer 7.0; Windows NT 6.0; Trident/5.0"
180.101.174.150 - - [03/Jan/2025:10:20:21 +0300] "DELETE /contact/ HTTP/1.1" 503 4132 "-" "Safari/604.1 CFNetwork/893.14 Darwin/17.0.0 (x86_64)"
147.65.92.12 - - [03/Jan/2025:10:21:31 +0300] "POST /contact/ HTTP/1.1" 400 30658 "-" "Crawler Bot v1.0 (+https://example.com/bot.html)"
147.65.92.12 - - [03/Jan/2025:10:23:20 +0300] "POST /contact/ HTTP/1.1" 502 33401 "-" "Crawler Bot v1.0 (+https://example.com/bot.html)"
153.52.113.49 - - [03/Jan/2025:10:25:01 +0300] "PATCH /products/ HTTP/1.1" 403 15784 "-" "Internet Explorer 7.0; Windows NT 6.0; Trident/5.0"
142.201.33.58 - - [03/Jan/2025:10:26:08 +0300] "POST /products/ HTTP/1.1" 400 25769 "-" "Safari/604.1 CFNetwork/893.14 Darwin/17.0.0 (x86_64)"
168.14.215.0 - - [03/Jan/2025:10:26:31 +0300] "GET /services/ HTTP/1.1" 502 18743 "-" "Mozilla/5.0 (Windows NT 10.0; Win64; x64) AppleWebKit/537.36 (KHTML, like Gecko) Chrome/92.0.4515.107 Safari/537.36"
218.228.44.29 - - [03/Jan/2025:10:27:10 +0300] "DELETE /products/ HTTP/1.1" 200 33258 "-" "Internet Explorer 7.0; Windows NT 6.0; Trident/5.0"
180.101.174.150 - - [03/Jan/2025:10:28:58 +0300] "POST /index.html HTTP/1.1" 501 26382 "-" "Microsoft Edge 44.18362.449.0; Windows 10; ARM64"
168.14.215.0 - - [03/Jan/2025:10:29:47 +0300] "GET /about-us/ HTTP/1.1" 502 2259 "-" "Crawler Bot v1.0 (+https://example.com/bot.html)"
214.61.138.41 - - [03/Jan/2025:10:30:51 +0300] "PATCH /contact/ HTTP/1.1" 503 28075 "-" "Opera/9.80 (X11; Linux i686; Ubuntu/14.10) Presto/2.12.388 Version/12.16"
64.255.15.33 - - [03/Jan/2025:10:30:57 +0300] "GET /contact/ HTTP/1.1" 500 17593 "-" "Microsoft Edge 44.18362.449.0; Windows 10; ARM64"
28.186.70.250 - - [03/Jan/2025:10:31:31 +0300] "PATCH /about-us/ HTTP/1.1" 400 31696 "-" "Microsoft Edge 44.18362.449.0; Windows 10; ARM64"
28.186.70.250 - - [03/Jan/2025:10:32:43 +0300] "DELETE /index.html HTTP/1.1" 400 30357 "-" "Opera/9.80 (X11; Linux i686; Ubuntu/14.10) Presto/2.12.388 Version/12.16"
28.186.70.250 - - [03/Jan/2025:10:33:10 +0300] "POST /about-us/ HTTP/1.1" 201 1557 "-" "Wget/1.19.5 (linux-gnu)"
149.90.30.222 - - [03/Jan/2025:10:33:36 +0300] "PUT /services/ HTTP/1.1" 500 1705 "-" "Wget/1.19.5 (linux-gnu)"
49.20.36.30 - - [03/Jan/2025:10:33:47 +0300] "GET /contact/ HTTP/1.1" 503 7418 "-" "Internet Explorer 7.0; Windows NT 6.0; Trident/5.0"
149.90.30.222 - - [03/Jan/2025:10:34:36 +0300] "POST /about-us/ HTTP/1.1" 503 25997 "-" "Mozilla/5.0 (Windows NT 10.0; Win64; x64) AppleWebKit/537.36 (KHTML, like Gecko) Chrome/92.0.4515.107 Safari/537.36"
114.72.135.61 - - [03/Jan/2025:10:35:00 +0300] "PUT /products/ HTTP/1.1" 201 11718 "-" "Crawler Bot v1.0 (+https://example.com/bot.html)"
36.254.127.5 - - [03/Jan/2025:10:35:47 +0300] "POST /about-us/ HTTP/1.1" 501 32225 "-" "Crawler Bot v1.0 (+https://example.com/bot.html)"
153.52.113.49 - - [03/Jan/2025:10:36:34 +0300] "PUT /index.html HTTP/1.1" 201 10296 "-" "Internet Explorer 7.0; Windows NT 6.0; Trident/5.0"
28.186.70.250 - - [03/Jan/2025:10:37:23 +0300] "GET /products/ HTTP/1.1" 502 12830 "-" "Mozilla/5.0 (Windows NT 10.0; Win64; x64) AppleWebKit/537.36 (KHTML, like Gecko) Chrome/92.0.4515.107 Safari/537.36"
28.42.76.86 - - [03/Jan/2025:10:38:04 +0300] "PATCH /products/ HTTP/1.1" 200 16192 "-" "Safari/604.1 CFNetwork/893.14 Darwin/17.0.0 (x86_64)"
168.14.215.0 - - [03/Jan/2025:10:39:29 +0300] "POST /services/ HTTP/1.1" 403 10636 "-" "Mozilla/5.0 (Windows NT 10.0; Win64; x64) AppleWebKit/537.36 (KHTML, like Gecko) Chrome/92.0.4515.107 Safari/537.36"
28.186.70.250 - - [03/Jan/2025:10:39:34 +0300] "GET /contact/ HTTP/1.1" 404 21959 "-" "Opera/9.80 (X11; Linux i686; Ubuntu/14.10) Presto/2.12.388 Version/12.16"
