153.52.113.49 - - [05/Jan/2025:07:24:29 +0300] "PUT /about-us/ HTTP/1.1" 403 28342 "-" "Mozilla/5.0 (Windows NT 10.0; Win64; x64) AppleWebKit/537.36 (KHTML, like Gecko) Chrome/92.0.4515.107 Safari/537.36"
53.144.239.176 - - [05/Jan/2025:07:26:53 +0300] "DELETE /about-us/ HTTP/1.1" 501 32254 "-" "Mozilla/5.0 (Windows NT 10.0; Win64; x64) AppleWebKit/537.36 (KHTML, like Gecko) Chrome/92.0.4515.107 Safari/537.36"
214.61.138.41 - - [05/Jan/2025:07:28:51 +0300] "PATCH /about-us/ HTTP/1.1" 200 18670 "-" "Mozilla/5.0 (Windows NT 10.0; Win64; x64) AppleWebKit/537.36 (KHTML, like Gecko) Chrome/92.0.4515.107 Safari/537.36"
231.62.123.253 - - [05/Jan/2025:07:28:55 +0300] "DELETE /products/ HTTP/1.1" 201 4941 "-" "Safari/604.1 CFNetwork/893.14 Darwin/17.0.0 (x86_64)"
49.20.36.30 - - [05/Jan/2025:07:29:08 +0300] "DELETE /products/ HTTP/1.1" 200 15550 "-" "Safari/604.1 CFNetwork/893.14 Darwin/17.0.0 (x86_64)"
229.206.221.69 - - [05/Jan/2025:07:31:07 +0300] "POST /index.html HTTP/1.1" 200 15792 "-" "Internet Explorer 7.0; Windows NT 6.0; Trident/5.0"
64.255.15.33 - - [05/Jan/2025:07:32:08 +0300] "PUT /contact/ HTTP/1.1" 403 33727 "-" "Mozilla/5.0 (Windows NT 10.0; Win64; x64) AppleWebKit/537.36 (KHTML, like Gecko) Chrome/92.0.4515.107 Safari/537.36"
142.201.33.58 - - [05/Jan/2025:07:32:27 +0300] "POST /index.html HTTP/1.1" 403 4186 "-" "Microsoft Edge 44.18362.449.0; Windows 10; ARM64"
218.228.44.29 - - [05/Jan/2025:07:34:35 +0300] "DELETE /about-us/ HTTP/1.1" 401 15801 "-" "Crawler Bot v1.0 (+https://example.com/bot.html)"
153.52.113.49 - - [05/Jan/2025:07:34:59 +0300] "PUT /about-us/ HTTP/1.1" 200 1326 "-" "Wget/1.19.5 (linux-gnu)"
147.65.92.12 - - [05/Jan/2025:07:35:32 +0300] "POST /index.html HTTP/1.1" 502 18293 "-" "Opera/9.80 (X11; Linux i686; Ubuntu/14.10) Presto/2.12.388 Version/12.16"
124.29.122.120 - - [05/Jan/2025:07:36:30 +0300] "DELETE /services/ HTTP/1.1" 200 11759 "-" "Mozilla/5.0 (Windows NT 10.0; Win64; x64) AppleWebKit/537.36 (KHTML, like Gecko) Chrome/92.0.4515.107 Safari/537.36"
218.228.44.29 - - [05/Jan/2025:07:36:38 +0300] "PATCH /products/ HTTP/1.1" 200 33687 "-" "Internet Explorer 7.0; Windows NT 6.0; Trident/5.0"
133.81.129.159 - - [05/Jan/2025:07:39:13 +0300] "DELETE /products/ HTTP/1.1" 501 12092 "-" "Wget/1.19.5 (linux-gnu)"
168.14.215.0 - - [05/Jan/2025:07:40:42 +0300] "PATCH /index.html HTTP/1.1" 503 15549 "-" "Mozilla/5.0 (Windows NT 10.0; Win64; x64) AppleWebKit/537.36 (KHTML, like Gecko) Chrome/92.0.4515.107 Safari/537.36"
64.255.15.33 - - [05/Jan/2025:07:41:25 +0300] "POST /index.html HTTP/1.1" 503 24991 "-" "Crawler Bot v1.0 (+https://example.com/bot.html)"
214.61.138.41 - - [05/Jan/2025:07:41:47 +0300] "DELETE /products/ HTTP/1.1" 404 33281 "-" "Opera/9.80 (X11; Linux i686; Ubuntu/14.10) Presto/2.12.388 Version/12.16"
149.90.30.222 - - [05/Jan/2025:07:44:05 +0300] "PUT /contact/ HTTP/1.1" 201 14776 "-" "Crawler Bot v1.0 (+https://example.com/bot.html)"
28.186.70.250 - - [05/Jan/2025:07:45:22 +0300] "DELETE /contact/ HTTP/1.1" 404 6396 "-" "Crawler Bot v1.0 (+https://example.com/bot.html)"
124.29.122.120 - - [05/Jan/2025:07:47:14 +0300] "GET /products/ HTTP/1.1" 201 33243 "-" "Internet Explorer 7.0; Windows NT 6.0; Trident/5.0"
83.96.224.158 - - [05/Jan/2025:07:48:11 +0300] "POST /products/ HTTP/1.1" 500 23209 "-" "Internet Explorer 7.0; Windows NT 6.0; Trident/5.0"
147.65.92.12 - - [05/Jan/2025:07:49:33 +0300] "GET /about-us/ HTTP/1.1" 501 2502 "-" "Safari/604.1 CFNetwork/893.14 Darwin/17.0.0 (x86_64)"
36.254.127.5 - - [05/Jan/2025:07:51:07 +0300] "POST /services/ HTTP/1.1" 500 7636 "-" "Internet Explorer 7.0; Windows NT 6.0; Trident/5.0"
180.101.174.150 - - [05/Jan/2025:07:53:22 +0300] "GET /about-us/ HTTP/1.1" 502 21325 "-" "Microsoft Edge 44.18362.449.0; Windows 10; ARM64"
114.72.135.61 - - [05/Jan/2025:07:54:40 +0300] "POST /services/ HTTP/1.1" 401 15129 "-" "Microsoft Edge 44.18362.449.0; Windows 10; ARM64"
218.228.44.29 - - [05/Jan/2025:07:57:02 +0300] "PUT /contact/ HTTP/1.1" 400 23429 "-" "Crawler Bot v1.0 (+https://example.com/bot.html)"
142.201.33.58 - - [05/Jan/2025:07:58:47 +0300] "DELETE /services/ HTTP/1.1" 201 33370 "-" "Opera/9.80 (X11; Linux i686; Ubuntu/14.10) Presto/2.12.388 Version/12.16"
231.62.123.253 - - [05/Jan/2025:08:00:24 +0300] "PATCH /about-us/ HTTP/1.1" 500 17357 "-" "Opera/9.80 (X11; Linux i686; Ubuntu/14.10) Presto/2.12.388 Version/12.16"
142.201.33.58 - - [05/Jan/2025:08:01:44 +0300] "PATCH /services/ HTTP/1.1" 404 1506 "-" "Safari/604.1 CFNetwork/893.14 Darwin/17.0.0 (x86_64)"
231.62.123.253 - - [05/Jan/2025:08:03:22 +0300] "PUT /services/ HTTP/1.1" 401 26152 "-" "Safari/604.1 CFNetwork/893.14 Darwin/17.0.0 (x86_64)"
149.90.30.222 - - [05/Jan/2025:08:03:34 +0300] "POST /index.html HTTP/1.1" 400 4258 "-" "Internet Explorer 7.0; Windows NT 6.0; Trident/5.0"
36.254.127.5 - - [05/Jan/2025:08:05:08 +0300] "PUT /about-us/ HTTP/1.1" 502 16620 "-" "Crawler Bot v1.0 (+https://example.com/bot.html)"
83.96.224.158 - - [05/Jan/2025:08:06:00 +0300] "PATCH /products/ HTTP/1.1" 200 14870 "-" "Mozilla/5.0 (Windows NT 10.0; Win64; x64) AppleWebKit/537.36 (KHTML, like Gecko) Chrome/92.0.4515.107 Safari/537.36"
44.2.222.93 - - [05/Jan/2025:08:08:34 +0300] "GET /contact/ HTTP/1.1" 201 20153 "-" "Crawler Bot v1.0 (+https://example.com/bot.html)"
218.228.44.29 - - [05/Jan/2025:08:10:17 +0300] "PUT /about-us/ HTTP/1.1" 404 8632 "-" "Wget/1.19.5 (linux-gnu)"
229.206.221.69 - - [05/Jan/2025:08:10:21 +0300] "DELETE /contact/ HTTP/1.1" 200 10939 "-" "Opera/9.80 (X11; Linux i686; Ubuntu/14.10) Presto/2.12.388 Version/12.16"
114.72.135.61 - - [05/Jan/2025:08:11:31 +0300] "GET /index.html HTTP/1.1" 404 2356 "-" "Wget/1.19.5 (linux-gnu)"
168.14.215.0 - - [05/Jan/2025:08:13:28 +0300] "GET /contact/ HTTP/1.1" 503 30361 "-" "Opera/9.80 (X11; Linux i686; Ubuntu/14.10) Presto/2.12.388 Version/12.16"
124.29.122.120 - - [05/Jan/2025:08:14:40 +0300] "PATCH /products/ HTTP/1.1" 503 14271 "-" "Wget/1.19.5 (linux-gnu)"
250.74.3.46 - - [05/Jan/2025:08:16:05 +0300] "GET /services/ HTTP/1.1" 404 28105 "-" "Wget/1.19.5 (linux-gnu)"
250.74.3.46 - - [05/Jan/2025:08:16:40 +0300] "DELETE /contact/ HTTP/1.1" 403 20164 "-" "Safari/604.1 CFNetwork/893.14 Darwin/17.0.0 (x86_64)"
172.55.147.133 - - [05/Jan/2025:08:17:26 +0300] "PUT /services/ HTTP/1.1" 200 3764 "-" "Safari/604.1 CFNetwork/893.14 Darwin/17.0.0 (x86_64)"
231.62.123.253 - - [05/Jan/2025:08:17:41 +0300] "POST /products/ HTTP/1.1" 500 17162 "-" "Mozilla/5.0 (Windows NT 10.0; Win64; x64) AppleWebKit/537.36 (KHTML, like Gecko) Chrome/92.0.4515.107 Safari/537.36"
153.52.113.49 - - [05/Jan/2025:08:18:58 +0300] "PUT /products/ HTTP/1.1" 404 7508 "-" "Crawler Bot v1.0 (+https://example.com/bot.html)"
147.65.92.12 - - [05/Jan/2025:08:20:11 +0300] "POST /products/ HTTP/1.1" 200 8883 "-" "Safari/604.1 CFNetwork/893.14 Darwin/17.0.0 (x86_64)"
229.206.221.69 - - [05/Jan/2025:08:21:28 +0300] "PUT /about-us/ HTTP/1.1" 500 7690 "-" "Crawler Bot v1.0 (+https://example.com/bot.html)"
44.2.222.93 - - [05/Jan/2025:08:21:52 +0300] "PUT /services/ HTTP/1.1" 501 8004 "-" "Microsoft Edge 44.18362.449.0; Windows 10; ARM64"
218.228.44.29 - - [05/Jan/2025:08:24:06 +0300] "DELETE /index.html HTTP/1.1" 201 15828 "-" "Opera/9.80 (X11; Linux i686; Ubuntu/14.10) Presto/2.12.388 Version/12.16"
20.182.249.13 - - [05/Jan/2025:08:25:24 +0300] "PUT /index.html HTTP/1.1" 501 20771 "-" "Internet Explorer 7.0; Windows NT 6.0; Trident/5.0"
149.90.30.222 - - [05/Jan/2025:08:27:58 +0300] "POST /about-us/ HTTP/1.1" 401 15498 "-" "Internet Explorer 7.0; Windows NT 6.0; Trident/5.0"
214.61.138.41 - - [05/Jan/2025:08:29:36 +0300] "PATCH /about-us/ HTTP/1.1" 503 11150 "-" "Mozilla/5.0 (Windows NT 10.0; Win64; x64) AppleWebKit/537.36 (KHTML, like Gecko) Chrome/92.0.4515.107 Safari/537.36"
28.186.70.250 - - [05/Jan/2025:08:30:17 +0300] "GET /products/ HTTP/1.1" 200 11687 "-" "Internet Explorer 7.0; Windows NT 6.0; Trident/5.0"
133.81.129.159 - - [05/Jan/2025:08:30:50 +0300] "DELETE /about-us/ HTTP/1.1" 501 18199 "-" "Microsoft Edge 44.18362.449.0; Windows 10; ARM64"
153.52.113.49 - - [05/Jan/2025:08:30:58 +0300] "POST /services/ HTTP/1.1" 500 28838 "-" "Safari/604.1 CFNetwork/893.14 Darwin/17.0.0 (x86_64)"
64.255.15.33 - - [05/Jan/2025:08:31:47 +0300] "PATCH /services/ HTTP/1.1" 400 15399 "-" "Safari/604.1 CFNetwork/893.14 Darwin/17.0.0 (x86_64)"
44.2.222.93 - - [05/Jan/2025:08:33:17 +0300] "PUT /services/ HTTP/1.1" 403 10568 "-" "Opera/9.80 (X11; Linux i686; Ubuntu/14.10) Presto/2.12.388 Version/12.16"
214.61.138.41 - - [05/Jan/2025:08:34:58 +0300] "GET /services/ HTTP/1.1" 401 7723 "-" "Microsoft Edge 44.18362.449.0; Windows 10; ARM64"
180.101.174.150 - - [05/Jan/2025:08:35:22 +0300] "DELETE /services/ HTTP/1.1" 501 5997 "-" "Safari/604.1 CFNetwork/893.14 Darwin/17.0.0 (x86_64)"
147.65.92.12 - - [05/Jan/2025:08:35:55 +0300] "POST /contact/ HTTP/1.1" 401 16291 "-" "Opera/9.80 (X11; Linux i686; Ubuntu/14.10) Presto/2.12.388 Version/12.16"
180.101.174.150 - - [05/Jan/2025:08:37:30 +0300] "GET /products/ HTTP/1.1" 501 3354 "-" "Safari/604.1 CFNetwork/893.14 Darwin/17.0.0 (x86_64)"
20.182.249.13 - - [05/Jan/2025:08:37:36 +0300] "PATCH /services/ HTTP/1.1" 502 9590 "-" "Microsoft Edge 44.18362.449.0; Windows 10; ARM64"
180.101.174.150 - - [05/Jan/2025:08:39:08 +0300] "GET /services/ HTTP/1.1" 503 25001 "-" "Mozilla/5.0 (Windows NT 10.0; Win64; x64) AppleWebKit/537.36 (KHTML, like Gecko) Chrome/92.0.4515.107 Safari/537.36"
83.96.224.158 - - [05/Jan/2025:08:41:18 +0300] "POST /products/ HTTP/1.1" 502 10380 "-" "Crawler Bot v1.0 (+https://example.com/bot.html)"
142.201.33.58 - - [05/Jan/2025:08:42:06 +0300] "PATCH /index.html HTTP/1.1" 502 16688 "-" "Opera/9.80 (X11; Linux i686; Ubuntu/14.10) Presto/2.12.388 Version/12.16"
229.206.221.69 - - [05/Jan/2025:08:44:00 +0300] "PATCH /contact/ HTTP/1.1" 404 17357 "-" "Mozilla/5.0 (Windows NT 10.0; Win64; x64) AppleWebKit/537.36 (KHTML, like Gecko) Chrome/92.0.4515.107 Safari/537.36"
20.182.249.13 - - [05/Jan/2025:08:46:03 +0300] "POST /services/ HTTP/1.1" 200 23914 "-" "Internet Explorer 7.0; Windows NT 6.0; Trident/5.0"
28.42.76.86 - - [05/Jan/2025:08:47:03 +0300] "PUT /contact/ HTTP/1.1" 201 25238 "-" "Safari/604.1 CFNetwork/893.14 Darwin/17.0.0 (x86_64)"
180.101.174.150 - - [05/Jan/2025:08:49:12 +0300] "PUT /index.html HTTP/1.1" 502 21667 "-" "Mozilla/5.0 (Windows NT 10.0; Win64; x64) AppleWebKit/537.36 (KHTML, like Gecko) Chrome/92.0.4515.107 Safari/537.36"
64.255.15.33 - - [05/Jan/2025:08:50:45 +0300] "PUT /products/ HTTP/1.1" 201 16415 "-" "Wget/1.19.5 (linux-gnu)"
149.90.30.222 - - [05/Jan/2025:08:52:22 +0300] "POST /contact/ HTTP/1.1" 503 17481 "-" "Microsoft Edge 44.18362.449.0; Windows 10; ARM64"
124.29.122.120 - - [05/Jan/2025:08:52:38 +0300] "PATCH /index.html HTTP/1.1" 503 19748 "-" "Internet Explorer 7.0; Windows NT 6.0; Trident/5.0"
153.52.113.49 - - [05/Jan/2025:08:55:05 +0300] "GET /about-us/ HTTP/1.1" 401 25368 "-" "Internet Explorer 7.0; Windows NT 6.0; Trident/5.0"
172.55.147.133 - - [05/Jan/2025:08:56:35 +0300] "PATCH /products/ HTTP/1.1" 201 15489 "-" "Microsoft Edge 44.18362.449.0; Windows 10; ARM64"
28.42.76.86 - - [05/Jan/2025:08:56:43 +0300] "POST /services/ HTTP/1.1" 502 33691 "-" "Safari/604.1 CFNetwork/893.14 Darwin/17.0.0 (x86_64)"
36.254.127.5 - - [05/Jan/2025:08:58:21 +0300] "GET /about-us/ HTTP/1.1" 400 19960 "-" "Safari/604.1 CFNetwork/893.14 Darwin/17.0.0 (x86_64)"
149.90.30.222 - - [05/Jan/2025:09:00:22 +0300] "PUT /about-us/ HTTP/1.1" 503 17025 "-" "Microsoft Edge 44.18362.449.0; Windows 10; ARM64"
142.201.33.58 - - [05/Jan/2025:09:01:15 +0300] "DELETE /contact/ HTTP/1.1" 503 21312 "-" "Internet Explorer 7.0; Windows NT 6.0; Trident/5.0"
49.20.36.30 - - [05/Jan/2025:09:03:26 +0300] "PATCH /services/ HTTP/1.1" 404 13501 "-" "Wget/1.19.5 (linux-gnu)"
83.96.224.158 - - [05/Jan/2025:09:04:29 +0300] "DELETE /about-us/ HTTP/1.1" 501 19372 "-" "Internet Explorer 7.0; Windows NT 6.0; Trident/5.0"
114.72.135.61 - - [05/Jan/2025:09:06:05 +0300] "DELETE /services/ HTTP/1.1" 201 31796 "-" "Microsoft Edge 44.18362.449.0; Windows 10; ARM64"
168.14.215.0 - - [05/Jan/2025:09:08:18 +0300] "PUT /about-us/ HTTP/1.1" 404 4212 "-" "Microsoft Edge 44.18362.449.0; Windows 10; ARM64"
44.2.222.93 - - [05/Jan/2025:09:10:03 +0300] "GET /index.html HTTP/1.1" 503 4468 "-" "Safari/604.1 CFNetwork/893.14 Darwin/17.0.0 (x86_64)"
172.55.147.133 - - [05/Jan/2025:09:10:50 +0300] "PUT /services/ HTTP/1.1" 400 10921 "-" "Internet Explorer 7.0; Windows NT 6.0; Trident/5.0"
214.61.138.41 - - [05/Jan/2025:09:10:55 +0300] "PUT /services/ HTTP/1.1" 400 28323 "-" "Opera/9.80 (X11; Linux i686; Ubuntu/14.10) Presto/2.12.388 Version/12.16"
172.55.147.133 - - [05/Jan/2025:09:11:03 +0300] "PATCH /services/ HTTP/1.1" 404 14075 "-" "Crawler Bot v1.0 (+https://example.com/bot.html)"
28.186.70.250 - - [05/Jan/2025:09:12:09 +0300] "PATCH /about-us/ HTTP/1.1" 400 19832 "-" "Microsoft Edge 44.18362.449.0; Windows 10; ARM64"
168.14.215.0 - - [05/Jan/2025:09:13:42 +0300] "DELETE /products/ HTTP/1.1" 502 25765 "-" "Mozilla/5.0 (Windows NT 10.0; Win64; x64) AppleWebKit/537.36 (KHTML, like Gecko) Chrome/92.0.4515.107 Safari/537.36"
124.29.122.120 - - [05/Jan/2025:09:15:36 +0300] "DELETE /products/ HTTP/1.1" 403 1069 "-" "Internet Explorer 7.0; Windows NT 6.0; Trident/5.0"
231.62.123.253 - - [05/Jan/2025:09:16:22 +0300] "PUT /services/ HTTP/1.1" 400 29768 "-" "Opera/9.80 (X11; Linux i686; Ubuntu/14.10) Presto/2.12.388 Version/12.16"
147.65.92.12 - - [05/Jan/2025:09:18:09 +0300] "DELETE /services/ HTTP/1.1" 503 26832 "-" "Crawler Bot v1.0 (+https://example.com/bot.html)"
153.52.113.49 - - [05/Jan/2025:09:18:45 +0300] "PUT /about-us/ HTTP/1.1" 201 32628 "-" "Microsoft Edge 44.18362.449.0; Windows 10; ARM64"
36.254.127.5 - - [05/Jan/2025:09:19:51 +0300] "PATCH /contact/ HTTP/1.1" 502 28398 "-" "Mozilla/5.0 (Windows NT 10.0; Win64; x64) AppleWebKit/537.36 (KHTML, like Gecko) Chrome/92.0.4515.107 Safari/537.36"
153.52.113.49 - - [05/Jan/2025:09:21:27 +0300] "DELETE /products/ HTTP/1.1" 403 31255 "-" "Opera/9.80 (X11; Linux i686; Ubuntu/14.10) Presto/2.12.388 Version/12.16"
28.186.70.250 - - [05/Jan/2025:09:23:53 +0300] "POST /contact/ HTTP/1.1" 200 18699 "-" "Safari/604.1 CFNetwork/893.14 Darwin/17.0.0 (x86_64)"
64.255.15.33 - - [05/Jan/2025:09:26:13 +0300] "DELETE /about-us/ HTTP/1.1" 500 21475 "-" "Safari/604.1 CFNetwork/893.14 Darwin/17.0.0 (x86_64)"
214.61.138.41 - - [05/Jan/2025:09:27:12 +0300] "DELETE /contact/ HTTP/1.1" 201 22947 "-" "Microsoft Edge 44.18362.449.0; Windows 10; ARM64"
168.14.215.0 - - [05/Jan/2025:09:29:50 +0300] "POST /contact/ HTTP/1.1" 502 16179 "-" "Crawler Bot v1.0 (+https://example.com/bot.html)"
133.81.129.159 - - [05/Jan/2025:09:31:49 +0300] "DELETE /services/ HTTP/1.1" 500 29212 "-" "Safari/604.1 CFNetwork/893.14 Darwin/17.0.0 (x86_64)"
229.206.221.69 - - [05/Jan/2025:09:33:36 +0300] "DELETE /contact/ HTTP/1.1" 502 23913 "-" "Wget/1.19.5 (linux-gnu)"
142.201.33.58 - - [05/Jan/2025:09:33:49 +0300] "POST /index.html HTTP/1.1" 200 5465 "-" "Opera/9.80 (X11; Linux i686; Ubuntu/14.10) Presto/2.12.388 Version/12.16"
218.228.44.29 - - [05/Jan/2025:09:33:56 +0300] "GET /contact/ HTTP/1.1" 401 19942 "-" "Safari/604.1 CFNetwork/893.14 Darwin/17.0.0 (x86_64)"
64.255.15.33 - - [05/Jan/2025:09:34:37 +0300] "GET /products/ HTTP/1.1" 401 21054 "-" "Internet Explorer 7.0; Windows NT 6.0; Trident/5.0"
229.206.221.69 - - [05/Jan/2025:09:36:22 +0300] "PATCH /about-us/ HTTP/1.1" 404 33309 "-" "Wget/1.19.5 (linux-gnu)"
149.90.30.222 - - [05/Jan/2025:09:37:04 +0300] "POST /contact/ HTTP/1.1" 503 22265 "-" "Wget/1.19.5 (linux-gnu)"
133.81.129.159 - - [05/Jan/2025:09:39:18 +0300] "GET /index.html HTTP/1.1" 201 28203 "-" "Safari/604.1 CFNetwork/893.14 Darwin/17.0.0 (x86_64)"
153.52.113.49 - - [05/Jan/2025:09:40:52 +0300] "PATCH /services/ HTTP/1.1" 501 27348 "-" "Opera/9.80 (X11; Linux i686; Ubuntu/14.10) Presto/2.12.388 Version/12.16"
231.62.123.253 - - [05/Jan/2025:09:42:21 +0300] "POST /services/ HTTP/1.1" 503 7458 "-" "Crawler Bot v1.0 (+https://example.com/bot.html)"
142.201.33.58 - - [05/Jan/2025:09:42:33 +0300] "DELETE /products/ HTTP/1.1" 201 11924 "-" "Wget/1.19.5 (linux-gnu)"
124.29.122.120 - - [05/Jan/2025:09:44:27 +0300] "PUT /products/ HTTP/1.1" 403 23061 "-" "Microsoft Edge 44.18362.449.0; Windows 10; ARM64"
172.55.147.133 - - [05/Jan/2025:09:45:21 +0300] "DELETE /products/ HTTP/1.1" 404 17251 "-" "Internet Explorer 7.0; Windows NT 6.0; Trident/5.0"
124.29.122.120 - - [05/Jan/2025:09:46:46 +0300] "DELETE /services/ HTTP/1.1" 201 5738 "-" "Crawler Bot v1.0 (+https://example.com/bot.html)"
124.29.122.120 - - [05/Jan/2025:09:47:50 +0300] "POST /services/ HTTP/1.1" 502 11767 "-" "Wget/1.19.5 (linux-gnu)"
172.55.147.133 - - [05/Jan/2025:09:50:11 +0300] "PATCH /contact/ HTTP/1.1" 403 33695 "-" "Microsoft Edge 44.18362.449.0; Windows 10; ARM64"
214.61.138.41 - - [05/Jan/2025:09:52:05 +0300] "POST /index.html HTTP/1.1" 503 24987 "-" "Safari/604.1 CFNetwork/893.14 Darwin/17.0.0 (x86_64)"
83.96.224.158 - - [05/Jan/2025:09:53:25 +0300] "PATCH /about-us/ HTTP/1.1" 400 4264 "-" "Internet Explorer 7.0; Windows NT 6.0; Trident/5.0"
28.186.70.250 - - [05/Jan/2025:09:54:39 +0300] "POST /index.html HTTP/1.1" 201 1029 "-" "Internet Explorer 7.0; Windows NT 6.0; Trident/5.0"
36.254.127.5 - - [05/Jan/2025:09:54:55 +0300] "DELETE /index.html HTTP/1.1" 400 3087 "-" "Safari/604.1 CFNetwork/893.14 Darwin/17.0.0 (x86_64)"
231.62.123.253 - - [05/Jan/2025:09:56:39 +0300] "DELETE /contact/ HTTP/1.1" 502 24801 "-" "Safari/604.1 CFNetwork/893.14 Darwin/17.0.0 (x86_64)"
229.206.221.69 - - [05/Jan/2025:09:56:59 +0300] "POST /about-us/ HTTP/1.1" 403 33190 "-" "Microsoft Edge 44.18362.449.0; Windows 10; ARM64"
36.254.127.5 - - [05/Jan/2025:09:58:10 +0300] "PUT /products/ HTTP/1.1" 200 8875 "-" "Opera/9.80 (X11; Linux i686; Ubuntu/14.10) Presto/2.12.388 Version/12.16"
64.255.15.33 - - [05/Jan/2025:09:59:23 +0300] "PATCH /products/ HTTP/1.1" 503 15274 "-" "Microsoft Edge 44.18362.449.0; Windows 10; ARM64"
49.20.36.30 - - [05/Jan/2025:10:01:03 +0300] "POST /about-us/ HTTP/1.1" 401 2724 "-" "Wget/1.19.5 (linux-gnu)"
64.255.15.33 - - [05/Jan/2025:10:01:24 +0300] "PUT /contact/ HTTP/1.1" 401 13366 "-" "Mozilla/5.0 (Windows NT 10.0; Win64; x64) AppleWebKit/537.36 (KHTML, like Gecko) Chrome/92.0.4515.107 Safari/537.36"
142.201.33.58 - - [05/Jan/2025:10:02:51 +0300] "DELETE /contact/ HTTP/1.1" 400 7973 "-" "Safari/604.1 CFNetwork/893.14 Darwin/17.0.0 (x86_64)"
20.182.249.13 - - [05/Jan/2025:10:03:34 +0300] "PUT /about-us/ HTTP/1.1" 502 18475 "-" "Crawler Bot v1.0 (+https://example.com/bot.html)"
250.74.3.46 - - [05/Jan/2025:10:04:49 +0300] "GET /services/ HTTP/1.1" 502 20371 "-" "Microsoft Edge 44.18362.449.0; Windows 10; ARM64"
28.186.70.250 - - [05/Jan/2025:10:06:47 +0300] "DELETE /about-us/ HTTP/1.1" 400 13942 "-" "Wget/1.19.5 (linux-gnu)"
153.52.113.49 - - [05/Jan/2025:10:07:59 +0300] "DELETE /products/ HTTP/1.1" 500 26676 "-" "Mozilla/5.0 (Windows NT 10.0; Win64; x64) AppleWebKit/537.36 (KHTML, like Gecko) Chrome/92.0.4515.107 Safari/537.36"
142.201.33.58 - - [05/Jan/2025:10:08:49 +0300] "DELETE /contact/ HTTP/1.1" 201 10114 "-" "Mozilla/5.0 (Windows NT 10.0; Win64; x64) AppleWebKit/537.36 (KHTML, like Gecko) Chrome/92.0.4515.107 Safari/537.36"
147.65.92.12 - - [05/Jan/2025:10:11:25 +0300] "GET /products/ HTTP/1.1" 501 24711 "-" "Internet Explorer 7.0; Windows NT 6.0; Trident/5.0"
133.81.129.159 - - [05/Jan/2025:10:12:56 +0300] "PUT /contact/ HTTP/1.1" 400 21219 "-" "Opera/9.80 (X11; Linux i686; Ubuntu/14.10) Presto/2.12.388 Version/12.16"
20.182.249.13 - - [05/Jan/2025:10:14:44 +0300] "PATCH /about-us/ HTTP/1.1" 200 7466 "-" "Wget/1.19.5 (linux-gnu)"
231.62.123.253 - - [05/Jan/2025:10:16:11 +0300] "DELETE /about-us/ HTTP/1.1" 500 10902 "-" "Opera/9.80 (X11; Linux i686; Ubuntu/14.10) Presto/2.12.388 Version/12.16"
53.144.239.176 - - [05/Jan/2025:10:18:42 +0300] "PATCH /contact/ HTTP/1.1" 500 17802 "-" "Crawler Bot v1.0 (+https://example.com/bot.html)"
168.14.215.0 - - [05/Jan/2025:10:19:39 +0300] "PATCH /about-us/ HTTP/1.1" 503 7410 "-" "Microsoft Edge 44.18362.449.0; Windows 10; ARM64"
250.74.3.46 - - [05/Jan/2025:10:20:53 +0300] "PATCH /services/ HTTP/1.1" 400 3740 "-" "Internet Explorer 7.0; Windows NT 6.0; Trident/5.0"
44.2.222.93 - - [05/Jan/2025:10:23:19 +0300] "PUT /index.html HTTP/1.1" 502 19784 "-" "Opera/9.80 (X11; Linux i686; Ubuntu/14.10) Presto/2.12.388 Version/12.16"
44.2.222.93 - - [05/Jan/2025:10:24:27 +0300] "GET /contact/ HTTP/1.1" 200 4518 "-" "Mozilla/5.0 (Windows NT 10.0; Win64; x64) AppleWebKit/537.36 (KHTML, like Gecko) Chrome/92.0.4515.107 Safari/537.36"
44.2.222.93 - - [05/Jan/2025:10:26:18 +0300] "DELETE /services/ HTTP/1.1" 200 23026 "-" "Opera/9.80 (X11; Linux i686; Ubuntu/14.10) Presto/2.12.388 Version/12.16"
172.55.147.133 - - [05/Jan/2025:10:26:55 +0300] "GET /services/ HTTP/1.1" 200 10435 "-" "Safari/604.1 CFNetwork/893.14 Darwin/17.0.0 (x86_64)"
124.29.122.120 - - [05/Jan/2025:10:29:00 +0300] "PUT /services/ HTTP/1.1" 500 24637 "-" "Mozilla/5.0 (Windows NT 10.0; Win64; x64) AppleWebKit/537.36 (KHTML, like Gecko) Chrome/92.0.4515.107 Safari/537.36"
231.62.123.253 - - [05/Jan/2025:10:30:09 +0300] "PATCH /services/ HTTP/1.1" 401 20023 "-" "Microsoft Edge 44.18362.449.0; Windows 10; ARM64"
28.186.70.250 - - [05/Jan/2025:10:31:43 +0300] "POST /index.html HTTP/1.1" 500 27218 "-" "Safari/604.1 CFNetwork/893.14 Darwin/17.0.0 (x86_64)"
28.186.70.250 - - [05/Jan/2025:10:33:00 +0300] "DELETE /products/ HTTP/1.1" 500 7361 "-" "Crawler Bot v1.0 (+https://example.com/bot.html)"
124.29.122.120 - - [05/Jan/2025:10:33:39 +0300] "PATCH /contact/ HTTP/1.1" 201 15807 "-" "Safari/604.1 CFNetwork/893.14 Darwin/17.0.0 (x86_64)"
147.65.92.12 - - [05/Jan/2025:10:35:45 +0300] "PATCH /products/ HTTP/1.1" 404 19540 "-" "Opera/9.80 (X11; Linux i686; Ubuntu/14.10) Presto/2.12.388 Version/12.16"
218.228.44.29 - - [05/Jan/2025:10:37:42 +0300] "GET /products/ HTTP/1.1" 503 17050 "-" "Microsoft Edge 44.18362.449.0; Windows 10; ARM64"
20.182.249.13 - - [05/Jan/2025:10:37:49 +0300] "GET /about-us/ HTTP/1.1" 500 11467 "-" "Wget/1.19.5 (linux-gnu)"
180.101.174.150 - - [05/Jan/2025:10:38:59 +0300] "DELETE /products/ HTTP/1.1" 503 28241 "-" "Opera/9.80 (X11; Linux i686; Ubuntu/14.10) Presto/2.12.388 Version/12.16"
133.81.129.159 - - [05/Jan/2025:10:39:48 +0300] "GET /index.html HTTP/1.1" 500 25813 "-" "Safari/604.1 CFNetwork/893.14 Darwin/17.0.0 (x86_64)"
28.186.70.250 - - [05/Jan/2025:10:41:46 +0300] "POST /about-us/ HTTP/1.1" 502 11561 "-" "Crawler Bot v1.0 (+https://example.com/bot.html)"
28.42.76.86 - - [05/Jan/2025:10:44:09 +0300] "DELETE /services/ HTTP/1.1" 401 4209 "-" "Safari/604.1 CFNetwork/893.14 Darwin/17.0.0 (x86_64)"
20.182.249.13 - - [05/Jan/2025:10:45:10 +0300] "DELETE /products/ HTTP/1.1" 400 8450 "-" "Crawler Bot v1.0 (+https://example.com/bot.html)"
142.201.33.58 - - [05/Jan/2025:10:46:03 +0300] "DELETE /about-us/ HTTP/1.1" 502 8850 "-" "Crawler Bot v1.0 (+https://example.com/bot.html)"
153.52.113.49 - - [05/Jan/2025:10:48:39 +0300] "PATCH /services/ HTTP/1.1" 400 21422 "-" "Microsoft Edge 44.18362.449.0; Windows 10; ARM64"
229.206.221.69 - - [05/Jan/2025:10:49:04 +0300] "PUT /contact/ HTTP/1.1" 404 10232 "-" "Mozilla/5.0 (Windows NT 10.0; Win64; x64) AppleWebKit/537.36 (KHTML, like Gecko) Chrome/92.0.4515.107 Safari/537.36"
168.14.215.0 - - [05/Jan/2025:10:49:44 +0300] "PATCH /services/ HTTP/1.1" 401 17185 "-" "Opera/9.80 (X11; Linux i686; Ubuntu/14.10) Presto/2.12.388 Version/12.16"
53.144.239.176 - - [05/Jan/2025:10:50:06 +0300] "PUT /index.html HTTP/1.1" 201 31981 "-" "Microsoft Edge 44.18362.449.0; Windows 10; ARM64"
36.254.127.5 - - [05/Jan/2025:10:50:23 +0300] "GET /contact/ HTTP/1.1" 404 21105 "-" "Wget/1.19.5 (linux-gnu)"
44.2.222.93 - - [05/Jan/2025:10:52:28 +0300] "GET /contact/ HTTP/1.1" 502 16384 "-" "Opera/9.80 (X11; Linux i686; Ubuntu/14.10) Presto/2.12.388 Version/12.16"
44.2.222.93 - - [05/Jan/2025:10:53:42 +0300] "PUT /products/ HTTP/1.1" 404 17774 "-" "Wget/1.19.5 (linux-gnu)"
142.201.33.58 - - [05/Jan/2025:10:54:34 +0300] "PUT /index.html HTTP/1.1" 404 2809 "-" "Wget/1.19.5 (linux-gnu)"
149.90.30.222 - - [05/Jan/2025:10:55:36 +0300] "PATCH /products/ HTTP/1.1" 404 23253 "-" "Internet Explorer 7.0; Windows NT 6.0; Trident/5.0"
214.61.138.41 - - [05/Jan/2025:10:55:42 +0300] "GET /index.html HTTP/1.1" 401 2322 "-" "Crawler Bot v1.0 (+https://example.com/bot.html)"
142.201.33.58 - - [05/Jan/2025:10:58:11 +0300] "PUT /services/ HTTP/1.1" 503 22723 "-" "Crawler Bot v1.0 (+https://example.com/bot.html)"
168.14.215.0 - - [05/Jan/2025:10:58:29 +0300] "PATCH /index.html HTTP/1.1" 500 17676 "-" "Internet Explorer 7.0; Windows NT 6.0; Trident/5.0"
218.228.44.29 - - [05/Jan/2025:11:00:12 +0300] "PUT /about-us/ HTTP/1.1" 200 25535 "-" "Mozilla/5.0 (Windows NT 10.0; Win64; x64) AppleWebKit/537.36 (KHTML, like Gecko) Chrome/92.0.4515.107 Safari/537.36"
114.72.135.61 - - [05/Jan/2025:11:02:28 +0300] "GET /products/ HTTP/1.1" 501 13401 "-" "Microsoft Edge 44.18362.449.0; Windows 10; ARM64"
133.81.129.159 - - [05/Jan/2025:11:04:04 +0300] "PATCH /contact/ HTTP/1.1" 500 23521 "-" "Microsoft Edge 44.18362.449.0; Windows 10; ARM64"
28.42.76.86 - - [05/Jan/2025:11:05:13 +0300] "PATCH /products/ HTTP/1.1" 404 16475 "-" "Internet Explorer 7.0; Windows NT 6.0; Trident/5.0"
114.72.135.61 - - [05/Jan/2025:11:07:05 +0300] "PUT /about-us/ HTTP/1.1" 503 27911 "-" "Opera/9.80 (X11; Linux i686; Ubuntu/14.10) Presto/2.12.388 Version/12.16"
218.228.44.29 - - [05/Jan/2025:11:09:34 +0300] "GET /about-us/ HTTP/1.1" 404 8230 "-" "Opera/9.80 (X11; Linux i686; Ubuntu/14.10) Presto/2.12.388 Version/12.16"
149.90.30.222 - - [05/Jan/2025:11:11:14 +0300] "POST /products/ HTTP/1.1" 400 3852 "-" "Internet Explorer 7.0; Windows NT 6.0; Trident/5.0"
124.29.122.120 - - [05/Jan/2025:11:11:40 +0300] "PUT /about-us/ HTTP/1.1" 401 19117 "-" "Opera/9.80 (X11; Linux i686; Ubuntu/14.10) Presto/2.12.388 Version/12.16"
114.72.135.61 - - [05/Jan/2025:11:13:39 +0300] "POST /services/ HTTP/1.1" 200 13706 "-" "Mozilla/5.0 (Windows NT 10.0; Win64; x64) AppleWebKit/537.36 (KHTML, like Gecko) Chrome/92.0.4515.107 Safari/537.36"
147.65.92.12 - - [05/Jan/2025:11:14:01 +0300] "GET /contact/ HTTP/1.1" 200 5400 "-" "Wget/1.19.5 (linux-gnu)"
229.206.221.69 - - [05/Jan/2025:11:14:47 +0300] "PUT /services/ HTTP/1.1" 200 19600 "-" "Mozilla/5.0 (Windows NT 10.0; Win64; x64) AppleWebKit/537.36 (KHTML, like Gecko) Chrome/92.0.4515.107 Safari/537.36"
250.74.3.46 - - [05/Jan/2025:11:16:56 +0300] "PUT /index.html HTTP/1.1" 502 21064 "-" "Mozilla/5.0 (Windows NT 10.0; Win64; x64) AppleWebKit/537.36 (KHTML, like Gecko) Chrome/92.0.4515.107 Safari/537.36"
149.90.30.222 - - [05/Jan/2025:11:17:08 +0300] "POST /services/ HTTP/1.1" 401 6015 "-" "Microsoft Edge 44.18362.449.0; Windows 10; ARM64"
133.81.129.159 - - [05/Jan/2025:11:19:04 +0300] "GET /contact/ HTTP/1.1" 200 27665 "-" "Mozilla/5.0 (Windows NT 10.0; Win64; x64) AppleWebKit/537.36 (KHTML, like Gecko) Chrome/92.0.4515.107 Safari/537.36"
147.65.92.12 - - [05/Jan/2025:11:19:49 +0300] "DELETE /services/ HTTP/1.1" 501 2459 "-" "Wget/1.19.5 (linux-gnu)"
153.52.113.49 - - [05/Jan/2025:11:19:52 +0300] "GET /services/ HTTP/1.1" 500 8097 "-" "Opera/9.80 (X11; Linux i686; Ubuntu/14.10) Presto/2.12.388 Version/12.16"
231.62.123.253 - - [05/Jan/2025:11:21:44 +0300] "DELETE /services/ HTTP/1.1" 403 9347 "-" "Microsoft Edge 44.18362.449.0; Windows 10; ARM64"
168.14.215.0 - - [05/Jan/2025:11:23:44 +0300] "PATCH /about-us/ HTTP/1.1" 500 12201 "-" "Wget/1.19.5 (linux-gnu)"
133.81.129.159 - - [05/Jan/2025:11:24:56 +0300] "POST /about-us/ HTTP/1.1" 201 32811 "-" "Microsoft Edge 44.18362.449.0; Windows 10; ARM64"
64.255.15.33 - - [05/Jan/2025:11:26:17 +0300] "POST /products/ HTTP/1.1" 500 1142 "-" "Crawler Bot v1.0 (+https://example.com/bot.html)"
142.201.33.58 - - [05/Jan/2025:11:27:44 +0300] "GET /about-us/ HTTP/1.1" 503 3544 "-" "Internet Explorer 7.0; Windows NT 6.0; Trident/5.0"
83.96.224.158 - - [05/Jan/2025:11:28:37 +0300] "POST /index.html HTTP/1.1" 502 7447 "-" "Microsoft Edge 44.18362.449.0; Windows 10; ARM64"
44.2.222.93 - - [05/Jan/2025:11:29:54 +0300] "GET /services/ HTTP/1.1" 400 8308 "-" "Mozilla/5.0 (Windows NT 10.0; Win64; x64) AppleWebKit/537.36 (KHTML, like Gecko) Chrome/92.0.4515.107 Safari/537.36"
153.52.113.49 - - [05/Jan/2025:11:31:47 +0300] "GET /about-us/ HTTP/1.1" 401 26555 "-" "Internet Explorer 7.0; Windows NT 6.0; Trident/5.0"
172.55.147.133 - - [05/Jan/2025:11:33:36 +0300] "DELETE /index.html HTTP/1.1" 400 20810 "-" "Opera/9.80 (X11; Linux i686; Ubuntu/14.10) Presto/2.12.388 Version/12.16"
168.14.215.0 - - [05/Jan/2025:11:35:10 +0300] "DELETE /index.html HTTP/1.1" 500 31767 "-" "Microsoft Edge 44.18362.449.0; Windows 10; ARM64"
28.42.76.86 - - [05/Jan/2025:11:37:10 +0300] "POST /contact/ HTTP/1.1" 404 22300 "-" "Internet Explorer 7.0; Windows NT 6.0; Trident/5.0"
149.90.30.222 - - [05/Jan/2025:11:39:27 +0300] "POST /services/ HTTP/1.1" 501 2455 "-" "Crawler Bot v1.0 (+https://example.com/bot.html)"
44.2.222.93 - - [05/Jan/2025:11:41:26 +0300] "GET /index.html HTTP/1.1" 200 23977 "-" "Microsoft Edge 44.18362.449.0; Windows 10; ARM64"
172.55.147.133 - - [05/Jan/2025:11:41:50 +0300] "GET /index.html HTTP/1.1" 503 31786 "-" "Crawler Bot v1.0 (+https://example.com/bot.html)"
28.186.70.250 - - [05/Jan/2025:11:42:45 +0300] "GET /products/ HTTP/1.1" 201 16861 "-" "Opera/9.80 (X11; Linux i686; Ubuntu/14.10) Presto/2.12.388 Version/12.16"
153.52.113.49 - - [05/Jan/2025:11:45:20 +0300] "DELETE /about-us/ HTTP/1.1" 503 9486 "-" "Opera/9.80 (X11; Linux i686; Ubuntu/14.10) Presto/2.12.388 Version/12.16"
231.62.123.253 - - [05/Jan/2025:11:47:40 +0300] "DELETE /about-us/ HTTP/1.1" 400 18038 "-" "Microsoft Edge 44.18362.449.0; Windows 10; ARM64"
142.201.33.58 - - [05/Jan/2025:11:50:16 +0300] "DELETE /index.html HTTP/1.1" 500 20009 "-" "Internet Explorer 7.0; Windows NT 6.0; Trident/5.0"
28.42.76.86 - - [05/Jan/2025:11:51:57 +0300] "DELETE /index.html HTTP/1.1" 502 21880 "-" "Safari/604.1 CFNetwork/893.14 Darwin/17.0.0 (x86_64)"
20.182.249.13 - - [05/Jan/2025:11:52:16 +0300] "PATCH /about-us/ HTTP/1.1" 503 5208 "-" "Microsoft Edge 44.18362.449.0; Windows 10; ARM64"
180.101.174.150 - - [05/Jan/2025:11:54:14 +0300] "PUT /index.html HTTP/1.1" 404 18220 "-" "Wget/1.19.5 (linux-gnu)"
153.52.113.49 - - [05/Jan/2025:11:55:29 +0300] "PUT /contact/ HTTP/1.1" 404 17244 "-" "Internet Explorer 7.0; Windows NT 6.0; Trident/5.0"
83.96.224.158 - - [05/Jan/2025:11:55:31 +0300] "PATCH /index.html HTTP/1.1" 404 21152 "-" "Mozilla/5.0 (Windows NT 10.0; Win64; x64) AppleWebKit/537.36 (KHTML, like Gecko) Chrome/92.0.4515.107 Safari/537.36"
168.14.215.0 - - [05/Jan/2025:11:57:03 +0300] "DELETE /contact/ HTTP/1.1" 200 29033 "-" "Safari/604.1 CFNetwork/893.14 Darwin/17.0.0 (x86_64)"
218.228.44.29 - - [05/Jan/2025:11:58:42 +0300] "DELETE /index.html HTTP/1.1" 400 23581 "-" "Wget/1.19.5 (linux-gnu)"
180.101.174.150 - - [05/Jan/2025:11:59:03 +0300] "GET /index.html HTTP/1.1" 403 32575 "-" "Crawler Bot v1.0 (+https://example.com/bot.html)"
133.81.129.159 - - [05/Jan/2025:11:59:07 +0300] "DELETE /products/ HTTP/1.1" 503 9887 "-" "Safari/604.1 CFNetwork/893.14 Darwin/17.0.0 (x86_64)"
49.20.36.30 - - [05/Jan/2025:12:01:33 +0300] "GET /services/ HTTP/1.1" 201 11858 "-" "Microsoft Edge 44.18362.449.0; Windows 10; ARM64"
231.62.123.253 - - [05/Jan/2025:12:03:13 +0300] "PATCH /products/ HTTP/1.1" 404 28415 "-" "Internet Explorer 7.0; Windows NT 6.0; Trident/5.0"
