153.52.113.49 - - [04/Jan/2025:08:50:30 +0300] "PATCH /products/ HTTP/1.1" 404 24463 "-" "Microsoft Edge 44.18362.449.0; Windows 10; ARM64"
28.42.76.86 - - [04/Jan/2025:08:51:10 +0300] "PATCH /services/ HTTP/1.1" 401 20185 "-" "Crawler Bot v1.0 (+https://example.com/bot.html)"
64.255.15.33 - - [04/Jan/2025:08:52:32 +0300] "POST /products/ HTTP/1.1" 503 9101 "-" "Mozilla/5.0 (Windows NT 10.0; Win64; x64) AppleWebKit/537.36 (KHTML, like Gecko) Chrome/92.0.4515.107 Safari/537.36"
133.81.129.159 - - [04/Jan/2025:08:53:35 +0300] "PATCH /services/ HTTP/1.1" 500 23336 "-" "Safari/604.1 CFNetwork/893.14 Darwin/17.0.0 (x86_64)"
49.20.36.30 - - [04/Jan/2025:08:54:34 +0300] "PATCH /index.html HTTP/1.1" 502 8081 "-" "Microsoft Edge 44.18362.449.0; Windows 10; ARM64"
168.14.215.0 - - [04/Jan/2025:08:54:43 +0300] "GET /products/ HTTP/1.1" 404 29806 "-" "Opera/9.80 (X11; Linux i686; Ubuntu/14.10) Presto/2.12.388 Version/12.16"
153.52.113.49 - - [04/Jan/2025:08:54:58 +0300] "PUT /products/ HTTP/1.1" 502 1515 "-" "Crawler Bot v1.0 (+https://example.com/bot.html)"
153.52.113.49 - - [04/Jan/2025:08:55:12 +0300] "PATCH /index.html HTTP/1.1" 403 6570 "-" "Microsoft Edge 44.18362.449.0; Windows 10; ARM64"
147.65.92.12 - - [04/Jan/2025:08:55:51 +0300] "GET /contact/ HTTP/1.1" 200 17494 "-" "Wget/1.19.5 (linux-gnu)"
180.101.174.150 - - [04/Jan/2025:08:56:18 +0300] "PUT /index.html HTTP/1.1" 401 4684 "-" "Opera/9.80 (X11; Linux i686; Ubuntu/14.10) Presto/2.12.388 Version/12.16"
114.72.135.61 - - [04/Jan/2025:08:56:37 +0300] "PATCH /services/ HTTP/1.1" 501 8444 "-" "Crawler Bot v1.0 (+https://example.com/bot.html)"
231.62.123.253 - - [04/Jan/2025:08:57:16 +0300] "PATCH /services/ HTTP/1.1" 502 1254 "-" "Crawler Bot v1.0 (+https://example.com/bot.html)"
114.72.135.61 - - [04/Jan/2025:08:57:44 +0300] "DELETE /index.html HTTP/1.1" 201 10882 "-" "Safari/604.1 CFNetwork/893.14 Darwin/17.0.0 (x86_64)"
133.81.129.159 - - [04/Jan/2025:08:59:02 +0300] "DELETE /services/ HTTP/1.1" 201 23418 "-" "Safari/604.1 CFNetwork/893.14 Darwin/17.0.0 (x86_64)"
180.101.174.150 - - [04/Jan/2025:09:00:29 +0300] "PUT /index.html HTTP/1.1" 502 6496 "-" "Safari/604.1 CFNetwork/893.14 Darwin/17.0.0 (x86_64)"
64.255.15.33 - - [04/Jan/2025:09:01:33 +0300] "POST /about-us/ HTTP/1.1" 503 10145 "-" "Mozilla/5.0 (Windows NT 10.0; Win64; x64) AppleWebKit/537.36 (KHTML, like Gecko) Chrome/92.0.4515.107 Safari/537.36"
180.101.174.150 - - [04/Jan/2025:09:03:09 +0300] "GET /about-us/ HTTP/1.1" 503 10112 "-" "Mozilla/5.0 (Windows NT 10.0; Win64; x64) AppleWebKit/537.36 (KHTML, like Gecko) Chrome/92.0.4515.107 Safari/537.36"
20.182.249.13 - - [04/Jan/2025:09:03:29 +0300] "PUT /products/ HTTP/1.1" 401 29683 "-" "Safari/604.1 CFNetwork/893.14 Darwin/17.0.0 (x86_64)"
133.81.129.159 - - [04/Jan/2025:09:04:48 +0300] "POST /products/ HTTP/1.1" 501 8421 "-" "Safari/604.1 CFNetwork/893.14 Darwin/17.0.0 (x86_64)"
83.96.224.158 - - [04/Jan/2025:09:05:42 +0300] "POST /about-us/ HTTP/1.1" 502 18554 "-" "Microsoft Edge 44.18362.449.0; Windows 10; ARM64"
168.14.215.0 - - [04/Jan/2025:09:06:20 +0300] "GET /index.html HTTP/1.1" 502 13711 "-" "Crawler Bot v1.0 (+https://example.com/bot.html)"
147.65.92.12 - - [04/Jan/2025:09:06:41 +0300] "DELETE /contact/ HTTP/1.1" 401 14504 "-" "Opera/9.80 (X11; Linux i686; Ubuntu/14.10) Presto/2.12.388 Version/12.16"
28.186.70.250 - - [04/Jan/2025:09:07:37 +0300] "DELETE /index.html HTTP/1.1" 201 31750 "-" "Crawler Bot v1.0 (+https://example.com/bot.html)"
28.42.76.86 - - [04/Jan/2025:09:08:33 +0300] "DELETE /products/ HTTP/1.1" 503 4877 "-" "Opera/9.80 (X11; Linux i686; Ubuntu/14.10) Presto/2.12.388 Version/12.16"
218.228.44.29 - - [04/Jan/2025:09:09:14 +0300] "POST /products/ HTTP/1.1" 501 19609 "-" "Microsoft Edge 44.18362.449.0; Windows 10; ARM64"
250.74.3.46 - - [04/Jan/2025:09:10:44 +0300] "PUT /about-us/ HTTP/1.1" 404 11792 "-" "Safari/604.1 CFNetwork/893.14 Darwin/17.0.0 (x86_64)"
114.72.135.61 - - [04/Jan/2025:09:11:05 +0300] "PUT /about-us/ HTTP/1.1" 503 28418 "-" "Crawler Bot v1.0 (+https://example.com/bot.html)"
83.96.224.158 - - [04/Jan/2025:09:12:09 +0300] "DELETE /index.html HTTP/1.1" 403 19135 "-" "Crawler Bot v1.0 (+https://example.com/bot.html)"
20.182.249.13 - - [04/Jan/2025:09:12:50 +0300] "DELETE /about-us/ HTTP/1.1" 503 3288 "-" "Safari/604.1 CFNetwork/893.14 Darwin/17.0.0 (x86_64)"
83.96.224.158 - - [04/Jan/2025:09:13:14 +0300] "GET /services/ HTTP/1.1" 503 27816 "-" "Mozilla/5.0 (Windows NT 10.0; Win64; x64) AppleWebKit/537.36 (KHTML, like Gecko) Chrome/92.0.4515.107 Safari/537.36"
28.186.70.250 - - [04/Jan/2025:09:13:37 +0300] "DELETE /contact/ HTTP/1.1" 200 31669 "-" "Safari/604.1 CFNetwork/893.14 Darwin/17.0.0 (x86_64)"
172.55.147.133 - - [04/Jan/2025:09:14:36 +0300] "PUT /index.html HTTP/1.1" 201 10261 "-" "Opera/9.80 (X11; Linux i686; Ubuntu/14.10) Presto/2.12.388 Version/12.16"
28.42.76.86 - - [04/Jan/2025:09:16:01 +0300] "PUT /index.html HTTP/1.1" 503 24870 "-" "Internet Explorer 7.0; Windows NT 6.0; Trident/5.0"
172.55.147.133 - - [04/Jan/2025:09:16:31 +0300] "PATCH /contact/ HTTP/1.1" 501 28792 "-" "Internet Explorer 7.0; Windows NT 6.0; Trident/5.0"
53.144.239.176 - - [04/Jan/2025:09:16:51 +0300] "PUT /products/ HTTP/1.1" 503 6958 "-" "Microsoft Edge 44.18362.449.0; Windows 10; ARM64"
124.29.122.120 - - [04/Jan/2025:09:17:28 +0300] "PUT /contact/ HTTP/1.1" 500 1588 "-" "Internet Explorer 7.0; Windows NT 6.0; Trident/5.0"
28.186.70.250 - - [04/Jan/2025:09:19:00 +0300] "PATCH /index.html HTTP/1.1" 400 28932 "-" "Crawler Bot v1.0 (+https://example.com/bot.html)"
28.42.76.86 - - [04/Jan/2025:09:19:14 +0300] "DELETE /contact/ HTTP/1.1" 201 4579 "-" "Crawler Bot v1.0 (+https://example.com/bot.html)"
124.29.122.120 - - [04/Jan/2025:09:19:48 +0300] "POST /about-us/ HTTP/1.1" 200 29484 "-" "Wget/1.19.5 (linux-gnu)"
172.55.147.133 - - [04/Jan/2025:09:21:07 +0300] "DELETE /index.html HTTP/1.1" 400 8703 "-" "Wget/1.19.5 (linux-gnu)"
53.144.239.176 - - [04/Jan/2025:09:22:04 +0300] "DELETE /index.html HTTP/1.1" 401 18063 "-" "Crawler Bot v1.0 (+https://example.com/bot.html)"
149.90.30.222 - - [04/Jan/2025:09:23:04 +0300] "POST /contact/ HTTP/1.1" 400 12535 "-" "Wget/1.19.5 (linux-gnu)"
231.62.123.253 - - [04/Jan/2025:09:23:43 +0300] "GET /services/ HTTP/1.1" 404 2073 "-" "Microsoft Edge 44.18362.449.0; Windows 10; ARM64"
153.52.113.49 - - [04/Jan/2025:09:23:59 +0300] "GET /index.html HTTP/1.1" 400 17454 "-" "Microsoft Edge 44.18362.449.0; Windows 10; ARM64"
83.96.224.158 - - [04/Jan/2025:09:24:21 +0300] "DELETE /contact/ HTTP/1.1" 503 28496 "-" "Safari/604.1 CFNetwork/893.14 Darwin/17.0.0 (x86_64)"
83.96.224.158 - - [04/Jan/2025:09:24:25 +0300] "DELETE /services/ HTTP/1.1" 401 5688 "-" "Internet Explorer 7.0; Windows NT 6.0; Trident/5.0"
250.74.3.46 - - [04/Jan/2025:09:24:30 +0300] "GET /products/ HTTP/1.1" 401 3426 "-" "Microsoft Edge 44.18362.449.0; Windows 10; ARM64"
168.14.215.0 - - [04/Jan/2025:09:25:00 +0300] "GET /index.html HTTP/1.1" 503 26710 "-" "Opera/9.80 (X11; Linux i686; Ubuntu/14.10) Presto/2.12.388 Version/12.16"
168.14.215.0 - - [04/Jan/2025:09:25:44 +0300] "PUT /products/ HTTP/1.1" 502 5177 "-" "Crawler Bot v1.0 (+https://example.com/bot.html)"
49.20.36.30 - - [04/Jan/2025:09:26:02 +0300] "POST /services/ HTTP/1.1" 400 27117 "-" "Wget/1.19.5 (linux-gnu)"
114.72.135.61 - - [04/Jan/2025:09:26:49 +0300] "PATCH /contact/ HTTP/1.1" 503 13259 "-" "Wget/1.19.5 (linux-gnu)"
250.74.3.46 - - [04/Jan/2025:09:27:31 +0300] "PATCH /contact/ HTTP/1.1" 200 11979 "-" "Opera/9.80 (X11; Linux i686; Ubuntu/14.10) Presto/2.12.388 Version/12.16"
142.201.33.58 - - [04/Jan/2025:09:29:04 +0300] "DELETE /index.html HTTP/1.1" 200 16644 "-" "Wget/1.19.5 (linux-gnu)"
28.42.76.86 - - [04/Jan/2025:09:29:57 +0300] "GET /index.html HTTP/1.1" 501 4164 "-" "Crawler Bot v1.0 (+https://example.com/bot.html)"
229.206.221.69 - - [04/Jan/2025:09:31:22 +0300] "DELETE /about-us/ HTTP/1.1" 401 28115 "-" "Mozilla/5.0 (Windows NT 10.0; Win64; x64) AppleWebKit/537.36 (KHTML, like Gecko) Chrome/92.0.4515.107 Safari/537.36"
44.2.222.93 - - [04/Jan/2025:09:31:35 +0300] "POST /services/ HTTP/1.1" 503 9447 "-" "Safari/604.1 CFNetwork/893.14 Darwin/17.0.0 (x86_64)"
153.52.113.49 - - [04/Jan/2025:09:33:06 +0300] "DELETE /about-us/ HTTP/1.1" 404 22634 "-" "Wget/1.19.5 (linux-gnu)"
142.201.33.58 - - [04/Jan/2025:09:33:08 +0300] "DELETE /products/ HTTP/1.1" 503 32287 "-" "Internet Explorer 7.0; Windows NT 6.0; Trident/5.0"
124.29.122.120 - - [04/Jan/2025:09:34:28 +0300] "GET /products/ HTTP/1.1" 503 4839 "-" "Wget/1.19.5 (linux-gnu)"
172.55.147.133 - - [04/Jan/2025:09:34:49 +0300] "DELETE /index.html HTTP/1.1" 503 28665 "-" "Wget/1.19.5 (linux-gnu)"
44.2.222.93 - - [04/Jan/2025:09:36:07 +0300] "GET /services/ HTTP/1.1" 404 24956 "-" "Opera/9.80 (X11; Linux i686; Ubuntu/14.10) Presto/2.12.388 Version/12.16"
231.62.123.253 - - [04/Jan/2025:09:37:36 +0300] "POST /about-us/ HTTP/1.1" 400 18557 "-" "Opera/9.80 (X11; Linux i686; Ubuntu/14.10) Presto/2.12.388 Version/12.16"
231.62.123.253 - - [04/Jan/2025:09:37:38 +0300] "POST /products/ HTTP/1.1" 400 9747 "-" "Opera/9.80 (X11; Linux i686; Ubuntu/14.10) Presto/2.12.388 Version/12.16"
64.255.15.33 - - [04/Jan/2025:09:39:11 +0300] "PUT /index.html HTTP/1.1" 404 11716 "-" "Wget/1.19.5 (linux-gnu)"
147.65.92.12 - - [04/Jan/2025:09:40:12 +0300] "PATCH /contact/ HTTP/1.1" 502 3394 "-" "Internet Explorer 7.0; Windows NT 6.0; Trident/5.0"
168.14.215.0 - - [04/Jan/2025:09:41:08 +0300] "PUT /products/ HTTP/1.1" 503 30210 "-" "Opera/9.80 (X11; Linux i686; Ubuntu/14.10) Presto/2.12.388 Version/12.16"
231.62.123.253 - - [04/Jan/2025:09:41:52 +0300] "PATCH /services/ HTTP/1.1" 503 31654 "-" "Internet Explorer 7.0; Windows NT 6.0; Trident/5.0"
218.228.44.29 - - [04/Jan/2025:09:41:56 +0300] "DELETE /contact/ HTTP/1.1" 500 26881 "-" "Internet Explorer 7.0; Windows NT 6.0; Trident/5.0"
218.228.44.29 - - [04/Jan/2025:09:42:27 +0300] "GET /products/ HTTP/1.1" 400 16371 "-" "Microsoft Edge 44.18362.449.0; Windows 10; ARM64"
142.201.33.58 - - [04/Jan/2025:09:42:56 +0300] "PATCH /services/ HTTP/1.1" 400 18488 "-" "Internet Explorer 7.0; Windows NT 6.0; Trident/5.0"
83.96.224.158 - - [04/Jan/2025:09:44:07 +0300] "POST /products/ HTTP/1.1" 401 4425 "-" "Safari/604.1 CFNetwork/893.14 Darwin/17.0.0 (x86_64)"
231.62.123.253 - - [04/Jan/2025:09:45:41 +0300] "PATCH /about-us/ HTTP/1.1" 404 24245 "-" "Microsoft Edge 44.18362.449.0; Windows 10; ARM64"
147.65.92.12 - - [04/Jan/2025:09:45:45 +0300] "DELETE /products/ HTTP/1.1" 403 32089 "-" "Opera/9.80 (X11; Linux i686; Ubuntu/14.10) Presto/2.12.388 Version/12.16"
20.182.249.13 - - [04/Jan/2025:09:46:42 +0300] "POST /products/ HTTP/1.1" 500 32542 "-" "Internet Explorer 7.0; Windows NT 6.0; Trident/5.0"
218.228.44.29 - - [04/Jan/2025:09:47:36 +0300] "PUT /index.html HTTP/1.1" 403 7976 "-" "Opera/9.80 (X11; Linux i686; Ubuntu/14.10) Presto/2.12.388 Version/12.16"
149.90.30.222 - - [04/Jan/2025:09:47:55 +0300] "DELETE /services/ HTTP/1.1" 403 6874 "-" "Crawler Bot v1.0 (+https://example.com/bot.html)"
231.62.123.253 - - [04/Jan/2025:09:48:34 +0300] "PATCH /index.html HTTP/1.1" 501 22124 "-" "Safari/604.1 CFNetwork/893.14 Darwin/17.0.0 (x86_64)"
114.72.135.61 - - [04/Jan/2025:09:48:44 +0300] "PUT /products/ HTTP/1.1" 502 8017 "-" "Microsoft Edge 44.18362.449.0; Windows 10; ARM64"
250.74.3.46 - - [04/Jan/2025:09:50:08 +0300] "DELETE /index.html HTTP/1.1" 404 5259 "-" "Internet Explorer 7.0; Windows NT 6.0; Trident/5.0"
53.144.239.176 - - [04/Jan/2025:09:51:24 +0300] "DELETE /index.html HTTP/1.1" 503 4153 "-" "Crawler Bot v1.0 (+https://example.com/bot.html)"
147.65.92.12 - - [04/Jan/2025:09:51:43 +0300] "DELETE /services/ HTTP/1.1" 404 4755 "-" "Wget/1.19.5 (linux-gnu)"
214.61.138.41 - - [04/Jan/2025:09:51:59 +0300] "PATCH /index.html HTTP/1.1" 200 19246 "-" "Mozilla/5.0 (Windows NT 10.0; Win64; x64) AppleWebKit/537.36 (KHTML, like Gecko) Chrome/92.0.4515.107 Safari/537.36"
133.81.129.159 - - [04/Jan/2025:09:52:59 +0300] "DELETE /about-us/ HTTP/1.1" 404 17061 "-" "Safari/604.1 CFNetwork/893.14 Darwin/17.0.0 (x86_64)"
124.29.122.120 - - [04/Jan/2025:09:53:44 +0300] "PATCH /index.html HTTP/1.1" 201 8277 "-" "Wget/1.19.5 (linux-gnu)"
250.74.3.46 - - [04/Jan/2025:09:54:52 +0300] "PATCH /contact/ HTTP/1.1" 403 8195 "-" "Internet Explorer 7.0; Windows NT 6.0; Trident/5.0"
20.182.249.13 - - [04/Jan/2025:09:55:49 +0300] "PATCH /about-us/ HTTP/1.1" 201 28533 "-" "Internet Explorer 7.0; Windows NT 6.0; Trident/5.0"
28.42.76.86 - - [04/Jan/2025:09:56:13 +0300] "POST /index.html HTTP/1.1" 400 2993 "-" "Safari/604.1 CFNetwork/893.14 Darwin/17.0.0 (x86_64)"
114.72.135.61 - - [04/Jan/2025:09:56:31 +0300] "PUT /contact/ HTTP/1.1" 200 5779 "-" "Safari/604.1 CFNetwork/893.14 Darwin/17.0.0 (x86_64)"
53.144.239.176 - - [04/Jan/2025:09:57:15 +0300] "PATCH /index.html HTTP/1.1" 404 21649 "-" "Wget/1.19.5 (linux-gnu)"
250.74.3.46 - - [04/Jan/2025:09:57:28 +0300] "GET /contact/ HTTP/1.1" 201 29266 "-" "Wget/1.19.5 (linux-gnu)"
168.14.215.0 - - [04/Jan/2025:09:59:02 +0300] "GET /contact/ HTTP/1.1" 501 19716 "-" "Wget/1.19.5 (linux-gnu)"
168.14.215.0 - - [04/Jan/2025:09:59:41 +0300] "POST /services/ HTTP/1.1" 501 3096 "-" "Opera/9.80 (X11; Linux i686; Ubuntu/14.10) Presto/2.12.388 Version/12.16"
214.61.138.41 - - [04/Jan/2025:10:00:25 +0300] "DELETE /products/ HTTP/1.1" 201 28431 "-" "Internet Explorer 7.0; Windows NT 6.0; Trident/5.0"
133.81.129.159 - - [04/Jan/2025:10:01:57 +0300] "PUT /about-us/ HTTP/1.1" 404 5753 "-" "Crawler Bot v1.0 (+https://example.com/bot.html)"
180.101.174.150 - - [04/Jan/2025:10:02:08 +0300] "GET /products/ HTTP/1.1" 500 19446 "-" "Wget/1.19.5 (linux-gnu)"
49.20.36.30 - - [04/Jan/2025:10:02:59 +0300] "PATCH /about-us/ HTTP/1.1" 500 1408 "-" "Crawler Bot v1.0 (+https://example.com/bot.html)"
149.90.30.222 - - [04/Jan/2025:10:03:59 +0300] "PUT /about-us/ HTTP/1.1" 503 12951 "-" "Opera/9.80 (X11; Linux i686; Ubuntu/14.10) Presto/2.12.388 Version/12.16"
64.255.15.33 - - [04/Jan/2025:10:05:18 +0300] "PUT /products/ HTTP/1.1" 401 28386 "-" "Mozilla/5.0 (Windows NT 10.0; Win64; x64) AppleWebKit/537.36 (KHTML, like Gecko) Chrome/92.0.4515.107 Safari/537.36"
250.74.3.46 - - [04/Jan/2025:10:05:28 +0300] "PUT /contact/ HTTP/1.1" 401 20318 "-" "Opera/9.80 (X11; Linux i686; Ubuntu/14.10) Presto/2.12.388 Version/12.16"
172.55.147.133 - - [04/Jan/2025:10:05:41 +0300] "POST /products/ HTTP/1.1" 403 7165 "-" "Safari/604.1 CFNetwork/893.14 Darwin/17.0.0 (x86_64)"
229.206.221.69 - - [04/Jan/2025:10:07:08 +0300] "POST /products/ HTTP/1.1" 201 28125 "-" "Wget/1.19.5 (linux-gnu)"
172.55.147.133 - - [04/Jan/2025:10:07:12 +0300] "POST /products/ HTTP/1.1" 403 3633 "-" "Wget/1.19.5 (linux-gnu)"
147.65.92.12 - - [04/Jan/2025:10:07:29 +0300] "PUT /index.html HTTP/1.1" 200 19614 "-" "Microsoft Edge 44.18362.449.0; Windows 10; ARM64"
214.61.138.41 - - [04/Jan/2025:10:08:11 +0300] "POST /services/ HTTP/1.1" 404 4748 "-" "Crawler Bot v1.0 (+https://example.com/bot.html)"
218.228.44.29 - - [04/Jan/2025:10:09:27 +0300] "PATCH /services/ HTTP/1.1" 400 17585 "-" "Crawler Bot v1.0 (+https://example.com/bot.html)"
172.55.147.133 - - [04/Jan/2025:10:10:33 +0300] "GET /about-us/ HTTP/1.1" 200 14388 "-" "Internet Explorer 7.0; Windows NT 6.0; Trident/5.0"
28.42.76.86 - - [04/Jan/2025:10:11:26 +0300] "GET /about-us/ HTTP/1.1" 200 26346 "-" "Safari/604.1 CFNetwork/893.14 Darwin/17.0.0 (x86_64)"
231.62.123.253 - - [04/Jan/2025:10:12:02 +0300] "GET /products/ HTTP/1.1" 403 20329 "-" "Wget/1.19.5 (linux-gnu)"
28.186.70.250 - - [04/Jan/2025:10:13:08 +0300] "PATCH /products/ HTTP/1.1" 501 32844 "-" "Crawler Bot v1.0 (+https://example.com/bot.html)"
180.101.174.150 - - [04/Jan/2025:10:13:48 +0300] "POST /about-us/ HTTP/1.1" 400 5793 "-" "Microsoft Edge 44.18362.449.0; Windows 10; ARM64"
114.72.135.61 - - [04/Jan/2025:10:13:53 +0300] "PUT /services/ HTTP/1.1" 400 17184 "-" "Microsoft Edge 44.18362.449.0; Windows 10; ARM64"
180.101.174.150 - - [04/Jan/2025:10:14:49 +0300] "PATCH /contact/ HTTP/1.1" 500 31196 "-" "Microsoft Edge 44.18362.449.0; Windows 10; ARM64"
180.101.174.150 - - [04/Jan/2025:10:15:09 +0300] "GET /contact/ HTTP/1.1" 503 8979 "-" "Safari/604.1 CFNetwork/893.14 Darwin/17.0.0 (x86_64)"
149.90.30.222 - - [04/Jan/2025:10:16:15 +0300] "PUT /contact/ HTTP/1.1" 200 2592 "-" "Crawler Bot v1.0 (+https://example.com/bot.html)"
133.81.129.159 - - [04/Jan/2025:10:16:38 +0300] "PATCH /about-us/ HTTP/1.1" 400 29277 "-" "Mozilla/5.0 (Windows NT 10.0; Win64; x64) AppleWebKit/537.36 (KHTML, like Gecko) Chrome/92.0.4515.107 Safari/537.36"
124.29.122.120 - - [04/Jan/2025:10:16:47 +0300] "POST /contact/ HTTP/1.1" 500 17263 "-" "Internet Explorer 7.0; Windows NT 6.0; Trident/5.0"
149.90.30.222 - - [04/Jan/2025:10:17:02 +0300] "PUT /about-us/ HTTP/1.1" 401 29573 "-" "Safari/604.1 CFNetwork/893.14 Darwin/17.0.0 (x86_64)"
172.55.147.133 - - [04/Jan/2025:10:18:22 +0300] "PATCH /about-us/ HTTP/1.1" 503 2568 "-" "Mozilla/5.0 (Windows NT 10.0; Win64; x64) AppleWebKit/537.36 (KHTML, like Gecko) Chrome/92.0.4515.107 Safari/537.36"
114.72.135.61 - - [04/Jan/2025:10:19:33 +0300] "GET /services/ HTTP/1.1" 200 24061 "-" "Mozilla/5.0 (Windows NT 10.0; Win64; x64) AppleWebKit/537.36 (KHTML, like Gecko) Chrome/92.0.4515.107 Safari/537.36"
28.42.76.86 - - [04/Jan/2025:10:20:23 +0300] "GET /about-us/ HTTP/1.1" 403 11112 "-" "Mozilla/5.0 (Windows NT 10.0; Win64; x64) AppleWebKit/537.36 (KHTML, like Gecko) Chrome/92.0.4515.107 Safari/537.36"
218.228.44.29 - - [04/Jan/2025:10:20:35 +0300] "DELETE /products/ HTTP/1.1" 503 7870 "-" "Opera/9.80 (X11; Linux i686; Ubuntu/14.10) Presto/2.12.388 Version/12.16"
36.254.127.5 - - [04/Jan/2025:10:22:02 +0300] "DELETE /about-us/ HTTP/1.1" 400 11187 "-" "Microsoft Edge 44.18362.449.0; Windows 10; ARM64"
49.20.36.30 - - [04/Jan/2025:10:22:45 +0300] "POST /index.html HTTP/1.1" 200 16821 "-" "Internet Explorer 7.0; Windows NT 6.0; Trident/5.0"
36.254.127.5 - - [04/Jan/2025:10:22:54 +0300] "GET /services/ HTTP/1.1" 400 27165 "-" "Crawler Bot v1.0 (+https://example.com/bot.html)"
20.182.249.13 - - [04/Jan/2025:10:23:48 +0300] "PUT /index.html HTTP/1.1" 404 32723 "-" "Opera/9.80 (X11; Linux i686; Ubuntu/14.10) Presto/2.12.388 Version/12.16"
231.62.123.253 - - [04/Jan/2025:10:25:17 +0300] "PATCH /contact/ HTTP/1.1" 201 16645 "-" "Crawler Bot v1.0 (+https://example.com/bot.html)"
149.90.30.222 - - [04/Jan/2025:10:26:31 +0300] "DELETE /index.html HTTP/1.1" 401 21508 "-" "Crawler Bot v1.0 (+https://example.com/bot.html)"
124.29.122.120 - - [04/Jan/2025:10:27:56 +0300] "POST /products/ HTTP/1.1" 503 12040 "-" "Internet Explorer 7.0; Windows NT 6.0; Trident/5.0"
231.62.123.253 - - [04/Jan/2025:10:28:38 +0300] "POST /contact/ HTTP/1.1" 502 30195 "-" "Internet Explorer 7.0; Windows NT 6.0; Trident/5.0"
231.62.123.253 - - [04/Jan/2025:10:29:46 +0300] "PATCH /index.html HTTP/1.1" 200 23885 "-" "Wget/1.19.5 (linux-gnu)"
231.62.123.253 - - [04/Jan/2025:10:29:59 +0300] "GET /products/ HTTP/1.1" 400 9182 "-" "Opera/9.80 (X11; Linux i686; Ubuntu/14.10) Presto/2.12.388 Version/12.16"
142.201.33.58 - - [04/Jan/2025:10:30:20 +0300] "DELETE /services/ HTTP/1.1" 502 10874 "-" "Mozilla/5.0 (Windows NT 10.0; Win64; x64) AppleWebKit/537.36 (KHTML, like Gecko) Chrome/92.0.4515.107 Safari/537.36"
147.65.92.12 - - [04/Jan/2025:10:31:24 +0300] "GET /about-us/ HTTP/1.1" 501 12168 "-" "Crawler Bot v1.0 (+https://example.com/bot.html)"
214.61.138.41 - - [04/Jan/2025:10:32:37 +0300] "PUT /products/ HTTP/1.1" 502 5409 "-" "Crawler Bot v1.0 (+https://example.com/bot.html)"
231.62.123.253 - - [04/Jan/2025:10:34:08 +0300] "DELETE /contact/ HTTP/1.1" 404 4108 "-" "Microsoft Edge 44.18362.449.0; Windows 10; ARM64"
53.144.239.176 - - [04/Jan/2025:10:34:45 +0300] "POST /services/ HTTP/1.1" 404 2092 "-" "Mozilla/5.0 (Windows NT 10.0; Win64; x64) AppleWebKit/537.36 (KHTML, like Gecko) Chrome/92.0.4515.107 Safari/537.36"
36.254.127.5 - - [04/Jan/2025:10:35:57 +0300] "DELETE /contact/ HTTP/1.1" 500 15444 "-" "Safari/604.1 CFNetwork/893.14 Darwin/17.0.0 (x86_64)"
36.254.127.5 - - [04/Jan/2025:10:37:05 +0300] "DELETE /index.html HTTP/1.1" 200 15829 "-" "Crawler Bot v1.0 (+https://example.com/bot.html)"
83.96.224.158 - - [04/Jan/2025:10:37:55 +0300] "DELETE /about-us/ HTTP/1.1" 404 15543 "-" "Internet Explorer 7.0; Windows NT 6.0; Trident/5.0"
53.144.239.176 - - [04/Jan/2025:10:39:30 +0300] "PATCH /index.html HTTP/1.1" 404 19452 "-" "Microsoft Edge 44.18362.449.0; Windows 10; ARM64"
172.55.147.133 - - [04/Jan/2025:10:39:39 +0300] "DELETE /services/ HTTP/1.1" 404 31315 "-" "Opera/9.80 (X11; Linux i686; Ubuntu/14.10) Presto/2.12.388 Version/12.16"
114.72.135.61 - - [04/Jan/2025:10:40:11 +0300] "GET /about-us/ HTTP/1.1" 200 30259 "-" "Microsoft Edge 44.18362.449.0; Windows 10; ARM64"
149.90.30.222 - - [04/Jan/2025:10:40:19 +0300] "DELETE /index.html HTTP/1.1" 201 28789 "-" "Opera/9.80 (X11; Linux i686; Ubuntu/14.10) Presto/2.12.388 Version/12.16"
229.206.221.69 - - [04/Jan/2025:10:40:40 +0300] "PATCH /services/ HTTP/1.1" 200 9462 "-" "Microsoft Edge 44.18362.449.0; Windows 10; ARM64"
229.206.221.69 - - [04/Jan/2025:10:42:08 +0300] "DELETE /products/ HTTP/1.1" 404 24157 "-" "Safari/604.1 CFNetwork/893.14 Darwin/17.0.0 (x86_64)"
214.61.138.41 - - [04/Jan/2025:10:43:24 +0300] "PATCH /index.html HTTP/1.1" 401 12806 "-" "Mozilla/5.0 (Windows NT 10.0; Win64; x64) AppleWebKit/537.36 (KHTML, like Gecko) Chrome/92.0.4515.107 Safari/537.36"
250.74.3.46 - - [04/Jan/2025:10:44:44 +0300] "POST /services/ HTTP/1.1" 401 3704 "-" "Wget/1.19.5 (linux-gnu)"
124.29.122.120 - - [04/Jan/2025:10:45:36 +0300] "PATCH /contact/ HTTP/1.1" 500 23200 "-" "Wget/1.19.5 (linux-gnu)"
124.29.122.120 - - [04/Jan/2025:10:46:02 +0300] "GET /products/ HTTP/1.1" 401 17630 "-" "Wget/1.19.5 (linux-gnu)"
28.186.70.250 - - [04/Jan/2025:10:47:30 +0300] "PUT /index.html HTTP/1.1" 401 28472 "-" "Opera/9.80 (X11; Linux i686; Ubuntu/14.10) Presto/2.12.388 Version/12.16"
53.144.239.176 - - [04/Jan/2025:10:47:58 +0300] "POST /about-us/ HTTP/1.1" 400 13190 "-" "Opera/9.80 (X11; Linux i686; Ubuntu/14.10) Presto/2.12.388 Version/12.16"
180.101.174.150 - - [04/Jan/2025:10:48:36 +0300] "PUT /contact/ HTTP/1.1" 403 17920 "-" "Crawler Bot v1.0 (+https://example.com/bot.html)"
28.42.76.86 - - [04/Jan/2025:10:48:50 +0300] "POST /about-us/ HTTP/1.1" 404 9091 "-" "Mozilla/5.0 (Windows NT 10.0; Win64; x64) AppleWebKit/537.36 (KHTML, like Gecko) Chrome/92.0.4515.107 Safari/537.36"
64.255.15.33 - - [04/Jan/2025:10:49:07 +0300] "POST /services/ HTTP/1.1" 404 27474 "-" "Wget/1.19.5 (linux-gnu)"
218.228.44.29 - - [04/Jan/2025:10:50:43 +0300] "PATCH /about-us/ HTTP/1.1" 503 13213 "-" "Opera/9.80 (X11; Linux i686; Ubuntu/14.10) Presto/2.12.388 Version/12.16"
28.186.70.250 - - [04/Jan/2025:10:52:17 +0300] "PATCH /services/ HTTP/1.1" 500 31095 "-" "Wget/1.19.5 (linux-gnu)"
124.29.122.120 - - [04/Jan/2025:10:53:35 +0300] "PATCH /products/ HTTP/1.1" 403 16591 "-" "Safari/604.1 CFNetwork/893.14 Darwin/17.0.0 (x86_64)"
44.2.222.93 - - [04/Jan/2025:10:53:46 +0300] "DELETE /about-us/ HTTP/1.1" 201 5571 "-" "Mozilla/5.0 (Windows NT 10.0; Win64; x64) AppleWebKit/537.36 (KHTML, like Gecko) Chrome/92.0.4515.107 Safari/537.36"
250.74.3.46 - - [04/Jan/2025:10:54:00 +0300] "GET /contact/ HTTP/1.1" 500 31235 "-" "Mozilla/5.0 (Windows NT 10.0; Win64; x64) AppleWebKit/537.36 (KHTML, like Gecko) Chrome/92.0.4515.107 Safari/537.36"
28.42.76.86 - - [04/Jan/2025:10:55:09 +0300] "PATCH /services/ HTTP/1.1" 401 13071 "-" "Internet Explorer 7.0; Windows NT 6.0; Trident/5.0"
218.228.44.29 - - [04/Jan/2025:10:56:16 +0300] "POST /index.html HTTP/1.1" 404 26664 "-" "Wget/1.19.5 (linux-gnu)"
168.14.215.0 - - [04/Jan/2025:10:56:50 +0300] "GET /services/ HTTP/1.1" 201 9901 "-" "Wget/1.19.5 (linux-gnu)"
142.201.33.58 - - [04/Jan/2025:10:57:03 +0300] "PUT /contact/ HTTP/1.1" 502 24772 "-" "Internet Explorer 7.0; Windows NT 6.0; Trident/5.0"
44.2.222.93 - - [04/Jan/2025:10:57:57 +0300] "PUT /products/ HTTP/1.1" 400 16723 "-" "Microsoft Edge 44.18362.449.0; Windows 10; ARM64"
147.65.92.12 - - [04/Jan/2025:10:58:14 +0300] "DELETE /index.html HTTP/1.1" 200 2527 "-" "Microsoft Edge 44.18362.449.0; Windows 10; ARM64"
36.254.127.5 - - [04/Jan/2025:10:59:20 +0300] "PUT /contact/ HTTP/1.1" 502 16679 "-" "Crawler Bot v1.0 (+https://example.com/bot.html)"
147.65.92.12 - - [04/Jan/2025:10:59:47 +0300] "POST /index.html HTTP/1.1" 502 32241 "-" "Wget/1.19.5 (linux-gnu)"
147.65.92.12 - - [04/Jan/2025:11:01:13 +0300] "PATCH /contact/ HTTP/1.1" 502 2708 "-" "Mozilla/5.0 (Windows NT 10.0; Win64; x64) AppleWebKit/537.36 (KHTML, like Gecko) Chrome/92.0.4515.107 Safari/537.36"
124.29.122.120 - - [04/Jan/2025:11:01:44 +0300] "DELETE /contact/ HTTP/1.1" 400 7092 "-" "Safari/604.1 CFNetwork/893.14 Darwin/17.0.0 (x86_64)"
168.14.215.0 - - [04/Jan/2025:11:01:59 +0300] "POST /index.html HTTP/1.1" 401 7289 "-" "Opera/9.80 (X11; Linux i686; Ubuntu/14.10) Presto/2.12.388 Version/12.16"
28.186.70.250 - - [04/Jan/2025:11:02:44 +0300] "DELETE /about-us/ HTTP/1.1" 201 7525 "-" "Opera/9.80 (X11; Linux i686; Ubuntu/14.10) Presto/2.12.388 Version/12.16"
180.101.174.150 - - [04/Jan/2025:11:03:24 +0300] "PUT /products/ HTTP/1.1" 201 28734 "-" "Opera/9.80 (X11; Linux i686; Ubuntu/14.10) Presto/2.12.388 Version/12.16"
250.74.3.46 - - [04/Jan/2025:11:04:16 +0300] "PUT /products/ HTTP/1.1" 400 10824 "-" "Safari/604.1 CFNetwork/893.14 Darwin/17.0.0 (x86_64)"
142.201.33.58 - - [04/Jan/2025:11:05:30 +0300] "DELETE /index.html HTTP/1.1" 404 6024 "-" "Mozilla/5.0 (Windows NT 10.0; Win64; x64) AppleWebKit/537.36 (KHTML, like Gecko) Chrome/92.0.4515.107 Safari/537.36"
147.65.92.12 - - [04/Jan/2025:11:06:20 +0300] "PATCH /about-us/ HTTP/1.1" 200 32159 "-" "Mozilla/5.0 (Windows NT 10.0; Win64; x64) AppleWebKit/537.36 (KHTML, like Gecko) Chrome/92.0.4515.107 Safari/537.36"
44.2.222.93 - - [04/Jan/2025:11:07:37 +0300] "PUT /services/ HTTP/1.1" 400 21626 "-" "Mozilla/5.0 (Windows NT 10.0; Win64; x64) AppleWebKit/537.36 (KHTML, like Gecko) Chrome/92.0.4515.107 Safari/537.36"
49.20.36.30 - - [04/Jan/2025:11:08:21 +0300] "DELETE /services/ HTTP/1.1" 403 20821 "-" "Wget/1.19.5 (linux-gnu)"
64.255.15.33 - - [04/Jan/2025:11:09:08 +0300] "PUT /contact/ HTTP/1.1" 201 11976 "-" "Opera/9.80 (X11; Linux i686; Ubuntu/14.10) Presto/2.12.388 Version/12.16"
44.2.222.93 - - [04/Jan/2025:11:10:15 +0300] "POST /index.html HTTP/1.1" 502 2254 "-" "Crawler Bot v1.0 (+https://example.com/bot.html)"
172.55.147.133 - - [04/Jan/2025:11:11:11 +0300] "GET /services/ HTTP/1.1" 503 28428 "-" "Crawler Bot v1.0 (+https://example.com/bot.html)"
53.144.239.176 - - [04/Jan/2025:11:12:05 +0300] "GET /index.html HTTP/1.1" 400 31037 "-" "Internet Explorer 7.0; Windows NT 6.0; Trident/5.0"
172.55.147.133 - - [04/Jan/2025:11:12:37 +0300] "PUT /contact/ HTTP/1.1" 401 22902 "-" "Microsoft Edge 44.18362.449.0; Windows 10; ARM64"
172.55.147.133 - - [04/Jan/2025:11:13:13 +0300] "POST /products/ HTTP/1.1" 200 28667 "-" "Wget/1.19.5 (linux-gnu)"
20.182.249.13 - - [04/Jan/2025:11:14:39 +0300] "PUT /services/ HTTP/1.1" 401 27741 "-" "Wget/1.19.5 (linux-gnu)"
229.206.221.69 - - [04/Jan/2025:11:15:33 +0300] "DELETE /about-us/ HTTP/1.1" 400 26171 "-" "Safari/604.1 CFNetwork/893.14 Darwin/17.0.0 (x86_64)"
36.254.127.5 - - [04/Jan/2025:11:16:38 +0300] "DELETE /services/ HTTP/1.1" 403 21402 "-" "Opera/9.80 (X11; Linux i686; Ubuntu/14.10) Presto/2.12.388 Version/12.16"
153.52.113.49 - - [04/Jan/2025:11:17:58 +0300] "PATCH /services/ HTTP/1.1" 201 27058 "-" "Microsoft Edge 44.18362.449.0; Windows 10; ARM64"
28.186.70.250 - - [04/Jan/2025:11:19:30 +0300] "PATCH /services/ HTTP/1.1" 200 16456 "-" "Wget/1.19.5 (linux-gnu)"
114.72.135.61 - - [04/Jan/2025:11:20:10 +0300] "DELETE /services/ HTTP/1.1" 500 22734 "-" "Wget/1.19.5 (linux-gnu)"
142.201.33.58 - - [04/Jan/2025:11:21:09 +0300] "PATCH /services/ HTTP/1.1" 403 19586 "-" "Crawler Bot v1.0 (+https://example.com/bot.html)"
36.254.127.5 - - [04/Jan/2025:11:22:02 +0300] "POST /contact/ HTTP/1.1" 401 10513 "-" "Opera/9.80 (X11; Linux i686; Ubuntu/14.10) Presto/2.12.388 Version/12.16"
250.74.3.46 - - [04/Jan/2025:11:22:08 +0300] "DELETE /contact/ HTTP/1.1" 500 5136 "-" "Microsoft Edge 44.18362.449.0; Windows 10; ARM64"
229.206.221.69 - - [04/Jan/2025:11:23:34 +0300] "PATCH /about-us/ HTTP/1.1" 200 16580 "-" "Wget/1.19.5 (linux-gnu)"
83.96.224.158 - - [04/Jan/2025:11:23:44 +0300] "GET /services/ HTTP/1.1" 500 30407 "-" "Safari/604.1 CFNetwork/893.14 Darwin/17.0.0 (x86_64)"
20.182.249.13 - - [04/Jan/2025:11:25:00 +0300] "PUT /index.html HTTP/1.1" 501 7009 "-" "Microsoft Edge 44.18362.449.0; Windows 10; ARM64"
20.182.249.13 - - [04/Jan/2025:11:25:07 +0300] "PATCH /products/ HTTP/1.1" 500 15841 "-" "Internet Explorer 7.0; Windows NT 6.0; Trident/5.0"
142.201.33.58 - - [04/Jan/2025:11:26:11 +0300] "DELETE /index.html HTTP/1.1" 400 8190 "-" "Microsoft Edge 44.18362.449.0; Windows 10; ARM64"
83.96.224.158 - - [04/Jan/2025:11:26:48 +0300] "PUT /contact/ HTTP/1.1" 200 6883 "-" "Safari/604.1 CFNetwork/893.14 Darwin/17.0.0 (x86_64)"
147.65.92.12 - - [04/Jan/2025:11:28:10 +0300] "PUT /services/ HTTP/1.1" 401 11650 "-" "Microsoft Edge 44.18362.449.0; Windows 10; ARM64"
149.90.30.222 - - [04/Jan/2025:11:28:50 +0300] "PATCH /products/ HTTP/1.1" 500 7156 "-" "Internet Explorer 7.0; Windows NT 6.0; Trident/5.0"
231.62.123.253 - - [04/Jan/2025:11:29:07 +0300] "GET /products/ HTTP/1.1" 503 16149 "-" "Mozilla/5.0 (Windows NT 10.0; Win64; x64) AppleWebKit/537.36 (KHTML, like Gecko) Chrome/92.0.4515.107 Safari/537.36"
64.255.15.33 - - [04/Jan/2025:11:30:17 +0300] "POST /about-us/ HTTP/1.1" 501 9786 "-" "Safari/604.1 CFNetwork/893.14 Darwin/17.0.0 (x86_64)"
250.74.3.46 - - [04/Jan/2025:11:31:40 +0300] "DELETE /services/ HTTP/1.1" 401 17255 "-" "Microsoft Edge 44.18362.449.0; Windows 10; ARM64"
83.96.224.158 - - [04/Jan/2025:11:33:03 +0300] "POST /about-us/ HTTP/1.1" 400 30206 "-" "Wget/1.19.5 (linux-gnu)"
36.254.127.5 - - [04/Jan/2025:11:34:06 +0300] "DELETE /services/ HTTP/1.1" 201 4220 "-" "Mozilla/5.0 (Windows NT 10.0; Win64; x64) AppleWebKit/537.36 (KHTML, like Gecko) Chrome/92.0.4515.107 Safari/537.36"
142.201.33.58 - - [04/Jan/2025:11:34:43 +0300] "POST /products/ HTTP/1.1" 501 26927 "-" "Opera/9.80 (X11; Linux i686; Ubuntu/14.10) Presto/2.12.388 Version/12.16"
28.42.76.86 - - [04/Jan/2025:11:35:15 +0300] "PATCH /about-us/ HTTP/1.1" 500 3428 "-" "Opera/9.80 (X11; Linux i686; Ubuntu/14.10) Presto/2.12.388 Version/12.16"
53.144.239.176 - - [04/Jan/2025:11:35:34 +0300] "DELETE /about-us/ HTTP/1.1" 401 29233 "-" "Crawler Bot v1.0 (+https://example.com/bot.html)"
83.96.224.158 - - [04/Jan/2025:11:36:03 +0300] "GET /contact/ HTTP/1.1" 200 8023 "-" "Opera/9.80 (X11; Linux i686; Ubuntu/14.10) Presto/2.12.388 Version/12.16"
124.29.122.120 - - [04/Jan/2025:11:36:38 +0300] "DELETE /about-us/ HTTP/1.1" 200 14401 "-" "Crawler Bot v1.0 (+https://example.com/bot.html)"
229.206.221.69 - - [04/Jan/2025:11:37:46 +0300] "DELETE /contact/ HTTP/1.1" 501 6625 "-" "Safari/604.1 CFNetwork/893.14 Darwin/17.0.0 (x86_64)"
53.144.239.176 - - [04/Jan/2025:11:38:34 +0300] "POST /contact/ HTTP/1.1" 501 13474 "-" "Crawler Bot v1.0 (+https://example.com/bot.html)"
250.74.3.46 - - [04/Jan/2025:11:39:48 +0300] "GET /about-us/ HTTP/1.1" 403 15604 "-" "Mozilla/5.0 (Windows NT 10.0; Win64; x64) AppleWebKit/537.36 (KHTML, like Gecko) Chrome/92.0.4515.107 Safari/537.36"
114.72.135.61 - - [04/Jan/2025:11:41:17 +0300] "PUT /index.html HTTP/1.1" 503 4413 "-" "Wget/1.19.5 (linux-gnu)"
250.74.3.46 - - [04/Jan/2025:11:42:22 +0300] "PUT /about-us/ HTTP/1.1" 400 15044 "-" "Opera/9.80 (X11; Linux i686; Ubuntu/14.10) Presto/2.12.388 Version/12.16"
172.55.147.133 - - [04/Jan/2025:11:43:46 +0300] "PUT /about-us/ HTTP/1.1" 200 18627 "-" "Wget/1.19.5 (linux-gnu)"
49.20.36.30 - - [04/Jan/2025:11:44:05 +0300] "PUT /index.html HTTP/1.1" 502 10033 "-" "Safari/604.1 CFNetwork/893.14 Darwin/17.0.0 (x86_64)"
180.101.174.150 - - [04/Jan/2025:11:44:28 +0300] "DELETE /products/ HTTP/1.1" 403 16766 "-" "Opera/9.80 (X11; Linux i686; Ubuntu/14.10) Presto/2.12.388 Version/12.16"
147.65.92.12 - - [04/Jan/2025:11:45:24 +0300] "DELETE /contact/ HTTP/1.1" 404 15759 "-" "Wget/1.19.5 (linux-gnu)"
172.55.147.133 - - [04/Jan/2025:11:46:11 +0300] "PATCH /products/ HTTP/1.1" 403 5049 "-" "Opera/9.80 (X11; Linux i686; Ubuntu/14.10) Presto/2.12.388 Version/12.16"
218.228.44.29 - - [04/Jan/2025:11:47:47 +0300] "PATCH /services/ HTTP/1.1" 401 5012 "-" "Microsoft Edge 44.18362.449.0; Windows 10; ARM64"
214.61.138.41 - - [04/Jan/2025:11:48:57 +0300] "GET /index.html HTTP/1.1" 502 28907 "-" "Safari/604.1 CFNetwork/893.14 Darwin/17.0.0 (x86_64)"
218.228.44.29 - - [04/Jan/2025:11:49:26 +0300] "PUT /products/ HTTP/1.1" 404 12457 "-" "Mozilla/5.0 (Windows NT 10.0; Win64; x64) AppleWebKit/537.36 (KHTML, like Gecko) Chrome/92.0.4515.107 Safari/537.36"
49.20.36.30 - - [04/Jan/2025:11:50:22 +0300] "GET /index.html HTTP/1.1" 401 23315 "-" "Crawler Bot v1.0 (+https://example.com/bot.html)"
142.201.33.58 - - [04/Jan/2025:11:50:51 +0300] "PUT /index.html HTTP/1.1" 501 19902 "-" "Safari/604.1 CFNetwork/893.14 Darwin/17.0.0 (x86_64)"
49.20.36.30 - - [04/Jan/2025:11:51:43 +0300] "PUT /services/ HTTP/1.1" 403 15021 "-" "Safari/604.1 CFNetwork/893.14 Darwin/17.0.0 (x86_64)"
168.14.215.0 - - [04/Jan/2025:11:51:58 +0300] "POST /contact/ HTTP/1.1" 200 4246 "-" "Safari/604.1 CFNetwork/893.14 Darwin/17.0.0 (x86_64)"
153.52.113.49 - - [04/Jan/2025:11:53:19 +0300] "DELETE /index.html HTTP/1.1" 403 25475 "-" "Opera/9.80 (X11; Linux i686; Ubuntu/14.10) Presto/2.12.388 Version/12.16"
83.96.224.158 - - [04/Jan/2025:11:54:09 +0300] "DELETE /products/ HTTP/1.1" 501 33479 "-" "Mozilla/5.0 (Windows NT 10.0; Win64; x64) AppleWebKit/537.36 (KHTML, like Gecko) Chrome/92.0.4515.107 Safari/537.36"
49.20.36.30 - - [04/Jan/2025:11:54:17 +0300] "GET /services/ HTTP/1.1" 404 11656 "-" "Safari/604.1 CFNetwork/893.14 Darwin/17.0.0 (x86_64)"
64.255.15.33 - - [04/Jan/2025:11:54:36 +0300] "DELETE /contact/ HTTP/1.1" 400 28400 "-" "Wget/1.19.5 (linux-gnu)"
