64.255.15.33 - - [02/Jan/2025:00:04:22 +0300] "PATCH /contact/ HTTP/1.1" 404 4681 "-" "Internet Explorer 7.0; Windows NT 6.0; Trident/5.0"
28.42.76.86 - - [02/Jan/2025:00:07:47 +0300] "GET /products/ HTTP/1.1" 400 26329 "-" "Wget/1.19.5 (linux-gnu)"
250.74.3.46 - - [02/Jan/2025:00:09:47 +0300] "DELETE /about-us/ HTTP/1.1" 502 25556 "-" "Opera/9.80 (X11; Linux i686; Ubuntu/14.10) Presto/2.12.388 Version/12.16"
172.55.147.133 - - [02/Jan/2025:00:10:21 +0300] "PATCH /contact/ HTTP/1.1" 502 21669 "-" "Internet Explorer 7.0; Windows NT 6.0; Trident/5.0"
218.228.44.29 - - [02/Jan/2025:00:12:13 +0300] "DELETE /about-us/ HTTP/1.1" 201 24105 "-" "Microsoft Edge 44.18362.449.0; Windows 10; ARM64"
180.101.174.150 - - [02/Jan/2025:00:15:40 +0300] "PATCH /about-us/ HTTP/1.1" 503 19276 "-" "Internet Explorer 7.0; Windows NT 6.0; Trident/5.0"
149.90.30.222 - - [02/Jan/2025:00:15:45 +0300] "PUT /index.html HTTP/1.1" 401 22396 "-" "Internet Explorer 7.0; Windows NT 6.0; Trident/5.0"
28.42.76.86 - - [02/Jan/2025:00:17:12 +0300] "GET /index.html HTTP/1.1" 403 26355 "-" "Microsoft Edge 44.18362.449.0; Windows 10; ARM64"
44.2.222.93 - - [02/Jan/2025:00:17:59 +0300] "POST /index.html HTTP/1.1" 501 19920 "-" "Mozilla/5.0 (Windows NT 10.0; Win64; x64) AppleWebKit/537.36 (KHTML, like Gecko) Chrome/92.0.4515.107 Safari/537.36"
218.228.44.29 - - [02/Jan/2025:00:19:43 +0300] "PUT /products/ HTTP/1.1" 401 31589 "-" "Opera/9.80 (X11; Linux i686; Ubuntu/14.10) Presto/2.12.388 Version/12.16"
149.90.30.222 - - [02/Jan/2025:00:21:15 +0300] "PATCH /index.html HTTP/1.1" 501 8448 "-" "Microsoft Edge 44.18362.449.0; Windows 10; ARM64"
231.62.123.253 - - [02/Jan/2025:00:21:17 +0300] "DELETE /index.html HTTP/1.1" 500 11171 "-" "Opera/9.80 (X11; Linux i686; Ubuntu/14.10) Presto/2.12.388 Version/12.16"
147.65.92.12 - - [02/Jan/2025:00:24:31 +0300] "DELETE /services/ HTTP/1.1" 200 31816 "-" "Wget/1.19.5 (linux-gnu)"
218.228.44.29 - - [02/Jan/2025:00:26:14 +0300] "POST /services/ HTTP/1.1" 501 33094 "-" "Opera/9.80 (X11; Linux i686; Ubuntu/14.10) Presto/2.12.388 Version/12.16"
44.2.222.93 - - [02/Jan/2025:00:27:46 +0300] "PUT /index.html HTTP/1.1" 503 12272 "-" "Internet Explorer 7.0; Windows NT 6.0; Trident/5.0"
149.90.30.222 - - [02/Jan/2025:00:31:49 +0300] "PUT /products/ HTTP/1.1" 500 8239 "-" "Mozilla/5.0 (Windows NT 10.0; Win64; x64) AppleWebKit/537.36 (KHTML, like Gecko) Chrome/92.0.4515.107 Safari/537.36"
180.101.174.150 - - [02/Jan/2025:00:35:25 +0300] "PATCH /contact/ HTTP/1.1" 200 26635 "-" "Internet Explorer 7.0; Windows NT 6.0; Trident/5.0"
28.42.76.86 - - [02/Jan/2025:00:35:31 +0300] "POST /services/ HTTP/1.1" 501 8338 "-" "Microsoft Edge 44.18362.449.0; Windows 10; ARM64"
133.81.129.159 - - [02/Jan/2025:00:39:48 +0300] "POST /about-us/ HTTP/1.1" 201 30493 "-" "Microsoft Edge 44.18362.449.0; Windows 10; ARM64"
44.2.222.93 - - [02/Jan/2025:00:42:23 +0300] "POST /about-us/ HTTP/1.1" 400 30176 "-" "Crawler Bot v1.0 (+https://example.com/bot.html)"
153.52.113.49 - - [02/Jan/2025:00:45:14 +0300] "DELETE /contact/ HTTP/1.1" 501 13166 "-" "Crawler Bot v1.0 (+https://example.com/bot.html)"
28.42.76.86 - - [02/Jan/2025:00:49:01 +0300] "POST /services/ HTTP/1.1" 501 12665 "-" "Mozilla/5.0 (Windows NT 10.0; Win64; x64) AppleWebKit/537.36 (KHTML, like Gecko) Chrome/92.0.4515.107 Safari/537.36"
49.20.36.30 - - [02/Jan/2025:00:49:05 +0300] "PATCH /index.html HTTP/1.1" 200 10548 "-" "Safari/604.1 CFNetwork/893.14 Darwin/17.0.0 (x86_64)"
28.186.70.250 - - [02/Jan/2025:00:50:44 +0300] "DELETE /index.html HTTP/1.1" 501 3359 "-" "Opera/9.80 (X11; Linux i686; Ubuntu/14.10) Presto/2.12.388 Version/12.16"
214.61.138.41 - - [02/Jan/2025:00:54:20 +0300] "DELETE /services/ HTTP/1.1" 502 28573 "-" "Wget/1.19.5 (linux-gnu)"
172.55.147.133 - - [02/Jan/2025:00:55:58 +0300] "DELETE /contact/ HTTP/1.1" 403 3976 "-" "Internet Explorer 7.0; Windows NT 6.0; Trident/5.0"
114.72.135.61 - - [02/Jan/2025:00:58:35 +0300] "PUT /services/ HTTP/1.1" 502 21109 "-" "Wget/1.19.5 (linux-gnu)"
124.29.122.120 - - [02/Jan/2025:01:02:46 +0300] "DELETE /services/ HTTP/1.1" 200 9457 "-" "Mozilla/5.0 (Windows NT 10.0; Win64; x64) AppleWebKit/537.36 (KHTML, like Gecko) Chrome/92.0.4515.107 Safari/537.36"
49.20.36.30 - - [02/Jan/2025:01:06:09 +0300] "GET /services/ HTTP/1.1" 200 5603 "-" "Opera/9.80 (X11; Linux i686; Ubuntu/14.10) Presto/2.12.388 Version/12.16"
142.201.33.58 - - [02/Jan/2025:01:10:28 +0300] "PATCH /services/ HTTP/1.1" 404 22191 "-" "Crawler Bot v1.0 (+https://example.com/bot.html)"
49.20.36.30 - - [02/Jan/2025:01:10:54 +0300] "DELETE /about-us/ HTTP/1.1" 500 18268 "-" "Internet Explorer 7.0; Windows NT 6.0; Trident/5.0"
28.186.70.250 - - [02/Jan/2025:01:15:11 +0300] "DELETE /services/ HTTP/1.1" 502 7075 "-" "Wget/1.19.5 (linux-gnu)"
53.144.239.176 - - [02/Jan/2025:01:18:31 +0300] "PATCH /about-us/ HTTP/1.1" 503 8811 "-" "Crawler Bot v1.0 (+https://example.com/bot.html)"
229.206.221.69 - - [02/Jan/2025:01:19:44 +0300] "PUT /index.html HTTP/1.1" 403 14466 "-" "Opera/9.80 (X11; Linux i686; Ubuntu/14.10) Presto/2.12.388 Version/12.16"
180.101.174.150 - - [02/Jan/2025:01:21:40 +0300] "GET /about-us/ HTTP/1.1" 400 18289 "-" "Safari/604.1 CFNetwork/893.14 Darwin/17.0.0 (x86_64)"
168.14.215.0 - - [02/Jan/2025:01:24:36 +0300] "PUT /contact/ HTTP/1.1" 501 30456 "-" "Mozilla/5.0 (Windows NT 10.0; Win64; x64) AppleWebKit/537.36 (KHTML, like Gecko) Chrome/92.0.4515.107 Safari/537.36"
214.61.138.41 - - [02/Jan/2025:01:28:20 +0300] "POST /about-us/ HTTP/1.1" 201 9922 "-" "Internet Explorer 7.0; Windows NT 6.0; Trident/5.0"
28.186.70.250 - - [02/Jan/2025:01:28:53 +0300] "DELETE /about-us/ HTTP/1.1" 400 31469 "-" "Opera/9.80 (X11; Linux i686; Ubuntu/14.10) Presto/2.12.388 Version/12.16"
124.29.122.120 - - [02/Jan/2025:01:29:31 +0300] "PUT /contact/ HTTP/1.1" 201 1631 "-" "Internet Explorer 7.0; Windows NT 6.0; Trident/5.0"
231.62.123.253 - - [02/Jan/2025:01:29:51 +0300] "DELETE /contact/ HTTP/1.1" 404 17611 "-" "Mozilla/5.0 (Windows NT 10.0; Win64; x64) AppleWebKit/537.36 (KHTML, like Gecko) Chrome/92.0.4515.107 Safari/537.36"
153.52.113.49 - - [02/Jan/2025:01:34:15 +0300] "DELETE /contact/ HTTP/1.1" 201 14153 "-" "Internet Explorer 7.0; Windows NT 6.0; Trident/5.0"
36.254.127.5 - - [02/Jan/2025:01:35:32 +0300] "DELETE /contact/ HTTP/1.1" 502 12916 "-" "Microsoft Edge 44.18362.449.0; Windows 10; ARM64"
28.186.70.250 - - [02/Jan/2025:01:35:46 +0300] "DELETE /about-us/ HTTP/1.1" 500 9668 "-" "Internet Explorer 7.0; Windows NT 6.0; Trident/5.0"
250.74.3.46 - - [02/Jan/2025:01:35:48 +0300] "GET /products/ HTTP/1.1" 501 20055 "-" "Opera/9.80 (X11; Linux i686; Ubuntu/14.10) Presto/2.12.388 Version/12.16"
49.20.36.30 - - [02/Jan/2025:01:39:42 +0300] "PATCH /services/ HTTP/1.1" 403 12276 "-" "Mozilla/5.0 (Windows NT 10.0; Win64; x64) AppleWebKit/537.36 (KHTML, like Gecko) Chrome/92.0.4515.107 Safari/537.36"
83.96.224.158 - - [02/Jan/2025:01:41:15 +0300] "DELETE /index.html HTTP/1.1" 501 7395 "-" "Microsoft Edge 44.18362.449.0; Windows 10; ARM64"
49.20.36.30 - - [02/Jan/2025:01:42:26 +0300] "GET /about-us/ HTTP/1.1" 503 7066 "-" "Mozilla/5.0 (Windows NT 10.0; Win64; x64) AppleWebKit/537.36 (KHTML, like Gecko) Chrome/92.0.4515.107 Safari/537.36"
218.228.44.29 - - [02/Jan/2025:01:44:05 +0300] "PUT /index.html HTTP/1.1" 400 19150 "-" "Opera/9.80 (X11; Linux i686; Ubuntu/14.10) Presto/2.12.388 Version/12.16"
147.65.92.12 - - [02/Jan/2025:01:46:56 +0300] "DELETE /contact/ HTTP/1.1" 201 26171 "-" "Crawler Bot v1.0 (+https://example.com/bot.html)"
44.2.222.93 - - [02/Jan/2025:01:48:52 +0300] "GET /index.html HTTP/1.1" 400 10104 "-" "Mozilla/5.0 (Windows NT 10.0; Win64; x64) AppleWebKit/537.36 (KHTML, like Gecko) Chrome/92.0.4515.107 Safari/537.36"
231.62.123.253 - - [02/Jan/2025:01:49:14 +0300] "PUT /index.html HTTP/1.1" 400 5088 "-" "Microsoft Edge 44.18362.449.0; Windows 10; ARM64"
53.144.239.176 - - [02/Jan/2025:01:52:36 +0300] "PUT /products/ HTTP/1.1" 400 20000 "-" "Wget/1.19.5 (linux-gnu)"
28.42.76.86 - - [02/Jan/2025:01:56:22 +0300] "GET /contact/ HTTP/1.1" 403 14524 "-" "Opera/9.80 (X11; Linux i686; Ubuntu/14.10) Presto/2.12.388 Version/12.16"
133.81.129.159 - - [02/Jan/2025:01:57:16 +0300] "PATCH /contact/ HTTP/1.1" 503 31129 "-" "Microsoft Edge 44.18362.449.0; Windows 10; ARM64"
231.62.123.253 - - [02/Jan/2025:02:00:00 +0300] "POST /services/ HTTP/1.1" 501 8350 "-" "Wget/1.19.5 (linux-gnu)"
172.55.147.133 - - [02/Jan/2025:02:01:47 +0300] "PUT /services/ HTTP/1.1" 502 6618 "-" "Mozilla/5.0 (Windows NT 10.0; Win64; x64) AppleWebKit/537.36 (KHTML, like Gecko) Chrome/92.0.4515.107 Safari/537.36"
168.14.215.0 - - [02/Jan/2025:02:04:03 +0300] "GET /about-us/ HTTP/1.1" 500 9158 "-" "Safari/604.1 CFNetwork/893.14 Darwin/17.0.0 (x86_64)"
133.81.129.159 - - [02/Jan/2025:02:04:07 +0300] "PATCH /about-us/ HTTP/1.1" 501 19608 "-" "Wget/1.19.5 (linux-gnu)"
218.228.44.29 - - [02/Jan/2025:02:04:25 +0300] "PUT /products/ HTTP/1.1" 500 32276 "-" "Mozilla/5.0 (Windows NT 10.0; Win64; x64) AppleWebKit/537.36 (KHTML, like Gecko) Chrome/92.0.4515.107 Safari/537.36"
114.72.135.61 - - [02/Jan/2025:02:05:47 +0300] "PUT /services/ HTTP/1.1" 201 33133 "-" "Mozilla/5.0 (Windows NT 10.0; Win64; x64) AppleWebKit/537.36 (KHTML, like Gecko) Chrome/92.0.4515.107 Safari/537.36"
28.186.70.250 - - [02/Jan/2025:02:10:03 +0300] "PUT /index.html HTTP/1.1" 501 14315 "-" "Microsoft Edge 44.18362.449.0; Windows 10; ARM64"
20.182.249.13 - - [02/Jan/2025:02:12:57 +0300] "DELETE /products/ HTTP/1.1" 201 19798 "-" "Mozilla/5.0 (Windows NT 10.0; Win64; x64) AppleWebKit/537.36 (KHTML, like Gecko) Chrome/92.0.4515.107 Safari/537.36"
142.201.33.58 - - [02/Jan/2025:02:13:47 +0300] "GET /index.html HTTP/1.1" 502 15077 "-" "Mozilla/5.0 (Windows NT 10.0; Win64; x64) AppleWebKit/537.36 (KHTML, like Gecko) Chrome/92.0.4515.107 Safari/537.36"
124.29.122.120 - - [02/Jan/2025:02:16:51 +0300] "PATCH /products/ HTTP/1.1" 200 21722 "-" "Crawler Bot v1.0 (+https://example.com/bot.html)"
147.65.92.12 - - [02/Jan/2025:02:18:54 +0300] "PATCH /contact/ HTTP/1.1" 400 31496 "-" "Mozilla/5.0 (Windows NT 10.0; Win64; x64) AppleWebKit/537.36 (KHTML, like Gecko) Chrome/92.0.4515.107 Safari/537.36"
28.42.76.86 - - [02/Jan/2025:02:19:28 +0300] "GET /services/ HTTP/1.1" 503 2934 "-" "Crawler Bot v1.0 (+https://example.com/bot.html)"
214.61.138.41 - - [02/Jan/2025:02:21:24 +0300] "PATCH /index.html HTTP/1.1" 501 32398 "-" "Safari/604.1 CFNetwork/893.14 Darwin/17.0.0 (x86_64)"
180.101.174.150 - - [02/Jan/2025:02:22:54 +0300] "DELETE /services/ HTTP/1.1" 200 23705 "-" "Microsoft Edge 44.18362.449.0; Windows 10; ARM64"
214.61.138.41 - - [02/Jan/2025:02:26:26 +0300] "DELETE /about-us/ HTTP/1.1" 501 11273 "-" "Internet Explorer 7.0; Windows NT 6.0; Trident/5.0"
133.81.129.159 - - [02/Jan/2025:02:27:28 +0300] "DELETE /products/ HTTP/1.1" 403 13387 "-" "Crawler Bot v1.0 (+https://example.com/bot.html)"
44.2.222.93 - - [02/Jan/2025:02:30:23 +0300] "PATCH /products/ HTTP/1.1" 201 8060 "-" "Crawler Bot v1.0 (+https://example.com/bot.html)"
218.228.44.29 - - [02/Jan/2025:02:32:58 +0300] "POST /services/ HTTP/1.1" 401 29255 "-" "Internet Explorer 7.0; Windows NT 6.0; Trident/5.0"
20.182.249.13 - - [02/Jan/2025:02:36:36 +0300] "DELETE /index.html HTTP/1.1" 401 15163 "-" "Opera/9.80 (X11; Linux i686; Ubuntu/14.10) Presto/2.12.388 Version/12.16"
53.144.239.176 - - [02/Jan/2025:02:40:37 +0300] "POST /products/ HTTP/1.1" 500 29405 "-" "Safari/604.1 CFNetwork/893.14 Darwin/17.0.0 (x86_64)"
172.55.147.133 - - [02/Jan/2025:02:43:24 +0300] "DELETE /index.html HTTP/1.1" 500 5786 "-" "Opera/9.80 (X11; Linux i686; Ubuntu/14.10) Presto/2.12.388 Version/12.16"
36.254.127.5 - - [02/Jan/2025:02:46:35 +0300] "PATCH /contact/ HTTP/1.1" 401 22349 "-" "Wget/1.19.5 (linux-gnu)"
124.29.122.120 - - [02/Jan/2025:02:50:13 +0300] "PUT /products/ HTTP/1.1" 201 33625 "-" "Wget/1.19.5 (linux-gnu)"
231.62.123.253 - - [02/Jan/2025:02:52:08 +0300] "PATCH /products/ HTTP/1.1" 501 23900 "-" "Crawler Bot v1.0 (+https://example.com/bot.html)"
20.182.249.13 - - [02/Jan/2025:02:52:19 +0300] "GET /services/ HTTP/1.1" 500 1904 "-" "Wget/1.19.5 (linux-gnu)"
153.52.113.49 - - [02/Jan/2025:02:53:02 +0300] "DELETE /services/ HTTP/1.1" 502 9254 "-" "Crawler Bot v1.0 (+https://example.com/bot.html)"
218.228.44.29 - - [02/Jan/2025:02:55:10 +0300] "PATCH /about-us/ HTTP/1.1" 403 19039 "-" "Microsoft Edge 44.18362.449.0; Windows 10; ARM64"
180.101.174.150 - - [02/Jan/2025:02:56:50 +0300] "POST /index.html HTTP/1.1" 501 12775 "-" "Mozilla/5.0 (Windows NT 10.0; Win64; x64) AppleWebKit/537.36 (KHTML, like Gecko) Chrome/92.0.4515.107 Safari/537.36"
147.65.92.12 - - [02/Jan/2025:03:00:21 +0300] "PUT /products/ HTTP/1.1" 500 21550 "-" "Mozilla/5.0 (Windows NT 10.0; Win64; x64) AppleWebKit/537.36 (KHTML, like Gecko) Chrome/92.0.4515.107 Safari/537.36"
168.14.215.0 - - [02/Jan/2025:03:03:40 +0300] "GET /services/ HTTP/1.1" 403 26315 "-" "Crawler Bot v1.0 (+https://example.com/bot.html)"
133.81.129.159 - - [02/Jan/2025:03:04:43 +0300] "POST /index.html HTTP/1.1" 502 11332 "-" "Crawler Bot v1.0 (+https://example.com/bot.html)"
28.42.76.86 - - [02/Jan/2025:03:06:42 +0300] "PUT /about-us/ HTTP/1.1" 403 28057 "-" "Microsoft Edge 44.18362.449.0; Windows 10; ARM64"
49.20.36.30 - - [02/Jan/2025:03:08:17 +0300] "DELETE /about-us/ HTTP/1.1" 502 17198 "-" "Microsoft Edge 44.18362.449.0; Windows 10; ARM64"
214.61.138.41 - - [02/Jan/2025:03:11:15 +0300] "DELETE /about-us/ HTTP/1.1" 400 27298 "-" "Microsoft Edge 44.18362.449.0; Windows 10; ARM64"
28.186.70.250 - - [02/Jan/2025:03:11:30 +0300] "DELETE /products/ HTTP/1.1" 403 14053 "-" "Opera/9.80 (X11; Linux i686; Ubuntu/14.10) Presto/2.12.388 Version/12.16"
149.90.30.222 - - [02/Jan/2025:03:13:38 +0300] "GET /about-us/ HTTP/1.1" 500 20629 "-" "Opera/9.80 (X11; Linux i686; Ubuntu/14.10) Presto/2.12.388 Version/12.16"
133.81.129.159 - - [02/Jan/2025:03:14:46 +0300] "PUT /products/ HTTP/1.1" 201 10581 "-" "Microsoft Edge 44.18362.449.0; Windows 10; ARM64"
229.206.221.69 - - [02/Jan/2025:03:17:56 +0300] "GET /about-us/ HTTP/1.1" 503 6839 "-" "Microsoft Edge 44.18362.449.0; Windows 10; ARM64"
180.101.174.150 - - [02/Jan/2025:03:18:50 +0300] "GET /services/ HTTP/1.1" 501 17462 "-" "Wget/1.19.5 (linux-gnu)"
142.201.33.58 - - [02/Jan/2025:03:20:32 +0300] "DELETE /index.html HTTP/1.1" 500 25624 "-" "Crawler Bot v1.0 (+https://example.com/bot.html)"
20.182.249.13 - - [02/Jan/2025:03:24:38 +0300] "GET /contact/ HTTP/1.1" 200 29609 "-" "Microsoft Edge 44.18362.449.0; Windows 10; ARM64"
20.182.249.13 - - [02/Jan/2025:03:28:20 +0300] "DELETE /index.html HTTP/1.1" 500 27458 "-" "Mozilla/5.0 (Windows NT 10.0; Win64; x64) AppleWebKit/537.36 (KHTML, like Gecko) Chrome/92.0.4515.107 Safari/537.36"
20.182.249.13 - - [02/Jan/2025:03:30:56 +0300] "POST /services/ HTTP/1.1" 500 23783 "-" "Safari/604.1 CFNetwork/893.14 Darwin/17.0.0 (x86_64)"
28.186.70.250 - - [02/Jan/2025:03:34:21 +0300] "DELETE /contact/ HTTP/1.1" 500 31785 "-" "Internet Explorer 7.0; Windows NT 6.0; Trident/5.0"
114.72.135.61 - - [02/Jan/2025:03:35:32 +0300] "DELETE /contact/ HTTP/1.1" 404 31148 "-" "Safari/604.1 CFNetwork/893.14 Darwin/17.0.0 (x86_64)"
83.96.224.158 - - [02/Jan/2025:03:39:11 +0300] "GET /index.html HTTP/1.1" 500 2662 "-" "Opera/9.80 (X11; Linux i686; Ubuntu/14.10) Presto/2.12.388 Version/12.16"
64.255.15.33 - - [02/Jan/2025:03:40:01 +0300] "GET /about-us/ HTTP/1.1" 403 24905 "-" "Mozilla/5.0 (Windows NT 10.0; Win64; x64) AppleWebKit/537.36 (KHTML, like Gecko) Chrome/92.0.4515.107 Safari/537.36"
49.20.36.30 - - [02/Jan/2025:03:44:18 +0300] "PATCH /services/ HTTP/1.1" 401 16067 "-" "Microsoft Edge 44.18362.449.0; Windows 10; ARM64"
28.186.70.250 - - [02/Jan/2025:03:46:30 +0300] "POST /index.html HTTP/1.1" 201 29512 "-" "Internet Explorer 7.0; Windows NT 6.0; Trident/5.0"
214.61.138.41 - - [02/Jan/2025:03:49:45 +0300] "DELETE /services/ HTTP/1.1" 201 27496 "-" "Crawler Bot v1.0 (+https://example.com/bot.html)"
180.101.174.150 - - [02/Jan/2025:03:52:48 +0300] "PATCH /about-us/ HTTP/1.1" 502 11230 "-" "Wget/1.19.5 (linux-gnu)"
214.61.138.41 - - [02/Jan/2025:03:55:43 +0300] "POST /products/ HTTP/1.1" 200 8411 "-" "Safari/604.1 CFNetwork/893.14 Darwin/17.0.0 (x86_64)"
250.74.3.46 - - [02/Jan/2025:03:56:47 +0300] "PATCH /products/ HTTP/1.1" 200 15347 "-" "Microsoft Edge 44.18362.449.0; Windows 10; ARM64"
147.65.92.12 - - [02/Jan/2025:03:58:42 +0300] "POST /about-us/ HTTP/1.1" 200 3405 "-" "Wget/1.19.5 (linux-gnu)"
124.29.122.120 - - [02/Jan/2025:03:59:51 +0300] "DELETE /products/ HTTP/1.1" 501 5161 "-" "Crawler Bot v1.0 (+https://example.com/bot.html)"
20.182.249.13 - - [02/Jan/2025:04:00:25 +0300] "PATCH /services/ HTTP/1.1" 401 31308 "-" "Microsoft Edge 44.18362.449.0; Windows 10; ARM64"
83.96.224.158 - - [02/Jan/2025:04:02:19 +0300] "GET /products/ HTTP/1.1" 400 7847 "-" "Microsoft Edge 44.18362.449.0; Windows 10; ARM64"
28.186.70.250 - - [02/Jan/2025:04:03:51 +0300] "GET /index.html HTTP/1.1" 501 6480 "-" "Wget/1.19.5 (linux-gnu)"
153.52.113.49 - - [02/Jan/2025:04:04:45 +0300] "PUT /services/ HTTP/1.1" 404 6481 "-" "Mozilla/5.0 (Windows NT 10.0; Win64; x64) AppleWebKit/537.36 (KHTML, like Gecko) Chrome/92.0.4515.107 Safari/537.36"
114.72.135.61 - - [02/Jan/2025:04:05:23 +0300] "POST /about-us/ HTTP/1.1" 403 10058 "-" "Internet Explorer 7.0; Windows NT 6.0; Trident/5.0"
231.62.123.253 - - [02/Jan/2025:04:07:55 +0300] "DELETE /about-us/ HTTP/1.1" 401 32960 "-" "Crawler Bot v1.0 (+https://example.com/bot.html)"
142.201.33.58 - - [02/Jan/2025:04:09:05 +0300] "PATCH /about-us/ HTTP/1.1" 500 8432 "-" "Mozilla/5.0 (Windows NT 10.0; Win64; x64) AppleWebKit/537.36 (KHTML, like Gecko) Chrome/92.0.4515.107 Safari/537.36"
49.20.36.30 - - [02/Jan/2025:04:10:33 +0300] "POST /services/ HTTP/1.1" 404 11490 "-" "Internet Explorer 7.0; Windows NT 6.0; Trident/5.0"
124.29.122.120 - - [02/Jan/2025:04:13:07 +0300] "POST /services/ HTTP/1.1" 201 25889 "-" "Microsoft Edge 44.18362.449.0; Windows 10; ARM64"
142.201.33.58 - - [02/Jan/2025:04:13:32 +0300] "DELETE /products/ HTTP/1.1" 502 30662 "-" "Safari/604.1 CFNetwork/893.14 Darwin/17.0.0 (x86_64)"
180.101.174.150 - - [02/Jan/2025:04:17:09 +0300] "PUT /contact/ HTTP/1.1" 200 15749 "-" "Microsoft Edge 44.18362.449.0; Windows 10; ARM64"
124.29.122.120 - - [02/Jan/2025:04:20:36 +0300] "GET /about-us/ HTTP/1.1" 501 16930 "-" "Internet Explorer 7.0; Windows NT 6.0; Trident/5.0"
133.81.129.159 - - [02/Jan/2025:04:24:56 +0300] "PATCH /products/ HTTP/1.1" 500 6819 "-" "Wget/1.19.5 (linux-gnu)"
229.206.221.69 - - [02/Jan/2025:04:28:40 +0300] "PATCH /about-us/ HTTP/1.1" 502 3996 "-" "Wget/1.19.5 (linux-gnu)"
36.254.127.5 - - [02/Jan/2025:04:30:09 +0300] "DELETE /contact/ HTTP/1.1" 404 23686 "-" "Wget/1.19.5 (linux-gnu)"
153.52.113.49 - - [02/Jan/2025:04:31:38 +0300] "PUT /about-us/ HTTP/1.1" 403 17149 "-" "Mozilla/5.0 (Windows NT 10.0; Win64; x64) AppleWebKit/537.36 (KHTML, like Gecko) Chrome/92.0.4515.107 Safari/537.36"
64.255.15.33 - - [02/Jan/2025:04:34:53 +0300] "POST /services/ HTTP/1.1" 400 27468 "-" "Microsoft Edge 44.18362.449.0; Windows 10; ARM64"
231.62.123.253 - - [02/Jan/2025:04:37:59 +0300] "PATCH /contact/ HTTP/1.1" 502 14098 "-" "Crawler Bot v1.0 (+https://example.com/bot.html)"
250.74.3.46 - - [02/Jan/2025:04:41:59 +0300] "GET /products/ HTTP/1.1" 503 24423 "-" "Microsoft Edge 44.18362.449.0; Windows 10; ARM64"
168.14.215.0 - - [02/Jan/2025:04:42:23 +0300] "DELETE /index.html HTTP/1.1" 201 20411 "-" "Opera/9.80 (X11; Linux i686; Ubuntu/14.10) Presto/2.12.388 Version/12.16"
149.90.30.222 - - [02/Jan/2025:04:43:21 +0300] "POST /index.html HTTP/1.1" 201 23543 "-" "Safari/604.1 CFNetwork/893.14 Darwin/17.0.0 (x86_64)"
36.254.127.5 - - [02/Jan/2025:04:46:42 +0300] "DELETE /index.html HTTP/1.1" 400 9530 "-" "Safari/604.1 CFNetwork/893.14 Darwin/17.0.0 (x86_64)"
250.74.3.46 - - [02/Jan/2025:04:49:42 +0300] "DELETE /index.html HTTP/1.1" 502 15285 "-" "Safari/604.1 CFNetwork/893.14 Darwin/17.0.0 (x86_64)"
44.2.222.93 - - [02/Jan/2025:04:50:00 +0300] "DELETE /services/ HTTP/1.1" 404 32026 "-" "Opera/9.80 (X11; Linux i686; Ubuntu/14.10) Presto/2.12.388 Version/12.16"
214.61.138.41 - - [02/Jan/2025:04:51:52 +0300] "DELETE /products/ HTTP/1.1" 502 15951 "-" "Mozilla/5.0 (Windows NT 10.0; Win64; x64) AppleWebKit/537.36 (KHTML, like Gecko) Chrome/92.0.4515.107 Safari/537.36"
250.74.3.46 - - [02/Jan/2025:04:52:59 +0300] "PATCH /products/ HTTP/1.1" 201 2601 "-" "Opera/9.80 (X11; Linux i686; Ubuntu/14.10) Presto/2.12.388 Version/12.16"
250.74.3.46 - - [02/Jan/2025:04:56:57 +0300] "PATCH /products/ HTTP/1.1" 503 16225 "-" "Opera/9.80 (X11; Linux i686; Ubuntu/14.10) Presto/2.12.388 Version/12.16"
180.101.174.150 - - [02/Jan/2025:04:57:12 +0300] "PUT /products/ HTTP/1.1" 200 31631 "-" "Mozilla/5.0 (Windows NT 10.0; Win64; x64) AppleWebKit/537.36 (KHTML, like Gecko) Chrome/92.0.4515.107 Safari/537.36"
214.61.138.41 - - [02/Jan/2025:04:58:19 +0300] "POST /index.html HTTP/1.1" 503 5946 "-" "Crawler Bot v1.0 (+https://example.com/bot.html)"
229.206.221.69 - - [02/Jan/2025:05:01:57 +0300] "POST /about-us/ HTTP/1.1" 403 5034 "-" "Internet Explorer 7.0; Windows NT 6.0; Trident/5.0"
149.90.30.222 - - [02/Jan/2025:05:03:37 +0300] "DELETE /services/ HTTP/1.1" 501 16408 "-" "Crawler Bot v1.0 (+https://example.com/bot.html)"
214.61.138.41 - - [02/Jan/2025:05:05:57 +0300] "POST /contact/ HTTP/1.1" 400 26756 "-" "Microsoft Edge 44.18362.449.0; Windows 10; ARM64"
133.81.129.159 - - [02/Jan/2025:05:09:05 +0300] "DELETE /index.html HTTP/1.1" 400 7851 "-" "Internet Explorer 7.0; Windows NT 6.0; Trident/5.0"
28.186.70.250 - - [02/Jan/2025:05:13:00 +0300] "DELETE /about-us/ HTTP/1.1" 404 4668 "-" "Internet Explorer 7.0; Windows NT 6.0; Trident/5.0"
124.29.122.120 - - [02/Jan/2025:05:16:28 +0300] "PUT /index.html HTTP/1.1" 200 8672 "-" "Mozilla/5.0 (Windows NT 10.0; Win64; x64) AppleWebKit/537.36 (KHTML, like Gecko) Chrome/92.0.4515.107 Safari/537.36"
153.52.113.49 - - [02/Jan/2025:05:20:21 +0300] "GET /index.html HTTP/1.1" 500 11619 "-" "Crawler Bot v1.0 (+https://example.com/bot.html)"
133.81.129.159 - - [02/Jan/2025:05:21:37 +0300] "PATCH /about-us/ HTTP/1.1" 401 12774 "-" "Wget/1.19.5 (linux-gnu)"
149.90.30.222 - - [02/Jan/2025:05:24:06 +0300] "GET /index.html HTTP/1.1" 200 20468 "-" "Opera/9.80 (X11; Linux i686; Ubuntu/14.10) Presto/2.12.388 Version/12.16"
64.255.15.33 - - [02/Jan/2025:05:28:04 +0300] "POST /products/ HTTP/1.1" 404 12743 "-" "Safari/604.1 CFNetwork/893.14 Darwin/17.0.0 (x86_64)"
133.81.129.159 - - [02/Jan/2025:05:31:27 +0300] "DELETE /contact/ HTTP/1.1" 201 23067 "-" "Wget/1.19.5 (linux-gnu)"
49.20.36.30 - - [02/Jan/2025:05:31:44 +0300] "GET /services/ HTTP/1.1" 201 4970 "-" "Mozilla/5.0 (Windows NT 10.0; Win64; x64) AppleWebKit/537.36 (KHTML, like Gecko) Chrome/92.0.4515.107 Safari/537.36"
147.65.92.12 - - [02/Jan/2025:05:33:02 +0300] "POST /index.html HTTP/1.1" 400 12404 "-" "Mozilla/5.0 (Windows NT 10.0; Win64; x64) AppleWebKit/537.36 (KHTML, like Gecko) Chrome/92.0.4515.107 Safari/537.36"
83.96.224.158 - - [02/Jan/2025:05:33:19 +0300] "PUT /contact/ HTTP/1.1" 403 7081 "-" "Internet Explorer 7.0; Windows NT 6.0; Trident/5.0"
229.206.221.69 - - [02/Jan/2025:05:34:59 +0300] "GET /about-us/ HTTP/1.1" 500 31249 "-" "Opera/9.80 (X11; Linux i686; Ubuntu/14.10) Presto/2.12.388 Version/12.16"
180.101.174.150 - - [02/Jan/2025:05:37:33 +0300] "POST /services/ HTTP/1.1" 502 11365 "-" "Internet Explorer 7.0; Windows NT 6.0; Trident/5.0"
28.186.70.250 - - [02/Jan/2025:05:41:20 +0300] "POST /index.html HTTP/1.1" 500 33788 "-" "Microsoft Edge 44.18362.449.0; Windows 10; ARM64"
64.255.15.33 - - [02/Jan/2025:05:42:20 +0300] "DELETE /services/ HTTP/1.1" 503 17074 "-" "Opera/9.80 (X11; Linux i686; Ubuntu/14.10) Presto/2.12.388 Version/12.16"
168.14.215.0 - - [02/Jan/2025:05:44:32 +0300] "PATCH /about-us/ HTTP/1.1" 400 22868 "-" "Safari/604.1 CFNetwork/893.14 Darwin/17.0.0 (x86_64)"
53.144.239.176 - - [02/Jan/2025:05:45:56 +0300] "PUT /about-us/ HTTP/1.1" 502 18683 "-" "Safari/604.1 CFNetwork/893.14 Darwin/17.0.0 (x86_64)"
229.206.221.69 - - [02/Jan/2025:05:46:48 +0300] "DELETE /index.html HTTP/1.1" 400 23471 "-" "Crawler Bot v1.0 (+https://example.com/bot.html)"
124.29.122.120 - - [02/Jan/2025:05:47:01 +0300] "DELETE /index.html HTTP/1.1" 201 1442 "-" "Mozilla/5.0 (Windows NT 10.0; Win64; x64) AppleWebKit/537.36 (KHTML, like Gecko) Chrome/92.0.4515.107 Safari/537.36"
172.55.147.133 - - [02/Jan/2025:05:48:47 +0300] "POST /index.html HTTP/1.1" 400 22410 "-" "Wget/1.19.5 (linux-gnu)"
114.72.135.61 - - [02/Jan/2025:05:49:32 +0300] "PATCH /products/ HTTP/1.1" 501 2435 "-" "Crawler Bot v1.0 (+https://example.com/bot.html)"
28.186.70.250 - - [02/Jan/2025:05:50:59 +0300] "POST /products/ HTTP/1.1" 400 32547 "-" "Crawler Bot v1.0 (+https://example.com/bot.html)"
231.62.123.253 - - [02/Jan/2025:05:52:09 +0300] "GET /contact/ HTTP/1.1" 200 13187 "-" "Internet Explorer 7.0; Windows NT 6.0; Trident/5.0"
20.182.249.13 - - [02/Jan/2025:05:53:35 +0300] "PATCH /products/ HTTP/1.1" 401 25408 "-" "Internet Explorer 7.0; Windows NT 6.0; Trident/5.0"
44.2.222.93 - - [02/Jan/2025:05:56:27 +0300] "PUT /index.html HTTP/1.1" 503 33782 "-" "Opera/9.80 (X11; Linux i686; Ubuntu/14.10) Presto/2.12.388 Version/12.16"
149.90.30.222 - - [02/Jan/2025:05:58:22 +0300] "GET /products/ HTTP/1.1" 501 27393 "-" "Wget/1.19.5 (linux-gnu)"
53.144.239.176 - - [02/Jan/2025:05:59:11 +0300] "PUT /services/ HTTP/1.1" 501 27634 "-" "Crawler Bot v1.0 (+https://example.com/bot.html)"
218.228.44.29 - - [02/Jan/2025:06:02:58 +0300] "PATCH /contact/ HTTP/1.1" 200 10342 "-" "Safari/604.1 CFNetwork/893.14 Darwin/17.0.0 (x86_64)"
133.81.129.159 - - [02/Jan/2025:06:05:12 +0300] "GET /products/ HTTP/1.1" 500 1139 "-" "Crawler Bot v1.0 (+https://example.com/bot.html)"
153.52.113.49 - - [02/Jan/2025:06:07:58 +0300] "DELETE /about-us/ HTTP/1.1" 403 14230 "-" "Wget/1.19.5 (linux-gnu)"
133.81.129.159 - - [02/Jan/2025:06:11:28 +0300] "PATCH /services/ HTTP/1.1" 500 8921 "-" "Internet Explorer 7.0; Windows NT 6.0; Trident/5.0"
180.101.174.150 - - [02/Jan/2025:06:13:19 +0300] "POST /products/ HTTP/1.1" 404 11293 "-" "Safari/604.1 CFNetwork/893.14 Darwin/17.0.0 (x86_64)"
44.2.222.93 - - [02/Jan/2025:06:14:00 +0300] "DELETE /about-us/ HTTP/1.1" 502 6572 "-" "Crawler Bot v1.0 (+https://example.com/bot.html)"
133.81.129.159 - - [02/Jan/2025:06:14:37 +0300] "PATCH /products/ HTTP/1.1" 502 17591 "-" "Microsoft Edge 44.18362.449.0; Windows 10; ARM64"
147.65.92.12 - - [02/Jan/2025:06:16:27 +0300] "POST /services/ HTTP/1.1" 201 1737 "-" "Mozilla/5.0 (Windows NT 10.0; Win64; x64) AppleWebKit/537.36 (KHTML, like Gecko) Chrome/92.0.4515.107 Safari/537.36"
20.182.249.13 - - [02/Jan/2025:06:18:08 +0300] "POST /about-us/ HTTP/1.1" 501 22508 "-" "Safari/604.1 CFNetwork/893.14 Darwin/17.0.0 (x86_64)"
133.81.129.159 - - [02/Jan/2025:06:22:17 +0300] "GET /contact/ HTTP/1.1" 201 13460 "-" "Wget/1.19.5 (linux-gnu)"
149.90.30.222 - - [02/Jan/2025:06:24:54 +0300] "DELETE /services/ HTTP/1.1" 404 7636 "-" "Wget/1.19.5 (linux-gnu)"
133.81.129.159 - - [02/Jan/2025:06:27:34 +0300] "PUT /contact/ HTTP/1.1" 200 19385 "-" "Crawler Bot v1.0 (+https://example.com/bot.html)"
214.61.138.41 - - [02/Jan/2025:06:31:59 +0300] "PATCH /contact/ HTTP/1.1" 404 18867 "-" "Internet Explorer 7.0; Windows NT 6.0; Trident/5.0"
218.228.44.29 - - [02/Jan/2025:06:35:48 +0300] "DELETE /contact/ HTTP/1.1" 201 23987 "-" "Wget/1.19.5 (linux-gnu)"
28.186.70.250 - - [02/Jan/2025:06:38:22 +0300] "GET /about-us/ HTTP/1.1" 200 16543 "-" "Opera/9.80 (X11; Linux i686; Ubuntu/14.10) Presto/2.12.388 Version/12.16"
133.81.129.159 - - [02/Jan/2025:06:39:25 +0300] "PUT /index.html HTTP/1.1" 401 4418 "-" "Safari/604.1 CFNetwork/893.14 Darwin/17.0.0 (x86_64)"
214.61.138.41 - - [02/Jan/2025:06:41:57 +0300] "POST /index.html HTTP/1.1" 500 2842 "-" "Opera/9.80 (X11; Linux i686; Ubuntu/14.10) Presto/2.12.388 Version/12.16"
153.52.113.49 - - [02/Jan/2025:06:43:33 +0300] "PATCH /index.html HTTP/1.1" 400 29830 "-" "Crawler Bot v1.0 (+https://example.com/bot.html)"
28.186.70.250 - - [02/Jan/2025:06:45:01 +0300] "PUT /about-us/ HTTP/1.1" 501 32920 "-" "Mozilla/5.0 (Windows NT 10.0; Win64; x64) AppleWebKit/537.36 (KHTML, like Gecko) Chrome/92.0.4515.107 Safari/537.36"
180.101.174.150 - - [02/Jan/2025:06:48:44 +0300] "PUT /about-us/ HTTP/1.1" 201 2200 "-" "Opera/9.80 (X11; Linux i686; Ubuntu/14.10) Presto/2.12.388 Version/12.16"
149.90.30.222 - - [02/Jan/2025:06:50:31 +0300] "PATCH /index.html HTTP/1.1" 501 3241 "-" "Opera/9.80 (X11; Linux i686; Ubuntu/14.10) Presto/2.12.388 Version/12.16"
124.29.122.120 - - [02/Jan/2025:06:53:29 +0300] "PATCH /services/ HTTP/1.1" 401 33396 "-" "Safari/604.1 CFNetwork/893.14 Darwin/17.0.0 (x86_64)"
36.254.127.5 - - [02/Jan/2025:06:53:51 +0300] "DELETE /about-us/ HTTP/1.1" 501 6103 "-" "Mozilla/5.0 (Windows NT 10.0; Win64; x64) AppleWebKit/537.36 (KHTML, like Gecko) Chrome/92.0.4515.107 Safari/537.36"
153.52.113.49 - - [02/Jan/2025:06:55:29 +0300] "GET /services/ HTTP/1.1" 500 25321 "-" "Internet Explorer 7.0; Windows NT 6.0; Trident/5.0"
149.90.30.222 - - [02/Jan/2025:06:57:09 +0300] "POST /services/ HTTP/1.1" 500 20604 "-" "Opera/9.80 (X11; Linux i686; Ubuntu/14.10) Presto/2.12.388 Version/12.16"
214.61.138.41 - - [02/Jan/2025:06:57:14 +0300] "PUT /about-us/ HTTP/1.1" 404 26923 "-" "Internet Explorer 7.0; Windows NT 6.0; Trident/5.0"
124.29.122.120 - - [02/Jan/2025:07:01:15 +0300] "POST /about-us/ HTTP/1.1" 201 15232 "-" "Internet Explorer 7.0; Windows NT 6.0; Trident/5.0"
180.101.174.150 - - [02/Jan/2025:07:03:01 +0300] "DELETE /index.html HTTP/1.1" 404 15731 "-" "Microsoft Edge 44.18362.449.0; Windows 10; ARM64"
180.101.174.150 - - [02/Jan/2025:07:03:32 +0300] "DELETE /about-us/ HTTP/1.1" 503 18982 "-" "Mozilla/5.0 (Windows NT 10.0; Win64; x64) AppleWebKit/537.36 (KHTML, like Gecko) Chrome/92.0.4515.107 Safari/537.36"
20.182.249.13 - - [02/Jan/2025:07:04:54 +0300] "POST /index.html HTTP/1.1" 404 9255 "-" "Internet Explorer 7.0; Windows NT 6.0; Trident/5.0"
231.62.123.253 - - [02/Jan/2025:07:09:15 +0300] "DELETE /contact/ HTTP/1.1" 501 6474 "-" "Opera/9.80 (X11; Linux i686; Ubuntu/14.10) Presto/2.12.388 Version/12.16"
124.29.122.120 - - [02/Jan/2025:07:10:53 +0300] "POST /contact/ HTTP/1.1" 401 7530 "-" "Wget/1.19.5 (linux-gnu)"
20.182.249.13 - - [02/Jan/2025:07:13:44 +0300] "GET /products/ HTTP/1.1" 401 11233 "-" "Internet Explorer 7.0; Windows NT 6.0; Trident/5.0"
231.62.123.253 - - [02/Jan/2025:07:16:46 +0300] "GET /products/ HTTP/1.1" 201 17843 "-" "Wget/1.19.5 (linux-gnu)"
53.144.239.176 - - [02/Jan/2025:07:17:14 +0300] "GET /contact/ HTTP/1.1" 400 9671 "-" "Wget/1.19.5 (linux-gnu)"
28.186.70.250 - - [02/Jan/2025:07:20:14 +0300] "POST /index.html HTTP/1.1" 500 20631 "-" "Wget/1.19.5 (linux-gnu)"
168.14.215.0 - - [02/Jan/2025:07:20:39 +0300] "GET /products/ HTTP/1.1" 200 7127 "-" "Crawler Bot v1.0 (+https://example.com/bot.html)"
229.206.221.69 - - [02/Jan/2025:07:24:29 +0300] "PATCH /about-us/ HTTP/1.1" 401 14924 "-" "Internet Explorer 7.0; Windows NT 6.0; Trident/5.0"
44.2.222.93 - - [02/Jan/2025:07:25:13 +0300] "POST /services/ HTTP/1.1" 501 8910 "-" "Wget/1.19.5 (linux-gnu)"
114.72.135.61 - - [02/Jan/2025:07:28:01 +0300] "PUT /contact/ HTTP/1.1" 501 30008 "-" "Opera/9.80 (X11; Linux i686; Ubuntu/14.10) Presto/2.12.388 Version/12.16"
214.61.138.41 - - [02/Jan/2025:07:30:30 +0300] "PUT /about-us/ HTTP/1.1" 401 13514 "-" "Wget/1.19.5 (linux-gnu)"
28.42.76.86 - - [02/Jan/2025:07:33:15 +0300] "PATCH /products/ HTTP/1.1" 404 7479 "-" "Crawler Bot v1.0 (+https://example.com/bot.html)"
180.101.174.150 - - [02/Jan/2025:07:36:38 +0300] "DELETE /products/ HTTP/1.1" 502 26895 "-" "Wget/1.19.5 (linux-gnu)"
153.52.113.49 - - [02/Jan/2025:07:37:58 +0300] "PATCH /index.html HTTP/1.1" 500 26507 "-" "Microsoft Edge 44.18362.449.0; Windows 10; ARM64"
64.255.15.33 - - [02/Jan/2025:07:38:29 +0300] "DELETE /services/ HTTP/1.1" 503 33605 "-" "Wget/1.19.5 (linux-gnu)"
20.182.249.13 - - [02/Jan/2025:07:39:24 +0300] "PATCH /about-us/ HTTP/1.1" 500 19457 "-" "Safari/604.1 CFNetwork/893.14 Darwin/17.0.0 (x86_64)"
83.96.224.158 - - [02/Jan/2025:07:43:39 +0300] "POST /index.html HTTP/1.1" 500 29811 "-" "Crawler Bot v1.0 (+https://example.com/bot.html)"
180.101.174.150 - - [02/Jan/2025:07:47:18 +0300] "GET /index.html HTTP/1.1" 503 23330 "-" "Microsoft Edge 44.18362.449.0; Windows 10; ARM64"
44.2.222.93 - - [02/Jan/2025:07:50:03 +0300] "POST /products/ HTTP/1.1" 201 20804 "-" "Opera/9.80 (X11; Linux i686; Ubuntu/14.10) Presto/2.12.388 Version/12.16"
147.65.92.12 - - [02/Jan/2025:07:50:06 +0300] "POST /contact/ HTTP/1.1" 404 3668 "-" "Internet Explorer 7.0; Windows NT 6.0; Trident/5.0"
180.101.174.150 - - [02/Jan/2025:07:53:15 +0300] "PATCH /products/ HTTP/1.1" 502 18705 "-" "Internet Explorer 7.0; Windows NT 6.0; Trident/5.0"
114.72.135.61 - - [02/Jan/2025:07:54:20 +0300] "PUT /index.html HTTP/1.1" 200 28602 "-" "Microsoft Edge 44.18362.449.0; Windows 10; ARM64"
28.186.70.250 - - [02/Jan/2025:07:56:13 +0300] "PATCH /products/ HTTP/1.1" 500 20870 "-" "Crawler Bot v1.0 (+https://example.com/bot.html)"
250.74.3.46 - - [02/Jan/2025:07:59:25 +0300] "POST /services/ HTTP/1.1" 403 20083 "-" "Wget/1.19.5 (linux-gnu)"
28.42.76.86 - - [02/Jan/2025:07:59:44 +0300] "PUT /index.html HTTP/1.1" 501 9019 "-" "Wget/1.19.5 (linux-gnu)"
83.96.224.158 - - [02/Jan/2025:08:02:22 +0300] "DELETE /products/ HTTP/1.1" 502 6274 "-" "Crawler Bot v1.0 (+https://example.com/bot.html)"
83.96.224.158 - - [02/Jan/2025:08:03:11 +0300] "PUT /index.html HTTP/1.1" 404 21766 "-" "Safari/604.1 CFNetwork/893.14 Darwin/17.0.0 (x86_64)"
172.55.147.133 - - [02/Jan/2025:08:03:17 +0300] "PUT /contact/ HTTP/1.1" 200 22769 "-" "Wget/1.19.5 (linux-gnu)"
168.14.215.0 - - [02/Jan/2025:08:04:16 +0300] "PATCH /services/ HTTP/1.1" 403 31948 "-" "Mozilla/5.0 (Windows NT 10.0; Win64; x64) AppleWebKit/537.36 (KHTML, like Gecko) Chrome/92.0.4515.107 Safari/537.36"
20.182.249.13 - - [02/Jan/2025:08:07:20 +0300] "PATCH /index.html HTTP/1.1" 401 9713 "-" "Wget/1.19.5 (linux-gnu)"
214.61.138.41 - - [02/Jan/2025:08:08:45 +0300] "PUT /about-us/ HTTP/1.1" 400 14534 "-" "Crawler Bot v1.0 (+https://example.com/bot.html)"
36.254.127.5 - - [02/Jan/2025:08:09:19 +0300] "DELETE /contact/ HTTP/1.1" 400 24005 "-" "Wget/1.19.5 (linux-gnu)"
172.55.147.133 - - [02/Jan/2025:08:09:33 +0300] "DELETE /about-us/ HTTP/1.1" 201 13312 "-" "Opera/9.80 (X11; Linux i686; Ubuntu/14.10) Presto/2.12.388 Version/12.16"
229.206.221.69 - - [02/Jan/2025:08:13:52 +0300] "PATCH /services/ HTTP/1.1" 400 24368 "-" "Internet Explorer 7.0; Windows NT 6.0; Trident/5.0"
49.20.36.30 - - [02/Jan/2025:08:14:04 +0300] "POST /products/ HTTP/1.1" 501 28937 "-" "Safari/604.1 CFNetwork/893.14 Darwin/17.0.0 (x86_64)"
172.55.147.133 - - [02/Jan/2025:08:17:39 +0300] "PATCH /products/ HTTP/1.1" 501 13991 "-" "Safari/604.1 CFNetwork/893.14 Darwin/17.0.0 (x86_64)"
114.72.135.61 - - [02/Jan/2025:08:19:04 +0300] "DELETE /products/ HTTP/1.1" 201 2600 "-" "Microsoft Edge 44.18362.449.0; Windows 10; ARM64"
153.52.113.49 - - [02/Jan/2025:08:23:09 +0300] "PATCH /products/ HTTP/1.1" 400 27443 "-" "Mozilla/5.0 (Windows NT 10.0; Win64; x64) AppleWebKit/537.36 (KHTML, like Gecko) Chrome/92.0.4515.107 Safari/537.36"
250.74.3.46 - - [02/Jan/2025:08:27:03 +0300] "DELETE /services/ HTTP/1.1" 500 6464 "-" "Wget/1.19.5 (linux-gnu)"
142.201.33.58 - - [02/Jan/2025:08:27:28 +0300] "PUT /services/ HTTP/1.1" 201 27256 "-" "Crawler Bot v1.0 (+https://example.com/bot.html)"
153.52.113.49 - - [02/Jan/2025:08:27:58 +0300] "PUT /services/ HTTP/1.1" 400 7783 "-" "Wget/1.19.5 (linux-gnu)"
36.254.127.5 - - [02/Jan/2025:08:28:47 +0300] "POST /about-us/ HTTP/1.1" 201 32801 "-" "Internet Explorer 7.0; Windows NT 6.0; Trident/5.0"
44.2.222.93 - - [02/Jan/2025:08:28:56 +0300] "PUT /services/ HTTP/1.1" 200 23687 "-" "Mozilla/5.0 (Windows NT 10.0; Win64; x64) AppleWebKit/537.36 (KHTML, like Gecko) Chrome/92.0.4515.107 Safari/537.36"
53.144.239.176 - - [02/Jan/2025:08:29:09 +0300] "PATCH /services/ HTTP/1.1" 500 13013 "-" "Mozilla/5.0 (Windows NT 10.0; Win64; x64) AppleWebKit/537.36 (KHTML, like Gecko) Chrome/92.0.4515.107 Safari/537.36"
83.96.224.158 - - [02/Jan/2025:08:32:27 +0300] "GET /products/ HTTP/1.1" 503 26668 "-" "Internet Explorer 7.0; Windows NT 6.0; Trident/5.0"
218.228.44.29 - - [02/Jan/2025:08:33:07 +0300] "PATCH /contact/ HTTP/1.1" 503 12118 "-" "Mozilla/5.0 (Windows NT 10.0; Win64; x64) AppleWebKit/537.36 (KHTML, like Gecko) Chrome/92.0.4515.107 Safari/537.36"
149.90.30.222 - - [02/Jan/2025:08:36:53 +0300] "POST /contact/ HTTP/1.1" 201 13000 "-" "Safari/604.1 CFNetwork/893.14 Darwin/17.0.0 (x86_64)"
180.101.174.150 - - [02/Jan/2025:08:38:16 +0300] "PATCH /services/ HTTP/1.1" 400 20796 "-" "Wget/1.19.5 (linux-gnu)"
147.65.92.12 - - [02/Jan/2025:08:42:09 +0300] "GET /products/ HTTP/1.1" 400 28811 "-" "Opera/9.80 (X11; Linux i686; Ubuntu/14.10) Presto/2.12.388 Version/12.16"
124.29.122.120 - - [02/Jan/2025:08:44:18 +0300] "GET /products/ HTTP/1.1" 501 5019 "-" "Microsoft Edge 44.18362.449.0; Windows 10; ARM64"
149.90.30.222 - - [02/Jan/2025:08:44:24 +0300] "POST /index.html HTTP/1.1" 201 4525 "-" "Safari/604.1 CFNetwork/893.14 Darwin/17.0.0 (x86_64)"
218.228.44.29 - - [02/Jan/2025:08:46:39 +0300] "POST /services/ HTTP/1.1" 502 16484 "-" "Microsoft Edge 44.18362.449.0; Windows 10; ARM64"
250.74.3.46 - - [02/Jan/2025:08:46:48 +0300] "POST /contact/ HTTP/1.1" 503 26731 "-" "Wget/1.19.5 (linux-gnu)"
142.201.33.58 - - [02/Jan/2025:08:49:51 +0300] "POST /services/ HTTP/1.1" 501 1474 "-" "Internet Explorer 7.0; Windows NT 6.0; Trident/5.0"
142.201.33.58 - - [02/Jan/2025:08:50:57 +0300] "POST /products/ HTTP/1.1" 401 7480 "-" "Safari/604.1 CFNetwork/893.14 Darwin/17.0.0 (x86_64)"
114.72.135.61 - - [02/Jan/2025:08:53:19 +0300] "PATCH /products/ HTTP/1.1" 501 17070 "-" "Crawler Bot v1.0 (+https://example.com/bot.html)"
28.186.70.250 - - [02/Jan/2025:08:56:49 +0300] "POST /services/ HTTP/1.1" 500 22548 "-" "Crawler Bot v1.0 (+https://example.com/bot.html)"
250.74.3.46 - - [02/Jan/2025:08:58:56 +0300] "PUT /index.html HTTP/1.1" 502 33400 "-" "Safari/604.1 CFNetwork/893.14 Darwin/17.0.0 (x86_64)"
180.101.174.150 - - [02/Jan/2025:09:01:08 +0300] "PATCH /index.html HTTP/1.1" 503 6871 "-" "Mozilla/5.0 (Windows NT 10.0; Win64; x64) AppleWebKit/537.36 (KHTML, like Gecko) Chrome/92.0.4515.107 Safari/537.36"
53.144.239.176 - - [02/Jan/2025:09:05:30 +0300] "GET /products/ HTTP/1.1" 401 22671 "-" "Mozilla/5.0 (Windows NT 10.0; Win64; x64) AppleWebKit/537.36 (KHTML, like Gecko) Chrome/92.0.4515.107 Safari/537.36"
64.255.15.33 - - [02/Jan/2025:09:06:40 +0300] "GET /services/ HTTP/1.1" 500 6359 "-" "Opera/9.80 (X11; Linux i686; Ubuntu/14.10) Presto/2.12.388 Version/12.16"
124.29.122.120 - - [02/Jan/2025:09:08:35 +0300] "DELETE /contact/ HTTP/1.1" 503 18129 "-" "Opera/9.80 (X11; Linux i686; Ubuntu/14.10) Presto/2.12.388 Version/12.16"
133.81.129.159 - - [02/Jan/2025:09:10:15 +0300] "GET /about-us/ HTTP/1.1" 401 21018 "-" "Safari/604.1 CFNetwork/893.14 Darwin/17.0.0 (x86_64)"
218.228.44.29 - - [02/Jan/2025:09:11:23 +0300] "GET /products/ HTTP/1.1" 401 30585 "-" "Mozilla/5.0 (Windows NT 10.0; Win64; x64) AppleWebKit/537.36 (KHTML, like Gecko) Chrome/92.0.4515.107 Safari/537.36"
20.182.249.13 - - [02/Jan/2025:09:15:48 +0300] "GET /about-us/ HTTP/1.1" 200 13509 "-" "Wget/1.19.5 (linux-gnu)"
44.2.222.93 - - [02/Jan/2025:09:17:24 +0300] "GET /services/ HTTP/1.1" 503 6940 "-" "Safari/604.1 CFNetwork/893.14 Darwin/17.0.0 (x86_64)"
180.101.174.150 - - [02/Jan/2025:09:18:09 +0300] "PUT /contact/ HTTP/1.1" 404 29755 "-" "Crawler Bot v1.0 (+https://example.com/bot.html)"
172.55.147.133 - - [02/Jan/2025:09:20:51 +0300] "GET /services/ HTTP/1.1" 502 30750 "-" "Wget/1.19.5 (linux-gnu)"
114.72.135.61 - - [02/Jan/2025:09:25:01 +0300] "DELETE /index.html HTTP/1.1" 403 12609 "-" "Microsoft Edge 44.18362.449.0; Windows 10; ARM64"
20.182.249.13 - - [02/Jan/2025:09:25:57 +0300] "DELETE /index.html HTTP/1.1" 400 16314 "-" "Internet Explorer 7.0; Windows NT 6.0; Trident/5.0"
53.144.239.176 - - [02/Jan/2025:09:29:46 +0300] "PUT /contact/ HTTP/1.1" 401 12892 "-" "Crawler Bot v1.0 (+https://example.com/bot.html)"
114.72.135.61 - - [02/Jan/2025:09:31:48 +0300] "DELETE /services/ HTTP/1.1" 201 17226 "-" "Internet Explorer 7.0; Windows NT 6.0; Trident/5.0"
153.52.113.49 - - [02/Jan/2025:09:33:03 +0300] "DELETE /contact/ HTTP/1.1" 400 5802 "-" "Opera/9.80 (X11; Linux i686; Ubuntu/14.10) Presto/2.12.388 Version/12.16"
153.52.113.49 - - [02/Jan/2025:09:37:17 +0300] "POST /services/ HTTP/1.1" 500 27340 "-" "Safari/604.1 CFNetwork/893.14 Darwin/17.0.0 (x86_64)"
83.96.224.158 - - [02/Jan/2025:09:40:48 +0300] "POST /about-us/ HTTP/1.1" 400 9850 "-" "Wget/1.19.5 (linux-gnu)"
133.81.129.159 - - [02/Jan/2025:09:44:49 +0300] "GET /services/ HTTP/1.1" 404 32310 "-" "Mozilla/5.0 (Windows NT 10.0; Win64; x64) AppleWebKit/537.36 (KHTML, like Gecko) Chrome/92.0.4515.107 Safari/537.36"
147.65.92.12 - - [02/Jan/2025:09:47:53 +0300] "PUT /index.html HTTP/1.1" 403 29594 "-" "Safari/604.1 CFNetwork/893.14 Darwin/17.0.0 (x86_64)"
83.96.224.158 - - [02/Jan/2025:09:48:12 +0300] "DELETE /products/ HTTP/1.1" 401 1346 "-" "Internet Explorer 7.0; Windows NT 6.0; Trident/5.0"
64.255.15.33 - - [02/Jan/2025:09:49:47 +0300] "PATCH /products/ HTTP/1.1" 404 16778 "-" "Mozilla/5.0 (Windows NT 10.0; Win64; x64) AppleWebKit/537.36 (KHTML, like Gecko) Chrome/92.0.4515.107 Safari/537.36"
114.72.135.61 - - [02/Jan/2025:09:51:29 +0300] "PUT /index.html HTTP/1.1" 404 21237 "-" "Wget/1.19.5 (linux-gnu)"
172.55.147.133 - - [02/Jan/2025:09:53:14 +0300] "POST /contact/ HTTP/1.1" 503 21230 "-" "Opera/9.80 (X11; Linux i686; Ubuntu/14.10) Presto/2.12.388 Version/12.16"
172.55.147.133 - - [02/Jan/2025:09:55:10 +0300] "PATCH /index.html HTTP/1.1" 503 30335 "-" "Mozilla/5.0 (Windows NT 10.0; Win64; x64) AppleWebKit/537.36 (KHTML, like Gecko) Chrome/92.0.4515.107 Safari/537.36"
124.29.122.120 - - [02/Jan/2025:09:59:05 +0300] "PATCH /index.html HTTP/1.1" 404 4598 "-" "Internet Explorer 7.0; Windows NT 6.0; Trident/5.0"
114.72.135.61 - - [02/Jan/2025:10:01:51 +0300] "PATCH /about-us/ HTTP/1.1" 200 23099 "-" "Crawler Bot v1.0 (+https://example.com/bot.html)"
44.2.222.93 - - [02/Jan/2025:10:03:10 +0300] "DELETE /about-us/ HTTP/1.1" 403 2434 "-" "Internet Explorer 7.0; Windows NT 6.0; Trident/5.0"
168.14.215.0 - - [02/Jan/2025:10:04:51 +0300] "POST /contact/ HTTP/1.1" 500 4125 "-" "Safari/604.1 CFNetwork/893.14 Darwin/17.0.0 (x86_64)"
20.182.249.13 - - [02/Jan/2025:10:08:53 +0300] "DELETE /index.html HTTP/1.1" 200 25399 "-" "Internet Explorer 7.0; Windows NT 6.0; Trident/5.0"
28.186.70.250 - - [02/Jan/2025:10:09:04 +0300] "PATCH /index.html HTTP/1.1" 403 18289 "-" "Internet Explorer 7.0; Windows NT 6.0; Trident/5.0"
250.74.3.46 - - [02/Jan/2025:10:11:02 +0300] "PUT /products/ HTTP/1.1" 201 27039 "-" "Mozilla/5.0 (Windows NT 10.0; Win64; x64) AppleWebKit/537.36 (KHTML, like Gecko) Chrome/92.0.4515.107 Safari/537.36"
28.42.76.86 - - [02/Jan/2025:10:13:27 +0300] "POST /contact/ HTTP/1.1" 400 20300 "-" "Crawler Bot v1.0 (+https://example.com/bot.html)"
180.101.174.150 - - [02/Jan/2025:10:16:42 +0300] "PUT /about-us/ HTTP/1.1" 502 12548 "-" "Opera/9.80 (X11; Linux i686; Ubuntu/14.10) Presto/2.12.388 Version/12.16"
250.74.3.46 - - [02/Jan/2025:10:18:55 +0300] "PATCH /about-us/ HTTP/1.1" 400 16630 "-" "Microsoft Edge 44.18362.449.0; Windows 10; ARM64"
124.29.122.120 - - [02/Jan/2025:10:21:40 +0300] "DELETE /index.html HTTP/1.1" 401 15219 "-" "Opera/9.80 (X11; Linux i686; Ubuntu/14.10) Presto/2.12.388 Version/12.16"
149.90.30.222 - - [02/Jan/2025:10:22:14 +0300] "PATCH /about-us/ HTTP/1.1" 200 18245 "-" "Crawler Bot v1.0 (+https://example.com/bot.html)"
44.2.222.93 - - [02/Jan/2025:10:23:09 +0300] "DELETE /contact/ HTTP/1.1" 200 13704 "-" "Mozilla/5.0 (Windows NT 10.0; Win64; x64) AppleWebKit/537.36 (KHTML, like Gecko) Chrome/92.0.4515.107 Safari/537.36"
168.14.215.0 - - [02/Jan/2025:10:25:42 +0300] "POST /index.html HTTP/1.1" 401 21996 "-" "Microsoft Edge 44.18362.449.0; Windows 10; ARM64"
36.254.127.5 - - [02/Jan/2025:10:27:14 +0300] "PATCH /services/ HTTP/1.1" 403 18290 "-" "Opera/9.80 (X11; Linux i686; Ubuntu/14.10) Presto/2.12.388 Version/12.16"
218.228.44.29 - - [02/Jan/2025:10:27:37 +0300] "GET /index.html HTTP/1.1" 500 11979 "-" "Microsoft Edge 44.18362.449.0; Windows 10; ARM64"
133.81.129.159 - - [02/Jan/2025:10:30:13 +0300] "PUT /index.html HTTP/1.1" 403 27734 "-" "Crawler Bot v1.0 (+https://example.com/bot.html)"
147.65.92.12 - - [02/Jan/2025:10:33:55 +0300] "GET /index.html HTTP/1.1" 404 6382 "-" "Microsoft Edge 44.18362.449.0; Windows 10; ARM64"
20.182.249.13 - - [02/Jan/2025:10:36:26 +0300] "PUT /products/ HTTP/1.1" 404 33010 "-" "Crawler Bot v1.0 (+https://example.com/bot.html)"
114.72.135.61 - - [02/Jan/2025:10:38:10 +0300] "GET /contact/ HTTP/1.1" 502 9911 "-" "Microsoft Edge 44.18362.449.0; Windows 10; ARM64"
168.14.215.0 - - [02/Jan/2025:10:39:41 +0300] "PUT /products/ HTTP/1.1" 200 7666 "-" "Internet Explorer 7.0; Windows NT 6.0; Trident/5.0"
49.20.36.30 - - [02/Jan/2025:10:41:51 +0300] "PATCH /index.html HTTP/1.1" 200 22706 "-" "Crawler Bot v1.0 (+https://example.com/bot.html)"
83.96.224.158 - - [02/Jan/2025:10:44:10 +0300] "GET /services/ HTTP/1.1" 201 30488 "-" "Mozilla/5.0 (Windows NT 10.0; Win64; x64) AppleWebKit/537.36 (KHTML, like Gecko) Chrome/92.0.4515.107 Safari/537.36"
149.90.30.222 - - [02/Jan/2025:10:47:10 +0300] "PUT /index.html HTTP/1.1" 502 32117 "-" "Wget/1.19.5 (linux-gnu)"
218.228.44.29 - - [02/Jan/2025:10:48:39 +0300] "PATCH /contact/ HTTP/1.1" 201 14294 "-" "Safari/604.1 CFNetwork/893.14 Darwin/17.0.0 (x86_64)"
172.55.147.133 - - [02/Jan/2025:10:52:51 +0300] "DELETE /about-us/ HTTP/1.1" 403 29029 "-" "Wget/1.19.5 (linux-gnu)"
250.74.3.46 - - [02/Jan/2025:10:55:11 +0300] "PUT /products/ HTTP/1.1" 200 6048 "-" "Wget/1.19.5 (linux-gnu)"
153.52.113.49 - - [02/Jan/2025:10:56:17 +0300] "GET /about-us/ HTTP/1.1" 200 16234 "-" "Safari/604.1 CFNetwork/893.14 Darwin/17.0.0 (x86_64)"
64.255.15.33 - - [02/Jan/2025:11:00:15 +0300] "POST /about-us/ HTTP/1.1" 201 16492 "-" "Wget/1.19.5 (linux-gnu)"
218.228.44.29 - - [02/Jan/2025:11:02:55 +0300] "POST /about-us/ HTTP/1.1" 500 6066 "-" "Internet Explorer 7.0; Windows NT 6.0; Trident/5.0"
147.65.92.12 - - [02/Jan/2025:11:05:44 +0300] "PUT /services/ HTTP/1.1" 500 32241 "-" "Opera/9.80 (X11; Linux i686; Ubuntu/14.10) Presto/2.12.388 Version/12.16"
53.144.239.176 - - [02/Jan/2025:11:07:55 +0300] "GET /contact/ HTTP/1.1" 403 4131 "-" "Opera/9.80 (X11; Linux i686; Ubuntu/14.10) Presto/2.12.388 Version/12.16"
83.96.224.158 - - [02/Jan/2025:11:07:59 +0300] "DELETE /contact/ HTTP/1.1" 200 12699 "-" "Safari/604.1 CFNetwork/893.14 Darwin/17.0.0 (x86_64)"
114.72.135.61 - - [02/Jan/2025:11:08:21 +0300] "GET /contact/ HTTP/1.1" 500 33506 "-" "Opera/9.80 (X11; Linux i686; Ubuntu/14.10) Presto/2.12.388 Version/12.16"
83.96.224.158 - - [02/Jan/2025:11:10:18 +0300] "PUT /index.html HTTP/1.1" 200 24891 "-" "Crawler Bot v1.0 (+https://example.com/bot.html)"
172.55.147.133 - - [02/Jan/2025:11:10:57 +0300] "GET /index.html HTTP/1.1" 404 11076 "-" "Wget/1.19.5 (linux-gnu)"
218.228.44.29 - - [02/Jan/2025:11:11:16 +0300] "GET /products/ HTTP/1.1" 500 30776 "-" "Wget/1.19.5 (linux-gnu)"
28.186.70.250 - - [02/Jan/2025:11:14:18 +0300] "POST /products/ HTTP/1.1" 201 25039 "-" "Mozilla/5.0 (Windows NT 10.0; Win64; x64) AppleWebKit/537.36 (KHTML, like Gecko) Chrome/92.0.4515.107 Safari/537.36"
229.206.221.69 - - [02/Jan/2025:11:16:48 +0300] "POST /about-us/ HTTP/1.1" 200 23119 "-" "Mozilla/5.0 (Windows NT 10.0; Win64; x64) AppleWebKit/537.36 (KHTML, like Gecko) Chrome/92.0.4515.107 Safari/537.36"
153.52.113.49 - - [02/Jan/2025:11:20:25 +0300] "PATCH /index.html HTTP/1.1" 501 22366 "-" "Crawler Bot v1.0 (+https://example.com/bot.html)"
124.29.122.120 - - [02/Jan/2025:11:21:59 +0300] "POST /products/ HTTP/1.1" 200 19720 "-" "Crawler Bot v1.0 (+https://example.com/bot.html)"
64.255.15.33 - - [02/Jan/2025:11:22:42 +0300] "POST /products/ HTTP/1.1" 200 12833 "-" "Opera/9.80 (X11; Linux i686; Ubuntu/14.10) Presto/2.12.388 Version/12.16"
172.55.147.133 - - [02/Jan/2025:11:26:40 +0300] "PUT /contact/ HTTP/1.1" 403 22811 "-" "Crawler Bot v1.0 (+https://example.com/bot.html)"
