214.61.138.41 - - [01/Jan/2025:00:00:01 +0300] "DELETE /products/ HTTP/1.1" 400 19172 "-" "Opera/9.80 (X11; Linux i686; Ubuntu/14.10) Presto/2.12.388 Version/12.16"
168.14.215.0 - - [01/Jan/2025:00:01:25 +0300] "POST /index.html HTTP/1.1" 401 24351 "-" "Safari/604.1 CFNetwork/893.14 Darwin/17.0.0 (x86_64)"
153.52.113.49 - - [01/Jan/2025:00:03:06 +0300] "GET /about-us/ HTTP/1.1" 400 5346 "-" "Crawler Bot v1.0 (+https://example.com/bot.html)"
231.62.123.253 - - [01/Jan/2025:00:04:25 +0300] "PATCH /index.html HTTP/1.1" 404 5419 "-" "Wget/1.19.5 (linux-gnu)"
231.62.123.253 - - [01/Jan/2025:00:05:12 +0300] "GET /contact/ HTTP/1.1" 403 10498 "-" "Microsoft Edge 44.18362.449.0; Windows 10; ARM64"
142.201.33.58 - - [01/Jan/2025:00:06:41 +0300] "PATCH /products/ HTTP/1.1" 503 32483 "-" "Microsoft Edge 44.18362.449.0; Windows 10; ARM64"
218.228.44.29 - - [01/Jan/2025:00:07:51 +0300] "POST /services/ HTTP/1.1" 502 12047 "-" "Mozilla/5.0 (Windows NT 10.0; Win64; x64) AppleWebKit/537.36 (KHTML, like Gecko) Chrome/92.0.4515.107 Safari/537.36"
250.74.3.46 - - [01/Jan/2025:00:07:55 +0300] "GET /contact/ HTTP/1.1" 503 3522 "-" "Internet Explorer 7.0; Windows NT 6.0; Trident/5.0"
149.90.30.222 - - [01/Jan/2025:00:08:59 +0300] "PATCH /products/ HTTP/1.1" 403 22428 "-" "Crawler Bot v1.0 (+https://example.com/bot.html)"
36.254.127.5 - - [01/Jan/2025:00:10:43 +0300] "GET /about-us/ HTTP/1.1" 404 28325 "-" "Crawler Bot v1.0 (+https://example.com/bot.html)"
149.90.30.222 - - [01/Jan/2025:00:10:48 +0300] "PATCH /products/ HTTP/1.1" 503 11505 "-" "Internet Explorer 7.0; Windows NT 6.0; Trident/5.0"
180.101.174.150 - - [01/Jan/2025:00:12:23 +0300] "PATCH /products/ HTTP/1.1" 500 9835 "-" "Crawler Bot v1.0 (+https://example.com/bot.html)"
147.65.92.12 - - [01/Jan/2025:00:12:26 +0300] "POST /services/ HTTP/1.1" 500 27922 "-" "Opera/9.80 (X11; Linux i686; Ubuntu/14.10) Presto/2.12.388 Version/12.16"
49.20.36.30 - - [01/Jan/2025:00:12:29 +0300] "GET /services/ HTTP/1.1" 503 4221 "-" "Wget/1.19.5 (linux-gnu)"
20.182.249.13 - - [01/Jan/2025:00:14:06 +0300] "GET /index.html HTTP/1.1" 501 10095 "-" "Crawler Bot v1.0 (+https://example.com/bot.html)"
53.144.239.176 - - [01/Jan/2025:00:14:57 +0300] "PATCH /index.html HTTP/1.1" 401 14317 "-" "Mozilla/5.0 (Windows NT 10.0; Win64; x64) AppleWebKit/537.36 (KHTML, like Gecko) Chrome/92.0.4515.107 Safari/537.36"
49.20.36.30 - - [01/Jan/2025:00:14:58 +0300] "DELETE /services/ HTTP/1.1" 501 15532 "-" "Safari/604.1 CFNetwork/893.14 Darwin/17.0.0 (x86_64)"
168.14.215.0 - - [01/Jan/2025:00:15:05 +0300] "GET /about-us/ HTTP/1.1" 401 10655 "-" "Safari/604.1 CFNetwork/893.14 Darwin/17.0.0 (x86_64)"
231.62.123.253 - - [01/Jan/2025:00:16:11 +0300] "PATCH /index.html HTTP/1.1" 404 7495 "-" "Mozilla/5.0 (Windows NT 10.0; Win64; x64) AppleWebKit/537.36 (KHTML, like Gecko) Chrome/92.0.4515.107 Safari/537.36"
83.96.224.158 - - [01/Jan/2025:00:16:44 +0300] "GET /products/ HTTP/1.1" 501 27048 "-" "Internet Explorer 7.0; Windows NT 6.0; Trident/5.0"
147.65.92.12 - - [01/Jan/2025:00:17:14 +0300] "PUT /contact/ HTTP/1.1" 201 2315 "-" "Safari/604.1 CFNetwork/893.14 Darwin/17.0.0 (x86_64)"
124.29.122.120 - - [01/Jan/2025:00:17:19 +0300] "DELETE /contact/ HTTP/1.1" 201 32949 "-" "Wget/1.19.5 (linux-gnu)"
180.101.174.150 - - [01/Jan/2025:00:18:23 +0300] "GET /services/ HTTP/1.1" 200 2874 "-" "Microsoft Edge 44.18362.449.0; Windows 10; ARM64"
168.14.215.0 - - [01/Jan/2025:00:19:04 +0300] "PATCH /contact/ HTTP/1.1" 401 29928 "-" "Internet Explorer 7.0; Windows NT 6.0; Trident/5.0"
44.2.222.93 - - [01/Jan/2025:00:19:10 +0300] "DELETE /about-us/ HTTP/1.1" 502 1751 "-" "Safari/604.1 CFNetwork/893.14 Darwin/17.0.0 (x86_64)"
44.2.222.93 - - [01/Jan/2025:00:20:44 +0300] "GET /contact/ HTTP/1.1" 401 12460 "-" "Crawler Bot v1.0 (+https://example.com/bot.html)"
53.144.239.176 - - [01/Jan/2025:00:21:04 +0300] "PATCH /services/ HTTP/1.1" 200 11123 "-" "Wget/1.19.5 (linux-gnu)"
214.61.138.41 - - [01/Jan/2025:00:21:06 +0300] "POST /about-us/ HTTP/1.1" 400 11762 "-" "Mozilla/5.0 (Windows NT 10.0; Win64; x64) AppleWebKit/537.36 (KHTML, like Gecko) Chrome/92.0.4515.107 Safari/537.36"
49.20.36.30 - - [01/Jan/2025:00:21:10 +0300] "DELETE /services/ HTTP/1.1" 502 28244 "-" "Safari/604.1 CFNetwork/893.14 Darwin/17.0.0 (x86_64)"
250.74.3.46 - - [01/Jan/2025:00:22:40 +0300] "PATCH /index.html HTTP/1.1" 403 26760 "-" "Mozilla/5.0 (Windows NT 10.0; Win64; x64) AppleWebKit/537.36 (KHTML, like Gecko) Chrome/92.0.4515.107 Safari/537.36"
180.101.174.150 - - [01/Jan/2025:00:23:33 +0300] "PATCH /index.html HTTP/1.1" 501 31255 "-" "Internet Explorer 7.0; Windows NT 6.0; Trident/5.0"
180.101.174.150 - - [01/Jan/2025:00:24:36 +0300] "PATCH /about-us/ HTTP/1.1" 401 31966 "-" "Internet Explorer 7.0; Windows NT 6.0; Trident/5.0"
149.90.30.222 - - [01/Jan/2025:00:25:55 +0300] "POST /contact/ HTTP/1.1" 400 28026 "-" "Mozilla/5.0 (Windows NT 10.0; Win64; x64) AppleWebKit/537.36 (KHTML, like Gecko) Chrome/92.0.4515.107 Safari/537.36"
180.101.174.150 - - [01/Jan/2025:00:26:36 +0300] "PUT /about-us/ HTTP/1.1" 201 11788 "-" "Mozilla/5.0 (Windows NT 10.0; Win64; x64) AppleWebKit/537.36 (KHTML, like Gecko) Chrome/92.0.4515.107 Safari/537.36"
114.72.135.61 - - [01/Jan/2025:00:26:42 +0300] "PUT /services/ HTTP/1.1" 400 24716 "-" "Mozilla/5.0 (Windows NT 10.0; Win64; x64) AppleWebKit/537.36 (KHTML, like Gecko) Chrome/92.0.4515.107 Safari/537.36"
172.55.147.133 - - [01/Jan/2025:00:28:22 +0300] "GET /about-us/ HTTP/1.1" 404 27344 "-" "Wget/1.19.5 (linux-gnu)"
172.55.147.133 - - [01/Jan/2025:00:29:10 +0300] "POST /index.html HTTP/1.1" 502 21787 "-" "Internet Explorer 7.0; Windows NT 6.0; Trident/5.0"
149.90.30.222 - - [01/Jan/2025:00:29:58 +0300] "PATCH /contact/ HTTP/1.1" 403 25168 "-" "Crawler Bot v1.0 (+https://example.com/bot.html)"
229.206.221.69 - - [01/Jan/2025:00:31:42 +0300] "PUT /index.html HTTP/1.1" 200 12814 "-" "Internet Explorer 7.0; Windows NT 6.0; Trident/5.0"
180.101.174.150 - - [01/Jan/2025:00:32:04 +0300] "POST /about-us/ HTTP/1.1" 200 29206 "-" "Internet Explorer 7.0; Windows NT 6.0; Trident/5.0"
250.74.3.46 - - [01/Jan/2025:00:32:53 +0300] "POST /about-us/ HTTP/1.1" 403 11530 "-" "Crawler Bot v1.0 (+https://example.com/bot.html)"
20.182.249.13 - - [01/Jan/2025:00:33:17 +0300] "GET /about-us/ HTTP/1.1" 500 26379 "-" "Crawler Bot v1.0 (+https://example.com/bot.html)"
28.42.76.86 - - [01/Jan/2025:00:34:23 +0300] "POST /services/ HTTP/1.1" 201 29180 "-" "Crawler Bot v1.0 (+https://example.com/bot.html)"
250.74.3.46 - - [01/Jan/2025:00:34:33 +0300] "PATCH /index.html HTTP/1.1" 502 30912 "-" "Mozilla/5.0 (Windows NT 10.0; Win64; x64) AppleWebKit/537.36 (KHTML, like Gecko) Chrome/92.0.4515.107 Safari/537.36"
124.29.122.120 - - [01/Jan/2025:00:35:14 +0300] "PATCH /services/ HTTP/1.1" 503 3536 "-" "Safari/604.1 CFNetwork/893.14 Darwin/17.0.0 (x86_64)"
147.65.92.12 - - [01/Jan/2025:00:36:25 +0300] "DELETE /about-us/ HTTP/1.1" 500 15507 "-" "Opera/9.80 (X11; Linux i686; Ubuntu/14.10) Presto/2.12.388 Version/12.16"
153.52.113.49 - - [01/Jan/2025:00:38:03 +0300] "GET /services/ HTTP/1.1" 201 32723 "-" "Safari/604.1 CFNetwork/893.14 Darwin/17.0.0 (x86_64)"
250.74.3.46 - - [01/Jan/2025:00:39:08 +0300] "POST /contact/ HTTP/1.1" 501 11517 "-" "Mozilla/5.0 (Windows NT 10.0; Win64; x64) AppleWebKit/537.36 (KHTML, like Gecko) Chrome/92.0.4515.107 Safari/537.36"
44.2.222.93 - - [01/Jan/2025:00:40:41 +0300] "PATCH /index.html HTTP/1.1" 200 20498 "-" "Crawler Bot v1.0 (+https://example.com/bot.html)"
147.65.92.12 - - [01/Jan/2025:00:41:32 +0300] "GET /services/ HTTP/1.1" 501 17844 "-" "Microsoft Edge 44.18362.449.0; Windows 10; ARM64"
124.29.122.120 - - [01/Jan/2025:00:42:47 +0300] "POST /about-us/ HTTP/1.1" 501 24123 "-" "Mozilla/5.0 (Windows NT 10.0; Win64; x64) AppleWebKit/537.36 (KHTML, like Gecko) Chrome/92.0.4515.107 Safari/537.36"
28.42.76.86 - - [01/Jan/2025:00:44:10 +0300] "DELETE /services/ HTTP/1.1" 501 6817 "-" "Mozilla/5.0 (Windows NT 10.0; Win64; x64) AppleWebKit/537.36 (KHTML, like Gecko) Chrome/92.0.4515.107 Safari/537.36"
114.72.135.61 - - [01/Jan/2025:00:44:25 +0300] "PATCH /products/ HTTP/1.1" 502 19736 "-" "Crawler Bot v1.0 (+https://example.com/bot.html)"
168.14.215.0 - - [01/Jan/2025:00:45:54 +0300] "PUT /products/ HTTP/1.1" 500 6640 "-" "Microsoft Edge 44.18362.449.0; Windows 10; ARM64"
20.182.249.13 - - [01/Jan/2025:00:46:05 +0300] "PATCH /contact/ HTTP/1.1" 503 17391 "-" "Microsoft Edge 44.18362.449.0; Windows 10; ARM64"
133.81.129.159 - - [01/Jan/2025:00:47:18 +0300] "PUT /about-us/ HTTP/1.1" 404 20927 "-" "Wget/1.19.5 (linux-gnu)"
28.42.76.86 - - [01/Jan/2025:00:48:54 +0300] "PUT /contact/ HTTP/1.1" 501 6885 "-" "Safari/604.1 CFNetwork/893.14 Darwin/17.0.0 (x86_64)"
83.96.224.158 - - [01/Jan/2025:00:49:08 +0300] "POST /index.html HTTP/1.1" 501 25215 "-" "Mozilla/5.0 (Windows NT 10.0; Win64; x64) AppleWebKit/537.36 (KHTML, like Gecko) Chrome/92.0.4515.107 Safari/537.36"
124.29.122.120 - - [01/Jan/2025:00:50:37 +0300] "POST /products/ HTTP/1.1" 503 21678 "-" "Mozilla/5.0 (Windows NT 10.0; Win64; x64) AppleWebKit/537.36 (KHTML, like Gecko) Chrome/92.0.4515.107 Safari/537.36"
53.144.239.176 - - [01/Jan/2025:00:51:31 +0300] "GET /index.html HTTP/1.1" 404 18666 "-" "Crawler Bot v1.0 (+https://example.com/bot.html)"
218.228.44.29 - - [01/Jan/2025:00:51:56 +0300] "GET /about-us/ HTTP/1.1" 200 26937 "-" "Microsoft Edge 44.18362.449.0; Windows 10; ARM64"
250.74.3.46 - - [01/Jan/2025:00:52:06 +0300] "POST /about-us/ HTTP/1.1" 201 23073 "-" "Opera/9.80 (X11; Linux i686; Ubuntu/14.10) Presto/2.12.388 Version/12.16"
180.101.174.150 - - [01/Jan/2025:00:53:44 +0300] "PUT /services/ HTTP/1.1" 200 20639 "-" "Wget/1.19.5 (linux-gnu)"
147.65.92.12 - - [01/Jan/2025:00:53:48 +0300] "POST /index.html HTTP/1.1" 401 1609 "-" "Opera/9.80 (X11; Linux i686; Ubuntu/14.10) Presto/2.12.388 Version/12.16"
44.2.222.93 - - [01/Jan/2025:00:54:55 +0300] "PATCH /index.html HTTP/1.1" 500 2604 "-" "Wget/1.19.5 (linux-gnu)"
250.74.3.46 - - [01/Jan/2025:00:55:15 +0300] "GET /about-us/ HTTP/1.1" 201 31411 "-" "Safari/604.1 CFNetwork/893.14 Darwin/17.0.0 (x86_64)"
53.144.239.176 - - [01/Jan/2025:00:56:08 +0300] "DELETE /contact/ HTTP/1.1" 403 18715 "-" "Internet Explorer 7.0; Windows NT 6.0; Trident/5.0"
142.201.33.58 - - [01/Jan/2025:00:56:45 +0300] "DELETE /services/ HTTP/1.1" 500 23820 "-" "Opera/9.80 (X11; Linux i686; Ubuntu/14.10) Presto/2.12.388 Version/12.16"
124.29.122.120 - - [01/Jan/2025:00:58:16 +0300] "PUT /services/ HTTP/1.1" 404 17220 "-" "Wget/1.19.5 (linux-gnu)"
142.201.33.58 - - [01/Jan/2025:00:58:45 +0300] "DELETE /index.html HTTP/1.1" 500 25230 "-" "Crawler Bot v1.0 (+https://example.com/bot.html)"
231.62.123.253 - - [01/Jan/2025:01:00:14 +0300] "DELETE /index.html HTTP/1.1" 401 30614 "-" "Microsoft Edge 44.18362.449.0; Windows 10; ARM64"
149.90.30.222 - - [01/Jan/2025:01:01:12 +0300] "PUT /services/ HTTP/1.1" 501 29461 "-" "Opera/9.80 (X11; Linux i686; Ubuntu/14.10) Presto/2.12.388 Version/12.16"
28.186.70.250 - - [01/Jan/2025:01:01:45 +0300] "POST /about-us/ HTTP/1.1" 200 31918 "-" "Safari/604.1 CFNetwork/893.14 Darwin/17.0.0 (x86_64)"
250.74.3.46 - - [01/Jan/2025:01:02:34 +0300] "DELETE /contact/ HTTP/1.1" 400 22230 "-" "Wget/1.19.5 (linux-gnu)"
172.55.147.133 - - [01/Jan/2025:01:03:08 +0300] "PUT /contact/ HTTP/1.1" 201 18321 "-" "Wget/1.19.5 (linux-gnu)"
64.255.15.33 - - [01/Jan/2025:01:03:50 +0300] "GET /about-us/ HTTP/1.1" 200 29478 "-" "Crawler Bot v1.0 (+https://example.com/bot.html)"
218.228.44.29 - - [01/Jan/2025:01:04:08 +0300] "DELETE /about-us/ HTTP/1.1" 501 31613 "-" "Crawler Bot v1.0 (+https://example.com/bot.html)"
36.254.127.5 - - [01/Jan/2025:01:04:17 +0300] "POST /services/ HTTP/1.1" 500 18947 "-" "Internet Explorer 7.0; Windows NT 6.0; Trident/5.0"
44.2.222.93 - - [01/Jan/2025:01:05:08 +0300] "POST /services/ HTTP/1.1" 403 12014 "-" "Wget/1.19.5 (linux-gnu)"
180.101.174.150 - - [01/Jan/2025:01:05:35 +0300] "POST /products/ HTTP/1.1" 501 2844 "-" "Mozilla/5.0 (Windows NT 10.0; Win64; x64) AppleWebKit/537.36 (KHTML, like Gecko) Chrome/92.0.4515.107 Safari/537.36"
147.65.92.12 - - [01/Jan/2025:01:06:25 +0300] "PATCH /products/ HTTP/1.1" 201 10359 "-" "Safari/604.1 CFNetwork/893.14 Darwin/17.0.0 (x86_64)"
142.201.33.58 - - [01/Jan/2025:01:06:30 +0300] "POST /index.html HTTP/1.1" 503 12146 "-" "Safari/604.1 CFNetwork/893.14 Darwin/17.0.0 (x86_64)"
153.52.113.49 - - [01/Jan/2025:01:07:46 +0300] "GET /services/ HTTP/1.1" 501 2597 "-" "Mozilla/5.0 (Windows NT 10.0; Win64; x64) AppleWebKit/537.36 (KHTML, like Gecko) Chrome/92.0.4515.107 Safari/537.36"
231.62.123.253 - - [01/Jan/2025:01:08:04 +0300] "GET /contact/ HTTP/1.1" 201 21006 "-" "Internet Explorer 7.0; Windows NT 6.0; Trident/5.0"
214.61.138.41 - - [01/Jan/2025:01:09:24 +0300] "PATCH /services/ HTTP/1.1" 501 6977 "-" "Microsoft Edge 44.18362.449.0; Windows 10; ARM64"
168.14.215.0 - - [01/Jan/2025:01:09:41 +0300] "GET /contact/ HTTP/1.1" 503 28403 "-" "Microsoft Edge 44.18362.449.0; Windows 10; ARM64"
231.62.123.253 - - [01/Jan/2025:01:11:24 +0300] "POST /services/ HTTP/1.1" 200 21787 "-" "Crawler Bot v1.0 (+https://example.com/bot.html)"
133.81.129.159 - - [01/Jan/2025:01:12:15 +0300] "GET /contact/ HTTP/1.1" 404 12323 "-" "Opera/9.80 (X11; Linux i686; Ubuntu/14.10) Presto/2.12.388 Version/12.16"
49.20.36.30 - - [01/Jan/2025:01:13:05 +0300] "GET /about-us/ HTTP/1.1" 502 32443 "-" "Crawler Bot v1.0 (+https://example.com/bot.html)"
147.65.92.12 - - [01/Jan/2025:01:13:24 +0300] "DELETE /services/ HTTP/1.1" 401 23520 "-" "Wget/1.19.5 (linux-gnu)"
83.96.224.158 - - [01/Jan/2025:01:14:56 +0300] "GET /contact/ HTTP/1.1" 401 22185 "-" "Opera/9.80 (X11; Linux i686; Ubuntu/14.10) Presto/2.12.388 Version/12.16"
153.52.113.49 - - [01/Jan/2025:01:16:37 +0300] "POST /products/ HTTP/1.1" 502 31431 "-" "Wget/1.19.5 (linux-gnu)"
153.52.113.49 - - [01/Jan/2025:01:18:05 +0300] "POST /products/ HTTP/1.1" 400 5934 "-" "Internet Explorer 7.0; Windows NT 6.0; Trident/5.0"
49.20.36.30 - - [01/Jan/2025:01:19:10 +0300] "GET /services/ HTTP/1.1" 201 32262 "-" "Mozilla/5.0 (Windows NT 10.0; Win64; x64) AppleWebKit/537.36 (KHTML, like Gecko) Chrome/92.0.4515.107 Safari/537.36"
153.52.113.49 - - [01/Jan/2025:01:19:24 +0300] "PATCH /contact/ HTTP/1.1" 404 27523 "-" "Crawler Bot v1.0 (+https://example.com/bot.html)"
124.29.122.120 - - [01/Jan/2025:01:20:20 +0300] "POST /contact/ HTTP/1.1" 200 22031 "-" "Crawler Bot v1.0 (+https://example.com/bot.html)"
28.42.76.86 - - [01/Jan/2025:01:20:30 +0300] "DELETE /products/ HTTP/1.1" 503 25243 "-" "Opera/9.80 (X11; Linux i686; Ubuntu/14.10) Presto/2.12.388 Version/12.16"
250.74.3.46 - - [01/Jan/2025:01:21:10 +0300] "POST /index.html HTTP/1.1" 503 5657 "-" "Wget/1.19.5 (linux-gnu)"
44.2.222.93 - - [01/Jan/2025:01:22:51 +0300] "PATCH /contact/ HTTP/1.1" 501 20325 "-" "Microsoft Edge 44.18362.449.0; Windows 10; ARM64"
44.2.222.93 - - [01/Jan/2025:01:24:24 +0300] "DELETE /about-us/ HTTP/1.1" 404 30958 "-" "Mozilla/5.0 (Windows NT 10.0; Win64; x64) AppleWebKit/537.36 (KHTML, like Gecko) Chrome/92.0.4515.107 Safari/537.36"
44.2.222.93 - - [01/Jan/2025:01:25:01 +0300] "PATCH /about-us/ HTTP/1.1" 502 31665 "-" "Microsoft Edge 44.18362.449.0; Windows 10; ARM64"
28.186.70.250 - - [01/Jan/2025:01:26:34 +0300] "POST /about-us/ HTTP/1.1" 502 21149 "-" "Microsoft Edge 44.18362.449.0; Windows 10; ARM64"
153.52.113.49 - - [01/Jan/2025:01:27:05 +0300] "PATCH /contact/ HTTP/1.1" 200 11950 "-" "Internet Explorer 7.0; Windows NT 6.0; Trident/5.0"
53.144.239.176 - - [01/Jan/2025:01:27:28 +0300] "GET /about-us/ HTTP/1.1" 401 21885 "-" "Crawler Bot v1.0 (+https://example.com/bot.html)"
28.186.70.250 - - [01/Jan/2025:01:28:39 +0300] "PUT /index.html HTTP/1.1" 501 33460 "-" "Internet Explorer 7.0; Windows NT 6.0; Trident/5.0"
28.42.76.86 - - [01/Jan/2025:01:28:47 +0300] "PUT /services/ HTTP/1.1" 503 9077 "-" "Microsoft Edge 44.18362.449.0; Windows 10; ARM64"
36.254.127.5 - - [01/Jan/2025:01:30:33 +0300] "GET /about-us/ HTTP/1.1" 201 29823 "-" "Safari/604.1 CFNetwork/893.14 Darwin/17.0.0 (x86_64)"
218.228.44.29 - - [01/Jan/2025:01:30:52 +0300] "PATCH /about-us/ HTTP/1.1" 403 26989 "-" "Mozilla/5.0 (Windows NT 10.0; Win64; x64) AppleWebKit/537.36 (KHTML, like Gecko) Chrome/92.0.4515.107 Safari/537.36"
142.201.33.58 - - [01/Jan/2025:01:32:15 +0300] "DELETE /services/ HTTP/1.1" 404 15491 "-" "Microsoft Edge 44.18362.449.0; Windows 10; ARM64"
153.52.113.49 - - [01/Jan/2025:01:33:15 +0300] "POST /about-us/ HTTP/1.1" 500 13662 "-" "Opera/9.80 (X11; Linux i686; Ubuntu/14.10) Presto/2.12.388 Version/12.16"
133.81.129.159 - - [01/Jan/2025:01:33:45 +0300] "DELETE /about-us/ HTTP/1.1" 200 19398 "-" "Internet Explorer 7.0; Windows NT 6.0; Trident/5.0"
28.186.70.250 - - [01/Jan/2025:01:34:56 +0300] "DELETE /contact/ HTTP/1.1" 403 14129 "-" "Safari/604.1 CFNetwork/893.14 Darwin/17.0.0 (x86_64)"
147.65.92.12 - - [01/Jan/2025:01:36:20 +0300] "PATCH /about-us/ HTTP/1.1" 500 28286 "-" "Safari/604.1 CFNetwork/893.14 Darwin/17.0.0 (x86_64)"
20.182.249.13 - - [01/Jan/2025:01:37:27 +0300] "PATCH /index.html HTTP/1.1" 400 15453 "-" "Internet Explorer 7.0; Windows NT 6.0; Trident/5.0"
133.81.129.159 - - [01/Jan/2025:01:38:45 +0300] "POST /about-us/ HTTP/1.1" 401 25042 "-" "Mozilla/5.0 (Windows NT 10.0; Win64; x64) AppleWebKit/537.36 (KHTML, like Gecko) Chrome/92.0.4515.107 Safari/537.36"
28.42.76.86 - - [01/Jan/2025:01:40:21 +0300] "DELETE /about-us/ HTTP/1.1" 501 30178 "-" "Microsoft Edge 44.18362.449.0; Windows 10; ARM64"
142.201.33.58 - - [01/Jan/2025:01:41:33 +0300] "POST /about-us/ HTTP/1.1" 501 16307 "-" "Safari/604.1 CFNetwork/893.14 Darwin/17.0.0 (x86_64)"
250.74.3.46 - - [01/Jan/2025:01:42:58 +0300] "PATCH /products/ HTTP/1.1" 501 31372 "-" "Crawler Bot v1.0 (+https://example.com/bot.html)"
147.65.92.12 - - [01/Jan/2025:01:44:27 +0300] "POST /products/ HTTP/1.1" 401 1589 "-" "Microsoft Edge 44.18362.449.0; Windows 10; ARM64"
229.206.221.69 - - [01/Jan/2025:01:44:39 +0300] "POST /products/ HTTP/1.1" 502 1162 "-" "Safari/604.1 CFNetwork/893.14 Darwin/17.0.0 (x86_64)"
153.52.113.49 - - [01/Jan/2025:01:46:21 +0300] "DELETE /products/ HTTP/1.1" 404 13694 "-" "Internet Explorer 7.0; Windows NT 6.0; Trident/5.0"
20.182.249.13 - - [01/Jan/2025:01:46:28 +0300] "PATCH /contact/ HTTP/1.1" 403 31737 "-" "Microsoft Edge 44.18362.449.0; Windows 10; ARM64"
64.255.15.33 - - [01/Jan/2025:01:48:07 +0300] "DELETE /products/ HTTP/1.1" 404 2470 "-" "Microsoft Edge 44.18362.449.0; Windows 10; ARM64"
153.52.113.49 - - [01/Jan/2025:01:48:17 +0300] "DELETE /index.html HTTP/1.1" 500 19474 "-" "Wget/1.19.5 (linux-gnu)"
153.52.113.49 - - [01/Jan/2025:01:49:06 +0300] "DELETE /contact/ HTTP/1.1" 403 14650 "-" "Internet Explorer 7.0; Windows NT 6.0; Trident/5.0"
114.72.135.61 - - [01/Jan/2025:01:49:08 +0300] "PATCH /products/ HTTP/1.1" 401 14702 "-" "Crawler Bot v1.0 (+https://example.com/bot.html)"
229.206.221.69 - - [01/Jan/2025:01:49:51 +0300] "PATCH /index.html HTTP/1.1" 501 23427 "-" "Internet Explorer 7.0; Windows NT 6.0; Trident/5.0"
44.2.222.93 - - [01/Jan/2025:01:50:14 +0300] "GET /about-us/ HTTP/1.1" 502 9077 "-" "Mozilla/5.0 (Windows NT 10.0; Win64; x64) AppleWebKit/537.36 (KHTML, like Gecko) Chrome/92.0.4515.107 Safari/537.36"
153.52.113.49 - - [01/Jan/2025:01:50:48 +0300] "GET /products/ HTTP/1.1" 501 19826 "-" "Internet Explorer 7.0; Windows NT 6.0; Trident/5.0"
28.186.70.250 - - [01/Jan/2025:01:51:03 +0300] "GET /contact/ HTTP/1.1" 200 18926 "-" "Crawler Bot v1.0 (+https://example.com/bot.html)"
214.61.138.41 - - [01/Jan/2025:01:51:29 +0300] "GET /products/ HTTP/1.1" 201 33676 "-" "Crawler Bot v1.0 (+https://example.com/bot.html)"
142.201.33.58 - - [01/Jan/2025:01:52:22 +0300] "PATCH /about-us/ HTTP/1.1" 400 7640 "-" "Wget/1.19.5 (linux-gnu)"
36.254.127.5 - - [01/Jan/2025:01:53:28 +0300] "GET /services/ HTTP/1.1" 201 22242 "-" "Opera/9.80 (X11; Linux i686; Ubuntu/14.10) Presto/2.12.388 Version/12.16"
250.74.3.46 - - [01/Jan/2025:01:54:05 +0300] "GET /products/ HTTP/1.1" 502 18172 "-" "Opera/9.80 (X11; Linux i686; Ubuntu/14.10) Presto/2.12.388 Version/12.16"
44.2.222.93 - - [01/Jan/2025:01:55:25 +0300] "DELETE /products/ HTTP/1.1" 401 20926 "-" "Opera/9.80 (X11; Linux i686; Ubuntu/14.10) Presto/2.12.388 Version/12.16"
229.206.221.69 - - [01/Jan/2025:01:56:28 +0300] "POST /contact/ HTTP/1.1" 403 10463 "-" "Wget/1.19.5 (linux-gnu)"
153.52.113.49 - - [01/Jan/2025:01:57:08 +0300] "PATCH /contact/ HTTP/1.1" 201 22636 "-" "Wget/1.19.5 (linux-gnu)"
36.254.127.5 - - [01/Jan/2025:01:57:31 +0300] "DELETE /products/ HTTP/1.1" 400 33067 "-" "Internet Explorer 7.0; Windows NT 6.0; Trident/5.0"
133.81.129.159 - - [01/Jan/2025:01:58:39 +0300] "DELETE /index.html HTTP/1.1" 201 11724 "-" "Internet Explorer 7.0; Windows NT 6.0; Trident/5.0"
214.61.138.41 - - [01/Jan/2025:01:59:52 +0300] "PUT /index.html HTTP/1.1" 403 7925 "-" "Safari/604.1 CFNetwork/893.14 Darwin/17.0.0 (x86_64)"
36.254.127.5 - - [01/Jan/2025:02:00:24 +0300] "PATCH /products/ HTTP/1.1" 401 22133 "-" "Safari/604.1 CFNetwork/893.14 Darwin/17.0.0 (x86_64)"
28.186.70.250 - - [01/Jan/2025:02:00:39 +0300] "PUT /about-us/ HTTP/1.1" 201 14707 "-" "Opera/9.80 (X11; Linux i686; Ubuntu/14.10) Presto/2.12.388 Version/12.16"
250.74.3.46 - - [01/Jan/2025:02:00:53 +0300] "PUT /services/ HTTP/1.1" 200 1851 "-" "Opera/9.80 (X11; Linux i686; Ubuntu/14.10) Presto/2.12.388 Version/12.16"
180.101.174.150 - - [01/Jan/2025:02:01:26 +0300] "PUT /services/ HTTP/1.1" 200 23636 "-" "Opera/9.80 (X11; Linux i686; Ubuntu/14.10) Presto/2.12.388 Version/12.16"
142.201.33.58 - - [01/Jan/2025:02:02:41 +0300] "DELETE /about-us/ HTTP/1.1" 201 32131 "-" "Microsoft Edge 44.18362.449.0; Windows 10; ARM64"
153.52.113.49 - - [01/Jan/2025:02:04:26 +0300] "POST /contact/ HTTP/1.1" 501 13775 "-" "Opera/9.80 (X11; Linux i686; Ubuntu/14.10) Presto/2.12.388 Version/12.16"
20.182.249.13 - - [01/Jan/2025:02:05:45 +0300] "PATCH /products/ HTTP/1.1" 502 6286 "-" "Crawler Bot v1.0 (+https://example.com/bot.html)"
28.186.70.250 - - [01/Jan/2025:02:06:03 +0300] "PUT /products/ HTTP/1.1" 502 32602 "-" "Microsoft Edge 44.18362.449.0; Windows 10; ARM64"
214.61.138.41 - - [01/Jan/2025:02:07:48 +0300] "POST /services/ HTTP/1.1" 501 30541 "-" "Internet Explorer 7.0; Windows NT 6.0; Trident/5.0"
36.254.127.5 - - [01/Jan/2025:02:08:56 +0300] "DELETE /about-us/ HTTP/1.1" 200 29454 "-" "Wget/1.19.5 (linux-gnu)"
28.42.76.86 - - [01/Jan/2025:02:10:07 +0300] "POST /index.html HTTP/1.1" 501 4219 "-" "Internet Explorer 7.0; Windows NT 6.0; Trident/5.0"
214.61.138.41 - - [01/Jan/2025:02:11:05 +0300] "GET /services/ HTTP/1.1" 501 22483 "-" "Opera/9.80 (X11; Linux i686; Ubuntu/14.10) Presto/2.12.388 Version/12.16"
229.206.221.69 - - [01/Jan/2025:02:11:40 +0300] "PUT /about-us/ HTTP/1.1" 404 25441 "-" "Internet Explorer 7.0; Windows NT 6.0; Trident/5.0"
229.206.221.69 - - [01/Jan/2025:02:11:56 +0300] "POST /index.html HTTP/1.1" 502 2450 "-" "Microsoft Edge 44.18362.449.0; Windows 10; ARM64"
20.182.249.13 - - [01/Jan/2025:02:12:12 +0300] "POST /contact/ HTTP/1.1" 400 20799 "-" "Wget/1.19.5 (linux-gnu)"
114.72.135.61 - - [01/Jan/2025:02:13:00 +0300] "POST /products/ HTTP/1.1" 201 21770 "-" "Opera/9.80 (X11; Linux i686; Ubuntu/14.10) Presto/2.12.388 Version/12.16"
124.29.122.120 - - [01/Jan/2025:02:13:28 +0300] "DELETE /products/ HTTP/1.1" 403 31423 "-" "Microsoft Edge 44.18362.449.0; Windows 10; ARM64"
114.72.135.61 - - [01/Jan/2025:02:14:10 +0300] "DELETE /about-us/ HTTP/1.1" 404 12147 "-" "Wget/1.19.5 (linux-gnu)"
250.74.3.46 - - [01/Jan/2025:02:14:55 +0300] "PATCH /services/ HTTP/1.1" 200 29547 "-" "Mozilla/5.0 (Windows NT 10.0; Win64; x64) AppleWebKit/537.36 (KHTML, like Gecko) Chrome/92.0.4515.107 Safari/537.36"
64.255.15.33 - - [01/Jan/2025:02:15:49 +0300] "PUT /products/ HTTP/1.1" 502 4415 "-" "Wget/1.19.5 (linux-gnu)"
168.14.215.0 - - [01/Jan/2025:02:16:22 +0300] "PATCH /contact/ HTTP/1.1" 200 22335 "-" "Safari/604.1 CFNetwork/893.14 Darwin/17.0.0 (x86_64)"
172.55.147.133 - - [01/Jan/2025:02:16:45 +0300] "GET /services/ HTTP/1.1" 500 3397 "-" "Crawler Bot v1.0 (+https://example.com/bot.html)"
231.62.123.253 - - [01/Jan/2025:02:17:17 +0300] "PATCH /products/ HTTP/1.1" 500 22521 "-" "Safari/604.1 CFNetwork/893.14 Darwin/17.0.0 (x86_64)"
229.206.221.69 - - [01/Jan/2025:02:18:19 +0300] "POST /index.html HTTP/1.1" 503 32022 "-" "Microsoft Edge 44.18362.449.0; Windows 10; ARM64"
168.14.215.0 - - [01/Jan/2025:02:19:14 +0300] "PUT /about-us/ HTTP/1.1" 502 18084 "-" "Microsoft Edge 44.18362.449.0; Windows 10; ARM64"
20.182.249.13 - - [01/Jan/2025:02:19:25 +0300] "PATCH /contact/ HTTP/1.1" 502 25661 "-" "Opera/9.80 (X11; Linux i686; Ubuntu/14.10) Presto/2.12.388 Version/12.16"
133.81.129.159 - - [01/Jan/2025:02:20:26 +0300] "POST /products/ HTTP/1.1" 500 28582 "-" "Crawler Bot v1.0 (+https://example.com/bot.html)"
180.101.174.150 - - [01/Jan/2025:02:21:56 +0300] "GET /index.html HTTP/1.1" 401 23817 "-" "Microsoft Edge 44.18362.449.0; Windows 10; ARM64"
133.81.129.159 - - [01/Jan/2025:02:23:27 +0300] "PUT /services/ HTTP/1.1" 500 33679 "-" "Crawler Bot v1.0 (+https://example.com/bot.html)"
250.74.3.46 - - [01/Jan/2025:02:24:52 +0300] "GET /contact/ HTTP/1.1" 201 6970 "-" "Internet Explorer 7.0; Windows NT 6.0; Trident/5.0"
142.201.33.58 - - [01/Jan/2025:02:25:40 +0300] "POST /services/ HTTP/1.1" 501 20042 "-" "Opera/9.80 (X11; Linux i686; Ubuntu/14.10) Presto/2.12.388 Version/12.16"
168.14.215.0 - - [01/Jan/2025:02:26:27 +0300] "PATCH /services/ HTTP/1.1" 503 10448 "-" "Crawler Bot v1.0 (+https://example.com/bot.html)"
83.96.224.158 - - [01/Jan/2025:02:27:04 +0300] "PATCH /about-us/ HTTP/1.1" 404 14917 "-" "Wget/1.19.5 (linux-gnu)"
133.81.129.159 - - [01/Jan/2025:02:27:46 +0300] "DELETE /services/ HTTP/1.1" 500 14012 "-" "Internet Explorer 7.0; Windows NT 6.0; Trident/5.0"
172.55.147.133 - - [01/Jan/2025:02:28:49 +0300] "DELETE /about-us/ HTTP/1.1" 501 12144 "-" "Crawler Bot v1.0 (+https://example.com/bot.html)"
172.55.147.133 - - [01/Jan/2025:02:29:48 +0300] "GET /services/ HTTP/1.1" 502 17680 "-" "Microsoft Edge 44.18362.449.0; Windows 10; ARM64"
36.254.127.5 - - [01/Jan/2025:02:30:05 +0300] "PUT /index.html HTTP/1.1" 403 2833 "-" "Wget/1.19.5 (linux-gnu)"
133.81.129.159 - - [01/Jan/2025:02:30:39 +0300] "PUT /services/ HTTP/1.1" 404 1154 "-" "Wget/1.19.5 (linux-gnu)"
28.42.76.86 - - [01/Jan/2025:02:30:40 +0300] "DELETE /services/ HTTP/1.1" 200 30568 "-" "Internet Explorer 7.0; Windows NT 6.0; Trident/5.0"
53.144.239.176 - - [01/Jan/2025:02:32:08 +0300] "DELETE /products/ HTTP/1.1" 501 32203 "-" "Internet Explorer 7.0; Windows NT 6.0; Trident/5.0"
53.144.239.176 - - [01/Jan/2025:02:33:28 +0300] "PUT /services/ HTTP/1.1" 201 19094 "-" "Safari/604.1 CFNetwork/893.14 Darwin/17.0.0 (x86_64)"
147.65.92.12 - - [01/Jan/2025:02:34:11 +0300] "POST /products/ HTTP/1.1" 401 1179 "-" "Mozilla/5.0 (Windows NT 10.0; Win64; x64) AppleWebKit/537.36 (KHTML, like Gecko) Chrome/92.0.4515.107 Safari/537.36"
53.144.239.176 - - [01/Jan/2025:02:34:46 +0300] "POST /services/ HTTP/1.1" 502 25852 "-" "Microsoft Edge 44.18362.449.0; Windows 10; ARM64"
44.2.222.93 - - [01/Jan/2025:02:35:41 +0300] "POST /contact/ HTTP/1.1" 502 31343 "-" "Mozilla/5.0 (Windows NT 10.0; Win64; x64) AppleWebKit/537.36 (KHTML, like Gecko) Chrome/92.0.4515.107 Safari/537.36"
44.2.222.93 - - [01/Jan/2025:02:36:09 +0300] "PATCH /contact/ HTTP/1.1" 501 7434 "-" "Microsoft Edge 44.18362.449.0; Windows 10; ARM64"
172.55.147.133 - - [01/Jan/2025:02:36:58 +0300] "GET /contact/ HTTP/1.1" 501 2203 "-" "Opera/9.80 (X11; Linux i686; Ubuntu/14.10) Presto/2.12.388 Version/12.16"
64.255.15.33 - - [01/Jan/2025:02:37:01 +0300] "PUT /products/ HTTP/1.1" 200 27213 "-" "Crawler Bot v1.0 (+https://example.com/bot.html)"
218.228.44.29 - - [01/Jan/2025:02:38:20 +0300] "PATCH /contact/ HTTP/1.1" 404 28996 "-" "Safari/604.1 CFNetwork/893.14 Darwin/17.0.0 (x86_64)"
231.62.123.253 - - [01/Jan/2025:02:39:31 +0300] "GET /products/ HTTP/1.1" 400 19502 "-" "Wget/1.19.5 (linux-gnu)"
49.20.36.30 - - [01/Jan/2025:02:40:02 +0300] "DELETE /products/ HTTP/1.1" 400 14303 "-" "Microsoft Edge 44.18362.449.0; Windows 10; ARM64"
114.72.135.61 - - [01/Jan/2025:02:41:08 +0300] "POST /about-us/ HTTP/1.1" 400 13088 "-" "Mozilla/5.0 (Windows NT 10.0; Win64; x64) AppleWebKit/537.36 (KHTML, like Gecko) Chrome/92.0.4515.107 Safari/537.36"
20.182.249.13 - - [01/Jan/2025:02:42:36 +0300] "PUT /products/ HTTP/1.1" 200 28795 "-" "Wget/1.19.5 (linux-gnu)"
114.72.135.61 - - [01/Jan/2025:02:43:00 +0300] "PATCH /products/ HTTP/1.1" 403 1995 "-" "Crawler Bot v1.0 (+https://example.com/bot.html)"
28.186.70.250 - - [01/Jan/2025:02:43:20 +0300] "DELETE /contact/ HTTP/1.1" 500 24038 "-" "Microsoft Edge 44.18362.449.0; Windows 10; ARM64"
250.74.3.46 - - [01/Jan/2025:02:44:06 +0300] "DELETE /contact/ HTTP/1.1" 401 17846 "-" "Opera/9.80 (X11; Linux i686; Ubuntu/14.10) Presto/2.12.388 Version/12.16"
53.144.239.176 - - [01/Jan/2025:02:45:51 +0300] "POST /products/ HTTP/1.1" 200 20821 "-" "Wget/1.19.5 (linux-gnu)"
168.14.215.0 - - [01/Jan/2025:02:46:20 +0300] "POST /index.html HTTP/1.1" 404 6663 "-" "Safari/604.1 CFNetwork/893.14 Darwin/17.0.0 (x86_64)"
28.42.76.86 - - [01/Jan/2025:02:47:15 +0300] "PATCH /about-us/ HTTP/1.1" 201 28676 "-" "Internet Explorer 7.0; Windows NT 6.0; Trident/5.0"
44.2.222.93 - - [01/Jan/2025:02:48:46 +0300] "PATCH /index.html HTTP/1.1" 403 28794 "-" "Internet Explorer 7.0; Windows NT 6.0; Trident/5.0"
229.206.221.69 - - [01/Jan/2025:02:50:09 +0300] "POST /services/ HTTP/1.1" 404 26026 "-" "Wget/1.19.5 (linux-gnu)"
20.182.249.13 - - [01/Jan/2025:02:51:16 +0300] "DELETE /index.html HTTP/1.1" 403 18982 "-" "Crawler Bot v1.0 (+https://example.com/bot.html)"
250.74.3.46 - - [01/Jan/2025:02:51:43 +0300] "GET /index.html HTTP/1.1" 400 23871 "-" "Internet Explorer 7.0; Windows NT 6.0; Trident/5.0"
229.206.221.69 - - [01/Jan/2025:02:53:01 +0300] "DELETE /about-us/ HTTP/1.1" 500 7234 "-" "Opera/9.80 (X11; Linux i686; Ubuntu/14.10) Presto/2.12.388 Version/12.16"
36.254.127.5 - - [01/Jan/2025:02:54:09 +0300] "DELETE /about-us/ HTTP/1.1" 502 11965 "-" "Microsoft Edge 44.18362.449.0; Windows 10; ARM64"
147.65.92.12 - - [01/Jan/2025:02:54:18 +0300] "PUT /products/ HTTP/1.1" 201 29429 "-" "Microsoft Edge 44.18362.449.0; Windows 10; ARM64"
83.96.224.158 - - [01/Jan/2025:02:55:34 +0300] "PUT /about-us/ HTTP/1.1" 401 11545 "-" "Safari/604.1 CFNetwork/893.14 Darwin/17.0.0 (x86_64)"
64.255.15.33 - - [01/Jan/2025:02:56:01 +0300] "PUT /services/ HTTP/1.1" 501 20488 "-" "Safari/604.1 CFNetwork/893.14 Darwin/17.0.0 (x86_64)"
49.20.36.30 - - [01/Jan/2025:02:56:52 +0300] "GET /products/ HTTP/1.1" 401 7037 "-" "Wget/1.19.5 (linux-gnu)"
142.201.33.58 - - [01/Jan/2025:02:57:21 +0300] "DELETE /services/ HTTP/1.1" 400 18576 "-" "Mozilla/5.0 (Windows NT 10.0; Win64; x64) AppleWebKit/537.36 (KHTML, like Gecko) Chrome/92.0.4515.107 Safari/537.36"
218.228.44.29 - - [01/Jan/2025:02:57:34 +0300] "PUT /index.html HTTP/1.1" 201 19343 "-" "Opera/9.80 (X11; Linux i686; Ubuntu/14.10) Presto/2.12.388 Version/12.16"
28.42.76.86 - - [01/Jan/2025:02:57:42 +0300] "DELETE /contact/ HTTP/1.1" 401 8953 "-" "Crawler Bot v1.0 (+https://example.com/bot.html)"
231.62.123.253 - - [01/Jan/2025:02:58:38 +0300] "PATCH /services/ HTTP/1.1" 200 14254 "-" "Wget/1.19.5 (linux-gnu)"
28.186.70.250 - - [01/Jan/2025:02:58:43 +0300] "DELETE /about-us/ HTTP/1.1" 500 16192 "-" "Opera/9.80 (X11; Linux i686; Ubuntu/14.10) Presto/2.12.388 Version/12.16"
250.74.3.46 - - [01/Jan/2025:02:58:59 +0300] "DELETE /index.html HTTP/1.1" 201 13811 "-" "Wget/1.19.5 (linux-gnu)"
20.182.249.13 - - [01/Jan/2025:02:59:29 +0300] "POST /about-us/ HTTP/1.1" 500 32141 "-" "Microsoft Edge 44.18362.449.0; Windows 10; ARM64"
28.42.76.86 - - [01/Jan/2025:03:00:26 +0300] "POST /products/ HTTP/1.1" 403 13393 "-" "Safari/604.1 CFNetwork/893.14 Darwin/17.0.0 (x86_64)"
180.101.174.150 - - [01/Jan/2025:03:00:59 +0300] "PATCH /about-us/ HTTP/1.1" 200 4647 "-" "Microsoft Edge 44.18362.449.0; Windows 10; ARM64"
64.255.15.33 - - [01/Jan/2025:03:01:50 +0300] "PUT /contact/ HTTP/1.1" 200 15351 "-" "Internet Explorer 7.0; Windows NT 6.0; Trident/5.0"
36.254.127.5 - - [01/Jan/2025:03:03:32 +0300] "PATCH /products/ HTTP/1.1" 201 10507 "-" "Microsoft Edge 44.18362.449.0; Windows 10; ARM64"
36.254.127.5 - - [01/Jan/2025:03:04:16 +0300] "PUT /about-us/ HTTP/1.1" 400 13832 "-" "Wget/1.19.5 (linux-gnu)"
64.255.15.33 - - [01/Jan/2025:03:05:22 +0300] "PATCH /services/ HTTP/1.1" 201 2404 "-" "Crawler Bot v1.0 (+https://example.com/bot.html)"
133.81.129.159 - - [01/Jan/2025:03:05:35 +0300] "PATCH /index.html HTTP/1.1" 200 8784 "-" "Mozilla/5.0 (Windows NT 10.0; Win64; x64) AppleWebKit/537.36 (KHTML, like Gecko) Chrome/92.0.4515.107 Safari/537.36"
83.96.224.158 - - [01/Jan/2025:03:06:39 +0300] "POST /about-us/ HTTP/1.1" 500 3256 "-" "Wget/1.19.5 (linux-gnu)"
28.186.70.250 - - [01/Jan/2025:03:07:12 +0300] "POST /index.html HTTP/1.1" 404 7562 "-" "Mozilla/5.0 (Windows NT 10.0; Win64; x64) AppleWebKit/537.36 (KHTML, like Gecko) Chrome/92.0.4515.107 Safari/537.36"
250.74.3.46 - - [01/Jan/2025:03:07:56 +0300] "POST /services/ HTTP/1.1" 501 32898 "-" "Safari/604.1 CFNetwork/893.14 Darwin/17.0.0 (x86_64)"
153.52.113.49 - - [01/Jan/2025:03:08:06 +0300] "POST /products/ HTTP/1.1" 500 4399 "-" "Opera/9.80 (X11; Linux i686; Ubuntu/14.10) Presto/2.12.388 Version/12.16"
133.81.129.159 - - [01/Jan/2025:03:09:47 +0300] "DELETE /about-us/ HTTP/1.1" 400 10390 "-" "Opera/9.80 (X11; Linux i686; Ubuntu/14.10) Presto/2.12.388 Version/12.16"
83.96.224.158 - - [01/Jan/2025:03:10:05 +0300] "PUT /index.html HTTP/1.1" 502 16300 "-" "Internet Explorer 7.0; Windows NT 6.0; Trident/5.0"
20.182.249.13 - - [01/Jan/2025:03:11:20 +0300] "GET /products/ HTTP/1.1" 404 24985 "-" "Microsoft Edge 44.18362.449.0; Windows 10; ARM64"
149.90.30.222 - - [01/Jan/2025:03:12:21 +0300] "POST /contact/ HTTP/1.1" 502 8371 "-" "Wget/1.19.5 (linux-gnu)"
149.90.30.222 - - [01/Jan/2025:03:13:09 +0300] "POST /about-us/ HTTP/1.1" 502 3895 "-" "Microsoft Edge 44.18362.449.0; Windows 10; ARM64"
180.101.174.150 - - [01/Jan/2025:03:13:35 +0300] "GET /about-us/ HTTP/1.1" 200 24031 "-" "Safari/604.1 CFNetwork/893.14 Darwin/17.0.0 (x86_64)"
28.186.70.250 - - [01/Jan/2025:03:13:38 +0300] "DELETE /index.html HTTP/1.1" 400 4661 "-" "Crawler Bot v1.0 (+https://example.com/bot.html)"
142.201.33.58 - - [01/Jan/2025:03:14:18 +0300] "PUT /about-us/ HTTP/1.1" 503 13982 "-" "Safari/604.1 CFNetwork/893.14 Darwin/17.0.0 (x86_64)"
149.90.30.222 - - [01/Jan/2025:03:15:38 +0300] "PATCH /about-us/ HTTP/1.1" 503 30810 "-" "Microsoft Edge 44.18362.449.0; Windows 10; ARM64"
28.186.70.250 - - [01/Jan/2025:03:15:40 +0300] "GET /index.html HTTP/1.1" 401 6504 "-" "Internet Explorer 7.0; Windows NT 6.0; Trident/5.0"
53.144.239.176 - - [01/Jan/2025:03:15:59 +0300] "POST /contact/ HTTP/1.1" 403 6435 "-" "Wget/1.19.5 (linux-gnu)"
83.96.224.158 - - [01/Jan/2025:03:17:35 +0300] "POST /about-us/ HTTP/1.1" 201 5242 "-" "Safari/604.1 CFNetwork/893.14 Darwin/17.0.0 (x86_64)"
180.101.174.150 - - [01/Jan/2025:03:18:33 +0300] "DELETE /services/ HTTP/1.1" 502 13773 "-" "Crawler Bot v1.0 (+https://example.com/bot.html)"
218.228.44.29 - - [01/Jan/2025:03:19:13 +0300] "PUT /contact/ HTTP/1.1" 503 5042 "-" "Crawler Bot v1.0 (+https://example.com/bot.html)"
168.14.215.0 - - [01/Jan/2025:03:20:16 +0300] "PUT /services/ HTTP/1.1" 400 3820 "-" "Safari/604.1 CFNetwork/893.14 Darwin/17.0.0 (x86_64)"
214.61.138.41 - - [01/Jan/2025:03:20:44 +0300] "PATCH /services/ HTTP/1.1" 404 12655 "-" "Opera/9.80 (X11; Linux i686; Ubuntu/14.10) Presto/2.12.388 Version/12.16"
36.254.127.5 - - [01/Jan/2025:03:21:52 +0300] "POST /services/ HTTP/1.1" 503 11295 "-" "Mozilla/5.0 (Windows NT 10.0; Win64; x64) AppleWebKit/537.36 (KHTML, like Gecko) Chrome/92.0.4515.107 Safari/537.36"
172.55.147.133 - - [01/Jan/2025:03:23:31 +0300] "DELETE /products/ HTTP/1.1" 500 5912 "-" "Crawler Bot v1.0 (+https://example.com/bot.html)"
142.201.33.58 - - [01/Jan/2025:03:24:15 +0300] "PUT /products/ HTTP/1.1" 200 30513 "-" "Opera/9.80 (X11; Linux i686; Ubuntu/14.10) Presto/2.12.388 Version/12.16"
218.228.44.29 - - [01/Jan/2025:03:25:37 +0300] "POST /services/ HTTP/1.1" 501 10123 "-" "Microsoft Edge 44.18362.449.0; Windows 10; ARM64"
49.20.36.30 - - [01/Jan/2025:03:26:08 +0300] "PUT /index.html HTTP/1.1" 503 28152 "-" "Crawler Bot v1.0 (+https://example.com/bot.html)"
153.52.113.49 - - [01/Jan/2025:03:26:24 +0300] "GET /services/ HTTP/1.1" 404 28057 "-" "Internet Explorer 7.0; Windows NT 6.0; Trident/5.0"
114.72.135.61 - - [01/Jan/2025:03:28:10 +0300] "PUT /index.html HTTP/1.1" 400 5530 "-" "Mozilla/5.0 (Windows NT 10.0; Win64; x64) AppleWebKit/537.36 (KHTML, like Gecko) Chrome/92.0.4515.107 Safari/537.36"
36.254.127.5 - - [01/Jan/2025:03:29:46 +0300] "PATCH /services/ HTTP/1.1" 201 21502 "-" "Wget/1.19.5 (linux-gnu)"
142.201.33.58 - - [01/Jan/2025:03:29:58 +0300] "PUT /products/ HTTP/1.1" 404 26240 "-" "Mozilla/5.0 (Windows NT 10.0; Win64; x64) AppleWebKit/537.36 (KHTML, like Gecko) Chrome/92.0.4515.107 Safari/537.36"
53.144.239.176 - - [01/Jan/2025:03:31:23 +0300] "PATCH /products/ HTTP/1.1" 403 26530 "-" "Microsoft Edge 44.18362.449.0; Windows 10; ARM64"
214.61.138.41 - - [01/Jan/2025:03:32:34 +0300] "PATCH /index.html HTTP/1.1" 403 19643 "-" "Crawler Bot v1.0 (+https://example.com/bot.html)"
124.29.122.120 - - [01/Jan/2025:03:34:10 +0300] "PATCH /about-us/ HTTP/1.1" 501 11839 "-" "Microsoft Edge 44.18362.449.0; Windows 10; ARM64"
180.101.174.150 - - [01/Jan/2025:03:34:42 +0300] "PUT /services/ HTTP/1.1" 503 17213 "-" "Internet Explorer 7.0; Windows NT 6.0; Trident/5.0"
168.14.215.0 - - [01/Jan/2025:03:36:08 +0300] "POST /products/ HTTP/1.1" 503 19059 "-" "Internet Explorer 7.0; Windows NT 6.0; Trident/5.0"
231.62.123.253 - - [01/Jan/2025:03:36:38 +0300] "DELETE /about-us/ HTTP/1.1" 501 26158 "-" "Mozilla/5.0 (Windows NT 10.0; Win64; x64) AppleWebKit/537.36 (KHTML, like Gecko) Chrome/92.0.4515.107 Safari/537.36"
83.96.224.158 - - [01/Jan/2025:03:37:23 +0300] "PUT /products/ HTTP/1.1" 500 30944 "-" "Crawler Bot v1.0 (+https://example.com/bot.html)"
153.52.113.49 - - [01/Jan/2025:03:37:41 +0300] "PATCH /services/ HTTP/1.1" 403 31248 "-" "Opera/9.80 (X11; Linux i686; Ubuntu/14.10) Presto/2.12.388 Version/12.16"
229.206.221.69 - - [01/Jan/2025:03:38:35 +0300] "GET /products/ HTTP/1.1" 200 15392 "-" "Wget/1.19.5 (linux-gnu)"
172.55.147.133 - - [01/Jan/2025:03:39:21 +0300] "DELETE /services/ HTTP/1.1" 200 4955 "-" "Opera/9.80 (X11; Linux i686; Ubuntu/14.10) Presto/2.12.388 Version/12.16"
231.62.123.253 - - [01/Jan/2025:03:40:11 +0300] "DELETE /contact/ HTTP/1.1" 200 11985 "-" "Mozilla/5.0 (Windows NT 10.0; Win64; x64) AppleWebKit/537.36 (KHTML, like Gecko) Chrome/92.0.4515.107 Safari/537.36"
64.255.15.33 - - [01/Jan/2025:03:40:32 +0300] "PATCH /products/ HTTP/1.1" 404 21999 "-" "Safari/604.1 CFNetwork/893.14 Darwin/17.0.0 (x86_64)"
114.72.135.61 - - [01/Jan/2025:03:41:58 +0300] "POST /services/ HTTP/1.1" 404 8903 "-" "Internet Explorer 7.0; Windows NT 6.0; Trident/5.0"
149.90.30.222 - - [01/Jan/2025:03:43:37 +0300] "GET /products/ HTTP/1.1" 502 24817 "-" "Mozilla/5.0 (Windows NT 10.0; Win64; x64) AppleWebKit/537.36 (KHTML, like Gecko) Chrome/92.0.4515.107 Safari/537.36"
20.182.249.13 - - [01/Jan/2025:03:45:17 +0300] "GET /services/ HTTP/1.1" 502 30472 "-" "Wget/1.19.5 (linux-gnu)"
133.81.129.159 - - [01/Jan/2025:03:46:17 +0300] "POST /contact/ HTTP/1.1" 403 11148 "-" "Wget/1.19.5 (linux-gnu)"
229.206.221.69 - - [01/Jan/2025:03:46:19 +0300] "PATCH /about-us/ HTTP/1.1" 503 9319 "-" "Microsoft Edge 44.18362.449.0; Windows 10; ARM64"
53.144.239.176 - - [01/Jan/2025:03:47:10 +0300] "GET /about-us/ HTTP/1.1" 501 10471 "-" "Wget/1.19.5 (linux-gnu)"
53.144.239.176 - - [01/Jan/2025:03:48:44 +0300] "PATCH /contact/ HTTP/1.1" 502 7092 "-" "Microsoft Edge 44.18362.449.0; Windows 10; ARM64"
218.228.44.29 - - [01/Jan/2025:03:49:40 +0300] "PATCH /index.html HTTP/1.1" 401 28040 "-" "Safari/604.1 CFNetwork/893.14 Darwin/17.0.0 (x86_64)"
36.254.127.5 - - [01/Jan/2025:03:51:25 +0300] "POST /index.html HTTP/1.1" 502 13588 "-" "Microsoft Edge 44.18362.449.0; Windows 10; ARM64"
28.42.76.86 - - [01/Jan/2025:03:52:12 +0300] "DELETE /services/ HTTP/1.1" 404 30023 "-" "Opera/9.80 (X11; Linux i686; Ubuntu/14.10) Presto/2.12.388 Version/12.16"
153.52.113.49 - - [01/Jan/2025:03:53:54 +0300] "POST /services/ HTTP/1.1" 200 15543 "-" "Microsoft Edge 44.18362.449.0; Windows 10; ARM64"
231.62.123.253 - - [01/Jan/2025:03:54:03 +0300] "PATCH /about-us/ HTTP/1.1" 403 32408 "-" "Microsoft Edge 44.18362.449.0; Windows 10; ARM64"
53.144.239.176 - - [01/Jan/2025:03:55:25 +0300] "DELETE /contact/ HTTP/1.1" 401 23618 "-" "Safari/604.1 CFNetwork/893.14 Darwin/17.0.0 (x86_64)"
142.201.33.58 - - [01/Jan/2025:03:56:34 +0300] "PUT /contact/ HTTP/1.1" 404 14242 "-" "Opera/9.80 (X11; Linux i686; Ubuntu/14.10) Presto/2.12.388 Version/12.16"
83.96.224.158 - - [01/Jan/2025:03:57:04 +0300] "PUT /index.html HTTP/1.1" 400 24034 "-" "Mozilla/5.0 (Windows NT 10.0; Win64; x64) AppleWebKit/537.36 (KHTML, like Gecko) Chrome/92.0.4515.107 Safari/537.36"
36.254.127.5 - - [01/Jan/2025:03:58:29 +0300] "PUT /services/ HTTP/1.1" 401 12649 "-" "Mozilla/5.0 (Windows NT 10.0; Win64; x64) AppleWebKit/537.36 (KHTML, like Gecko) Chrome/92.0.4515.107 Safari/537.36"
124.29.122.120 - - [01/Jan/2025:03:59:43 +0300] "PATCH /services/ HTTP/1.1" 503 1843 "-" "Crawler Bot v1.0 (+https://example.com/bot.html)"
180.101.174.150 - - [01/Jan/2025:04:00:13 +0300] "PUT /contact/ HTTP/1.1" 501 25852 "-" "Mozilla/5.0 (Windows NT 10.0; Win64; x64) AppleWebKit/537.36 (KHTML, like Gecko) Chrome/92.0.4515.107 Safari/537.36"
172.55.147.133 - - [01/Jan/2025:04:01:24 +0300] "POST /products/ HTTP/1.1" 400 1592 "-" "Safari/604.1 CFNetwork/893.14 Darwin/17.0.0 (x86_64)"
250.74.3.46 - - [01/Jan/2025:04:01:39 +0300] "POST /products/ HTTP/1.1" 403 16726 "-" "Opera/9.80 (X11; Linux i686; Ubuntu/14.10) Presto/2.12.388 Version/12.16"
214.61.138.41 - - [01/Jan/2025:04:02:18 +0300] "DELETE /index.html HTTP/1.1" 502 9016 "-" "Mozilla/5.0 (Windows NT 10.0; Win64; x64) AppleWebKit/537.36 (KHTML, like Gecko) Chrome/92.0.4515.107 Safari/537.36"
20.182.249.13 - - [01/Jan/2025:04:03:22 +0300] "PUT /about-us/ HTTP/1.1" 503 19320 "-" "Opera/9.80 (X11; Linux i686; Ubuntu/14.10) Presto/2.12.388 Version/12.16"
147.65.92.12 - - [01/Jan/2025:04:04:19 +0300] "GET /products/ HTTP/1.1" 401 19257 "-" "Internet Explorer 7.0; Windows NT 6.0; Trident/5.0"
28.42.76.86 - - [01/Jan/2025:04:04:22 +0300] "GET /about-us/ HTTP/1.1" 500 21753 "-" "Safari/604.1 CFNetwork/893.14 Darwin/17.0.0 (x86_64)"
44.2.222.93 - - [01/Jan/2025:04:05:53 +0300] "PATCH /about-us/ HTTP/1.1" 400 31591 "-" "Mozilla/5.0 (Windows NT 10.0; Win64; x64) AppleWebKit/537.36 (KHTML, like Gecko) Chrome/92.0.4515.107 Safari/537.36"
142.201.33.58 - - [01/Jan/2025:04:06:44 +0300] "GET /products/ HTTP/1.1" 501 9624 "-" "Wget/1.19.5 (linux-gnu)"
124.29.122.120 - - [01/Jan/2025:04:08:20 +0300] "DELETE /services/ HTTP/1.1" 500 12944 "-" "Mozilla/5.0 (Windows NT 10.0; Win64; x64) AppleWebKit/537.36 (KHTML, like Gecko) Chrome/92.0.4515.107 Safari/537.36"
231.62.123.253 - - [01/Jan/2025:04:08:55 +0300] "GET /contact/ HTTP/1.1" 503 2192 "-" "Crawler Bot v1.0 (+https://example.com/bot.html)"
250.74.3.46 - - [01/Jan/2025:04:10:35 +0300] "POST /about-us/ HTTP/1.1" 502 4646 "-" "Opera/9.80 (X11; Linux i686; Ubuntu/14.10) Presto/2.12.388 Version/12.16"
28.186.70.250 - - [01/Jan/2025:04:12:10 +0300] "PUT /index.html HTTP/1.1" 501 3387 "-" "Mozilla/5.0 (Windows NT 10.0; Win64; x64) AppleWebKit/537.36 (KHTML, like Gecko) Chrome/92.0.4515.107 Safari/537.36"
214.61.138.41 - - [01/Jan/2025:04:13:14 +0300] "PUT /index.html HTTP/1.1" 503 3647 "-" "Safari/604.1 CFNetwork/893.14 Darwin/17.0.0 (x86_64)"
53.144.239.176 - - [01/Jan/2025:04:14:40 +0300] "POST /services/ HTTP/1.1" 502 13042 "-" "Crawler Bot v1.0 (+https://example.com/bot.html)"
114.72.135.61 - - [01/Jan/2025:04:15:55 +0300] "PUT /about-us/ HTTP/1.1" 500 9542 "-" "Mozilla/5.0 (Windows NT 10.0; Win64; x64) AppleWebKit/537.36 (KHTML, like Gecko) Chrome/92.0.4515.107 Safari/537.36"
149.90.30.222 - - [01/Jan/2025:04:16:19 +0300] "PUT /products/ HTTP/1.1" 403 16455 "-" "Microsoft Edge 44.18362.449.0; Windows 10; ARM64"
229.206.221.69 - - [01/Jan/2025:04:17:20 +0300] "PUT /services/ HTTP/1.1" 401 14347 "-" "Safari/604.1 CFNetwork/893.14 Darwin/17.0.0 (x86_64)"
180.101.174.150 - - [01/Jan/2025:04:18:30 +0300] "POST /services/ HTTP/1.1" 400 18114 "-" "Opera/9.80 (X11; Linux i686; Ubuntu/14.10) Presto/2.12.388 Version/12.16"
133.81.129.159 - - [01/Jan/2025:04:19:20 +0300] "GET /about-us/ HTTP/1.1" 500 11161 "-" "Internet Explorer 7.0; Windows NT 6.0; Trident/5.0"
218.228.44.29 - - [01/Jan/2025:04:20:19 +0300] "POST /index.html HTTP/1.1" 200 24801 "-" "Microsoft Edge 44.18362.449.0; Windows 10; ARM64"
36.254.127.5 - - [01/Jan/2025:04:21:43 +0300] "PATCH /contact/ HTTP/1.1" 501 32373 "-" "Crawler Bot v1.0 (+https://example.com/bot.html)"
180.101.174.150 - - [01/Jan/2025:04:22:10 +0300] "DELETE /services/ HTTP/1.1" 400 6778 "-" "Internet Explorer 7.0; Windows NT 6.0; Trident/5.0"
218.228.44.29 - - [01/Jan/2025:04:22:20 +0300] "PUT /about-us/ HTTP/1.1" 400 17418 "-" "Mozilla/5.0 (Windows NT 10.0; Win64; x64) AppleWebKit/537.36 (KHTML, like Gecko) Chrome/92.0.4515.107 Safari/537.36"
142.201.33.58 - - [01/Jan/2025:04:23:48 +0300] "POST /contact/ HTTP/1.1" 500 14481 "-" "Microsoft Edge 44.18362.449.0; Windows 10; ARM64"
214.61.138.41 - - [01/Jan/2025:04:25:19 +0300] "PATCH /services/ HTTP/1.1" 201 30488 "-" "Mozilla/5.0 (Windows NT 10.0; Win64; x64) AppleWebKit/537.36 (KHTML, like Gecko) Chrome/92.0.4515.107 Safari/537.36"
83.96.224.158 - - [01/Jan/2025:04:25:32 +0300] "GET /contact/ HTTP/1.1" 501 30962 "-" "Crawler Bot v1.0 (+https://example.com/bot.html)"
142.201.33.58 - - [01/Jan/2025:04:26:51 +0300] "PATCH /contact/ HTTP/1.1" 201 17801 "-" "Microsoft Edge 44.18362.449.0; Windows 10; ARM64"
231.62.123.253 - - [01/Jan/2025:04:27:39 +0300] "POST /services/ HTTP/1.1" 201 8115 "-" "Crawler Bot v1.0 (+https://example.com/bot.html)"
147.65.92.12 - - [01/Jan/2025:04:29:08 +0300] "PUT /contact/ HTTP/1.1" 201 12067 "-" "Crawler Bot v1.0 (+https://example.com/bot.html)"
218.228.44.29 - - [01/Jan/2025:04:29:49 +0300] "GET /about-us/ HTTP/1.1" 200 22923 "-" "Wget/1.19.5 (linux-gnu)"
28.42.76.86 - - [01/Jan/2025:04:30:24 +0300] "POST /about-us/ HTTP/1.1" 503 6280 "-" "Safari/604.1 CFNetwork/893.14 Darwin/17.0.0 (x86_64)"
250.74.3.46 - - [01/Jan/2025:04:31:54 +0300] "DELETE /contact/ HTTP/1.1" 502 6446 "-" "Wget/1.19.5 (linux-gnu)"
114.72.135.61 - - [01/Jan/2025:04:31:56 +0300] "POST /index.html HTTP/1.1" 503 16068 "-" "Wget/1.19.5 (linux-gnu)"
142.201.33.58 - - [01/Jan/2025:04:33:12 +0300] "PUT /contact/ HTTP/1.1" 400 17996 "-" "Internet Explorer 7.0; Windows NT 6.0; Trident/5.0"
229.206.221.69 - - [01/Jan/2025:04:34:02 +0300] "PATCH /index.html HTTP/1.1" 200 22405 "-" "Opera/9.80 (X11; Linux i686; Ubuntu/14.10) Presto/2.12.388 Version/12.16"
36.254.127.5 - - [01/Jan/2025:04:34:58 +0300] "PUT /products/ HTTP/1.1" 401 3502 "-" "Wget/1.19.5 (linux-gnu)"
180.101.174.150 - - [01/Jan/2025:04:35:25 +0300] "PUT /about-us/ HTTP/1.1" 503 7281 "-" "Opera/9.80 (X11; Linux i686; Ubuntu/14.10) Presto/2.12.388 Version/12.16"
180.101.174.150 - - [01/Jan/2025:04:36:36 +0300] "DELETE /contact/ HTTP/1.1" 502 12442 "-" "Microsoft Edge 44.18362.449.0; Windows 10; ARM64"
218.228.44.29 - - [01/Jan/2025:04:38:18 +0300] "DELETE /index.html HTTP/1.1" 200 20831 "-" "Opera/9.80 (X11; Linux i686; Ubuntu/14.10) Presto/2.12.388 Version/12.16"
231.62.123.253 - - [01/Jan/2025:04:38:30 +0300] "PATCH /products/ HTTP/1.1" 201 29395 "-" "Wget/1.19.5 (linux-gnu)"
36.254.127.5 - - [01/Jan/2025:04:39:41 +0300] "DELETE /index.html HTTP/1.1" 201 9430 "-" "Mozilla/5.0 (Windows NT 10.0; Win64; x64) AppleWebKit/537.36 (KHTML, like Gecko) Chrome/92.0.4515.107 Safari/537.36"
49.20.36.30 - - [01/Jan/2025:04:39:58 +0300] "GET /products/ HTTP/1.1" 403 10115 "-" "Internet Explorer 7.0; Windows NT 6.0; Trident/5.0"
214.61.138.41 - - [01/Jan/2025:04:41:07 +0300] "PUT /products/ HTTP/1.1" 404 33743 "-" "Mozilla/5.0 (Windows NT 10.0; Win64; x64) AppleWebKit/537.36 (KHTML, like Gecko) Chrome/92.0.4515.107 Safari/537.36"
44.2.222.93 - - [01/Jan/2025:04:42:28 +0300] "GET /index.html HTTP/1.1" 500 6066 "-" "Internet Explorer 7.0; Windows NT 6.0; Trident/5.0"
142.201.33.58 - - [01/Jan/2025:04:43:17 +0300] "GET /products/ HTTP/1.1" 400 19827 "-" "Mozilla/5.0 (Windows NT 10.0; Win64; x64) AppleWebKit/537.36 (KHTML, like Gecko) Chrome/92.0.4515.107 Safari/537.36"
153.52.113.49 - - [01/Jan/2025:04:44:29 +0300] "POST /contact/ HTTP/1.1" 401 13552 "-" "Wget/1.19.5 (linux-gnu)"
49.20.36.30 - - [01/Jan/2025:04:45:51 +0300] "PUT /contact/ HTTP/1.1" 501 5865 "-" "Safari/604.1 CFNetwork/893.14 Darwin/17.0.0 (x86_64)"
36.254.127.5 - - [01/Jan/2025:04:47:15 +0300] "POST /about-us/ HTTP/1.1" 500 24512 "-" "Opera/9.80 (X11; Linux i686; Ubuntu/14.10) Presto/2.12.388 Version/12.16"
49.20.36.30 - - [01/Jan/2025:04:48:51 +0300] "PATCH /products/ HTTP/1.1" 501 29939 "-" "Safari/604.1 CFNetwork/893.14 Darwin/17.0.0 (x86_64)"
231.62.123.253 - - [01/Jan/2025:04:49:32 +0300] "GET /index.html HTTP/1.1" 503 1814 "-" "Crawler Bot v1.0 (+https://example.com/bot.html)"
49.20.36.30 - - [01/Jan/2025:04:50:37 +0300] "PUT /index.html HTTP/1.1" 403 31810 "-" "Safari/604.1 CFNetwork/893.14 Darwin/17.0.0 (x86_64)"
231.62.123.253 - - [01/Jan/2025:04:52:15 +0300] "PATCH /contact/ HTTP/1.1" 502 12803 "-" "Mozilla/5.0 (Windows NT 10.0; Win64; x64) AppleWebKit/537.36 (KHTML, like Gecko) Chrome/92.0.4515.107 Safari/537.36"
168.14.215.0 - - [01/Jan/2025:04:53:58 +0300] "GET /about-us/ HTTP/1.1" 401 14799 "-" "Crawler Bot v1.0 (+https://example.com/bot.html)"
64.255.15.33 - - [01/Jan/2025:04:54:40 +0300] "GET /products/ HTTP/1.1" 404 14001 "-" "Opera/9.80 (X11; Linux i686; Ubuntu/14.10) Presto/2.12.388 Version/12.16"
114.72.135.61 - - [01/Jan/2025:04:55:34 +0300] "PUT /index.html HTTP/1.1" 404 31366 "-" "Internet Explorer 7.0; Windows NT 6.0; Trident/5.0"
