228.144.164.101 - - [04/Jan/2025:07:35:30 +0300] "DELETE /products/ HTTP/1.1" 200 26119 "-" "Microsoft Edge 44.18362.449.0; Windows 10; ARM64"
191.22.97.183 - - [04/Jan/2025:07:37:55 +0300] "DELETE /products/ HTTP/1.1" 404 23350 "-" "Wget/1.19.5 (linux-gnu)"
83.214.79.193 - - [04/Jan/2025:07:40:37 +0300] "DELETE /index.html HTTP/1.1" 400 27732 "-" "Wget/1.19.5 (linux-gnu)"
83.214.79.193 - - [04/Jan/2025:07:41:03 +0300] "GET /services/ HTTP/1.1" 404 15797 "-" "Opera/9.80 (X11; Linux i686; Ubuntu/14.10) Presto/2.12.388 Version/12.16"
21.224.156.88 - - [04/Jan/2025:07:42:43 +0300] "PUT /index.html HTTP/1.1" 501 15808 "-" "Opera/9.80 (X11; Linux i686; Ubuntu/14.10) Presto/2.12.388 Version/12.16"
146.55.198.94 - - [04/Jan/2025:07:44:23 +0300] "PUT /products/ HTTP/1.1" 201 5921 "-" "Internet Explorer 7.0; Windows NT 6.0; Trident/5.0"
206.74.177.39 - - [04/Jan/2025:07:46:53 +0300] "PUT /products/ HTTP/1.1" 502 6076 "-" "Microsoft Edge 44.18362.449.0; Windows 10; ARM64"
202.194.16.171 - - [04/Jan/2025:07:47:23 +0300] "POST /contact/ HTTP/1.1" 404 2434 "-" "Crawler Bot v1.0 (+https://example.com/bot.html)"
21.224.156.88 - - [04/Jan/2025:07:48:10 +0300] "PATCH /index.html HTTP/1.1" 403 26380 "-" "Opera/9.80 (X11; Linux i686; Ubuntu/14.10) Presto/2.12.388 Version/12.16"
237.80.16.71 - - [04/Jan/2025:07:48:15 +0300] "DELETE /services/ HTTP/1.1" 503 7062 "-" "Opera/9.80 (X11; Linux i686; Ubuntu/14.10) Presto/2.12.388 Version/12.16"
191.22.97.183 - - [04/Jan/2025:07:48:47 +0300] "POST /products/ HTTP/1.1" 404 4576 "-" "Opera/9.80 (X11; Linux i686; Ubuntu/14.10) Presto/2.12.388 Version/12.16"
182.212.150.73 - - [04/Jan/2025:07:49:34 +0300] "GET /services/ HTTP/1.1" 503 3089 "-" "Mozilla/5.0 (Windows NT 10.0; Win64; x64) AppleWebKit/537.36 (KHTML, like Gecko) Chrome/92.0.4515.107 Safari/537.36"
79.179.42.142 - - [04/Jan/2025:07:51:19 +0300] "GET /contact/ HTTP/1.1" 200 11530 "-" "Mozilla/5.0 (Windows NT 10.0; Win64; x64) AppleWebKit/537.36 (KHTML, like Gecko) Chrome/92.0.4515.107 Safari/537.36"
83.214.79.193 - - [04/Jan/2025:07:52:38 +0300] "POST /index.html HTTP/1.1" 503 33327 "-" "Opera/9.80 (X11; Linux i686; Ubuntu/14.10) Presto/2.12.388 Version/12.16"
130.195.42.222 - - [04/Jan/2025:07:53:19 +0300] "DELETE /services/ HTTP/1.1" 200 9024 "-" "Mozilla/5.0 (Windows NT 10.0; Win64; x64) AppleWebKit/537.36 (KHTML, like Gecko) Chrome/92.0.4515.107 Safari/537.36"
228.144.164.101 - - [04/Jan/2025:07:53:23 +0300] "PUT /products/ HTTP/1.1" 400 31902 "-" "Wget/1.19.5 (linux-gnu)"
130.195.42.222 - - [04/Jan/2025:07:55:33 +0300] "POST /about-us/ HTTP/1.1" 401 31408 "-" "Internet Explorer 7.0; Windows NT 6.0; Trident/5.0"
228.144.164.101 - - [04/Jan/2025:07:57:54 +0300] "DELETE /index.html HTTP/1.1" 404 23974 "-" "Microsoft Edge 44.18362.449.0; Windows 10; ARM64"
83.214.79.193 - - [04/Jan/2025:08:00:14 +0300] "PATCH /about-us/ HTTP/1.1" 502 17298 "-" "Opera/9.80 (X11; Linux i686; Ubuntu/14.10) Presto/2.12.388 Version/12.16"
83.214.79.193 - - [04/Jan/2025:08:02:40 +0300] "DELETE /index.html HTTP/1.1" 502 1408 "-" "Safari/604.1 CFNetwork/893.14 Darwin/17.0.0 (x86_64)"
79.179.42.142 - - [04/Jan/2025:08:03:53 +0300] "GET /services/ HTTP/1.1" 200 18293 "-" "Mozilla/5.0 (Windows NT 10.0; Win64; x64) AppleWebKit/537.36 (KHTML, like Gecko) Chrome/92.0.4515.107 Safari/537.36"
130.195.42.222 - - [04/Jan/2025:08:06:08 +0300] "GET /about-us/ HTTP/1.1" 503 3970 "-" "Mozilla/5.0 (Windows NT 10.0; Win64; x64) AppleWebKit/537.36 (KHTML, like Gecko) Chrome/92.0.4515.107 Safari/537.36"
202.194.16.171 - - [04/Jan/2025:08:08:32 +0300] "PATCH /products/ HTTP/1.1" 200 26889 "-" "Wget/1.19.5 (linux-gnu)"
206.74.177.39 - - [04/Jan/2025:08:09:10 +0300] "PUT /products/ HTTP/1.1" 503 27244 "-" "Mozilla/5.0 (Windows NT 10.0; Win64; x64) AppleWebKit/537.36 (KHTML, like Gecko) Chrome/92.0.4515.107 Safari/537.36"
83.214.79.193 - - [04/Jan/2025:08:09:15 +0300] "PUT /about-us/ HTTP/1.1" 500 1155 "-" "Crawler Bot v1.0 (+https://example.com/bot.html)"
146.55.198.94 - - [04/Jan/2025:08:11:29 +0300] "DELETE /contact/ HTTP/1.1" 501 26577 "-" "Opera/9.80 (X11; Linux i686; Ubuntu/14.10) Presto/2.12.388 Version/12.16"
228.144.164.101 - - [04/Jan/2025:08:13:35 +0300] "POST /index.html HTTP/1.1" 200 32594 "-" "Safari/604.1 CFNetwork/893.14 Darwin/17.0.0 (x86_64)"
202.194.16.171 - - [04/Jan/2025:08:15:59 +0300] "POST /services/ HTTP/1.1" 200 3271 "-" "Wget/1.19.5 (linux-gnu)"
130.195.42.222 - - [04/Jan/2025:08:17:37 +0300] "POST /index.html HTTP/1.1" 400 27596 "-" "Safari/604.1 CFNetwork/893.14 Darwin/17.0.0 (x86_64)"
206.74.177.39 - - [04/Jan/2025:08:19:44 +0300] "PUT /products/ HTTP/1.1" 200 12162 "-" "Internet Explorer 7.0; Windows NT 6.0; Trident/5.0"
206.74.177.39 - - [04/Jan/2025:08:19:46 +0300] "PUT /services/ HTTP/1.1" 404 27857 "-" "Opera/9.80 (X11; Linux i686; Ubuntu/14.10) Presto/2.12.388 Version/12.16"
182.212.150.73 - - [04/Jan/2025:08:19:55 +0300] "PUT /services/ HTTP/1.1" 501 7181 "-" "Wget/1.19.5 (linux-gnu)"
182.212.150.73 - - [04/Jan/2025:08:20:24 +0300] "POST /index.html HTTP/1.1" 200 4843 "-" "Internet Explorer 7.0; Windows NT 6.0; Trident/5.0"
191.22.97.183 - - [04/Jan/2025:08:21:19 +0300] "POST /contact/ HTTP/1.1" 404 27978 "-" "Microsoft Edge 44.18362.449.0; Windows 10; ARM64"
237.80.16.71 - - [04/Jan/2025:08:23:15 +0300] "PATCH /index.html HTTP/1.1" 201 5632 "-" "Safari/604.1 CFNetwork/893.14 Darwin/17.0.0 (x86_64)"
21.224.156.88 - - [04/Jan/2025:08:24:21 +0300] "DELETE /services/ HTTP/1.1" 501 28000 "-" "Safari/604.1 CFNetwork/893.14 Darwin/17.0.0 (x86_64)"
206.74.177.39 - - [04/Jan/2025:08:26:16 +0300] "POST /index.html HTTP/1.1" 404 24196 "-" "Mozilla/5.0 (Windows NT 10.0; Win64; x64) AppleWebKit/537.36 (KHTML, like Gecko) Chrome/92.0.4515.107 Safari/537.36"
130.195.42.222 - - [04/Jan/2025:08:28:30 +0300] "DELETE /index.html HTTP/1.1" 503 10055 "-" "Microsoft Edge 44.18362.449.0; Windows 10; ARM64"
202.194.16.171 - - [04/Jan/2025:08:29:52 +0300] "GET /services/ HTTP/1.1" 401 13829 "-" "Safari/604.1 CFNetwork/893.14 Darwin/17.0.0 (x86_64)"
130.195.42.222 - - [04/Jan/2025:08:32:31 +0300] "PATCH /services/ HTTP/1.1" 201 22906 "-" "Safari/604.1 CFNetwork/893.14 Darwin/17.0.0 (x86_64)"
191.22.97.183 - - [04/Jan/2025:08:34:39 +0300] "POST /index.html HTTP/1.1" 403 10572 "-" "Internet Explorer 7.0; Windows NT 6.0; Trident/5.0"
228.144.164.101 - - [04/Jan/2025:08:34:54 +0300] "POST /contact/ HTTP/1.1" 403 4205 "-" "Crawler Bot v1.0 (+https://example.com/bot.html)"
228.144.164.101 - - [04/Jan/2025:08:36:54 +0300] "DELETE /services/ HTTP/1.1" 200 28469 "-" "Opera/9.80 (X11; Linux i686; Ubuntu/14.10) Presto/2.12.388 Version/12.16"
79.179.42.142 - - [04/Jan/2025:08:39:08 +0300] "PUT /about-us/ HTTP/1.1" 200 30593 "-" "Internet Explorer 7.0; Windows NT 6.0; Trident/5.0"
182.212.150.73 - - [04/Jan/2025:08:41:47 +0300] "DELETE /services/ HTTP/1.1" 502 21319 "-" "Opera/9.80 (X11; Linux i686; Ubuntu/14.10) Presto/2.12.388 Version/12.16"
79.179.42.142 - - [04/Jan/2025:08:42:53 +0300] "GET /products/ HTTP/1.1" 403 4584 "-" "Microsoft Edge 44.18362.449.0; Windows 10; ARM64"
182.212.150.73 - - [04/Jan/2025:08:43:07 +0300] "DELETE /services/ HTTP/1.1" 403 21776 "-" "Microsoft Edge 44.18362.449.0; Windows 10; ARM64"
79.179.42.142 - - [04/Jan/2025:08:45:30 +0300] "POST /contact/ HTTP/1.1" 404 5957 "-" "Wget/1.19.5 (linux-gnu)"
130.195.42.222 - - [04/Jan/2025:08:47:02 +0300] "PUT /index.html HTTP/1.1" 200 9618 "-" "Opera/9.80 (X11; Linux i686; Ubuntu/14.10) Presto/2.12.388 Version/12.16"
237.80.16.71 - - [04/Jan/2025:08:48:08 +0300] "PATCH /about-us/ HTTP/1.1" 404 29358 "-" "Mozilla/5.0 (Windows NT 10.0; Win64; x64) AppleWebKit/537.36 (KHTML, like Gecko) Chrome/92.0.4515.107 Safari/537.36"
228.144.164.101 - - [04/Jan/2025:08:48:59 +0300] "GET /index.html HTTP/1.1" 502 13549 "-" "Wget/1.19.5 (linux-gnu)"
21.224.156.88 - - [04/Jan/2025:08:49:06 +0300] "DELETE /contact/ HTTP/1.1" 503 12013 "-" "Safari/604.1 CFNetwork/893.14 Darwin/17.0.0 (x86_64)"
130.195.42.222 - - [04/Jan/2025:08:49:56 +0300] "PUT /products/ HTTP/1.1" 501 21918 "-" "Internet Explorer 7.0; Windows NT 6.0; Trident/5.0"
206.74.177.39 - - [04/Jan/2025:08:52:07 +0300] "PUT /contact/ HTTP/1.1" 201 15798 "-" "Opera/9.80 (X11; Linux i686; Ubuntu/14.10) Presto/2.12.388 Version/12.16"
79.179.42.142 - - [04/Jan/2025:08:53:31 +0300] "DELETE /index.html HTTP/1.1" 503 10814 "-" "Wget/1.19.5 (linux-gnu)"
79.179.42.142 - - [04/Jan/2025:08:56:03 +0300] "PATCH /contact/ HTTP/1.1" 403 11655 "-" "Microsoft Edge 44.18362.449.0; Windows 10; ARM64"
146.55.198.94 - - [04/Jan/2025:08:57:26 +0300] "PUT /services/ HTTP/1.1" 501 3533 "-" "Internet Explorer 7.0; Windows NT 6.0; Trident/5.0"
182.212.150.73 - - [04/Jan/2025:08:58:37 +0300] "PUT /index.html HTTP/1.1" 400 26022 "-" "Mozilla/5.0 (Windows NT 10.0; Win64; x64) AppleWebKit/537.36 (KHTML, like Gecko) Chrome/92.0.4515.107 Safari/537.36"
79.179.42.142 - - [04/Jan/2025:08:59:13 +0300] "PUT /services/ HTTP/1.1" 401 11875 "-" "Internet Explorer 7.0; Windows NT 6.0; Trident/5.0"
237.80.16.71 - - [04/Jan/2025:08:59:20 +0300] "POST /index.html HTTP/1.1" 503 18630 "-" "Microsoft Edge 44.18362.449.0; Windows 10; ARM64"
83.214.79.193 - - [04/Jan/2025:09:00:03 +0300] "PUT /index.html HTTP/1.1" 500 7918 "-" "Crawler Bot v1.0 (+https://example.com/bot.html)"
191.22.97.183 - - [04/Jan/2025:09:00:55 +0300] "GET /index.html HTTP/1.1" 503 28640 "-" "Crawler Bot v1.0 (+https://example.com/bot.html)"
237.80.16.71 - - [04/Jan/2025:09:01:09 +0300] "GET /index.html HTTP/1.1" 500 3980 "-" "Safari/604.1 CFNetwork/893.14 Darwin/17.0.0 (x86_64)"
21.224.156.88 - - [04/Jan/2025:09:02:38 +0300] "GET /index.html HTTP/1.1" 502 10386 "-" "Wget/1.19.5 (linux-gnu)"
182.212.150.73 - - [04/Jan/2025:09:02:44 +0300] "PUT /products/ HTTP/1.1" 501 24097 "-" "Microsoft Edge 44.18362.449.0; Windows 10; ARM64"
130.195.42.222 - - [04/Jan/2025:09:02:51 +0300] "POST /about-us/ HTTP/1.1" 400 8878 "-" "Opera/9.80 (X11; Linux i686; Ubuntu/14.10) Presto/2.12.388 Version/12.16"
79.179.42.142 - - [04/Jan/2025:09:04:17 +0300] "POST /products/ HTTP/1.1" 400 11254 "-" "Wget/1.19.5 (linux-gnu)"
79.179.42.142 - - [04/Jan/2025:09:05:12 +0300] "PATCH /index.html HTTP/1.1" 500 14745 "-" "Opera/9.80 (X11; Linux i686; Ubuntu/14.10) Presto/2.12.388 Version/12.16"
79.179.42.142 - - [04/Jan/2025:09:05:28 +0300] "PUT /products/ HTTP/1.1" 502 22691 "-" "Microsoft Edge 44.18362.449.0; Windows 10; ARM64"
21.224.156.88 - - [04/Jan/2025:09:06:45 +0300] "PUT /contact/ HTTP/1.1" 404 9804 "-" "Safari/604.1 CFNetwork/893.14 Darwin/17.0.0 (x86_64)"
182.212.150.73 - - [04/Jan/2025:09:08:09 +0300] "PUT /about-us/ HTTP/1.1" 403 2354 "-" "Microsoft Edge 44.18362.449.0; Windows 10; ARM64"
206.74.177.39 - - [04/Jan/2025:09:09:47 +0300] "POST /products/ HTTP/1.1" 404 4009 "-" "Wget/1.19.5 (linux-gnu)"
182.212.150.73 - - [04/Jan/2025:09:10:47 +0300] "DELETE /contact/ HTTP/1.1" 201 18528 "-" "Opera/9.80 (X11; Linux i686; Ubuntu/14.10) Presto/2.12.388 Version/12.16"
130.195.42.222 - - [04/Jan/2025:09:11:20 +0300] "PATCH /services/ HTTP/1.1" 200 8683 "-" "Opera/9.80 (X11; Linux i686; Ubuntu/14.10) Presto/2.12.388 Version/12.16"
21.224.156.88 - - [04/Jan/2025:09:12:57 +0300] "GET /about-us/ HTTP/1.1" 503 32137 "-" "Wget/1.19.5 (linux-gnu)"
182.212.150.73 - - [04/Jan/2025:09:15:29 +0300] "GET /products/ HTTP/1.1" 401 14536 "-" "Microsoft Edge 44.18362.449.0; Windows 10; ARM64"
130.195.42.222 - - [04/Jan/2025:09:18:07 +0300] "DELETE /contact/ HTTP/1.1" 201 11919 "-" "Crawler Bot v1.0 (+https://example.com/bot.html)"
130.195.42.222 - - [04/Jan/2025:09:20:10 +0300] "PUT /contact/ HTTP/1.1" 400 33090 "-" "Opera/9.80 (X11; Linux i686; Ubuntu/14.10) Presto/2.12.388 Version/12.16"
228.144.164.101 - - [04/Jan/2025:09:21:48 +0300] "PATCH /contact/ HTTP/1.1" 501 15706 "-" "Microsoft Edge 44.18362.449.0; Windows 10; ARM64"
191.22.97.183 - - [04/Jan/2025:09:21:57 +0300] "DELETE /about-us/ HTTP/1.1" 400 7686 "-" "Mozilla/5.0 (Windows NT 10.0; Win64; x64) AppleWebKit/537.36 (KHTML, like Gecko) Chrome/92.0.4515.107 Safari/537.36"
182.212.150.73 - - [04/Jan/2025:09:22:21 +0300] "PATCH /products/ HTTP/1.1" 501 3188 "-" "Wget/1.19.5 (linux-gnu)"
130.195.42.222 - - [04/Jan/2025:09:22:27 +0300] "GET /contact/ HTTP/1.1" 201 15614 "-" "Opera/9.80 (X11; Linux i686; Ubuntu/14.10) Presto/2.12.388 Version/12.16"
146.55.198.94 - - [04/Jan/2025:09:24:12 +0300] "POST /products/ HTTP/1.1" 403 23690 "-" "Opera/9.80 (X11; Linux i686; Ubuntu/14.10) Presto/2.12.388 Version/12.16"
83.214.79.193 - - [04/Jan/2025:09:25:45 +0300] "DELETE /services/ HTTP/1.1" 403 9846 "-" "Crawler Bot v1.0 (+https://example.com/bot.html)"
206.74.177.39 - - [04/Jan/2025:09:27:28 +0300] "DELETE /products/ HTTP/1.1" 200 28195 "-" "Microsoft Edge 44.18362.449.0; Windows 10; ARM64"
21.224.156.88 - - [04/Jan/2025:09:28:50 +0300] "PUT /products/ HTTP/1.1" 200 24862 "-" "Mozilla/5.0 (Windows NT 10.0; Win64; x64) AppleWebKit/537.36 (KHTML, like Gecko) Chrome/92.0.4515.107 Safari/537.36"
228.144.164.101 - - [04/Jan/2025:09:29:21 +0300] "PATCH /services/ HTTP/1.1" 502 23716 "-" "Wget/1.19.5 (linux-gnu)"
228.144.164.101 - - [04/Jan/2025:09:32:04 +0300] "PUT /services/ HTTP/1.1" 500 18773 "-" "Microsoft Edge 44.18362.449.0; Windows 10; ARM64"
191.22.97.183 - - [04/Jan/2025:09:34:24 +0300] "PATCH /contact/ HTTP/1.1" 401 23295 "-" "Crawler Bot v1.0 (+https://example.com/bot.html)"
146.55.198.94 - - [04/Jan/2025:09:36:12 +0300] "GET /products/ HTTP/1.1" 404 5458 "-" "Crawler Bot v1.0 (+https://example.com/bot.html)"
21.224.156.88 - - [04/Jan/2025:09:37:07 +0300] "DELETE /services/ HTTP/1.1" 403 15825 "-" "Opera/9.80 (X11; Linux i686; Ubuntu/14.10) Presto/2.12.388 Version/12.16"
182.212.150.73 - - [04/Jan/2025:09:38:50 +0300] "POST /index.html HTTP/1.1" 201 22966 "-" "Crawler Bot v1.0 (+https://example.com/bot.html)"
237.80.16.71 - - [04/Jan/2025:09:41:35 +0300] "POST /products/ HTTP/1.1" 501 12852 "-" "Internet Explorer 7.0; Windows NT 6.0; Trident/5.0"
228.144.164.101 - - [04/Jan/2025:09:42:16 +0300] "GET /about-us/ HTTP/1.1" 404 7785 "-" "Mozilla/5.0 (Windows NT 10.0; Win64; x64) AppleWebKit/537.36 (KHTML, like Gecko) Chrome/92.0.4515.107 Safari/537.36"
83.214.79.193 - - [04/Jan/2025:09:42:44 +0300] "PATCH /contact/ HTTP/1.1" 404 27760 "-" "Mozilla/5.0 (Windows NT 10.0; Win64; x64) AppleWebKit/537.36 (KHTML, like Gecko) Chrome/92.0.4515.107 Safari/537.36"
228.144.164.101 - - [04/Jan/2025:09:42:52 +0300] "POST /services/ HTTP/1.1" 401 26629 "-" "Microsoft Edge 44.18362.449.0; Windows 10; ARM64"
130.195.42.222 - - [04/Jan/2025:09:42:55 +0300] "PATCH /contact/ HTTP/1.1" 404 24168 "-" "Opera/9.80 (X11; Linux i686; Ubuntu/14.10) Presto/2.12.388 Version/12.16"
182.212.150.73 - - [04/Jan/2025:09:43:26 +0300] "DELETE /contact/ HTTP/1.1" 404 6267 "-" "Microsoft Edge 44.18362.449.0; Windows 10; ARM64"
146.55.198.94 - - [04/Jan/2025:09:43:49 +0300] "PUT /index.html HTTP/1.1" 403 2237 "-" "Microsoft Edge 44.18362.449.0; Windows 10; ARM64"
21.224.156.88 - - [04/Jan/2025:09:44:46 +0300] "GET /products/ HTTP/1.1" 200 27306 "-" "Wget/1.19.5 (linux-gnu)"
202.194.16.171 - - [04/Jan/2025:09:47:01 +0300] "GET /about-us/ HTTP/1.1" 502 17305 "-" "Mozilla/5.0 (Windows NT 10.0; Win64; x64) AppleWebKit/537.36 (KHTML, like Gecko) Chrome/92.0.4515.107 Safari/537.36"
130.195.42.222 - - [04/Jan/2025:09:48:47 +0300] "PUT /services/ HTTP/1.1" 502 4901 "-" "Microsoft Edge 44.18362.449.0; Windows 10; ARM64"
228.144.164.101 - - [04/Jan/2025:09:50:22 +0300] "PUT /contact/ HTTP/1.1" 404 14624 "-" "Wget/1.19.5 (linux-gnu)"
130.195.42.222 - - [04/Jan/2025:09:51:34 +0300] "POST /products/ HTTP/1.1" 502 15950 "-" "Opera/9.80 (X11; Linux i686; Ubuntu/14.10) Presto/2.12.388 Version/12.16"
202.194.16.171 - - [04/Jan/2025:09:51:52 +0300] "GET /services/ HTTP/1.1" 201 19223 "-" "Mozilla/5.0 (Windows NT 10.0; Win64; x64) AppleWebKit/537.36 (KHTML, like Gecko) Chrome/92.0.4515.107 Safari/537.36"
130.195.42.222 - - [04/Jan/2025:09:54:32 +0300] "PATCH /about-us/ HTTP/1.1" 500 24647 "-" "Wget/1.19.5 (linux-gnu)"
146.55.198.94 - - [04/Jan/2025:09:55:12 +0300] "PATCH /about-us/ HTTP/1.1" 501 11920 "-" "Opera/9.80 (X11; Linux i686; Ubuntu/14.10) Presto/2.12.388 Version/12.16"
228.144.164.101 - - [04/Jan/2025:09:56:01 +0300] "POST /index.html HTTP/1.1" 401 5879 "-" "Safari/604.1 CFNetwork/893.14 Darwin/17.0.0 (x86_64)"
191.22.97.183 - - [04/Jan/2025:09:57:51 +0300] "DELETE /about-us/ HTTP/1.1" 503 3022 "-" "Internet Explorer 7.0; Windows NT 6.0; Trident/5.0"
83.214.79.193 - - [04/Jan/2025:09:59:33 +0300] "GET /about-us/ HTTP/1.1" 404 2769 "-" "Internet Explorer 7.0; Windows NT 6.0; Trident/5.0"
146.55.198.94 - - [04/Jan/2025:10:01:53 +0300] "POST /services/ HTTP/1.1" 401 24704 "-" "Mozilla/5.0 (Windows NT 10.0; Win64; x64) AppleWebKit/537.36 (KHTML, like Gecko) Chrome/92.0.4515.107 Safari/537.36"
228.144.164.101 - - [04/Jan/2025:10:02:37 +0300] "POST /contact/ HTTP/1.1" 503 21871 "-" "Wget/1.19.5 (linux-gnu)"
206.74.177.39 - - [04/Jan/2025:10:03:31 +0300] "GET /about-us/ HTTP/1.1" 200 30528 "-" "Wget/1.19.5 (linux-gnu)"
21.224.156.88 - - [04/Jan/2025:10:04:17 +0300] "PATCH /services/ HTTP/1.1" 503 21812 "-" "Internet Explorer 7.0; Windows NT 6.0; Trident/5.0"
228.144.164.101 - - [04/Jan/2025:10:06:59 +0300] "PATCH /contact/ HTTP/1.1" 200 25536 "-" "Microsoft Edge 44.18362.449.0; Windows 10; ARM64"
202.194.16.171 - - [04/Jan/2025:10:07:20 +0300] "DELETE /about-us/ HTTP/1.1" 503 12474 "-" "Crawler Bot v1.0 (+https://example.com/bot.html)"
228.144.164.101 - - [04/Jan/2025:10:08:18 +0300] "POST /about-us/ HTTP/1.1" 400 22412 "-" "Crawler Bot v1.0 (+https://example.com/bot.html)"
182.212.150.73 - - [04/Jan/2025:10:09:38 +0300] "PATCH /services/ HTTP/1.1" 201 30993 "-" "Safari/604.1 CFNetwork/893.14 Darwin/17.0.0 (x86_64)"
228.144.164.101 - - [04/Jan/2025:10:11:36 +0300] "DELETE /contact/ HTTP/1.1" 403 16409 "-" "Mozilla/5.0 (Windows NT 10.0; Win64; x64) AppleWebKit/537.36 (KHTML, like Gecko) Chrome/92.0.4515.107 Safari/537.36"
237.80.16.71 - - [04/Jan/2025:10:11:52 +0300] "PATCH /products/ HTTP/1.1" 200 25745 "-" "Internet Explorer 7.0; Windows NT 6.0; Trident/5.0"
228.144.164.101 - - [04/Jan/2025:10:14:21 +0300] "POST /about-us/ HTTP/1.1" 503 32995 "-" "Opera/9.80 (X11; Linux i686; Ubuntu/14.10) Presto/2.12.388 Version/12.16"
182.212.150.73 - - [04/Jan/2025:10:15:13 +0300] "POST /services/ HTTP/1.1" 400 22617 "-" "Crawler Bot v1.0 (+https://example.com/bot.html)"
21.224.156.88 - - [04/Jan/2025:10:16:33 +0300] "DELETE /products/ HTTP/1.1" 400 25441 "-" "Opera/9.80 (X11; Linux i686; Ubuntu/14.10) Presto/2.12.388 Version/12.16"
21.224.156.88 - - [04/Jan/2025:10:18:16 +0300] "DELETE /services/ HTTP/1.1" 403 8391 "-" "Microsoft Edge 44.18362.449.0; Windows 10; ARM64"
79.179.42.142 - - [04/Jan/2025:10:18:45 +0300] "POST /about-us/ HTTP/1.1" 500 2646 "-" "Crawler Bot v1.0 (+https://example.com/bot.html)"
146.55.198.94 - - [04/Jan/2025:10:18:51 +0300] "POST /contact/ HTTP/1.1" 503 27541 "-" "Internet Explorer 7.0; Windows NT 6.0; Trident/5.0"
146.55.198.94 - - [04/Jan/2025:10:20:44 +0300] "POST /services/ HTTP/1.1" 501 30536 "-" "Microsoft Edge 44.18362.449.0; Windows 10; ARM64"
146.55.198.94 - - [04/Jan/2025:10:21:52 +0300] "GET /about-us/ HTTP/1.1" 404 11295 "-" "Safari/604.1 CFNetwork/893.14 Darwin/17.0.0 (x86_64)"
191.22.97.183 - - [04/Jan/2025:10:24:02 +0300] "DELETE /about-us/ HTTP/1.1" 400 2033 "-" "Mozilla/5.0 (Windows NT 10.0; Win64; x64) AppleWebKit/537.36 (KHTML, like Gecko) Chrome/92.0.4515.107 Safari/537.36"
79.179.42.142 - - [04/Jan/2025:10:24:11 +0300] "POST /products/ HTTP/1.1" 503 5645 "-" "Mozilla/5.0 (Windows NT 10.0; Win64; x64) AppleWebKit/537.36 (KHTML, like Gecko) Chrome/92.0.4515.107 Safari/537.36"
182.212.150.73 - - [04/Jan/2025:10:25:52 +0300] "PUT /index.html HTTP/1.1" 403 1425 "-" "Wget/1.19.5 (linux-gnu)"
228.144.164.101 - - [04/Jan/2025:10:28:34 +0300] "GET /products/ HTTP/1.1" 201 2211 "-" "Opera/9.80 (X11; Linux i686; Ubuntu/14.10) Presto/2.12.388 Version/12.16"
191.22.97.183 - - [04/Jan/2025:10:31:05 +0300] "GET /services/ HTTP/1.1" 403 12773 "-" "Internet Explorer 7.0; Windows NT 6.0; Trident/5.0"
83.214.79.193 - - [04/Jan/2025:10:32:57 +0300] "GET /about-us/ HTTP/1.1" 503 6307 "-" "Mozilla/5.0 (Windows NT 10.0; Win64; x64) AppleWebKit/537.36 (KHTML, like Gecko) Chrome/92.0.4515.107 Safari/537.36"
146.55.198.94 - - [04/Jan/2025:10:33:54 +0300] "POST /about-us/ HTTP/1.1" 400 8591 "-" "Internet Explorer 7.0; Windows NT 6.0; Trident/5.0"
21.224.156.88 - - [04/Jan/2025:10:36:40 +0300] "POST /about-us/ HTTP/1.1" 200 29441 "-" "Microsoft Edge 44.18362.449.0; Windows 10; ARM64"
182.212.150.73 - - [04/Jan/2025:10:38:01 +0300] "PATCH /about-us/ HTTP/1.1" 502 4637 "-" "Safari/604.1 CFNetwork/893.14 Darwin/17.0.0 (x86_64)"
228.144.164.101 - - [04/Jan/2025:10:40:43 +0300] "PUT /services/ HTTP/1.1" 502 33095 "-" "Internet Explorer 7.0; Windows NT 6.0; Trident/5.0"
146.55.198.94 - - [04/Jan/2025:10:41:23 +0300] "PATCH /about-us/ HTTP/1.1" 503 10854 "-" "Internet Explorer 7.0; Windows NT 6.0; Trident/5.0"
191.22.97.183 - - [04/Jan/2025:10:42:53 +0300] "POST /index.html HTTP/1.1" 404 29440 "-" "Internet Explorer 7.0; Windows NT 6.0; Trident/5.0"
146.55.198.94 - - [04/Jan/2025:10:43:02 +0300] "PUT /index.html HTTP/1.1" 503 31932 "-" "Microsoft Edge 44.18362.449.0; Windows 10; ARM64"
146.55.198.94 - - [04/Jan/2025:10:44:50 +0300] "PUT /services/ HTTP/1.1" 401 28743 "-" "Crawler Bot v1.0 (+https://example.com/bot.html)"
130.195.42.222 - - [04/Jan/2025:10:46:46 +0300] "GET /contact/ HTTP/1.1" 500 31701 "-" "Safari/604.1 CFNetwork/893.14 Darwin/17.0.0 (x86_64)"
83.214.79.193 - - [04/Jan/2025:10:49:06 +0300] "PATCH /index.html HTTP/1.1" 200 20071 "-" "Mozilla/5.0 (Windows NT 10.0; Win64; x64) AppleWebKit/537.36 (KHTML, like Gecko) Chrome/92.0.4515.107 Safari/537.36"
83.214.79.193 - - [04/Jan/2025:10:51:30 +0300] "PUT /products/ HTTP/1.1" 501 26919 "-" "Microsoft Edge 44.18362.449.0; Windows 10; ARM64"
237.80.16.71 - - [04/Jan/2025:10:53:28 +0300] "PUT /index.html HTTP/1.1" 201 21692 "-" "Crawler Bot v1.0 (+https://example.com/bot.html)"
191.22.97.183 - - [04/Jan/2025:10:56:14 +0300] "DELETE /products/ HTTP/1.1" 501 22483 "-" "Mozilla/5.0 (Windows NT 10.0; Win64; x64) AppleWebKit/537.36 (KHTML, like Gecko) Chrome/92.0.4515.107 Safari/537.36"
191.22.97.183 - - [04/Jan/2025:10:58:36 +0300] "POST /index.html HTTP/1.1" 503 11837 "-" "Internet Explorer 7.0; Windows NT 6.0; Trident/5.0"
146.55.198.94 - - [04/Jan/2025:10:59:48 +0300] "PATCH /index.html HTTP/1.1" 201 10746 "-" "Opera/9.80 (X11; Linux i686; Ubuntu/14.10) Presto/2.12.388 Version/12.16"
237.80.16.71 - - [04/Jan/2025:11:02:28 +0300] "PUT /services/ HTTP/1.1" 500 2472 "-" "Safari/604.1 CFNetwork/893.14 Darwin/17.0.0 (x86_64)"
202.194.16.171 - - [04/Jan/2025:11:03:43 +0300] "PATCH /services/ HTTP/1.1" 501 1211 "-" "Mozilla/5.0 (Windows NT 10.0; Win64; x64) AppleWebKit/537.36 (KHTML, like Gecko) Chrome/92.0.4515.107 Safari/537.36"
182.212.150.73 - - [04/Jan/2025:11:04:43 +0300] "PATCH /services/ HTTP/1.1" 502 6618 "-" "Internet Explorer 7.0; Windows NT 6.0; Trident/5.0"
237.80.16.71 - - [04/Jan/2025:11:05:51 +0300] "DELETE /about-us/ HTTP/1.1" 200 23518 "-" "Internet Explorer 7.0; Windows NT 6.0; Trident/5.0"
206.74.177.39 - - [04/Jan/2025:11:08:26 +0300] "PATCH /products/ HTTP/1.1" 201 33363 "-" "Wget/1.19.5 (linux-gnu)"
237.80.16.71 - - [04/Jan/2025:11:10:07 +0300] "GET /services/ HTTP/1.1" 400 31901 "-" "Microsoft Edge 44.18362.449.0; Windows 10; ARM64"
206.74.177.39 - - [04/Jan/2025:11:11:11 +0300] "PUT /index.html HTTP/1.1" 400 23787 "-" "Mozilla/5.0 (Windows NT 10.0; Win64; x64) AppleWebKit/537.36 (KHTML, like Gecko) Chrome/92.0.4515.107 Safari/537.36"
237.80.16.71 - - [04/Jan/2025:11:11:32 +0300] "GET /services/ HTTP/1.1" 403 25552 "-" "Crawler Bot v1.0 (+https://example.com/bot.html)"
182.212.150.73 - - [04/Jan/2025:11:12:29 +0300] "PUT /contact/ HTTP/1.1" 404 19855 "-" "Wget/1.19.5 (linux-gnu)"
206.74.177.39 - - [04/Jan/2025:11:13:17 +0300] "POST /products/ HTTP/1.1" 502 25822 "-" "Mozilla/5.0 (Windows NT 10.0; Win64; x64) AppleWebKit/537.36 (KHTML, like Gecko) Chrome/92.0.4515.107 Safari/537.36"
79.179.42.142 - - [04/Jan/2025:11:15:03 +0300] "GET /about-us/ HTTP/1.1" 500 6678 "-" "Microsoft Edge 44.18362.449.0; Windows 10; ARM64"
206.74.177.39 - - [04/Jan/2025:11:16:27 +0300] "GET /services/ HTTP/1.1" 401 18256 "-" "Mozilla/5.0 (Windows NT 10.0; Win64; x64) AppleWebKit/537.36 (KHTML, like Gecko) Chrome/92.0.4515.107 Safari/537.36"
237.80.16.71 - - [04/Jan/2025:11:17:22 +0300] "PUT /index.html HTTP/1.1" 403 14341 "-" "Microsoft Edge 44.18362.449.0; Windows 10; ARM64"
202.194.16.171 - - [04/Jan/2025:11:19:42 +0300] "DELETE /contact/ HTTP/1.1" 200 2060 "-" "Opera/9.80 (X11; Linux i686; Ubuntu/14.10) Presto/2.12.388 Version/12.16"
83.214.79.193 - - [04/Jan/2025:11:21:07 +0300] "PUT /index.html HTTP/1.1" 501 22852 "-" "Wget/1.19.5 (linux-gnu)"
79.179.42.142 - - [04/Jan/2025:11:23:33 +0300] "PUT /contact/ HTTP/1.1" 200 8627 "-" "Wget/1.19.5 (linux-gnu)"
228.144.164.101 - - [04/Jan/2025:11:26:22 +0300] "PATCH /about-us/ HTTP/1.1" 501 27234 "-" "Crawler Bot v1.0 (+https://example.com/bot.html)"
182.212.150.73 - - [04/Jan/2025:11:28:35 +0300] "DELETE /about-us/ HTTP/1.1" 403 20223 "-" "Wget/1.19.5 (linux-gnu)"
182.212.150.73 - - [04/Jan/2025:11:28:56 +0300] "GET /index.html HTTP/1.1" 503 30173 "-" "Safari/604.1 CFNetwork/893.14 Darwin/17.0.0 (x86_64)"
146.55.198.94 - - [04/Jan/2025:11:29:26 +0300] "POST /about-us/ HTTP/1.1" 403 4487 "-" "Wget/1.19.5 (linux-gnu)"
191.22.97.183 - - [04/Jan/2025:11:31:32 +0300] "PUT /contact/ HTTP/1.1" 502 27226 "-" "Crawler Bot v1.0 (+https://example.com/bot.html)"
191.22.97.183 - - [04/Jan/2025:11:33:25 +0300] "POST /about-us/ HTTP/1.1" 404 28602 "-" "Mozilla/5.0 (Windows NT 10.0; Win64; x64) AppleWebKit/537.36 (KHTML, like Gecko) Chrome/92.0.4515.107 Safari/537.36"
130.195.42.222 - - [04/Jan/2025:11:34:02 +0300] "PUT /services/ HTTP/1.1" 404 31430 "-" "Safari/604.1 CFNetwork/893.14 Darwin/17.0.0 (x86_64)"
146.55.198.94 - - [04/Jan/2025:11:35:29 +0300] "DELETE /about-us/ HTTP/1.1" 501 24773 "-" "Wget/1.19.5 (linux-gnu)"
146.55.198.94 - - [04/Jan/2025:11:36:26 +0300] "POST /services/ HTTP/1.1" 500 2684 "-" "Opera/9.80 (X11; Linux i686; Ubuntu/14.10) Presto/2.12.388 Version/12.16"
146.55.198.94 - - [04/Jan/2025:11:36:49 +0300] "PATCH /index.html HTTP/1.1" 201 10911 "-" "Microsoft Edge 44.18362.449.0; Windows 10; ARM64"
202.194.16.171 - - [04/Jan/2025:11:36:50 +0300] "GET /services/ HTTP/1.1" 502 15449 "-" "Safari/604.1 CFNetwork/893.14 Darwin/17.0.0 (x86_64)"
79.179.42.142 - - [04/Jan/2025:11:37:44 +0300] "POST /about-us/ HTTP/1.1" 500 15085 "-" "Microsoft Edge 44.18362.449.0; Windows 10; ARM64"
228.144.164.101 - - [04/Jan/2025:11:40:26 +0300] "DELETE /contact/ HTTP/1.1" 503 4660 "-" "Mozilla/5.0 (Windows NT 10.0; Win64; x64) AppleWebKit/537.36 (KHTML, like Gecko) Chrome/92.0.4515.107 Safari/537.36"
130.195.42.222 - - [04/Jan/2025:11:43:03 +0300] "PATCH /about-us/ HTTP/1.1" 201 24818 "-" "Safari/604.1 CFNetwork/893.14 Darwin/17.0.0 (x86_64)"
