237.80.16.71 - - [01/Jan/2025:05:21:22 +0300] "PUT /services/ HTTP/1.1" 502 5530 "-" "Safari/604.1 CFNetwork/893.14 Darwin/17.0.0 (x86_64)"
237.80.16.71 - - [01/Jan/2025:05:21:32 +0300] "POST /about-us/ HTTP/1.1" 400 1853 "-" "Internet Explorer 7.0; Windows NT 6.0; Trident/5.0"
228.144.164.101 - - [01/Jan/2025:05:21:34 +0300] "PUT /products/ HTTP/1.1" 503 2512 "-" "Crawler Bot v1.0 (+https://example.com/bot.html)"
146.55.198.94 - - [01/Jan/2025:05:23:12 +0300] "GET /products/ HTTP/1.1" 403 23846 "-" "Microsoft Edge 44.18362.449.0; Windows 10; ARM64"
206.74.177.39 - - [01/Jan/2025:05:23:23 +0300] "GET /contact/ HTTP/1.1" 401 20996 "-" "Microsoft Edge 44.18362.449.0; Windows 10; ARM64"
79.179.42.142 - - [01/Jan/2025:05:25:12 +0300] "PATCH /contact/ HTTP/1.1" 501 28367 "-" "Crawler Bot v1.0 (+https://example.com/bot.html)"
146.55.198.94 - - [01/Jan/2025:05:25:21 +0300] "GET /index.html HTTP/1.1" 200 27170 "-" "Crawler Bot v1.0 (+https://example.com/bot.html)"
130.195.42.222 - - [01/Jan/2025:05:26:14 +0300] "PUT /about-us/ HTTP/1.1" 400 14357 "-" "Wget/1.19.5 (linux-gnu)"
146.55.198.94 - - [01/Jan/2025:05:26:18 +0300] "POST /services/ HTTP/1.1" 404 3711 "-" "Microsoft Edge 44.18362.449.0; Windows 10; ARM64"
202.194.16.171 - - [01/Jan/2025:05:26:55 +0300] "PUT /services/ HTTP/1.1" 501 7052 "-" "Internet Explorer 7.0; Windows NT 6.0; Trident/5.0"
83.214.79.193 - - [01/Jan/2025:05:27:01 +0300] "PATCH /products/ HTTP/1.1" 201 7844 "-" "Safari/604.1 CFNetwork/893.14 Darwin/17.0.0 (x86_64)"
202.194.16.171 - - [01/Jan/2025:05:28:28 +0300] "PUT /services/ HTTP/1.1" 500 3886 "-" "Internet Explorer 7.0; Windows NT 6.0; Trident/5.0"
130.195.42.222 - - [01/Jan/2025:05:29:07 +0300] "GET /services/ HTTP/1.1" 403 21903 "-" "Wget/1.19.5 (linux-gnu)"
206.74.177.39 - - [01/Jan/2025:05:29:50 +0300] "DELETE /products/ HTTP/1.1" 400 16461 "-" "Crawler Bot v1.0 (+https://example.com/bot.html)"
237.80.16.71 - - [01/Jan/2025:05:30:38 +0300] "PATCH /services/ HTTP/1.1" 501 28756 "-" "Microsoft Edge 44.18362.449.0; Windows 10; ARM64"
182.212.150.73 - - [01/Jan/2025:05:31:17 +0300] "GET /index.html HTTP/1.1" 502 13960 "-" "Opera/9.80 (X11; Linux i686; Ubuntu/14.10) Presto/2.12.388 Version/12.16"
237.80.16.71 - - [01/Jan/2025:05:32:16 +0300] "PATCH /services/ HTTP/1.1" 502 1246 "-" "Microsoft Edge 44.18362.449.0; Windows 10; ARM64"
130.195.42.222 - - [01/Jan/2025:05:32:36 +0300] "DELETE /index.html HTTP/1.1" 200 5736 "-" "Opera/9.80 (X11; Linux i686; Ubuntu/14.10) Presto/2.12.388 Version/12.16"
202.194.16.171 - - [01/Jan/2025:05:34:10 +0300] "PATCH /contact/ HTTP/1.1" 503 31278 "-" "Safari/604.1 CFNetwork/893.14 Darwin/17.0.0 (x86_64)"
21.224.156.88 - - [01/Jan/2025:05:34:16 +0300] "PUT /index.html HTTP/1.1" 200 8233 "-" "Mozilla/5.0 (Windows NT 10.0; Win64; x64) AppleWebKit/537.36 (KHTML, like Gecko) Chrome/92.0.4515.107 Safari/537.36"
21.224.156.88 - - [01/Jan/2025:05:35:03 +0300] "PUT /contact/ HTTP/1.1" 503 32864 "-" "Opera/9.80 (X11; Linux i686; Ubuntu/14.10) Presto/2.12.388 Version/12.16"
191.22.97.183 - - [01/Jan/2025:05:36:07 +0300] "DELETE /about-us/ HTTP/1.1" 400 7098 "-" "Safari/604.1 CFNetwork/893.14 Darwin/17.0.0 (x86_64)"
21.224.156.88 - - [01/Jan/2025:05:36:30 +0300] "DELETE /index.html HTTP/1.1" 401 19142 "-" "Internet Explorer 7.0; Windows NT 6.0; Trident/5.0"
182.212.150.73 - - [01/Jan/2025:05:37:46 +0300] "POST /about-us/ HTTP/1.1" 503 4524 "-" "Internet Explorer 7.0; Windows NT 6.0; Trident/5.0"
237.80.16.71 - - [01/Jan/2025:05:39:03 +0300] "PUT /services/ HTTP/1.1" 501 20571 "-" "Opera/9.80 (X11; Linux i686; Ubuntu/14.10) Presto/2.12.388 Version/12.16"
146.55.198.94 - - [01/Jan/2025:05:40:49 +0300] "PUT /index.html HTTP/1.1" 500 21811 "-" "Safari/604.1 CFNetwork/893.14 Darwin/17.0.0 (x86_64)"
182.212.150.73 - - [01/Jan/2025:05:41:25 +0300] "DELETE /index.html HTTP/1.1" 201 13494 "-" "Crawler Bot v1.0 (+https://example.com/bot.html)"
237.80.16.71 - - [01/Jan/2025:05:41:51 +0300] "PATCH /about-us/ HTTP/1.1" 502 31526 "-" "Opera/9.80 (X11; Linux i686; Ubuntu/14.10) Presto/2.12.388 Version/12.16"
130.195.42.222 - - [01/Jan/2025:05:43:32 +0300] "DELETE /contact/ HTTP/1.1" 500 31854 "-" "Mozilla/5.0 (Windows NT 10.0; Win64; x64) AppleWebKit/537.36 (KHTML, like Gecko) Chrome/92.0.4515.107 Safari/537.36"
146.55.198.94 - - [01/Jan/2025:05:44:05 +0300] "GET /contact/ HTTP/1.1" 400 27470 "-" "Crawler Bot v1.0 (+https://example.com/bot.html)"
130.195.42.222 - - [01/Jan/2025:05:44:51 +0300] "PATCH /contact/ HTTP/1.1" 400 11068 "-" "Internet Explorer 7.0; Windows NT 6.0; Trident/5.0"
202.194.16.171 - - [01/Jan/2025:05:46:43 +0300] "GET /services/ HTTP/1.1" 501 2484 "-" "Internet Explorer 7.0; Windows NT 6.0; Trident/5.0"
182.212.150.73 - - [01/Jan/2025:05:46:58 +0300] "POST /contact/ HTTP/1.1" 401 24082 "-" "Mozilla/5.0 (Windows NT 10.0; Win64; x64) AppleWebKit/537.36 (KHTML, like Gecko) Chrome/92.0.4515.107 Safari/537.36"
83.214.79.193 - - [01/Jan/2025:05:48:13 +0300] "GET /products/ HTTP/1.1" 404 21096 "-" "Safari/604.1 CFNetwork/893.14 Darwin/17.0.0 (x86_64)"
146.55.198.94 - - [01/Jan/2025:05:49:17 +0300] "PUT /index.html HTTP/1.1" 403 3015 "-" "Internet Explorer 7.0; Windows NT 6.0; Trident/5.0"
146.55.198.94 - - [01/Jan/2025:05:51:10 +0300] "PUT /index.html HTTP/1.1" 201 31378 "-" "Mozilla/5.0 (Windows NT 10.0; Win64; x64) AppleWebKit/537.36 (KHTML, like Gecko) Chrome/92.0.4515.107 Safari/537.36"
206.74.177.39 - - [01/Jan/2025:05:52:07 +0300] "GET /services/ HTTP/1.1" 503 4820 "-" "Safari/604.1 CFNetwork/893.14 Darwin/17.0.0 (x86_64)"
146.55.198.94 - - [01/Jan/2025:05:53:09 +0300] "POST /services/ HTTP/1.1" 401 9823 "-" "Mozilla/5.0 (Windows NT 10.0; Win64; x64) AppleWebKit/537.36 (KHTML, like Gecko) Chrome/92.0.4515.107 Safari/537.36"
182.212.150.73 - - [01/Jan/2025:05:54:05 +0300] "PATCH /products/ HTTP/1.1" 200 2062 "-" "Internet Explorer 7.0; Windows NT 6.0; Trident/5.0"
130.195.42.222 - - [01/Jan/2025:05:55:02 +0300] "GET /about-us/ HTTP/1.1" 501 11972 "-" "Internet Explorer 7.0; Windows NT 6.0; Trident/5.0"
21.224.156.88 - - [01/Jan/2025:05:55:07 +0300] "POST /services/ HTTP/1.1" 200 28294 "-" "Safari/604.1 CFNetwork/893.14 Darwin/17.0.0 (x86_64)"
191.22.97.183 - - [01/Jan/2025:05:56:16 +0300] "POST /services/ HTTP/1.1" 403 15999 "-" "Wget/1.19.5 (linux-gnu)"
237.80.16.71 - - [01/Jan/2025:05:58:07 +0300] "DELETE /index.html HTTP/1.1" 200 25918 "-" "Mozilla/5.0 (Windows NT 10.0; Win64; x64) AppleWebKit/537.36 (KHTML, like Gecko) Chrome/92.0.4515.107 Safari/537.36"
191.22.97.183 - - [01/Jan/2025:05:59:00 +0300] "POST /about-us/ HTTP/1.1" 400 2842 "-" "Mozilla/5.0 (Windows NT 10.0; Win64; x64) AppleWebKit/537.36 (KHTML, like Gecko) Chrome/92.0.4515.107 Safari/537.36"
83.214.79.193 - - [01/Jan/2025:06:00:40 +0300] "GET /products/ HTTP/1.1" 200 7325 "-" "Crawler Bot v1.0 (+https://example.com/bot.html)"
191.22.97.183 - - [01/Jan/2025:06:01:28 +0300] "GET /services/ HTTP/1.1" 502 3107 "-" "Internet Explorer 7.0; Windows NT 6.0; Trident/5.0"
130.195.42.222 - - [01/Jan/2025:06:02:51 +0300] "PATCH /products/ HTTP/1.1" 404 33551 "-" "Wget/1.19.5 (linux-gnu)"
83.214.79.193 - - [01/Jan/2025:06:03:51 +0300] "POST /about-us/ HTTP/1.1" 503 32528 "-" "Opera/9.80 (X11; Linux i686; Ubuntu/14.10) Presto/2.12.388 Version/12.16"
21.224.156.88 - - [01/Jan/2025:06:05:00 +0300] "PATCH /about-us/ HTTP/1.1" 201 31450 "-" "Mozilla/5.0 (Windows NT 10.0; Win64; x64) AppleWebKit/537.36 (KHTML, like Gecko) Chrome/92.0.4515.107 Safari/537.36"
79.179.42.142 - - [01/Jan/2025:06:05:36 +0300] "DELETE /products/ HTTP/1.1" 502 27580 "-" "Internet Explorer 7.0; Windows NT 6.0; Trident/5.0"
146.55.198.94 - - [01/Jan/2025:06:07:30 +0300] "PATCH /about-us/ HTTP/1.1" 501 32868 "-" "Safari/604.1 CFNetwork/893.14 Darwin/17.0.0 (x86_64)"
146.55.198.94 - - [01/Jan/2025:06:09:13 +0300] "POST /index.html HTTP/1.1" 500 27009 "-" "Wget/1.19.5 (linux-gnu)"
130.195.42.222 - - [01/Jan/2025:06:10:53 +0300] "GET /services/ HTTP/1.1" 502 15777 "-" "Opera/9.80 (X11; Linux i686; Ubuntu/14.10) Presto/2.12.388 Version/12.16"
130.195.42.222 - - [01/Jan/2025:06:11:06 +0300] "DELETE /services/ HTTP/1.1" 503 12829 "-" "Safari/604.1 CFNetwork/893.14 Darwin/17.0.0 (x86_64)"
202.194.16.171 - - [01/Jan/2025:06:12:45 +0300] "PUT /products/ HTTP/1.1" 501 30824 "-" "Microsoft Edge 44.18362.449.0; Windows 10; ARM64"
182.212.150.73 - - [01/Jan/2025:06:13:51 +0300] "PATCH /contact/ HTTP/1.1" 400 29504 "-" "Opera/9.80 (X11; Linux i686; Ubuntu/14.10) Presto/2.12.388 Version/12.16"
21.224.156.88 - - [01/Jan/2025:06:14:34 +0300] "POST /about-us/ HTTP/1.1" 404 9261 "-" "Wget/1.19.5 (linux-gnu)"
130.195.42.222 - - [01/Jan/2025:06:14:49 +0300] "DELETE /services/ HTTP/1.1" 401 5821 "-" "Safari/604.1 CFNetwork/893.14 Darwin/17.0.0 (x86_64)"
237.80.16.71 - - [01/Jan/2025:06:15:54 +0300] "PATCH /products/ HTTP/1.1" 501 3786 "-" "Mozilla/5.0 (Windows NT 10.0; Win64; x64) AppleWebKit/537.36 (KHTML, like Gecko) Chrome/92.0.4515.107 Safari/537.36"
79.179.42.142 - - [01/Jan/2025:06:17:20 +0300] "PATCH /contact/ HTTP/1.1" 503 29904 "-" "Mozilla/5.0 (Windows NT 10.0; Win64; x64) AppleWebKit/537.36 (KHTML, like Gecko) Chrome/92.0.4515.107 Safari/537.36"
146.55.198.94 - - [01/Jan/2025:06:18:55 +0300] "PUT /contact/ HTTP/1.1" 403 15478 "-" "Safari/604.1 CFNetwork/893.14 Darwin/17.0.0 (x86_64)"
182.212.150.73 - - [01/Jan/2025:06:20:44 +0300] "GET /services/ HTTP/1.1" 502 28797 "-" "Mozilla/5.0 (Windows NT 10.0; Win64; x64) AppleWebKit/537.36 (KHTML, like Gecko) Chrome/92.0.4515.107 Safari/537.36"
79.179.42.142 - - [01/Jan/2025:06:22:38 +0300] "PUT /services/ HTTP/1.1" 403 32869 "-" "Wget/1.19.5 (linux-gnu)"
146.55.198.94 - - [01/Jan/2025:06:23:57 +0300] "PUT /about-us/ HTTP/1.1" 200 29557 "-" "Mozilla/5.0 (Windows NT 10.0; Win64; x64) AppleWebKit/537.36 (KHTML, like Gecko) Chrome/92.0.4515.107 Safari/537.36"
130.195.42.222 - - [01/Jan/2025:06:24:58 +0300] "PUT /index.html HTTP/1.1" 401 4425 "-" "Microsoft Edge 44.18362.449.0; Windows 10; ARM64"
79.179.42.142 - - [01/Jan/2025:06:26:21 +0300] "GET /products/ HTTP/1.1" 401 26902 "-" "Internet Explorer 7.0; Windows NT 6.0; Trident/5.0"
228.144.164.101 - - [01/Jan/2025:06:26:57 +0300] "PATCH /products/ HTTP/1.1" 502 8960 "-" "Wget/1.19.5 (linux-gnu)"
228.144.164.101 - - [01/Jan/2025:06:28:13 +0300] "GET /services/ HTTP/1.1" 200 18793 "-" "Wget/1.19.5 (linux-gnu)"
206.74.177.39 - - [01/Jan/2025:06:28:46 +0300] "GET /about-us/ HTTP/1.1" 404 31587 "-" "Internet Explorer 7.0; Windows NT 6.0; Trident/5.0"
191.22.97.183 - - [01/Jan/2025:06:30:05 +0300] "DELETE /contact/ HTTP/1.1" 500 23905 "-" "Opera/9.80 (X11; Linux i686; Ubuntu/14.10) Presto/2.12.388 Version/12.16"
79.179.42.142 - - [01/Jan/2025:06:31:01 +0300] "GET /about-us/ HTTP/1.1" 401 18590 "-" "Mozilla/5.0 (Windows NT 10.0; Win64; x64) AppleWebKit/537.36 (KHTML, like Gecko) Chrome/92.0.4515.107 Safari/537.36"
83.214.79.193 - - [01/Jan/2025:06:32:44 +0300] "PATCH /products/ HTTP/1.1" 503 18615 "-" "Wget/1.19.5 (linux-gnu)"
79.179.42.142 - - [01/Jan/2025:06:34:04 +0300] "POST /index.html HTTP/1.1" 400 12156 "-" "Safari/604.1 CFNetwork/893.14 Darwin/17.0.0 (x86_64)"
79.179.42.142 - - [01/Jan/2025:06:35:03 +0300] "GET /about-us/ HTTP/1.1" 503 29920 "-" "Opera/9.80 (X11; Linux i686; Ubuntu/14.10) Presto/2.12.388 Version/12.16"
237.80.16.71 - - [01/Jan/2025:06:36:14 +0300] "DELETE /services/ HTTP/1.1" 401 29273 "-" "Opera/9.80 (X11; Linux i686; Ubuntu/14.10) Presto/2.12.388 Version/12.16"
237.80.16.71 - - [01/Jan/2025:06:36:18 +0300] "DELETE /services/ HTTP/1.1" 404 5566 "-" "Mozilla/5.0 (Windows NT 10.0; Win64; x64) AppleWebKit/537.36 (KHTML, like Gecko) Chrome/92.0.4515.107 Safari/537.36"
79.179.42.142 - - [01/Jan/2025:06:36:31 +0300] "PATCH /services/ HTTP/1.1" 200 28752 "-" "Safari/604.1 CFNetwork/893.14 Darwin/17.0.0 (x86_64)"
182.212.150.73 - - [01/Jan/2025:06:37:20 +0300] "GET /about-us/ HTTP/1.1" 502 8565 "-" "Microsoft Edge 44.18362.449.0; Windows 10; ARM64"
21.224.156.88 - - [01/Jan/2025:06:38:55 +0300] "POST /index.html HTTP/1.1" 404 28795 "-" "Microsoft Edge 44.18362.449.0; Windows 10; ARM64"
130.195.42.222 - - [01/Jan/2025:06:39:07 +0300] "PUT /products/ HTTP/1.1" 404 26513 "-" "Mozilla/5.0 (Windows NT 10.0; Win64; x64) AppleWebKit/537.36 (KHTML, like Gecko) Chrome/92.0.4515.107 Safari/537.36"
79.179.42.142 - - [01/Jan/2025:06:40:08 +0300] "PUT /index.html HTTP/1.1" 400 32161 "-" "Safari/604.1 CFNetwork/893.14 Darwin/17.0.0 (x86_64)"
191.22.97.183 - - [01/Jan/2025:06:40:41 +0300] "POST /services/ HTTP/1.1" 200 29644 "-" "Microsoft Edge 44.18362.449.0; Windows 10; ARM64"
130.195.42.222 - - [01/Jan/2025:06:42:17 +0300] "PATCH /about-us/ HTTP/1.1" 502 8970 "-" "Crawler Bot v1.0 (+https://example.com/bot.html)"
206.74.177.39 - - [01/Jan/2025:06:42:35 +0300] "DELETE /index.html HTTP/1.1" 400 6020 "-" "Internet Explorer 7.0; Windows NT 6.0; Trident/5.0"
237.80.16.71 - - [01/Jan/2025:06:44:03 +0300] "PUT /about-us/ HTTP/1.1" 400 7347 "-" "Crawler Bot v1.0 (+https://example.com/bot.html)"
237.80.16.71 - - [01/Jan/2025:06:45:52 +0300] "POST /products/ HTTP/1.1" 503 12158 "-" "Internet Explorer 7.0; Windows NT 6.0; Trident/5.0"
146.55.198.94 - - [01/Jan/2025:06:46:21 +0300] "GET /products/ HTTP/1.1" 200 8796 "-" "Microsoft Edge 44.18362.449.0; Windows 10; ARM64"
146.55.198.94 - - [01/Jan/2025:06:46:30 +0300] "PATCH /about-us/ HTTP/1.1" 502 14154 "-" "Mozilla/5.0 (Windows NT 10.0; Win64; x64) AppleWebKit/537.36 (KHTML, like Gecko) Chrome/92.0.4515.107 Safari/537.36"
191.22.97.183 - - [01/Jan/2025:06:47:55 +0300] "GET /contact/ HTTP/1.1" 501 27236 "-" "Microsoft Edge 44.18362.449.0; Windows 10; ARM64"
146.55.198.94 - - [01/Jan/2025:06:48:29 +0300] "PUT /contact/ HTTP/1.1" 201 10814 "-" "Internet Explorer 7.0; Windows NT 6.0; Trident/5.0"
237.80.16.71 - - [01/Jan/2025:06:49:14 +0300] "PUT /index.html HTTP/1.1" 502 8815 "-" "Internet Explorer 7.0; Windows NT 6.0; Trident/5.0"
191.22.97.183 - - [01/Jan/2025:06:50:13 +0300] "PATCH /products/ HTTP/1.1" 401 27690 "-" "Crawler Bot v1.0 (+https://example.com/bot.html)"
130.195.42.222 - - [01/Jan/2025:06:51:21 +0300] "GET /services/ HTTP/1.1" 503 26111 "-" "Mozilla/5.0 (Windows NT 10.0; Win64; x64) AppleWebKit/537.36 (KHTML, like Gecko) Chrome/92.0.4515.107 Safari/537.36"
191.22.97.183 - - [01/Jan/2025:06:52:50 +0300] "GET /services/ HTTP/1.1" 201 19669 "-" "Wget/1.19.5 (linux-gnu)"
228.144.164.101 - - [01/Jan/2025:06:54:14 +0300] "PUT /products/ HTTP/1.1" 401 12693 "-" "Mozilla/5.0 (Windows NT 10.0; Win64; x64) AppleWebKit/537.36 (KHTML, like Gecko) Chrome/92.0.4515.107 Safari/537.36"
191.22.97.183 - - [01/Jan/2025:06:54:25 +0300] "DELETE /contact/ HTTP/1.1" 201 18323 "-" "Wget/1.19.5 (linux-gnu)"
146.55.198.94 - - [01/Jan/2025:06:56:14 +0300] "GET /services/ HTTP/1.1" 401 25095 "-" "Wget/1.19.5 (linux-gnu)"
130.195.42.222 - - [01/Jan/2025:06:56:57 +0300] "POST /services/ HTTP/1.1" 201 3067 "-" "Opera/9.80 (X11; Linux i686; Ubuntu/14.10) Presto/2.12.388 Version/12.16"
182.212.150.73 - - [01/Jan/2025:06:57:00 +0300] "POST /about-us/ HTTP/1.1" 502 12509 "-" "Opera/9.80 (X11; Linux i686; Ubuntu/14.10) Presto/2.12.388 Version/12.16"
146.55.198.94 - - [01/Jan/2025:06:57:12 +0300] "DELETE /contact/ HTTP/1.1" 400 22991 "-" "Internet Explorer 7.0; Windows NT 6.0; Trident/5.0"
182.212.150.73 - - [01/Jan/2025:06:58:04 +0300] "POST /contact/ HTTP/1.1" 200 27922 "-" "Mozilla/5.0 (Windows NT 10.0; Win64; x64) AppleWebKit/537.36 (KHTML, like Gecko) Chrome/92.0.4515.107 Safari/537.36"
130.195.42.222 - - [01/Jan/2025:06:59:10 +0300] "PATCH /contact/ HTTP/1.1" 200 11396 "-" "Crawler Bot v1.0 (+https://example.com/bot.html)"
182.212.150.73 - - [01/Jan/2025:07:00:33 +0300] "GET /services/ HTTP/1.1" 403 21979 "-" "Wget/1.19.5 (linux-gnu)"
182.212.150.73 - - [01/Jan/2025:07:00:45 +0300] "PATCH /index.html HTTP/1.1" 200 15812 "-" "Wget/1.19.5 (linux-gnu)"
83.214.79.193 - - [01/Jan/2025:07:01:50 +0300] "PUT /services/ HTTP/1.1" 403 21094 "-" "Microsoft Edge 44.18362.449.0; Windows 10; ARM64"
237.80.16.71 - - [01/Jan/2025:07:02:28 +0300] "DELETE /contact/ HTTP/1.1" 502 27006 "-" "Crawler Bot v1.0 (+https://example.com/bot.html)"
191.22.97.183 - - [01/Jan/2025:07:03:03 +0300] "GET /index.html HTTP/1.1" 500 22713 "-" "Wget/1.19.5 (linux-gnu)"
83.214.79.193 - - [01/Jan/2025:07:04:37 +0300] "POST /services/ HTTP/1.1" 501 3213 "-" "Internet Explorer 7.0; Windows NT 6.0; Trident/5.0"
191.22.97.183 - - [01/Jan/2025:07:05:49 +0300] "GET /contact/ HTTP/1.1" 503 32555 "-" "Wget/1.19.5 (linux-gnu)"
79.179.42.142 - - [01/Jan/2025:07:06:06 +0300] "POST /index.html HTTP/1.1" 400 31633 "-" "Crawler Bot v1.0 (+https://example.com/bot.html)"
130.195.42.222 - - [01/Jan/2025:07:07:32 +0300] "PATCH /about-us/ HTTP/1.1" 500 18119 "-" "Wget/1.19.5 (linux-gnu)"
182.212.150.73 - - [01/Jan/2025:07:08:07 +0300] "PATCH /products/ HTTP/1.1" 502 14495 "-" "Safari/604.1 CFNetwork/893.14 Darwin/17.0.0 (x86_64)"
228.144.164.101 - - [01/Jan/2025:07:10:00 +0300] "POST /services/ HTTP/1.1" 502 3667 "-" "Safari/604.1 CFNetwork/893.14 Darwin/17.0.0 (x86_64)"
202.194.16.171 - - [01/Jan/2025:07:11:35 +0300] "PUT /about-us/ HTTP/1.1" 404 23301 "-" "Safari/604.1 CFNetwork/893.14 Darwin/17.0.0 (x86_64)"
191.22.97.183 - - [01/Jan/2025:07:12:45 +0300] "PUT /about-us/ HTTP/1.1" 500 5115 "-" "Wget/1.19.5 (linux-gnu)"
130.195.42.222 - - [01/Jan/2025:07:13:51 +0300] "POST /contact/ HTTP/1.1" 500 1333 "-" "Safari/604.1 CFNetwork/893.14 Darwin/17.0.0 (x86_64)"
237.80.16.71 - - [01/Jan/2025:07:14:17 +0300] "GET /contact/ HTTP/1.1" 503 19448 "-" "Safari/604.1 CFNetwork/893.14 Darwin/17.0.0 (x86_64)"
83.214.79.193 - - [01/Jan/2025:07:15:24 +0300] "PUT /services/ HTTP/1.1" 201 12959 "-" "Crawler Bot v1.0 (+https://example.com/bot.html)"
206.74.177.39 - - [01/Jan/2025:07:17:04 +0300] "DELETE /index.html HTTP/1.1" 401 21018 "-" "Opera/9.80 (X11; Linux i686; Ubuntu/14.10) Presto/2.12.388 Version/12.16"
202.194.16.171 - - [01/Jan/2025:07:17:33 +0300] "DELETE /index.html HTTP/1.1" 403 24854 "-" "Opera/9.80 (X11; Linux i686; Ubuntu/14.10) Presto/2.12.388 Version/12.16"
83.214.79.193 - - [01/Jan/2025:07:18:25 +0300] "POST /contact/ HTTP/1.1" 400 16961 "-" "Wget/1.19.5 (linux-gnu)"
21.224.156.88 - - [01/Jan/2025:07:18:50 +0300] "GET /products/ HTTP/1.1" 404 2866 "-" "Internet Explorer 7.0; Windows NT 6.0; Trident/5.0"
146.55.198.94 - - [01/Jan/2025:07:19:31 +0300] "GET /services/ HTTP/1.1" 404 3564 "-" "Opera/9.80 (X11; Linux i686; Ubuntu/14.10) Presto/2.12.388 Version/12.16"
237.80.16.71 - - [01/Jan/2025:07:20:43 +0300] "PATCH /services/ HTTP/1.1" 503 33601 "-" "Safari/604.1 CFNetwork/893.14 Darwin/17.0.0 (x86_64)"
237.80.16.71 - - [01/Jan/2025:07:21:49 +0300] "POST /products/ HTTP/1.1" 501 14277 "-" "Opera/9.80 (X11; Linux i686; Ubuntu/14.10) Presto/2.12.388 Version/12.16"
202.194.16.171 - - [01/Jan/2025:07:22:40 +0300] "PATCH /contact/ HTTP/1.1" 401 19139 "-" "Microsoft Edge 44.18362.449.0; Windows 10; ARM64"
228.144.164.101 - - [01/Jan/2025:07:23:31 +0300] "PUT /products/ HTTP/1.1" 502 33239 "-" "Safari/604.1 CFNetwork/893.14 Darwin/17.0.0 (x86_64)"
21.224.156.88 - - [01/Jan/2025:07:24:34 +0300] "POST /services/ HTTP/1.1" 403 1857 "-" "Wget/1.19.5 (linux-gnu)"
206.74.177.39 - - [01/Jan/2025:07:26:10 +0300] "GET /contact/ HTTP/1.1" 401 31533 "-" "Opera/9.80 (X11; Linux i686; Ubuntu/14.10) Presto/2.12.388 Version/12.16"
202.194.16.171 - - [01/Jan/2025:07:26:33 +0300] "PUT /about-us/ HTTP/1.1" 401 2195 "-" "Opera/9.80 (X11; Linux i686; Ubuntu/14.10) Presto/2.12.388 Version/12.16"
146.55.198.94 - - [01/Jan/2025:07:27:30 +0300] "DELETE /products/ HTTP/1.1" 404 11550 "-" "Wget/1.19.5 (linux-gnu)"
237.80.16.71 - - [01/Jan/2025:07:28:58 +0300] "PUT /index.html HTTP/1.1" 200 2712 "-" "Safari/604.1 CFNetwork/893.14 Darwin/17.0.0 (x86_64)"
130.195.42.222 - - [01/Jan/2025:07:29:54 +0300] "PUT /index.html HTTP/1.1" 401 19609 "-" "Internet Explorer 7.0; Windows NT 6.0; Trident/5.0"
191.22.97.183 - - [01/Jan/2025:07:30:26 +0300] "PATCH /services/ HTTP/1.1" 404 3079 "-" "Opera/9.80 (X11; Linux i686; Ubuntu/14.10) Presto/2.12.388 Version/12.16"
130.195.42.222 - - [01/Jan/2025:07:31:30 +0300] "POST /index.html HTTP/1.1" 503 4356 "-" "Crawler Bot v1.0 (+https://example.com/bot.html)"
206.74.177.39 - - [01/Jan/2025:07:33:21 +0300] "POST /index.html HTTP/1.1" 404 3776 "-" "Microsoft Edge 44.18362.449.0; Windows 10; ARM64"
182.212.150.73 - - [01/Jan/2025:07:33:39 +0300] "DELETE /products/ HTTP/1.1" 201 21787 "-" "Mozilla/5.0 (Windows NT 10.0; Win64; x64) AppleWebKit/537.36 (KHTML, like Gecko) Chrome/92.0.4515.107 Safari/537.36"
237.80.16.71 - - [01/Jan/2025:07:33:48 +0300] "DELETE /contact/ HTTP/1.1" 404 30700 "-" "Microsoft Edge 44.18362.449.0; Windows 10; ARM64"
237.80.16.71 - - [01/Jan/2025:07:34:09 +0300] "PATCH /index.html HTTP/1.1" 201 14994 "-" "Internet Explorer 7.0; Windows NT 6.0; Trident/5.0"
206.74.177.39 - - [01/Jan/2025:07:35:23 +0300] "GET /about-us/ HTTP/1.1" 502 22809 "-" "Safari/604.1 CFNetwork/893.14 Darwin/17.0.0 (x86_64)"
202.194.16.171 - - [01/Jan/2025:07:35:35 +0300] "POST /contact/ HTTP/1.1" 404 9911 "-" "Crawler Bot v1.0 (+https://example.com/bot.html)"
146.55.198.94 - - [01/Jan/2025:07:36:02 +0300] "DELETE /index.html HTTP/1.1" 200 10237 "-" "Wget/1.19.5 (linux-gnu)"
83.214.79.193 - - [01/Jan/2025:07:36:19 +0300] "POST /about-us/ HTTP/1.1" 403 30989 "-" "Microsoft Edge 44.18362.449.0; Windows 10; ARM64"
237.80.16.71 - - [01/Jan/2025:07:36:50 +0300] "PATCH /about-us/ HTTP/1.1" 503 25803 "-" "Crawler Bot v1.0 (+https://example.com/bot.html)"
228.144.164.101 - - [01/Jan/2025:07:37:59 +0300] "POST /about-us/ HTTP/1.1" 500 17941 "-" "Opera/9.80 (X11; Linux i686; Ubuntu/14.10) Presto/2.12.388 Version/12.16"
228.144.164.101 - - [01/Jan/2025:07:38:52 +0300] "POST /about-us/ HTTP/1.1" 400 16552 "-" "Wget/1.19.5 (linux-gnu)"
83.214.79.193 - - [01/Jan/2025:07:39:13 +0300] "POST /index.html HTTP/1.1" 400 15588 "-" "Crawler Bot v1.0 (+https://example.com/bot.html)"
130.195.42.222 - - [01/Jan/2025:07:39:18 +0300] "DELETE /contact/ HTTP/1.1" 404 23397 "-" "Crawler Bot v1.0 (+https://example.com/bot.html)"
146.55.198.94 - - [01/Jan/2025:07:39:35 +0300] "DELETE /services/ HTTP/1.1" 201 20822 "-" "Internet Explorer 7.0; Windows NT 6.0; Trident/5.0"
202.194.16.171 - - [01/Jan/2025:07:41:21 +0300] "DELETE /about-us/ HTTP/1.1" 400 5456 "-" "Opera/9.80 (X11; Linux i686; Ubuntu/14.10) Presto/2.12.388 Version/12.16"
79.179.42.142 - - [01/Jan/2025:07:41:33 +0300] "GET /products/ HTTP/1.1" 403 25004 "-" "Internet Explorer 7.0; Windows NT 6.0; Trident/5.0"
79.179.42.142 - - [01/Jan/2025:07:42:48 +0300] "PUT /index.html HTTP/1.1" 201 25939 "-" "Wget/1.19.5 (linux-gnu)"
191.22.97.183 - - [01/Jan/2025:07:43:59 +0300] "PATCH /index.html HTTP/1.1" 403 19924 "-" "Microsoft Edge 44.18362.449.0; Windows 10; ARM64"
206.74.177.39 - - [01/Jan/2025:07:44:39 +0300] "POST /index.html HTTP/1.1" 502 15658 "-" "Wget/1.19.5 (linux-gnu)"
202.194.16.171 - - [01/Jan/2025:07:45:56 +0300] "GET /contact/ HTTP/1.1" 404 2460 "-" "Wget/1.19.5 (linux-gnu)"
191.22.97.183 - - [01/Jan/2025:07:46:47 +0300] "GET /services/ HTTP/1.1" 403 7907 "-" "Internet Explorer 7.0; Windows NT 6.0; Trident/5.0"
237.80.16.71 - - [01/Jan/2025:07:46:49 +0300] "PUT /index.html HTTP/1.1" 400 14927 "-" "Wget/1.19.5 (linux-gnu)"
83.214.79.193 - - [01/Jan/2025:07:46:55 +0300] "DELETE /products/ HTTP/1.1" 201 2559 "-" "Mozilla/5.0 (Windows NT 10.0; Win64; x64) AppleWebKit/537.36 (KHTML, like Gecko) Chrome/92.0.4515.107 Safari/537.36"
182.212.150.73 - - [01/Jan/2025:07:48:35 +0300] "POST /services/ HTTP/1.1" 501 33731 "-" "Crawler Bot v1.0 (+https://example.com/bot.html)"
79.179.42.142 - - [01/Jan/2025:07:50:28 +0300] "PUT /index.html HTTP/1.1" 500 31726 "-" "Microsoft Edge 44.18362.449.0; Windows 10; ARM64"
130.195.42.222 - - [01/Jan/2025:07:50:46 +0300] "PUT /contact/ HTTP/1.1" 200 28715 "-" "Opera/9.80 (X11; Linux i686; Ubuntu/14.10) Presto/2.12.388 Version/12.16"
83.214.79.193 - - [01/Jan/2025:07:52:08 +0300] "PUT /index.html HTTP/1.1" 502 5501 "-" "Wget/1.19.5 (linux-gnu)"
206.74.177.39 - - [01/Jan/2025:07:53:38 +0300] "DELETE /about-us/ HTTP/1.1" 400 32684 "-" "Safari/604.1 CFNetwork/893.14 Darwin/17.0.0 (x86_64)"
146.55.198.94 - - [01/Jan/2025:07:54:59 +0300] "PUT /products/ HTTP/1.1" 404 16057 "-" "Internet Explorer 7.0; Windows NT 6.0; Trident/5.0"
237.80.16.71 - - [01/Jan/2025:07:56:51 +0300] "GET /index.html HTTP/1.1" 404 20978 "-" "Crawler Bot v1.0 (+https://example.com/bot.html)"
182.212.150.73 - - [01/Jan/2025:07:58:23 +0300] "PUT /products/ HTTP/1.1" 200 17063 "-" "Mozilla/5.0 (Windows NT 10.0; Win64; x64) AppleWebKit/537.36 (KHTML, like Gecko) Chrome/92.0.4515.107 Safari/537.36"
228.144.164.101 - - [01/Jan/2025:07:58:27 +0300] "PATCH /about-us/ HTTP/1.1" 501 22349 "-" "Safari/604.1 CFNetwork/893.14 Darwin/17.0.0 (x86_64)"
206.74.177.39 - - [01/Jan/2025:07:59:14 +0300] "DELETE /about-us/ HTTP/1.1" 400 9794 "-" "Wget/1.19.5 (linux-gnu)"
130.195.42.222 - - [01/Jan/2025:08:00:49 +0300] "PATCH /services/ HTTP/1.1" 400 24063 "-" "Crawler Bot v1.0 (+https://example.com/bot.html)"
79.179.42.142 - - [01/Jan/2025:08:01:24 +0300] "POST /services/ HTTP/1.1" 200 28875 "-" "Crawler Bot v1.0 (+https://example.com/bot.html)"
79.179.42.142 - - [01/Jan/2025:08:01:28 +0300] "PATCH /contact/ HTTP/1.1" 200 23354 "-" "Safari/604.1 CFNetwork/893.14 Darwin/17.0.0 (x86_64)"
146.55.198.94 - - [01/Jan/2025:08:02:19 +0300] "DELETE /about-us/ HTTP/1.1" 502 19318 "-" "Mozilla/5.0 (Windows NT 10.0; Win64; x64) AppleWebKit/537.36 (KHTML, like Gecko) Chrome/92.0.4515.107 Safari/537.36"
130.195.42.222 - - [01/Jan/2025:08:03:42 +0300] "GET /index.html HTTP/1.1" 501 16640 "-" "Crawler Bot v1.0 (+https://example.com/bot.html)"
146.55.198.94 - - [01/Jan/2025:08:04:58 +0300] "DELETE /index.html HTTP/1.1" 200 15194 "-" "Microsoft Edge 44.18362.449.0; Windows 10; ARM64"
191.22.97.183 - - [01/Jan/2025:08:05:28 +0300] "DELETE /services/ HTTP/1.1" 403 14235 "-" "Microsoft Edge 44.18362.449.0; Windows 10; ARM64"
237.80.16.71 - - [01/Jan/2025:08:07:14 +0300] "DELETE /products/ HTTP/1.1" 503 17650 "-" "Opera/9.80 (X11; Linux i686; Ubuntu/14.10) Presto/2.12.388 Version/12.16"
79.179.42.142 - - [01/Jan/2025:08:09:01 +0300] "POST /contact/ HTTP/1.1" 403 25067 "-" "Crawler Bot v1.0 (+https://example.com/bot.html)"
202.194.16.171 - - [01/Jan/2025:08:09:30 +0300] "PATCH /products/ HTTP/1.1" 501 30072 "-" "Wget/1.19.5 (linux-gnu)"
79.179.42.142 - - [01/Jan/2025:08:10:05 +0300] "PATCH /index.html HTTP/1.1" 500 33366 "-" "Opera/9.80 (X11; Linux i686; Ubuntu/14.10) Presto/2.12.388 Version/12.16"
83.214.79.193 - - [01/Jan/2025:08:10:28 +0300] "POST /index.html HTTP/1.1" 503 25716 "-" "Wget/1.19.5 (linux-gnu)"
21.224.156.88 - - [01/Jan/2025:08:12:19 +0300] "PUT /about-us/ HTTP/1.1" 404 23722 "-" "Mozilla/5.0 (Windows NT 10.0; Win64; x64) AppleWebKit/537.36 (KHTML, like Gecko) Chrome/92.0.4515.107 Safari/537.36"
202.194.16.171 - - [01/Jan/2025:08:13:24 +0300] "DELETE /index.html HTTP/1.1" 403 21856 "-" "Opera/9.80 (X11; Linux i686; Ubuntu/14.10) Presto/2.12.388 Version/12.16"
237.80.16.71 - - [01/Jan/2025:08:14:54 +0300] "POST /services/ HTTP/1.1" 503 32717 "-" "Crawler Bot v1.0 (+https://example.com/bot.html)"
191.22.97.183 - - [01/Jan/2025:08:15:20 +0300] "DELETE /products/ HTTP/1.1" 404 17402 "-" "Opera/9.80 (X11; Linux i686; Ubuntu/14.10) Presto/2.12.388 Version/12.16"
83.214.79.193 - - [01/Jan/2025:08:15:24 +0300] "PUT /about-us/ HTTP/1.1" 500 3341 "-" "Internet Explorer 7.0; Windows NT 6.0; Trident/5.0"
146.55.198.94 - - [01/Jan/2025:08:16:52 +0300] "PUT /index.html HTTP/1.1" 500 27194 "-" "Wget/1.19.5 (linux-gnu)"
83.214.79.193 - - [01/Jan/2025:08:18:02 +0300] "PATCH /index.html HTTP/1.1" 201 4704 "-" "Wget/1.19.5 (linux-gnu)"
206.74.177.39 - - [01/Jan/2025:08:18:12 +0300] "POST /about-us/ HTTP/1.1" 403 3178 "-" "Mozilla/5.0 (Windows NT 10.0; Win64; x64) AppleWebKit/537.36 (KHTML, like Gecko) Chrome/92.0.4515.107 Safari/537.36"
146.55.198.94 - - [01/Jan/2025:08:19:34 +0300] "PATCH /services/ HTTP/1.1" 501 11324 "-" "Opera/9.80 (X11; Linux i686; Ubuntu/14.10) Presto/2.12.388 Version/12.16"
79.179.42.142 - - [01/Jan/2025:08:19:53 +0300] "PATCH /index.html HTTP/1.1" 403 4698 "-" "Microsoft Edge 44.18362.449.0; Windows 10; ARM64"
237.80.16.71 - - [01/Jan/2025:08:20:16 +0300] "POST /products/ HTTP/1.1" 403 12495 "-" "Safari/604.1 CFNetwork/893.14 Darwin/17.0.0 (x86_64)"
130.195.42.222 - - [01/Jan/2025:08:20:40 +0300] "POST /index.html HTTP/1.1" 502 32624 "-" "Wget/1.19.5 (linux-gnu)"
182.212.150.73 - - [01/Jan/2025:08:22:11 +0300] "GET /services/ HTTP/1.1" 400 24769 "-" "Wget/1.19.5 (linux-gnu)"
21.224.156.88 - - [01/Jan/2025:08:22:12 +0300] "DELETE /services/ HTTP/1.1" 201 9921 "-" "Opera/9.80 (X11; Linux i686; Ubuntu/14.10) Presto/2.12.388 Version/12.16"
130.195.42.222 - - [01/Jan/2025:08:23:36 +0300] "POST /products/ HTTP/1.1" 503 14472 "-" "Wget/1.19.5 (linux-gnu)"
83.214.79.193 - - [01/Jan/2025:08:24:23 +0300] "PUT /index.html HTTP/1.1" 501 11596 "-" "Mozilla/5.0 (Windows NT 10.0; Win64; x64) AppleWebKit/537.36 (KHTML, like Gecko) Chrome/92.0.4515.107 Safari/537.36"
83.214.79.193 - - [01/Jan/2025:08:25:37 +0300] "GET /about-us/ HTTP/1.1" 201 29619 "-" "Mozilla/5.0 (Windows NT 10.0; Win64; x64) AppleWebKit/537.36 (KHTML, like Gecko) Chrome/92.0.4515.107 Safari/537.36"
130.195.42.222 - - [01/Jan/2025:08:27:27 +0300] "POST /contact/ HTTP/1.1" 403 3648 "-" "Wget/1.19.5 (linux-gnu)"
202.194.16.171 - - [01/Jan/2025:08:27:42 +0300] "DELETE /about-us/ HTTP/1.1" 200 27483 "-" "Mozilla/5.0 (Windows NT 10.0; Win64; x64) AppleWebKit/537.36 (KHTML, like Gecko) Chrome/92.0.4515.107 Safari/537.36"
146.55.198.94 - - [01/Jan/2025:08:29:01 +0300] "DELETE /products/ HTTP/1.1" 401 12837 "-" "Microsoft Edge 44.18362.449.0; Windows 10; ARM64"
182.212.150.73 - - [01/Jan/2025:08:29:09 +0300] "POST /products/ HTTP/1.1" 201 21086 "-" "Mozilla/5.0 (Windows NT 10.0; Win64; x64) AppleWebKit/537.36 (KHTML, like Gecko) Chrome/92.0.4515.107 Safari/537.36"
146.55.198.94 - - [01/Jan/2025:08:30:57 +0300] "DELETE /index.html HTTP/1.1" 404 31198 "-" "Internet Explorer 7.0; Windows NT 6.0; Trident/5.0"
191.22.97.183 - - [01/Jan/2025:08:32:27 +0300] "GET /about-us/ HTTP/1.1" 403 11429 "-" "Opera/9.80 (X11; Linux i686; Ubuntu/14.10) Presto/2.12.388 Version/12.16"
146.55.198.94 - - [01/Jan/2025:08:33:48 +0300] "DELETE /index.html HTTP/1.1" 200 11671 "-" "Internet Explorer 7.0; Windows NT 6.0; Trident/5.0"
237.80.16.71 - - [01/Jan/2025:08:35:34 +0300] "DELETE /index.html HTTP/1.1" 200 18345 "-" "Safari/604.1 CFNetwork/893.14 Darwin/17.0.0 (x86_64)"
83.214.79.193 - - [01/Jan/2025:08:37:17 +0300] "PATCH /contact/ HTTP/1.1" 200 27086 "-" "Crawler Bot v1.0 (+https://example.com/bot.html)"
146.55.198.94 - - [01/Jan/2025:08:37:44 +0300] "GET /products/ HTTP/1.1" 500 22638 "-" "Microsoft Edge 44.18362.449.0; Windows 10; ARM64"
83.214.79.193 - - [01/Jan/2025:08:38:34 +0300] "PUT /services/ HTTP/1.1" 404 30690 "-" "Opera/9.80 (X11; Linux i686; Ubuntu/14.10) Presto/2.12.388 Version/12.16"
206.74.177.39 - - [01/Jan/2025:08:40:00 +0300] "POST /contact/ HTTP/1.1" 403 17834 "-" "Crawler Bot v1.0 (+https://example.com/bot.html)"
21.224.156.88 - - [01/Jan/2025:08:40:55 +0300] "GET /contact/ HTTP/1.1" 201 25673 "-" "Safari/604.1 CFNetwork/893.14 Darwin/17.0.0 (x86_64)"
237.80.16.71 - - [01/Jan/2025:08:42:14 +0300] "POST /about-us/ HTTP/1.1" 403 13032 "-" "Microsoft Edge 44.18362.449.0; Windows 10; ARM64"
191.22.97.183 - - [01/Jan/2025:08:42:30 +0300] "DELETE /about-us/ HTTP/1.1" 201 19139 "-" "Crawler Bot v1.0 (+https://example.com/bot.html)"
228.144.164.101 - - [01/Jan/2025:08:44:16 +0300] "POST /index.html HTTP/1.1" 501 31247 "-" "Wget/1.19.5 (linux-gnu)"
130.195.42.222 - - [01/Jan/2025:08:45:58 +0300] "DELETE /index.html HTTP/1.1" 404 12633 "-" "Opera/9.80 (X11; Linux i686; Ubuntu/14.10) Presto/2.12.388 Version/12.16"
146.55.198.94 - - [01/Jan/2025:08:46:37 +0300] "PATCH /products/ HTTP/1.1" 401 28641 "-" "Crawler Bot v1.0 (+https://example.com/bot.html)"
21.224.156.88 - - [01/Jan/2025:08:47:08 +0300] "DELETE /products/ HTTP/1.1" 200 16347 "-" "Internet Explorer 7.0; Windows NT 6.0; Trident/5.0"
237.80.16.71 - - [01/Jan/2025:08:48:22 +0300] "POST /services/ HTTP/1.1" 403 1182 "-" "Internet Explorer 7.0; Windows NT 6.0; Trident/5.0"
206.74.177.39 - - [01/Jan/2025:08:48:46 +0300] "PATCH /products/ HTTP/1.1" 401 13924 "-" "Mozilla/5.0 (Windows NT 10.0; Win64; x64) AppleWebKit/537.36 (KHTML, like Gecko) Chrome/92.0.4515.107 Safari/537.36"
191.22.97.183 - - [01/Jan/2025:08:50:33 +0300] "DELETE /about-us/ HTTP/1.1" 401 29150 "-" "Mozilla/5.0 (Windows NT 10.0; Win64; x64) AppleWebKit/537.36 (KHTML, like Gecko) Chrome/92.0.4515.107 Safari/537.36"
21.224.156.88 - - [01/Jan/2025:08:52:01 +0300] "DELETE /index.html HTTP/1.1" 502 28184 "-" "Opera/9.80 (X11; Linux i686; Ubuntu/14.10) Presto/2.12.388 Version/12.16"
83.214.79.193 - - [01/Jan/2025:08:52:52 +0300] "POST /contact/ HTTP/1.1" 403 12543 "-" "Wget/1.19.5 (linux-gnu)"
130.195.42.222 - - [01/Jan/2025:08:53:30 +0300] "PATCH /products/ HTTP/1.1" 200 16589 "-" "Mozilla/5.0 (Windows NT 10.0; Win64; x64) AppleWebKit/537.36 (KHTML, like Gecko) Chrome/92.0.4515.107 Safari/537.36"
83.214.79.193 - - [01/Jan/2025:08:53:32 +0300] "GET /index.html HTTP/1.1" 503 9743 "-" "Safari/604.1 CFNetwork/893.14 Darwin/17.0.0 (x86_64)"
202.194.16.171 - - [01/Jan/2025:08:54:02 +0300] "POST /about-us/ HTTP/1.1" 400 19397 "-" "Wget/1.19.5 (linux-gnu)"
21.224.156.88 - - [01/Jan/2025:08:55:40 +0300] "PATCH /index.html HTTP/1.1" 501 10421 "-" "Mozilla/5.0 (Windows NT 10.0; Win64; x64) AppleWebKit/537.36 (KHTML, like Gecko) Chrome/92.0.4515.107 Safari/537.36"
237.80.16.71 - - [01/Jan/2025:08:56:11 +0300] "POST /about-us/ HTTP/1.1" 503 19926 "-" "Microsoft Edge 44.18362.449.0; Windows 10; ARM64"
228.144.164.101 - - [01/Jan/2025:08:56:37 +0300] "GET /contact/ HTTP/1.1" 201 25741 "-" "Internet Explorer 7.0; Windows NT 6.0; Trident/5.0"
146.55.198.94 - - [01/Jan/2025:08:58:17 +0300] "POST /products/ HTTP/1.1" 400 27499 "-" "Crawler Bot v1.0 (+https://example.com/bot.html)"
202.194.16.171 - - [01/Jan/2025:08:59:37 +0300] "DELETE /contact/ HTTP/1.1" 400 10804 "-" "Internet Explorer 7.0; Windows NT 6.0; Trident/5.0"
206.74.177.39 - - [01/Jan/2025:09:00:19 +0300] "GET /services/ HTTP/1.1" 200 6428 "-" "Opera/9.80 (X11; Linux i686; Ubuntu/14.10) Presto/2.12.388 Version/12.16"
79.179.42.142 - - [01/Jan/2025:09:02:12 +0300] "POST /services/ HTTP/1.1" 200 32461 "-" "Mozilla/5.0 (Windows NT 10.0; Win64; x64) AppleWebKit/537.36 (KHTML, like Gecko) Chrome/92.0.4515.107 Safari/537.36"
182.212.150.73 - - [01/Jan/2025:09:02:41 +0300] "POST /products/ HTTP/1.1" 502 11776 "-" "Safari/604.1 CFNetwork/893.14 Darwin/17.0.0 (x86_64)"
202.194.16.171 - - [01/Jan/2025:09:04:14 +0300] "PUT /about-us/ HTTP/1.1" 404 3575 "-" "Microsoft Edge 44.18362.449.0; Windows 10; ARM64"
228.144.164.101 - - [01/Jan/2025:09:04:39 +0300] "POST /products/ HTTP/1.1" 503 30235 "-" "Opera/9.80 (X11; Linux i686; Ubuntu/14.10) Presto/2.12.388 Version/12.16"
191.22.97.183 - - [01/Jan/2025:09:05:47 +0300] "DELETE /products/ HTTP/1.1" 201 17957 "-" "Crawler Bot v1.0 (+https://example.com/bot.html)"
182.212.150.73 - - [01/Jan/2025:09:06:16 +0300] "PUT /contact/ HTTP/1.1" 501 1265 "-" "Microsoft Edge 44.18362.449.0; Windows 10; ARM64"
191.22.97.183 - - [01/Jan/2025:09:07:11 +0300] "GET /index.html HTTP/1.1" 403 20239 "-" "Mozilla/5.0 (Windows NT 10.0; Win64; x64) AppleWebKit/537.36 (KHTML, like Gecko) Chrome/92.0.4515.107 Safari/537.36"
21.224.156.88 - - [01/Jan/2025:09:08:01 +0300] "DELETE /products/ HTTP/1.1" 500 25630 "-" "Opera/9.80 (X11; Linux i686; Ubuntu/14.10) Presto/2.12.388 Version/12.16"
79.179.42.142 - - [01/Jan/2025:09:09:49 +0300] "DELETE /index.html HTTP/1.1" 200 18742 "-" "Microsoft Edge 44.18362.449.0; Windows 10; ARM64"
83.214.79.193 - - [01/Jan/2025:09:10:13 +0300] "POST /services/ HTTP/1.1" 201 9295 "-" "Microsoft Edge 44.18362.449.0; Windows 10; ARM64"
182.212.150.73 - - [01/Jan/2025:09:10:36 +0300] "PATCH /about-us/ HTTP/1.1" 502 18072 "-" "Microsoft Edge 44.18362.449.0; Windows 10; ARM64"
191.22.97.183 - - [01/Jan/2025:09:10:37 +0300] "GET /contact/ HTTP/1.1" 502 20058 "-" "Opera/9.80 (X11; Linux i686; Ubuntu/14.10) Presto/2.12.388 Version/12.16"
202.194.16.171 - - [01/Jan/2025:09:11:26 +0300] "DELETE /index.html HTTP/1.1" 201 5071 "-" "Internet Explorer 7.0; Windows NT 6.0; Trident/5.0"
191.22.97.183 - - [01/Jan/2025:09:12:57 +0300] "PATCH /contact/ HTTP/1.1" 500 19595 "-" "Microsoft Edge 44.18362.449.0; Windows 10; ARM64"
228.144.164.101 - - [01/Jan/2025:09:14:32 +0300] "PUT /products/ HTTP/1.1" 201 6200 "-" "Microsoft Edge 44.18362.449.0; Windows 10; ARM64"
130.195.42.222 - - [01/Jan/2025:09:15:56 +0300] "PUT /products/ HTTP/1.1" 403 8459 "-" "Opera/9.80 (X11; Linux i686; Ubuntu/14.10) Presto/2.12.388 Version/12.16"
182.212.150.73 - - [01/Jan/2025:09:16:18 +0300] "GET /contact/ HTTP/1.1" 201 8254 "-" "Wget/1.19.5 (linux-gnu)"
182.212.150.73 - - [01/Jan/2025:09:17:44 +0300] "PATCH /contact/ HTTP/1.1" 403 14576 "-" "Wget/1.19.5 (linux-gnu)"
83.214.79.193 - - [01/Jan/2025:09:19:23 +0300] "PATCH /contact/ HTTP/1.1" 501 18075 "-" "Safari/604.1 CFNetwork/893.14 Darwin/17.0.0 (x86_64)"
79.179.42.142 - - [01/Jan/2025:09:21:16 +0300] "PUT /contact/ HTTP/1.1" 502 21157 "-" "Microsoft Edge 44.18362.449.0; Windows 10; ARM64"
146.55.198.94 - - [01/Jan/2025:09:21:50 +0300] "GET /about-us/ HTTP/1.1" 400 14992 "-" "Opera/9.80 (X11; Linux i686; Ubuntu/14.10) Presto/2.12.388 Version/12.16"
130.195.42.222 - - [01/Jan/2025:09:23:16 +0300] "POST /about-us/ HTTP/1.1" 502 1087 "-" "Microsoft Edge 44.18362.449.0; Windows 10; ARM64"
146.55.198.94 - - [01/Jan/2025:09:23:21 +0300] "PATCH /index.html HTTP/1.1" 401 29328 "-" "Microsoft Edge 44.18362.449.0; Windows 10; ARM64"
202.194.16.171 - - [01/Jan/2025:09:25:08 +0300] "PUT /contact/ HTTP/1.1" 501 32798 "-" "Internet Explorer 7.0; Windows NT 6.0; Trident/5.0"
182.212.150.73 - - [01/Jan/2025:09:26:43 +0300] "POST /services/ HTTP/1.1" 500 33123 "-" "Internet Explorer 7.0; Windows NT 6.0; Trident/5.0"
206.74.177.39 - - [01/Jan/2025:09:28:03 +0300] "GET /index.html HTTP/1.1" 502 24533 "-" "Opera/9.80 (X11; Linux i686; Ubuntu/14.10) Presto/2.12.388 Version/12.16"
202.194.16.171 - - [01/Jan/2025:09:28:39 +0300] "PATCH /index.html HTTP/1.1" 403 11617 "-" "Crawler Bot v1.0 (+https://example.com/bot.html)"
191.22.97.183 - - [01/Jan/2025:09:29:56 +0300] "PATCH /index.html HTTP/1.1" 503 26150 "-" "Safari/604.1 CFNetwork/893.14 Darwin/17.0.0 (x86_64)"
237.80.16.71 - - [01/Jan/2025:09:30:09 +0300] "PUT /products/ HTTP/1.1" 404 19877 "-" "Opera/9.80 (X11; Linux i686; Ubuntu/14.10) Presto/2.12.388 Version/12.16"
202.194.16.171 - - [01/Jan/2025:09:31:32 +0300] "GET /about-us/ HTTP/1.1" 501 9045 "-" "Safari/604.1 CFNetwork/893.14 Darwin/17.0.0 (x86_64)"
79.179.42.142 - - [01/Jan/2025:09:31:41 +0300] "POST /contact/ HTTP/1.1" 404 4881 "-" "Wget/1.19.5 (linux-gnu)"
146.55.198.94 - - [01/Jan/2025:09:33:01 +0300] "PUT /index.html HTTP/1.1" 201 7107 "-" "Internet Explorer 7.0; Windows NT 6.0; Trident/5.0"
83.214.79.193 - - [01/Jan/2025:09:34:46 +0300] "PUT /index.html HTTP/1.1" 401 24356 "-" "Mozilla/5.0 (Windows NT 10.0; Win64; x64) AppleWebKit/537.36 (KHTML, like Gecko) Chrome/92.0.4515.107 Safari/537.36"
83.214.79.193 - - [01/Jan/2025:09:36:18 +0300] "DELETE /contact/ HTTP/1.1" 400 15405 "-" "Opera/9.80 (X11; Linux i686; Ubuntu/14.10) Presto/2.12.388 Version/12.16"
182.212.150.73 - - [01/Jan/2025:09:37:48 +0300] "PATCH /products/ HTTP/1.1" 502 10467 "-" "Safari/604.1 CFNetwork/893.14 Darwin/17.0.0 (x86_64)"
83.214.79.193 - - [01/Jan/2025:09:39:22 +0300] "GET /contact/ HTTP/1.1" 401 1882 "-" "Opera/9.80 (X11; Linux i686; Ubuntu/14.10) Presto/2.12.388 Version/12.16"
206.74.177.39 - - [01/Jan/2025:09:39:32 +0300] "DELETE /products/ HTTP/1.1" 401 7594 "-" "Crawler Bot v1.0 (+https://example.com/bot.html)"
146.55.198.94 - - [01/Jan/2025:09:40:13 +0300] "PATCH /services/ HTTP/1.1" 201 30946 "-" "Internet Explorer 7.0; Windows NT 6.0; Trident/5.0"
83.214.79.193 - - [01/Jan/2025:09:41:20 +0300] "POST /about-us/ HTTP/1.1" 503 31000 "-" "Mozilla/5.0 (Windows NT 10.0; Win64; x64) AppleWebKit/537.36 (KHTML, like Gecko) Chrome/92.0.4515.107 Safari/537.36"
83.214.79.193 - - [01/Jan/2025:09:41:32 +0300] "PATCH /about-us/ HTTP/1.1" 200 12243 "-" "Crawler Bot v1.0 (+https://example.com/bot.html)"
83.214.79.193 - - [01/Jan/2025:09:42:06 +0300] "PUT /contact/ HTTP/1.1" 500 15813 "-" "Wget/1.19.5 (linux-gnu)"
228.144.164.101 - - [01/Jan/2025:09:43:33 +0300] "PUT /about-us/ HTTP/1.1" 400 5116 "-" "Crawler Bot v1.0 (+https://example.com/bot.html)"
21.224.156.88 - - [01/Jan/2025:09:43:45 +0300] "PATCH /products/ HTTP/1.1" 201 15777 "-" "Opera/9.80 (X11; Linux i686; Ubuntu/14.10) Presto/2.12.388 Version/12.16"
130.195.42.222 - - [01/Jan/2025:09:45:31 +0300] "PUT /about-us/ HTTP/1.1" 502 25174 "-" "Wget/1.19.5 (linux-gnu)"
206.74.177.39 - - [01/Jan/2025:09:46:17 +0300] "PATCH /contact/ HTTP/1.1" 500 30557 "-" "Safari/604.1 CFNetwork/893.14 Darwin/17.0.0 (x86_64)"
79.179.42.142 - - [01/Jan/2025:09:47:51 +0300] "PUT /about-us/ HTTP/1.1" 201 9116 "-" "Mozilla/5.0 (Windows NT 10.0; Win64; x64) AppleWebKit/537.36 (KHTML, like Gecko) Chrome/92.0.4515.107 Safari/537.36"
146.55.198.94 - - [01/Jan/2025:09:48:47 +0300] "POST /services/ HTTP/1.1" 503 4656 "-" "Microsoft Edge 44.18362.449.0; Windows 10; ARM64"
206.74.177.39 - - [01/Jan/2025:09:49:57 +0300] "PATCH /services/ HTTP/1.1" 201 25435 "-" "Internet Explorer 7.0; Windows NT 6.0; Trident/5.0"
202.194.16.171 - - [01/Jan/2025:09:50:59 +0300] "PUT /index.html HTTP/1.1" 401 15427 "-" "Microsoft Edge 44.18362.449.0; Windows 10; ARM64"
146.55.198.94 - - [01/Jan/2025:09:51:13 +0300] "POST /contact/ HTTP/1.1" 401 4920 "-" "Crawler Bot v1.0 (+https://example.com/bot.html)"
79.179.42.142 - - [01/Jan/2025:09:52:53 +0300] "PATCH /products/ HTTP/1.1" 404 10967 "-" "Wget/1.19.5 (linux-gnu)"
202.194.16.171 - - [01/Jan/2025:09:53:26 +0300] "DELETE /products/ HTTP/1.1" 502 20910 "-" "Microsoft Edge 44.18362.449.0; Windows 10; ARM64"
130.195.42.222 - - [01/Jan/2025:09:54:20 +0300] "PATCH /about-us/ HTTP/1.1" 401 12551 "-" "Internet Explorer 7.0; Windows NT 6.0; Trident/5.0"
79.179.42.142 - - [01/Jan/2025:09:55:51 +0300] "GET /about-us/ HTTP/1.1" 502 1854 "-" "Internet Explorer 7.0; Windows NT 6.0; Trident/5.0"
191.22.97.183 - - [01/Jan/2025:09:56:24 +0300] "PUT /about-us/ HTTP/1.1" 401 31187 "-" "Safari/604.1 CFNetwork/893.14 Darwin/17.0.0 (x86_64)"
79.179.42.142 - - [01/Jan/2025:09:56:38 +0300] "POST /about-us/ HTTP/1.1" 200 16641 "-" "Mozilla/5.0 (Windows NT 10.0; Win64; x64) AppleWebKit/537.36 (KHTML, like Gecko) Chrome/92.0.4515.107 Safari/537.36"
21.224.156.88 - - [01/Jan/2025:09:57:23 +0300] "GET /index.html HTTP/1.1" 500 20171 "-" "Microsoft Edge 44.18362.449.0; Windows 10; ARM64"
237.80.16.71 - - [01/Jan/2025:09:57:44 +0300] "DELETE /index.html HTTP/1.1" 501 1548 "-" "Microsoft Edge 44.18362.449.0; Windows 10; ARM64"
79.179.42.142 - - [01/Jan/2025:09:57:48 +0300] "DELETE /index.html HTTP/1.1" 403 6531 "-" "Mozilla/5.0 (Windows NT 10.0; Win64; x64) AppleWebKit/537.36 (KHTML, like Gecko) Chrome/92.0.4515.107 Safari/537.36"
191.22.97.183 - - [01/Jan/2025:09:59:19 +0300] "DELETE /products/ HTTP/1.1" 502 7417 "-" "Safari/604.1 CFNetwork/893.14 Darwin/17.0.0 (x86_64)"
130.195.42.222 - - [01/Jan/2025:10:00:00 +0300] "DELETE /index.html HTTP/1.1" 501 1706 "-" "Crawler Bot v1.0 (+https://example.com/bot.html)"
79.179.42.142 - - [01/Jan/2025:10:00:40 +0300] "GET /services/ HTTP/1.1" 200 16583 "-" "Crawler Bot v1.0 (+https://example.com/bot.html)"
182.212.150.73 - - [01/Jan/2025:10:02:30 +0300] "PATCH /products/ HTTP/1.1" 503 17752 "-" "Internet Explorer 7.0; Windows NT 6.0; Trident/5.0"
228.144.164.101 - - [01/Jan/2025:10:03:22 +0300] "DELETE /about-us/ HTTP/1.1" 404 5960 "-" "Safari/604.1 CFNetwork/893.14 Darwin/17.0.0 (x86_64)"
182.212.150.73 - - [01/Jan/2025:10:04:03 +0300] "PUT /about-us/ HTTP/1.1" 403 28787 "-" "Opera/9.80 (X11; Linux i686; Ubuntu/14.10) Presto/2.12.388 Version/12.16"
182.212.150.73 - - [01/Jan/2025:10:05:13 +0300] "PUT /services/ HTTP/1.1" 401 31728 "-" "Opera/9.80 (X11; Linux i686; Ubuntu/14.10) Presto/2.12.388 Version/12.16"
237.80.16.71 - - [01/Jan/2025:10:06:49 +0300] "PATCH /contact/ HTTP/1.1" 201 32142 "-" "Safari/604.1 CFNetwork/893.14 Darwin/17.0.0 (x86_64)"
182.212.150.73 - - [01/Jan/2025:10:07:37 +0300] "PUT /about-us/ HTTP/1.1" 200 10764 "-" "Opera/9.80 (X11; Linux i686; Ubuntu/14.10) Presto/2.12.388 Version/12.16"
130.195.42.222 - - [01/Jan/2025:10:07:56 +0300] "GET /products/ HTTP/1.1" 501 20618 "-" "Crawler Bot v1.0 (+https://example.com/bot.html)"
228.144.164.101 - - [01/Jan/2025:10:09:09 +0300] "PUT /services/ HTTP/1.1" 404 2445 "-" "Opera/9.80 (X11; Linux i686; Ubuntu/14.10) Presto/2.12.388 Version/12.16"
228.144.164.101 - - [01/Jan/2025:10:10:49 +0300] "PUT /index.html HTTP/1.1" 502 11140 "-" "Internet Explorer 7.0; Windows NT 6.0; Trident/5.0"
21.224.156.88 - - [01/Jan/2025:10:11:25 +0300] "DELETE /products/ HTTP/1.1" 500 9977 "-" "Internet Explorer 7.0; Windows NT 6.0; Trident/5.0"
206.74.177.39 - - [01/Jan/2025:10:13:17 +0300] "POST /products/ HTTP/1.1" 403 8405 "-" "Mozilla/5.0 (Windows NT 10.0; Win64; x64) AppleWebKit/537.36 (KHTML, like Gecko) Chrome/92.0.4515.107 Safari/537.36"
130.195.42.222 - - [01/Jan/2025:10:13:58 +0300] "GET /products/ HTTP/1.1" 201 33155 "-" "Internet Explorer 7.0; Windows NT 6.0; Trident/5.0"
146.55.198.94 - - [01/Jan/2025:10:15:18 +0300] "GET /index.html HTTP/1.1" 400 31768 "-" "Safari/604.1 CFNetwork/893.14 Darwin/17.0.0 (x86_64)"
228.144.164.101 - - [01/Jan/2025:10:15:26 +0300] "GET /products/ HTTP/1.1" 500 2699 "-" "Microsoft Edge 44.18362.449.0; Windows 10; ARM64"
130.195.42.222 - - [01/Jan/2025:10:17:00 +0300] "POST /services/ HTTP/1.1" 201 3802 "-" "Crawler Bot v1.0 (+https://example.com/bot.html)"
191.22.97.183 - - [01/Jan/2025:10:17:32 +0300] "PUT /contact/ HTTP/1.1" 403 3455 "-" "Crawler Bot v1.0 (+https://example.com/bot.html)"
146.55.198.94 - - [01/Jan/2025:10:17:40 +0300] "PUT /about-us/ HTTP/1.1" 200 28564 "-" "Mozilla/5.0 (Windows NT 10.0; Win64; x64) AppleWebKit/537.36 (KHTML, like Gecko) Chrome/92.0.4515.107 Safari/537.36"
228.144.164.101 - - [01/Jan/2025:10:18:21 +0300] "POST /about-us/ HTTP/1.1" 503 28840 "-" "Wget/1.19.5 (linux-gnu)"
237.80.16.71 - - [01/Jan/2025:10:18:39 +0300] "DELETE /products/ HTTP/1.1" 501 22411 "-" "Crawler Bot v1.0 (+https://example.com/bot.html)"
202.194.16.171 - - [01/Jan/2025:10:18:49 +0300] "DELETE /services/ HTTP/1.1" 501 20275 "-" "Mozilla/5.0 (Windows NT 10.0; Win64; x64) AppleWebKit/537.36 (KHTML, like Gecko) Chrome/92.0.4515.107 Safari/537.36"
83.214.79.193 - - [01/Jan/2025:10:20:43 +0300] "GET /products/ HTTP/1.1" 201 21184 "-" "Microsoft Edge 44.18362.449.0; Windows 10; ARM64"
146.55.198.94 - - [01/Jan/2025:10:22:01 +0300] "DELETE /products/ HTTP/1.1" 201 8013 "-" "Crawler Bot v1.0 (+https://example.com/bot.html)"
21.224.156.88 - - [01/Jan/2025:10:23:05 +0300] "POST /products/ HTTP/1.1" 403 16995 "-" "Internet Explorer 7.0; Windows NT 6.0; Trident/5.0"
130.195.42.222 - - [01/Jan/2025:10:24:52 +0300] "GET /about-us/ HTTP/1.1" 404 13070 "-" "Wget/1.19.5 (linux-gnu)"
237.80.16.71 - - [01/Jan/2025:10:25:47 +0300] "PUT /products/ HTTP/1.1" 404 30156 "-" "Mozilla/5.0 (Windows NT 10.0; Win64; x64) AppleWebKit/537.36 (KHTML, like Gecko) Chrome/92.0.4515.107 Safari/537.36"
206.74.177.39 - - [01/Jan/2025:10:26:54 +0300] "GET /index.html HTTP/1.1" 400 7166 "-" "Mozilla/5.0 (Windows NT 10.0; Win64; x64) AppleWebKit/537.36 (KHTML, like Gecko) Chrome/92.0.4515.107 Safari/537.36"
206.74.177.39 - - [01/Jan/2025:10:27:07 +0300] "DELETE /index.html HTTP/1.1" 401 33693 "-" "Wget/1.19.5 (linux-gnu)"
191.22.97.183 - - [01/Jan/2025:10:28:45 +0300] "PUT /products/ HTTP/1.1" 500 13550 "-" "Microsoft Edge 44.18362.449.0; Windows 10; ARM64"
21.224.156.88 - - [01/Jan/2025:10:30:22 +0300] "PUT /products/ HTTP/1.1" 200 21404 "-" "Wget/1.19.5 (linux-gnu)"
202.194.16.171 - - [01/Jan/2025:10:31:16 +0300] "GET /services/ HTTP/1.1" 200 29316 "-" "Crawler Bot v1.0 (+https://example.com/bot.html)"
83.214.79.193 - - [01/Jan/2025:10:32:08 +0300] "POST /services/ HTTP/1.1" 501 22291 "-" "Opera/9.80 (X11; Linux i686; Ubuntu/14.10) Presto/2.12.388 Version/12.16"
21.224.156.88 - - [01/Jan/2025:10:33:47 +0300] "POST /about-us/ HTTP/1.1" 500 33030 "-" "Microsoft Edge 44.18362.449.0; Windows 10; ARM64"
202.194.16.171 - - [01/Jan/2025:10:33:48 +0300] "PATCH /about-us/ HTTP/1.1" 201 31948 "-" "Mozilla/5.0 (Windows NT 10.0; Win64; x64) AppleWebKit/537.36 (KHTML, like Gecko) Chrome/92.0.4515.107 Safari/537.36"
191.22.97.183 - - [01/Jan/2025:10:34:57 +0300] "PATCH /about-us/ HTTP/1.1" 404 13452 "-" "Safari/604.1 CFNetwork/893.14 Darwin/17.0.0 (x86_64)"
206.74.177.39 - - [01/Jan/2025:10:34:59 +0300] "PUT /contact/ HTTP/1.1" 401 26751 "-" "Opera/9.80 (X11; Linux i686; Ubuntu/14.10) Presto/2.12.388 Version/12.16"
83.214.79.193 - - [01/Jan/2025:10:35:39 +0300] "DELETE /about-us/ HTTP/1.1" 500 27267 "-" "Safari/604.1 CFNetwork/893.14 Darwin/17.0.0 (x86_64)"
237.80.16.71 - - [01/Jan/2025:10:36:45 +0300] "PUT /products/ HTTP/1.1" 501 2440 "-" "Mozilla/5.0 (Windows NT 10.0; Win64; x64) AppleWebKit/537.36 (KHTML, like Gecko) Chrome/92.0.4515.107 Safari/537.36"
202.194.16.171 - - [01/Jan/2025:10:38:27 +0300] "DELETE /services/ HTTP/1.1" 401 9868 "-" "Wget/1.19.5 (linux-gnu)"
228.144.164.101 - - [01/Jan/2025:10:39:06 +0300] "POST /contact/ HTTP/1.1" 502 12270 "-" "Safari/604.1 CFNetwork/893.14 Darwin/17.0.0 (x86_64)"
228.144.164.101 - - [01/Jan/2025:10:40:12 +0300] "PATCH /services/ HTTP/1.1" 201 24519 "-" "Microsoft Edge 44.18362.449.0; Windows 10; ARM64"
237.80.16.71 - - [01/Jan/2025:10:41:57 +0300] "PUT /index.html HTTP/1.1" 404 8631 "-" "Internet Explorer 7.0; Windows NT 6.0; Trident/5.0"
130.195.42.222 - - [01/Jan/2025:10:42:03 +0300] "GET /services/ HTTP/1.1" 500 32238 "-" "Microsoft Edge 44.18362.449.0; Windows 10; ARM64"
79.179.42.142 - - [01/Jan/2025:10:43:50 +0300] "PATCH /products/ HTTP/1.1" 500 1212 "-" "Internet Explorer 7.0; Windows NT 6.0; Trident/5.0"
