182.212.150.73 - - [01/Jan/2025:00:00:29 +0300] "DELETE /index.html HTTP/1.1" 200 24332 "-" "Microsoft Edge 44.18362.449.0; Windows 10; ARM64"
191.22.97.183 - - [01/Jan/2025:00:01:22 +0300] "PUT /about-us/ HTTP/1.1" 201 9353 "-" "Mozilla/5.0 (Windows NT 10.0; Win64; x64) AppleWebKit/537.36 (KHTML, like Gecko) Chrome/92.0.4515.107 Safari/537.36"
202.194.16.171 - - [01/Jan/2025:00:03:13 +0300] "DELETE /contact/ HTTP/1.1" 400 21968 "-" "Mozilla/5.0 (Windows NT 10.0; Win64; x64) AppleWebKit/537.36 (KHTML, like Gecko) Chrome/92.0.4515.107 Safari/537.36"
146.55.198.94 - - [01/Jan/2025:00:04:23 +0300] "GET /services/ HTTP/1.1" 501 19230 "-" "Safari/604.1 CFNetwork/893.14 Darwin/17.0.0 (x86_64)"
21.224.156.88 - - [01/Jan/2025:00:04:32 +0300] "POST /services/ HTTP/1.1" 401 33502 "-" "Microsoft Edge 44.18362.449.0; Windows 10; ARM64"
182.212.150.73 - - [01/Jan/2025:00:06:24 +0300] "DELETE /contact/ HTTP/1.1" 503 28403 "-" "Mozilla/5.0 (Windows NT 10.0; Win64; x64) AppleWebKit/537.36 (KHTML, like Gecko) Chrome/92.0.4515.107 Safari/537.36"
79.179.42.142 - - [01/Jan/2025:00:07:16 +0300] "GET /products/ HTTP/1.1" 503 29733 "-" "Opera/9.80 (X11; Linux i686; Ubuntu/14.10) Presto/2.12.388 Version/12.16"
228.144.164.101 - - [01/Jan/2025:00:08:34 +0300] "POST /products/ HTTP/1.1" 401 18831 "-" "Microsoft Edge 44.18362.449.0; Windows 10; ARM64"
83.214.79.193 - - [01/Jan/2025:00:09:22 +0300] "POST /about-us/ HTTP/1.1" 404 13721 "-" "Crawler Bot v1.0 (+https://example.com/bot.html)"
228.144.164.101 - - [01/Jan/2025:00:10:28 +0300] "PATCH /about-us/ HTTP/1.1" 500 7770 "-" "Opera/9.80 (X11; Linux i686; Ubuntu/14.10) Presto/2.12.388 Version/12.16"
182.212.150.73 - - [01/Jan/2025:00:11:48 +0300] "DELETE /index.html HTTP/1.1" 502 8204 "-" "Microsoft Edge 44.18362.449.0; Windows 10; ARM64"
83.214.79.193 - - [01/Jan/2025:00:12:44 +0300] "GET /services/ HTTP/1.1" 404 26644 "-" "Crawler Bot v1.0 (+https://example.com/bot.html)"
146.55.198.94 - - [01/Jan/2025:00:13:10 +0300] "GET /about-us/ HTTP/1.1" 503 16115 "-" "Internet Explorer 7.0; Windows NT 6.0; Trident/5.0"
21.224.156.88 - - [01/Jan/2025:00:13:23 +0300] "POST /about-us/ HTTP/1.1" 501 3756 "-" "Microsoft Edge 44.18362.449.0; Windows 10; ARM64"
206.74.177.39 - - [01/Jan/2025:00:13:55 +0300] "PATCH /index.html HTTP/1.1" 502 20395 "-" "Wget/1.19.5 (linux-gnu)"
21.224.156.88 - - [01/Jan/2025:00:15:18 +0300] "PUT /products/ HTTP/1.1" 400 31572 "-" "Microsoft Edge 44.18362.449.0; Windows 10; ARM64"
130.195.42.222 - - [01/Jan/2025:00:17:11 +0300] "GET /services/ HTTP/1.1" 500 17977 "-" "Internet Explorer 7.0; Windows NT 6.0; Trident/5.0"
202.194.16.171 - - [01/Jan/2025:00:18:37 +0300] "PATCH /contact/ HTTP/1.1" 404 32168 "-" "Internet Explorer 7.0; Windows NT 6.0; Trident/5.0"
228.144.164.101 - - [01/Jan/2025:00:18:44 +0300] "PUT /contact/ HTTP/1.1" 502 29760 "-" "Crawler Bot v1.0 (+https://example.com/bot.html)"
79.179.42.142 - - [01/Jan/2025:00:19:40 +0300] "PUT /services/ HTTP/1.1" 201 15816 "-" "Opera/9.80 (X11; Linux i686; Ubuntu/14.10) Presto/2.12.388 Version/12.16"
79.179.42.142 - - [01/Jan/2025:00:21:07 +0300] "DELETE /services/ HTTP/1.1" 501 8432 "-" "Microsoft Edge 44.18362.449.0; Windows 10; ARM64"
191.22.97.183 - - [01/Jan/2025:00:21:46 +0300] "PUT /index.html HTTP/1.1" 500 18227 "-" "Crawler Bot v1.0 (+https://example.com/bot.html)"
206.74.177.39 - - [01/Jan/2025:00:22:08 +0300] "POST /about-us/ HTTP/1.1" 503 4720 "-" "Crawler Bot v1.0 (+https://example.com/bot.html)"
130.195.42.222 - - [01/Jan/2025:00:23:28 +0300] "PUT /about-us/ HTTP/1.1" 400 25721 "-" "Crawler Bot v1.0 (+https://example.com/bot.html)"
228.144.164.101 - - [01/Jan/2025:00:25:22 +0300] "GET /products/ HTTP/1.1" 201 23178 "-" "Microsoft Edge 44.18362.449.0; Windows 10; ARM64"
182.212.150.73 - - [01/Jan/2025:00:27:08 +0300] "GET /products/ HTTP/1.1" 500 6159 "-" "Opera/9.80 (X11; Linux i686; Ubuntu/14.10) Presto/2.12.388 Version/12.16"
79.179.42.142 - - [01/Jan/2025:00:27:24 +0300] "DELETE /products/ HTTP/1.1" 201 9997 "-" "Opera/9.80 (X11; Linux i686; Ubuntu/14.10) Presto/2.12.388 Version/12.16"
130.195.42.222 - - [01/Jan/2025:00:27:59 +0300] "POST /about-us/ HTTP/1.1" 500 28991 "-" "Microsoft Edge 44.18362.449.0; Windows 10; ARM64"
146.55.198.94 - - [01/Jan/2025:00:29:34 +0300] "DELETE /about-us/ HTTP/1.1" 503 24401 "-" "Safari/604.1 CFNetwork/893.14 Darwin/17.0.0 (x86_64)"
237.80.16.71 - - [01/Jan/2025:00:30:53 +0300] "POST /products/ HTTP/1.1" 200 18939 "-" "Internet Explorer 7.0; Windows NT 6.0; Trident/5.0"
79.179.42.142 - - [01/Jan/2025:00:32:20 +0300] "POST /services/ HTTP/1.1" 200 8818 "-" "Microsoft Edge 44.18362.449.0; Windows 10; ARM64"
79.179.42.142 - - [01/Jan/2025:00:34:04 +0300] "GET /contact/ HTTP/1.1" 200 25481 "-" "Wget/1.19.5 (linux-gnu)"
146.55.198.94 - - [01/Jan/2025:00:35:11 +0300] "PUT /products/ HTTP/1.1" 502 27472 "-" "Microsoft Edge 44.18362.449.0; Windows 10; ARM64"
191.22.97.183 - - [01/Jan/2025:00:35:27 +0300] "GET /products/ HTTP/1.1" 500 14529 "-" "Mozilla/5.0 (Windows NT 10.0; Win64; x64) AppleWebKit/537.36 (KHTML, like Gecko) Chrome/92.0.4515.107 Safari/537.36"
206.74.177.39 - - [01/Jan/2025:00:35:42 +0300] "PUT /about-us/ HTTP/1.1" 201 27124 "-" "Microsoft Edge 44.18362.449.0; Windows 10; ARM64"
202.194.16.171 - - [01/Jan/2025:00:36:17 +0300] "DELETE /contact/ HTTP/1.1" 404 2748 "-" "Crawler Bot v1.0 (+https://example.com/bot.html)"
191.22.97.183 - - [01/Jan/2025:00:37:31 +0300] "PATCH /products/ HTTP/1.1" 501 28622 "-" "Crawler Bot v1.0 (+https://example.com/bot.html)"
191.22.97.183 - - [01/Jan/2025:00:39:20 +0300] "DELETE /about-us/ HTTP/1.1" 401 2800 "-" "Internet Explorer 7.0; Windows NT 6.0; Trident/5.0"
206.74.177.39 - - [01/Jan/2025:00:41:03 +0300] "PUT /about-us/ HTTP/1.1" 403 2987 "-" "Mozilla/5.0 (Windows NT 10.0; Win64; x64) AppleWebKit/537.36 (KHTML, like Gecko) Chrome/92.0.4515.107 Safari/537.36"
146.55.198.94 - - [01/Jan/2025:00:42:42 +0300] "GET /products/ HTTP/1.1" 400 12905 "-" "Opera/9.80 (X11; Linux i686; Ubuntu/14.10) Presto/2.12.388 Version/12.16"
228.144.164.101 - - [01/Jan/2025:00:43:49 +0300] "PATCH /about-us/ HTTP/1.1" 401 17981 "-" "Safari/604.1 CFNetwork/893.14 Darwin/17.0.0 (x86_64)"
83.214.79.193 - - [01/Jan/2025:00:45:28 +0300] "POST /products/ HTTP/1.1" 503 24138 "-" "Internet Explorer 7.0; Windows NT 6.0; Trident/5.0"
191.22.97.183 - - [01/Jan/2025:00:46:27 +0300] "POST /products/ HTTP/1.1" 400 12027 "-" "Safari/604.1 CFNetwork/893.14 Darwin/17.0.0 (x86_64)"
202.194.16.171 - - [01/Jan/2025:00:46:44 +0300] "POST /index.html HTTP/1.1" 400 8704 "-" "Opera/9.80 (X11; Linux i686; Ubuntu/14.10) Presto/2.12.388 Version/12.16"
130.195.42.222 - - [01/Jan/2025:00:47:22 +0300] "POST /products/ HTTP/1.1" 401 12652 "-" "Wget/1.19.5 (linux-gnu)"
191.22.97.183 - - [01/Jan/2025:00:48:05 +0300] "PATCH /services/ HTTP/1.1" 400 21417 "-" "Mozilla/5.0 (Windows NT 10.0; Win64; x64) AppleWebKit/537.36 (KHTML, like Gecko) Chrome/92.0.4515.107 Safari/537.36"
130.195.42.222 - - [01/Jan/2025:00:49:12 +0300] "PATCH /about-us/ HTTP/1.1" 501 17617 "-" "Wget/1.19.5 (linux-gnu)"
83.214.79.193 - - [01/Jan/2025:00:49:59 +0300] "PATCH /about-us/ HTTP/1.1" 201 10400 "-" "Mozilla/5.0 (Windows NT 10.0; Win64; x64) AppleWebKit/537.36 (KHTML, like Gecko) Chrome/92.0.4515.107 Safari/537.36"
83.214.79.193 - - [01/Jan/2025:00:50:46 +0300] "PUT /products/ HTTP/1.1" 404 16189 "-" "Wget/1.19.5 (linux-gnu)"
237.80.16.71 - - [01/Jan/2025:00:51:50 +0300] "GET /services/ HTTP/1.1" 201 18635 "-" "Safari/604.1 CFNetwork/893.14 Darwin/17.0.0 (x86_64)"
146.55.198.94 - - [01/Jan/2025:00:53:30 +0300] "GET /products/ HTTP/1.1" 401 5407 "-" "Microsoft Edge 44.18362.449.0; Windows 10; ARM64"
146.55.198.94 - - [01/Jan/2025:00:55:19 +0300] "POST /contact/ HTTP/1.1" 501 31905 "-" "Opera/9.80 (X11; Linux i686; Ubuntu/14.10) Presto/2.12.388 Version/12.16"
83.214.79.193 - - [01/Jan/2025:00:56:24 +0300] "PATCH /products/ HTTP/1.1" 501 9653 "-" "Wget/1.19.5 (linux-gnu)"
182.212.150.73 - - [01/Jan/2025:00:58:17 +0300] "PUT /services/ HTTP/1.1" 201 2871 "-" "Microsoft Edge 44.18362.449.0; Windows 10; ARM64"
21.224.156.88 - - [01/Jan/2025:00:59:37 +0300] "PATCH /index.html HTTP/1.1" 404 33557 "-" "Internet Explorer 7.0; Windows NT 6.0; Trident/5.0"
228.144.164.101 - - [01/Jan/2025:01:01:07 +0300] "GET /products/ HTTP/1.1" 500 14928 "-" "Crawler Bot v1.0 (+https://example.com/bot.html)"
206.74.177.39 - - [01/Jan/2025:01:01:58 +0300] "POST /index.html HTTP/1.1" 404 16689 "-" "Internet Explorer 7.0; Windows NT 6.0; Trident/5.0"
228.144.164.101 - - [01/Jan/2025:01:02:30 +0300] "POST /products/ HTTP/1.1" 404 10579 "-" "Microsoft Edge 44.18362.449.0; Windows 10; ARM64"
202.194.16.171 - - [01/Jan/2025:01:03:27 +0300] "POST /services/ HTTP/1.1" 200 11736 "-" "Microsoft Edge 44.18362.449.0; Windows 10; ARM64"
228.144.164.101 - - [01/Jan/2025:01:03:38 +0300] "PATCH /contact/ HTTP/1.1" 200 13420 "-" "Microsoft Edge 44.18362.449.0; Windows 10; ARM64"
83.214.79.193 - - [01/Jan/2025:01:03:45 +0300] "DELETE /contact/ HTTP/1.1" 401 23187 "-" "Crawler Bot v1.0 (+https://example.com/bot.html)"
228.144.164.101 - - [01/Jan/2025:01:04:55 +0300] "POST /about-us/ HTTP/1.1" 502 3428 "-" "Microsoft Edge 44.18362.449.0; Windows 10; ARM64"
83.214.79.193 - - [01/Jan/2025:01:04:58 +0300] "GET /contact/ HTTP/1.1" 503 16140 "-" "Wget/1.19.5 (linux-gnu)"
21.224.156.88 - - [01/Jan/2025:01:05:13 +0300] "PATCH /index.html HTTP/1.1" 200 21926 "-" "Safari/604.1 CFNetwork/893.14 Darwin/17.0.0 (x86_64)"
237.80.16.71 - - [01/Jan/2025:01:05:46 +0300] "PUT /contact/ HTTP/1.1" 502 9652 "-" "Internet Explorer 7.0; Windows NT 6.0; Trident/5.0"
202.194.16.171 - - [01/Jan/2025:01:06:14 +0300] "PATCH /contact/ HTTP/1.1" 200 6719 "-" "Microsoft Edge 44.18362.449.0; Windows 10; ARM64"
237.80.16.71 - - [01/Jan/2025:01:07:40 +0300] "PATCH /index.html HTTP/1.1" 502 33165 "-" "Mozilla/5.0 (Windows NT 10.0; Win64; x64) AppleWebKit/537.36 (KHTML, like Gecko) Chrome/92.0.4515.107 Safari/537.36"
146.55.198.94 - - [01/Jan/2025:01:08:57 +0300] "GET /products/ HTTP/1.1" 501 32651 "-" "Microsoft Edge 44.18362.449.0; Windows 10; ARM64"
237.80.16.71 - - [01/Jan/2025:01:10:37 +0300] "DELETE /products/ HTTP/1.1" 403 11570 "-" "Mozilla/5.0 (Windows NT 10.0; Win64; x64) AppleWebKit/537.36 (KHTML, like Gecko) Chrome/92.0.4515.107 Safari/537.36"
191.22.97.183 - - [01/Jan/2025:01:11:40 +0300] "PUT /contact/ HTTP/1.1" 503 16309 "-" "Crawler Bot v1.0 (+https://example.com/bot.html)"
130.195.42.222 - - [01/Jan/2025:01:12:05 +0300] "PUT /about-us/ HTTP/1.1" 501 26530 "-" "Crawler Bot v1.0 (+https://example.com/bot.html)"
206.74.177.39 - - [01/Jan/2025:01:12:08 +0300] "POST /services/ HTTP/1.1" 403 17754 "-" "Crawler Bot v1.0 (+https://example.com/bot.html)"
206.74.177.39 - - [01/Jan/2025:01:12:23 +0300] "DELETE /services/ HTTP/1.1" 500 26472 "-" "Crawler Bot v1.0 (+https://example.com/bot.html)"
191.22.97.183 - - [01/Jan/2025:01:14:05 +0300] "DELETE /about-us/ HTTP/1.1" 201 16935 "-" "Wget/1.19.5 (linux-gnu)"
83.214.79.193 - - [01/Jan/2025:01:14:17 +0300] "GET /products/ HTTP/1.1" 400 2066 "-" "Crawler Bot v1.0 (+https://example.com/bot.html)"
237.80.16.71 - - [01/Jan/2025:01:14:21 +0300] "PATCH /products/ HTTP/1.1" 502 22673 "-" "Safari/604.1 CFNetwork/893.14 Darwin/17.0.0 (x86_64)"
182.212.150.73 - - [01/Jan/2025:01:15:30 +0300] "GET /services/ HTTP/1.1" 403 21121 "-" "Mozilla/5.0 (Windows NT 10.0; Win64; x64) AppleWebKit/537.36 (KHTML, like Gecko) Chrome/92.0.4515.107 Safari/537.36"
146.55.198.94 - - [01/Jan/2025:01:16:01 +0300] "PATCH /index.html HTTP/1.1" 501 25620 "-" "Microsoft Edge 44.18362.449.0; Windows 10; ARM64"
83.214.79.193 - - [01/Jan/2025:01:16:11 +0300] "POST /index.html HTTP/1.1" 403 32339 "-" "Crawler Bot v1.0 (+https://example.com/bot.html)"
130.195.42.222 - - [01/Jan/2025:01:17:25 +0300] "PUT /products/ HTTP/1.1" 503 29613 "-" "Crawler Bot v1.0 (+https://example.com/bot.html)"
146.55.198.94 - - [01/Jan/2025:01:18:38 +0300] "PUT /services/ HTTP/1.1" 501 1322 "-" "Wget/1.19.5 (linux-gnu)"
206.74.177.39 - - [01/Jan/2025:01:19:00 +0300] "GET /about-us/ HTTP/1.1" 503 8343 "-" "Wget/1.19.5 (linux-gnu)"
130.195.42.222 - - [01/Jan/2025:01:19:51 +0300] "DELETE /services/ HTTP/1.1" 200 22127 "-" "Wget/1.19.5 (linux-gnu)"
202.194.16.171 - - [01/Jan/2025:01:20:13 +0300] "PUT /index.html HTTP/1.1" 403 23341 "-" "Wget/1.19.5 (linux-gnu)"
146.55.198.94 - - [01/Jan/2025:01:20:35 +0300] "POST /index.html HTTP/1.1" 403 19013 "-" "Wget/1.19.5 (linux-gnu)"
130.195.42.222 - - [01/Jan/2025:01:22:27 +0300] "DELETE /about-us/ HTTP/1.1" 400 13264 "-" "Crawler Bot v1.0 (+https://example.com/bot.html)"
191.22.97.183 - - [01/Jan/2025:01:23:28 +0300] "GET /about-us/ HTTP/1.1" 500 25440 "-" "Microsoft Edge 44.18362.449.0; Windows 10; ARM64"
191.22.97.183 - - [01/Jan/2025:01:24:34 +0300] "POST /contact/ HTTP/1.1" 501 31193 "-" "Safari/604.1 CFNetwork/893.14 Darwin/17.0.0 (x86_64)"
191.22.97.183 - - [01/Jan/2025:01:25:36 +0300] "PUT /services/ HTTP/1.1" 200 1848 "-" "Wget/1.19.5 (linux-gnu)"
237.80.16.71 - - [01/Jan/2025:01:25:54 +0300] "DELETE /about-us/ HTTP/1.1" 400 20983 "-" "Wget/1.19.5 (linux-gnu)"
21.224.156.88 - - [01/Jan/2025:01:26:48 +0300] "DELETE /services/ HTTP/1.1" 200 21132 "-" "Microsoft Edge 44.18362.449.0; Windows 10; ARM64"
83.214.79.193 - - [01/Jan/2025:01:27:12 +0300] "DELETE /services/ HTTP/1.1" 201 14625 "-" "Internet Explorer 7.0; Windows NT 6.0; Trident/5.0"
182.212.150.73 - - [01/Jan/2025:01:28:30 +0300] "PATCH /index.html HTTP/1.1" 200 24308 "-" "Microsoft Edge 44.18362.449.0; Windows 10; ARM64"
191.22.97.183 - - [01/Jan/2025:01:29:12 +0300] "POST /contact/ HTTP/1.1" 501 24670 "-" "Opera/9.80 (X11; Linux i686; Ubuntu/14.10) Presto/2.12.388 Version/12.16"
228.144.164.101 - - [01/Jan/2025:01:29:53 +0300] "GET /contact/ HTTP/1.1" 200 3008 "-" "Internet Explorer 7.0; Windows NT 6.0; Trident/5.0"
130.195.42.222 - - [01/Jan/2025:01:31:42 +0300] "GET /about-us/ HTTP/1.1" 403 1564 "-" "Opera/9.80 (X11; Linux i686; Ubuntu/14.10) Presto/2.12.388 Version/12.16"
182.212.150.73 - - [01/Jan/2025:01:32:24 +0300] "PUT /products/ HTTP/1.1" 404 32189 "-" "Microsoft Edge 44.18362.449.0; Windows 10; ARM64"
79.179.42.142 - - [01/Jan/2025:01:33:00 +0300] "PATCH /about-us/ HTTP/1.1" 201 32684 "-" "Crawler Bot v1.0 (+https://example.com/bot.html)"
130.195.42.222 - - [01/Jan/2025:01:33:02 +0300] "PATCH /index.html HTTP/1.1" 500 32726 "-" "Internet Explorer 7.0; Windows NT 6.0; Trident/5.0"
237.80.16.71 - - [01/Jan/2025:01:33:06 +0300] "POST /contact/ HTTP/1.1" 400 33726 "-" "Opera/9.80 (X11; Linux i686; Ubuntu/14.10) Presto/2.12.388 Version/12.16"
237.80.16.71 - - [01/Jan/2025:01:34:36 +0300] "GET /about-us/ HTTP/1.1" 500 19537 "-" "Internet Explorer 7.0; Windows NT 6.0; Trident/5.0"
182.212.150.73 - - [01/Jan/2025:01:34:39 +0300] "POST /products/ HTTP/1.1" 404 18630 "-" "Crawler Bot v1.0 (+https://example.com/bot.html)"
21.224.156.88 - - [01/Jan/2025:01:35:58 +0300] "PATCH /products/ HTTP/1.1" 200 30751 "-" "Microsoft Edge 44.18362.449.0; Windows 10; ARM64"
228.144.164.101 - - [01/Jan/2025:01:36:42 +0300] "DELETE /contact/ HTTP/1.1" 501 27705 "-" "Internet Explorer 7.0; Windows NT 6.0; Trident/5.0"
130.195.42.222 - - [01/Jan/2025:01:37:23 +0300] "PATCH /about-us/ HTTP/1.1" 400 31828 "-" "Internet Explorer 7.0; Windows NT 6.0; Trident/5.0"
237.80.16.71 - - [01/Jan/2025:01:37:46 +0300] "GET /about-us/ HTTP/1.1" 502 27501 "-" "Internet Explorer 7.0; Windows NT 6.0; Trident/5.0"
237.80.16.71 - - [01/Jan/2025:01:39:00 +0300] "PATCH /about-us/ HTTP/1.1" 200 1071 "-" "Mozilla/5.0 (Windows NT 10.0; Win64; x64) AppleWebKit/537.36 (KHTML, like Gecko) Chrome/92.0.4515.107 Safari/537.36"
21.224.156.88 - - [01/Jan/2025:01:40:31 +0300] "GET /about-us/ HTTP/1.1" 403 19715 "-" "Crawler Bot v1.0 (+https://example.com/bot.html)"
146.55.198.94 - - [01/Jan/2025:01:41:36 +0300] "PATCH /contact/ HTTP/1.1" 500 19629 "-" "Microsoft Edge 44.18362.449.0; Windows 10; ARM64"
130.195.42.222 - - [01/Jan/2025:01:42:22 +0300] "PUT /contact/ HTTP/1.1" 400 32498 "-" "Internet Explorer 7.0; Windows NT 6.0; Trident/5.0"
182.212.150.73 - - [01/Jan/2025:01:43:22 +0300] "POST /products/ HTTP/1.1" 404 16045 "-" "Mozilla/5.0 (Windows NT 10.0; Win64; x64) AppleWebKit/537.36 (KHTML, like Gecko) Chrome/92.0.4515.107 Safari/537.36"
146.55.198.94 - - [01/Jan/2025:01:43:32 +0300] "PUT /about-us/ HTTP/1.1" 501 11932 "-" "Wget/1.19.5 (linux-gnu)"
202.194.16.171 - - [01/Jan/2025:01:44:05 +0300] "PUT /services/ HTTP/1.1" 404 6538 "-" "Mozilla/5.0 (Windows NT 10.0; Win64; x64) AppleWebKit/537.36 (KHTML, like Gecko) Chrome/92.0.4515.107 Safari/537.36"
146.55.198.94 - - [01/Jan/2025:01:44:28 +0300] "PUT /services/ HTTP/1.1" 502 21194 "-" "Mozilla/5.0 (Windows NT 10.0; Win64; x64) AppleWebKit/537.36 (KHTML, like Gecko) Chrome/92.0.4515.107 Safari/537.36"
206.74.177.39 - - [01/Jan/2025:01:46:01 +0300] "PATCH /index.html HTTP/1.1" 201 30573 "-" "Internet Explorer 7.0; Windows NT 6.0; Trident/5.0"
182.212.150.73 - - [01/Jan/2025:01:47:29 +0300] "PATCH /products/ HTTP/1.1" 501 21988 "-" "Safari/604.1 CFNetwork/893.14 Darwin/17.0.0 (x86_64)"
237.80.16.71 - - [01/Jan/2025:01:47:59 +0300] "PATCH /products/ HTTP/1.1" 503 6804 "-" "Wget/1.19.5 (linux-gnu)"
79.179.42.142 - - [01/Jan/2025:01:48:46 +0300] "GET /products/ HTTP/1.1" 201 20206 "-" "Opera/9.80 (X11; Linux i686; Ubuntu/14.10) Presto/2.12.388 Version/12.16"
191.22.97.183 - - [01/Jan/2025:01:50:38 +0300] "PUT /services/ HTTP/1.1" 403 10738 "-" "Wget/1.19.5 (linux-gnu)"
206.74.177.39 - - [01/Jan/2025:01:51:21 +0300] "DELETE /contact/ HTTP/1.1" 502 3126 "-" "Wget/1.19.5 (linux-gnu)"
206.74.177.39 - - [01/Jan/2025:01:52:45 +0300] "GET /about-us/ HTTP/1.1" 404 22698 "-" "Internet Explorer 7.0; Windows NT 6.0; Trident/5.0"
21.224.156.88 - - [01/Jan/2025:01:54:18 +0300] "PATCH /about-us/ HTTP/1.1" 404 5086 "-" "Internet Explorer 7.0; Windows NT 6.0; Trident/5.0"
146.55.198.94 - - [01/Jan/2025:01:55:28 +0300] "PUT /contact/ HTTP/1.1" 403 2631 "-" "Safari/604.1 CFNetwork/893.14 Darwin/17.0.0 (x86_64)"
206.74.177.39 - - [01/Jan/2025:01:55:53 +0300] "PUT /contact/ HTTP/1.1" 502 23896 "-" "Mozilla/5.0 (Windows NT 10.0; Win64; x64) AppleWebKit/537.36 (KHTML, like Gecko) Chrome/92.0.4515.107 Safari/537.36"
206.74.177.39 - - [01/Jan/2025:01:57:39 +0300] "PUT /services/ HTTP/1.1" 500 6081 "-" "Opera/9.80 (X11; Linux i686; Ubuntu/14.10) Presto/2.12.388 Version/12.16"
228.144.164.101 - - [01/Jan/2025:01:58:27 +0300] "DELETE /services/ HTTP/1.1" 502 18053 "-" "Internet Explorer 7.0; Windows NT 6.0; Trident/5.0"
21.224.156.88 - - [01/Jan/2025:01:59:45 +0300] "GET /products/ HTTP/1.1" 404 4382 "-" "Crawler Bot v1.0 (+https://example.com/bot.html)"
130.195.42.222 - - [01/Jan/2025:02:00:46 +0300] "PATCH /contact/ HTTP/1.1" 200 16086 "-" "Wget/1.19.5 (linux-gnu)"
206.74.177.39 - - [01/Jan/2025:02:01:48 +0300] "GET /about-us/ HTTP/1.1" 400 29899 "-" "Opera/9.80 (X11; Linux i686; Ubuntu/14.10) Presto/2.12.388 Version/12.16"
21.224.156.88 - - [01/Jan/2025:02:02:48 +0300] "PUT /services/ HTTP/1.1" 400 7964 "-" "Crawler Bot v1.0 (+https://example.com/bot.html)"
191.22.97.183 - - [01/Jan/2025:02:02:55 +0300] "PATCH /index.html HTTP/1.1" 501 16061 "-" "Mozilla/5.0 (Windows NT 10.0; Win64; x64) AppleWebKit/537.36 (KHTML, like Gecko) Chrome/92.0.4515.107 Safari/537.36"
21.224.156.88 - - [01/Jan/2025:02:04:13 +0300] "DELETE /index.html HTTP/1.1" 502 4732 "-" "Safari/604.1 CFNetwork/893.14 Darwin/17.0.0 (x86_64)"
191.22.97.183 - - [01/Jan/2025:02:05:08 +0300] "POST /about-us/ HTTP/1.1" 403 23470 "-" "Microsoft Edge 44.18362.449.0; Windows 10; ARM64"
83.214.79.193 - - [01/Jan/2025:02:05:12 +0300] "PATCH /products/ HTTP/1.1" 401 5166 "-" "Internet Explorer 7.0; Windows NT 6.0; Trident/5.0"
202.194.16.171 - - [01/Jan/2025:02:06:45 +0300] "POST /about-us/ HTTP/1.1" 201 26583 "-" "Microsoft Edge 44.18362.449.0; Windows 10; ARM64"
146.55.198.94 - - [01/Jan/2025:02:06:53 +0300] "POST /index.html HTTP/1.1" 201 6935 "-" "Opera/9.80 (X11; Linux i686; Ubuntu/14.10) Presto/2.12.388 Version/12.16"
182.212.150.73 - - [01/Jan/2025:02:07:09 +0300] "DELETE /index.html HTTP/1.1" 404 16503 "-" "Mozilla/5.0 (Windows NT 10.0; Win64; x64) AppleWebKit/537.36 (KHTML, like Gecko) Chrome/92.0.4515.107 Safari/537.36"
237.80.16.71 - - [01/Jan/2025:02:08:53 +0300] "PATCH /contact/ HTTP/1.1" 200 18536 "-" "Crawler Bot v1.0 (+https://example.com/bot.html)"
83.214.79.193 - - [01/Jan/2025:02:09:30 +0300] "PATCH /products/ HTTP/1.1" 503 10495 "-" "Safari/604.1 CFNetwork/893.14 Darwin/17.0.0 (x86_64)"
206.74.177.39 - - [01/Jan/2025:02:10:34 +0300] "GET /services/ HTTP/1.1" 503 14662 "-" "Wget/1.19.5 (linux-gnu)"
130.195.42.222 - - [01/Jan/2025:02:12:22 +0300] "GET /services/ HTTP/1.1" 503 12324 "-" "Internet Explorer 7.0; Windows NT 6.0; Trident/5.0"
202.194.16.171 - - [01/Jan/2025:02:14:08 +0300] "PUT /contact/ HTTP/1.1" 500 5761 "-" "Internet Explorer 7.0; Windows NT 6.0; Trident/5.0"
237.80.16.71 - - [01/Jan/2025:02:15:10 +0300] "POST /services/ HTTP/1.1" 200 31698 "-" "Safari/604.1 CFNetwork/893.14 Darwin/17.0.0 (x86_64)"
206.74.177.39 - - [01/Jan/2025:02:16:27 +0300] "DELETE /contact/ HTTP/1.1" 401 4477 "-" "Crawler Bot v1.0 (+https://example.com/bot.html)"
206.74.177.39 - - [01/Jan/2025:02:17:43 +0300] "DELETE /services/ HTTP/1.1" 500 19163 "-" "Wget/1.19.5 (linux-gnu)"
79.179.42.142 - - [01/Jan/2025:02:18:27 +0300] "PUT /products/ HTTP/1.1" 501 33262 "-" "Crawler Bot v1.0 (+https://example.com/bot.html)"
146.55.198.94 - - [01/Jan/2025:02:18:57 +0300] "PUT /products/ HTTP/1.1" 404 31170 "-" "Safari/604.1 CFNetwork/893.14 Darwin/17.0.0 (x86_64)"
191.22.97.183 - - [01/Jan/2025:02:20:46 +0300] "PUT /contact/ HTTP/1.1" 400 15268 "-" "Opera/9.80 (X11; Linux i686; Ubuntu/14.10) Presto/2.12.388 Version/12.16"
237.80.16.71 - - [01/Jan/2025:02:21:24 +0300] "GET /products/ HTTP/1.1" 502 29731 "-" "Mozilla/5.0 (Windows NT 10.0; Win64; x64) AppleWebKit/537.36 (KHTML, like Gecko) Chrome/92.0.4515.107 Safari/537.36"
146.55.198.94 - - [01/Jan/2025:02:21:52 +0300] "PUT /services/ HTTP/1.1" 500 3558 "-" "Mozilla/5.0 (Windows NT 10.0; Win64; x64) AppleWebKit/537.36 (KHTML, like Gecko) Chrome/92.0.4515.107 Safari/537.36"
206.74.177.39 - - [01/Jan/2025:02:22:16 +0300] "PATCH /index.html HTTP/1.1" 403 24469 "-" "Microsoft Edge 44.18362.449.0; Windows 10; ARM64"
182.212.150.73 - - [01/Jan/2025:02:23:36 +0300] "POST /services/ HTTP/1.1" 200 25313 "-" "Safari/604.1 CFNetwork/893.14 Darwin/17.0.0 (x86_64)"
191.22.97.183 - - [01/Jan/2025:02:25:14 +0300] "PUT /index.html HTTP/1.1" 502 9330 "-" "Wget/1.19.5 (linux-gnu)"
228.144.164.101 - - [01/Jan/2025:02:25:18 +0300] "DELETE /services/ HTTP/1.1" 400 31115 "-" "Wget/1.19.5 (linux-gnu)"
228.144.164.101 - - [01/Jan/2025:02:26:21 +0300] "DELETE /services/ HTTP/1.1" 401 24436 "-" "Safari/604.1 CFNetwork/893.14 Darwin/17.0.0 (x86_64)"
182.212.150.73 - - [01/Jan/2025:02:27:49 +0300] "GET /index.html HTTP/1.1" 502 23188 "-" "Internet Explorer 7.0; Windows NT 6.0; Trident/5.0"
130.195.42.222 - - [01/Jan/2025:02:28:37 +0300] "PUT /index.html HTTP/1.1" 403 28543 "-" "Microsoft Edge 44.18362.449.0; Windows 10; ARM64"
83.214.79.193 - - [01/Jan/2025:02:29:54 +0300] "DELETE /contact/ HTTP/1.1" 200 16634 "-" "Crawler Bot v1.0 (+https://example.com/bot.html)"
202.194.16.171 - - [01/Jan/2025:02:30:06 +0300] "POST /contact/ HTTP/1.1" 502 30557 "-" "Crawler Bot v1.0 (+https://example.com/bot.html)"
191.22.97.183 - - [01/Jan/2025:02:31:53 +0300] "DELETE /about-us/ HTTP/1.1" 501 33059 "-" "Opera/9.80 (X11; Linux i686; Ubuntu/14.10) Presto/2.12.388 Version/12.16"
21.224.156.88 - - [01/Jan/2025:02:32:37 +0300] "POST /contact/ HTTP/1.1" 400 9549 "-" "Internet Explorer 7.0; Windows NT 6.0; Trident/5.0"
206.74.177.39 - - [01/Jan/2025:02:33:18 +0300] "PUT /services/ HTTP/1.1" 401 12270 "-" "Crawler Bot v1.0 (+https://example.com/bot.html)"
191.22.97.183 - - [01/Jan/2025:02:33:41 +0300] "DELETE /products/ HTTP/1.1" 503 11880 "-" "Opera/9.80 (X11; Linux i686; Ubuntu/14.10) Presto/2.12.388 Version/12.16"
21.224.156.88 - - [01/Jan/2025:02:35:22 +0300] "DELETE /services/ HTTP/1.1" 500 11623 "-" "Mozilla/5.0 (Windows NT 10.0; Win64; x64) AppleWebKit/537.36 (KHTML, like Gecko) Chrome/92.0.4515.107 Safari/537.36"
182.212.150.73 - - [01/Jan/2025:02:35:33 +0300] "GET /services/ HTTP/1.1" 200 19440 "-" "Wget/1.19.5 (linux-gnu)"
182.212.150.73 - - [01/Jan/2025:02:35:55 +0300] "POST /products/ HTTP/1.1" 200 19020 "-" "Wget/1.19.5 (linux-gnu)"
130.195.42.222 - - [01/Jan/2025:02:37:35 +0300] "DELETE /products/ HTTP/1.1" 502 5271 "-" "Wget/1.19.5 (linux-gnu)"
191.22.97.183 - - [01/Jan/2025:02:38:50 +0300] "POST /services/ HTTP/1.1" 400 6334 "-" "Safari/604.1 CFNetwork/893.14 Darwin/17.0.0 (x86_64)"
228.144.164.101 - - [01/Jan/2025:02:39:14 +0300] "PUT /index.html HTTP/1.1" 503 1831 "-" "Microsoft Edge 44.18362.449.0; Windows 10; ARM64"
146.55.198.94 - - [01/Jan/2025:02:40:24 +0300] "DELETE /products/ HTTP/1.1" 400 28537 "-" "Crawler Bot v1.0 (+https://example.com/bot.html)"
228.144.164.101 - - [01/Jan/2025:02:41:12 +0300] "POST /services/ HTTP/1.1" 401 1043 "-" "Mozilla/5.0 (Windows NT 10.0; Win64; x64) AppleWebKit/537.36 (KHTML, like Gecko) Chrome/92.0.4515.107 Safari/537.36"
202.194.16.171 - - [01/Jan/2025:02:42:24 +0300] "PATCH /services/ HTTP/1.1" 503 26532 "-" "Opera/9.80 (X11; Linux i686; Ubuntu/14.10) Presto/2.12.388 Version/12.16"
83.214.79.193 - - [01/Jan/2025:02:42:59 +0300] "POST /contact/ HTTP/1.1" 500 5616 "-" "Crawler Bot v1.0 (+https://example.com/bot.html)"
146.55.198.94 - - [01/Jan/2025:02:44:23 +0300] "PATCH /contact/ HTTP/1.1" 503 11257 "-" "Safari/604.1 CFNetwork/893.14 Darwin/17.0.0 (x86_64)"
83.214.79.193 - - [01/Jan/2025:02:45:51 +0300] "GET /services/ HTTP/1.1" 400 28947 "-" "Safari/604.1 CFNetwork/893.14 Darwin/17.0.0 (x86_64)"
146.55.198.94 - - [01/Jan/2025:02:47:20 +0300] "DELETE /about-us/ HTTP/1.1" 400 6255 "-" "Wget/1.19.5 (linux-gnu)"
130.195.42.222 - - [01/Jan/2025:02:48:35 +0300] "PUT /about-us/ HTTP/1.1" 501 17589 "-" "Safari/604.1 CFNetwork/893.14 Darwin/17.0.0 (x86_64)"
191.22.97.183 - - [01/Jan/2025:02:49:04 +0300] "PUT /index.html HTTP/1.1" 400 29308 "-" "Wget/1.19.5 (linux-gnu)"
191.22.97.183 - - [01/Jan/2025:02:50:03 +0300] "GET /index.html HTTP/1.1" 500 28786 "-" "Wget/1.19.5 (linux-gnu)"
206.74.177.39 - - [01/Jan/2025:02:50:56 +0300] "POST /about-us/ HTTP/1.1" 404 14479 "-" "Microsoft Edge 44.18362.449.0; Windows 10; ARM64"
21.224.156.88 - - [01/Jan/2025:02:50:58 +0300] "PATCH /index.html HTTP/1.1" 401 8030 "-" "Microsoft Edge 44.18362.449.0; Windows 10; ARM64"
182.212.150.73 - - [01/Jan/2025:02:52:16 +0300] "DELETE /products/ HTTP/1.1" 403 14930 "-" "Mozilla/5.0 (Windows NT 10.0; Win64; x64) AppleWebKit/537.36 (KHTML, like Gecko) Chrome/92.0.4515.107 Safari/537.36"
206.74.177.39 - - [01/Jan/2025:02:54:05 +0300] "DELETE /services/ HTTP/1.1" 502 10745 "-" "Microsoft Edge 44.18362.449.0; Windows 10; ARM64"
21.224.156.88 - - [01/Jan/2025:02:55:42 +0300] "GET /about-us/ HTTP/1.1" 201 29507 "-" "Opera/9.80 (X11; Linux i686; Ubuntu/14.10) Presto/2.12.388 Version/12.16"
191.22.97.183 - - [01/Jan/2025:02:56:38 +0300] "POST /products/ HTTP/1.1" 201 16264 "-" "Mozilla/5.0 (Windows NT 10.0; Win64; x64) AppleWebKit/537.36 (KHTML, like Gecko) Chrome/92.0.4515.107 Safari/537.36"
21.224.156.88 - - [01/Jan/2025:02:57:45 +0300] "POST /index.html HTTP/1.1" 403 10158 "-" "Internet Explorer 7.0; Windows NT 6.0; Trident/5.0"
206.74.177.39 - - [01/Jan/2025:02:59:13 +0300] "DELETE /contact/ HTTP/1.1" 502 3542 "-" "Safari/604.1 CFNetwork/893.14 Darwin/17.0.0 (x86_64)"
237.80.16.71 - - [01/Jan/2025:03:00:06 +0300] "PATCH /contact/ HTTP/1.1" 200 4851 "-" "Internet Explorer 7.0; Windows NT 6.0; Trident/5.0"
206.74.177.39 - - [01/Jan/2025:03:01:15 +0300] "GET /about-us/ HTTP/1.1" 404 15624 "-" "Wget/1.19.5 (linux-gnu)"
237.80.16.71 - - [01/Jan/2025:03:03:06 +0300] "POST /index.html HTTP/1.1" 501 24989 "-" "Safari/604.1 CFNetwork/893.14 Darwin/17.0.0 (x86_64)"
182.212.150.73 - - [01/Jan/2025:03:04:59 +0300] "DELETE /contact/ HTTP/1.1" 500 27621 "-" "Opera/9.80 (X11; Linux i686; Ubuntu/14.10) Presto/2.12.388 Version/12.16"
83.214.79.193 - - [01/Jan/2025:03:05:14 +0300] "GET /products/ HTTP/1.1" 501 1386 "-" "Crawler Bot v1.0 (+https://example.com/bot.html)"
237.80.16.71 - - [01/Jan/2025:03:06:08 +0300] "PATCH /about-us/ HTTP/1.1" 503 24797 "-" "Wget/1.19.5 (linux-gnu)"
237.80.16.71 - - [01/Jan/2025:03:07:09 +0300] "PATCH /services/ HTTP/1.1" 503 33058 "-" "Safari/604.1 CFNetwork/893.14 Darwin/17.0.0 (x86_64)"
206.74.177.39 - - [01/Jan/2025:03:08:56 +0300] "GET /contact/ HTTP/1.1" 501 5302 "-" "Crawler Bot v1.0 (+https://example.com/bot.html)"
146.55.198.94 - - [01/Jan/2025:03:10:13 +0300] "POST /contact/ HTTP/1.1" 500 29135 "-" "Microsoft Edge 44.18362.449.0; Windows 10; ARM64"
21.224.156.88 - - [01/Jan/2025:03:11:59 +0300] "PUT /about-us/ HTTP/1.1" 404 26473 "-" "Mozilla/5.0 (Windows NT 10.0; Win64; x64) AppleWebKit/537.36 (KHTML, like Gecko) Chrome/92.0.4515.107 Safari/537.36"
21.224.156.88 - - [01/Jan/2025:03:13:04 +0300] "PUT /contact/ HTTP/1.1" 503 25433 "-" "Opera/9.80 (X11; Linux i686; Ubuntu/14.10) Presto/2.12.388 Version/12.16"
182.212.150.73 - - [01/Jan/2025:03:14:18 +0300] "PUT /services/ HTTP/1.1" 404 21569 "-" "Wget/1.19.5 (linux-gnu)"
191.22.97.183 - - [01/Jan/2025:03:16:11 +0300] "GET /products/ HTTP/1.1" 401 9109 "-" "Opera/9.80 (X11; Linux i686; Ubuntu/14.10) Presto/2.12.388 Version/12.16"
21.224.156.88 - - [01/Jan/2025:03:17:46 +0300] "PUT /products/ HTTP/1.1" 503 30064 "-" "Crawler Bot v1.0 (+https://example.com/bot.html)"
206.74.177.39 - - [01/Jan/2025:03:18:51 +0300] "PATCH /services/ HTTP/1.1" 201 14283 "-" "Internet Explorer 7.0; Windows NT 6.0; Trident/5.0"
191.22.97.183 - - [01/Jan/2025:03:19:44 +0300] "GET /contact/ HTTP/1.1" 201 17200 "-" "Microsoft Edge 44.18362.449.0; Windows 10; ARM64"
202.194.16.171 - - [01/Jan/2025:03:21:36 +0300] "PATCH /services/ HTTP/1.1" 503 3629 "-" "Safari/604.1 CFNetwork/893.14 Darwin/17.0.0 (x86_64)"
130.195.42.222 - - [01/Jan/2025:03:23:29 +0300] "POST /services/ HTTP/1.1" 404 14130 "-" "Wget/1.19.5 (linux-gnu)"
202.194.16.171 - - [01/Jan/2025:03:23:35 +0300] "DELETE /index.html HTTP/1.1" 500 18235 "-" "Microsoft Edge 44.18362.449.0; Windows 10; ARM64"
191.22.97.183 - - [01/Jan/2025:03:24:01 +0300] "PUT /about-us/ HTTP/1.1" 502 28311 "-" "Mozilla/5.0 (Windows NT 10.0; Win64; x64) AppleWebKit/537.36 (KHTML, like Gecko) Chrome/92.0.4515.107 Safari/537.36"
237.80.16.71 - - [01/Jan/2025:03:24:03 +0300] "POST /index.html HTTP/1.1" 401 32828 "-" "Crawler Bot v1.0 (+https://example.com/bot.html)"
146.55.198.94 - - [01/Jan/2025:03:25:45 +0300] "DELETE /contact/ HTTP/1.1" 403 22488 "-" "Mozilla/5.0 (Windows NT 10.0; Win64; x64) AppleWebKit/537.36 (KHTML, like Gecko) Chrome/92.0.4515.107 Safari/537.36"
146.55.198.94 - - [01/Jan/2025:03:27:30 +0300] "GET /services/ HTTP/1.1" 500 31848 "-" "Microsoft Edge 44.18362.449.0; Windows 10; ARM64"
202.194.16.171 - - [01/Jan/2025:03:28:41 +0300] "POST /services/ HTTP/1.1" 404 18318 "-" "Opera/9.80 (X11; Linux i686; Ubuntu/14.10) Presto/2.12.388 Version/12.16"
79.179.42.142 - - [01/Jan/2025:03:28:55 +0300] "GET /products/ HTTP/1.1" 200 24138 "-" "Opera/9.80 (X11; Linux i686; Ubuntu/14.10) Presto/2.12.388 Version/12.16"
130.195.42.222 - - [01/Jan/2025:03:30:47 +0300] "PUT /products/ HTTP/1.1" 500 16550 "-" "Internet Explorer 7.0; Windows NT 6.0; Trident/5.0"
206.74.177.39 - - [01/Jan/2025:03:31:04 +0300] "DELETE /about-us/ HTTP/1.1" 501 8702 "-" "Safari/604.1 CFNetwork/893.14 Darwin/17.0.0 (x86_64)"
191.22.97.183 - - [01/Jan/2025:03:31:21 +0300] "DELETE /about-us/ HTTP/1.1" 200 14048 "-" "Internet Explorer 7.0; Windows NT 6.0; Trident/5.0"
237.80.16.71 - - [01/Jan/2025:03:32:08 +0300] "PATCH /services/ HTTP/1.1" 403 32332 "-" "Safari/604.1 CFNetwork/893.14 Darwin/17.0.0 (x86_64)"
130.195.42.222 - - [01/Jan/2025:03:33:07 +0300] "DELETE /contact/ HTTP/1.1" 404 24107 "-" "Safari/604.1 CFNetwork/893.14 Darwin/17.0.0 (x86_64)"
228.144.164.101 - - [01/Jan/2025:03:34:46 +0300] "PUT /contact/ HTTP/1.1" 201 20703 "-" "Mozilla/5.0 (Windows NT 10.0; Win64; x64) AppleWebKit/537.36 (KHTML, like Gecko) Chrome/92.0.4515.107 Safari/537.36"
130.195.42.222 - - [01/Jan/2025:03:35:17 +0300] "GET /services/ HTTP/1.1" 503 1443 "-" "Safari/604.1 CFNetwork/893.14 Darwin/17.0.0 (x86_64)"
182.212.150.73 - - [01/Jan/2025:03:35:22 +0300] "DELETE /products/ HTTP/1.1" 501 11324 "-" "Wget/1.19.5 (linux-gnu)"
237.80.16.71 - - [01/Jan/2025:03:36:01 +0300] "DELETE /contact/ HTTP/1.1" 501 33453 "-" "Wget/1.19.5 (linux-gnu)"
146.55.198.94 - - [01/Jan/2025:03:37:47 +0300] "DELETE /products/ HTTP/1.1" 502 13316 "-" "Opera/9.80 (X11; Linux i686; Ubuntu/14.10) Presto/2.12.388 Version/12.16"
182.212.150.73 - - [01/Jan/2025:03:38:35 +0300] "GET /index.html HTTP/1.1" 200 22269 "-" "Crawler Bot v1.0 (+https://example.com/bot.html)"
83.214.79.193 - - [01/Jan/2025:03:39:36 +0300] "PATCH /products/ HTTP/1.1" 501 28494 "-" "Wget/1.19.5 (linux-gnu)"
237.80.16.71 - - [01/Jan/2025:03:39:50 +0300] "GET /contact/ HTTP/1.1" 502 28674 "-" "Wget/1.19.5 (linux-gnu)"
130.195.42.222 - - [01/Jan/2025:03:40:32 +0300] "PUT /products/ HTTP/1.1" 400 29945 "-" "Crawler Bot v1.0 (+https://example.com/bot.html)"
228.144.164.101 - - [01/Jan/2025:03:40:41 +0300] "POST /services/ HTTP/1.1" 503 9696 "-" "Opera/9.80 (X11; Linux i686; Ubuntu/14.10) Presto/2.12.388 Version/12.16"
146.55.198.94 - - [01/Jan/2025:03:41:54 +0300] "GET /services/ HTTP/1.1" 200 3335 "-" "Wget/1.19.5 (linux-gnu)"
21.224.156.88 - - [01/Jan/2025:03:43:31 +0300] "POST /products/ HTTP/1.1" 503 19143 "-" "Internet Explorer 7.0; Windows NT 6.0; Trident/5.0"
146.55.198.94 - - [01/Jan/2025:03:43:44 +0300] "PATCH /index.html HTTP/1.1" 404 17181 "-" "Wget/1.19.5 (linux-gnu)"
237.80.16.71 - - [01/Jan/2025:03:45:19 +0300] "PATCH /products/ HTTP/1.1" 500 30151 "-" "Opera/9.80 (X11; Linux i686; Ubuntu/14.10) Presto/2.12.388 Version/12.16"
202.194.16.171 - - [01/Jan/2025:03:45:57 +0300] "DELETE /contact/ HTTP/1.1" 401 5609 "-" "Microsoft Edge 44.18362.449.0; Windows 10; ARM64"
21.224.156.88 - - [01/Jan/2025:03:45:59 +0300] "POST /index.html HTTP/1.1" 502 5147 "-" "Safari/604.1 CFNetwork/893.14 Darwin/17.0.0 (x86_64)"
79.179.42.142 - - [01/Jan/2025:03:46:10 +0300] "POST /contact/ HTTP/1.1" 200 2855 "-" "Mozilla/5.0 (Windows NT 10.0; Win64; x64) AppleWebKit/537.36 (KHTML, like Gecko) Chrome/92.0.4515.107 Safari/537.36"
83.214.79.193 - - [01/Jan/2025:03:47:03 +0300] "PUT /index.html HTTP/1.1" 400 28185 "-" "Opera/9.80 (X11; Linux i686; Ubuntu/14.10) Presto/2.12.388 Version/12.16"
182.212.150.73 - - [01/Jan/2025:03:47:08 +0300] "POST /about-us/ HTTP/1.1" 201 8351 "-" "Internet Explorer 7.0; Windows NT 6.0; Trident/5.0"
191.22.97.183 - - [01/Jan/2025:03:47:19 +0300] "PATCH /about-us/ HTTP/1.1" 201 18496 "-" "Microsoft Edge 44.18362.449.0; Windows 10; ARM64"
182.212.150.73 - - [01/Jan/2025:03:49:12 +0300] "POST /contact/ HTTP/1.1" 501 21759 "-" "Microsoft Edge 44.18362.449.0; Windows 10; ARM64"
130.195.42.222 - - [01/Jan/2025:03:50:36 +0300] "DELETE /services/ HTTP/1.1" 200 6170 "-" "Safari/604.1 CFNetwork/893.14 Darwin/17.0.0 (x86_64)"
130.195.42.222 - - [01/Jan/2025:03:51:14 +0300] "POST /about-us/ HTTP/1.1" 403 11680 "-" "Safari/604.1 CFNetwork/893.14 Darwin/17.0.0 (x86_64)"
182.212.150.73 - - [01/Jan/2025:03:52:10 +0300] "DELETE /index.html HTTP/1.1" 403 28039 "-" "Opera/9.80 (X11; Linux i686; Ubuntu/14.10) Presto/2.12.388 Version/12.16"
83.214.79.193 - - [01/Jan/2025:03:53:25 +0300] "PUT /products/ HTTP/1.1" 200 30243 "-" "Safari/604.1 CFNetwork/893.14 Darwin/17.0.0 (x86_64)"
206.74.177.39 - - [01/Jan/2025:03:53:56 +0300] "POST /about-us/ HTTP/1.1" 400 32348 "-" "Wget/1.19.5 (linux-gnu)"
191.22.97.183 - - [01/Jan/2025:03:55:06 +0300] "POST /contact/ HTTP/1.1" 404 30448 "-" "Wget/1.19.5 (linux-gnu)"
237.80.16.71 - - [01/Jan/2025:03:56:02 +0300] "GET /products/ HTTP/1.1" 502 5077 "-" "Crawler Bot v1.0 (+https://example.com/bot.html)"
146.55.198.94 - - [01/Jan/2025:03:57:03 +0300] "GET /about-us/ HTTP/1.1" 404 28576 "-" "Internet Explorer 7.0; Windows NT 6.0; Trident/5.0"
21.224.156.88 - - [01/Jan/2025:03:57:50 +0300] "DELETE /services/ HTTP/1.1" 403 28438 "-" "Mozilla/5.0 (Windows NT 10.0; Win64; x64) AppleWebKit/537.36 (KHTML, like Gecko) Chrome/92.0.4515.107 Safari/537.36"
237.80.16.71 - - [01/Jan/2025:03:58:25 +0300] "POST /contact/ HTTP/1.1" 500 24381 "-" "Safari/604.1 CFNetwork/893.14 Darwin/17.0.0 (x86_64)"
79.179.42.142 - - [01/Jan/2025:03:59:26 +0300] "POST /index.html HTTP/1.1" 201 2731 "-" "Wget/1.19.5 (linux-gnu)"
228.144.164.101 - - [01/Jan/2025:04:01:03 +0300] "POST /services/ HTTP/1.1" 500 28214 "-" "Microsoft Edge 44.18362.449.0; Windows 10; ARM64"
182.212.150.73 - - [01/Jan/2025:04:01:12 +0300] "GET /index.html HTTP/1.1" 201 13413 "-" "Internet Explorer 7.0; Windows NT 6.0; Trident/5.0"
237.80.16.71 - - [01/Jan/2025:04:01:58 +0300] "DELETE /index.html HTTP/1.1" 500 29706 "-" "Safari/604.1 CFNetwork/893.14 Darwin/17.0.0 (x86_64)"
206.74.177.39 - - [01/Jan/2025:04:02:32 +0300] "PUT /index.html HTTP/1.1" 500 15088 "-" "Wget/1.19.5 (linux-gnu)"
206.74.177.39 - - [01/Jan/2025:04:03:04 +0300] "POST /products/ HTTP/1.1" 502 13939 "-" "Opera/9.80 (X11; Linux i686; Ubuntu/14.10) Presto/2.12.388 Version/12.16"
83.214.79.193 - - [01/Jan/2025:04:03:23 +0300] "DELETE /services/ HTTP/1.1" 500 26772 "-" "Opera/9.80 (X11; Linux i686; Ubuntu/14.10) Presto/2.12.388 Version/12.16"
202.194.16.171 - - [01/Jan/2025:04:04:56 +0300] "PUT /index.html HTTP/1.1" 404 7692 "-" "Mozilla/5.0 (Windows NT 10.0; Win64; x64) AppleWebKit/537.36 (KHTML, like Gecko) Chrome/92.0.4515.107 Safari/537.36"
130.195.42.222 - - [01/Jan/2025:04:06:50 +0300] "PUT /services/ HTTP/1.1" 500 32918 "-" "Mozilla/5.0 (Windows NT 10.0; Win64; x64) AppleWebKit/537.36 (KHTML, like Gecko) Chrome/92.0.4515.107 Safari/537.36"
130.195.42.222 - - [01/Jan/2025:04:07:16 +0300] "GET /services/ HTTP/1.1" 404 8202 "-" "Wget/1.19.5 (linux-gnu)"
182.212.150.73 - - [01/Jan/2025:04:08:58 +0300] "PATCH /about-us/ HTTP/1.1" 400 24073 "-" "Mozilla/5.0 (Windows NT 10.0; Win64; x64) AppleWebKit/537.36 (KHTML, like Gecko) Chrome/92.0.4515.107 Safari/537.36"
237.80.16.71 - - [01/Jan/2025:04:09:55 +0300] "DELETE /about-us/ HTTP/1.1" 403 21880 "-" "Internet Explorer 7.0; Windows NT 6.0; Trident/5.0"
21.224.156.88 - - [01/Jan/2025:04:10:46 +0300] "PUT /products/ HTTP/1.1" 501 4272 "-" "Internet Explorer 7.0; Windows NT 6.0; Trident/5.0"
83.214.79.193 - - [01/Jan/2025:04:11:52 +0300] "PUT /contact/ HTTP/1.1" 404 21190 "-" "Microsoft Edge 44.18362.449.0; Windows 10; ARM64"
146.55.198.94 - - [01/Jan/2025:04:12:32 +0300] "GET /about-us/ HTTP/1.1" 502 18433 "-" "Safari/604.1 CFNetwork/893.14 Darwin/17.0.0 (x86_64)"
237.80.16.71 - - [01/Jan/2025:04:13:01 +0300] "PUT /contact/ HTTP/1.1" 404 9187 "-" "Opera/9.80 (X11; Linux i686; Ubuntu/14.10) Presto/2.12.388 Version/12.16"
228.144.164.101 - - [01/Jan/2025:04:13:31 +0300] "GET /about-us/ HTTP/1.1" 401 10194 "-" "Opera/9.80 (X11; Linux i686; Ubuntu/14.10) Presto/2.12.388 Version/12.16"
83.214.79.193 - - [01/Jan/2025:04:15:23 +0300] "PUT /products/ HTTP/1.1" 502 3699 "-" "Microsoft Edge 44.18362.449.0; Windows 10; ARM64"
182.212.150.73 - - [01/Jan/2025:04:16:17 +0300] "GET /products/ HTTP/1.1" 401 1079 "-" "Internet Explorer 7.0; Windows NT 6.0; Trident/5.0"
130.195.42.222 - - [01/Jan/2025:04:18:01 +0300] "DELETE /index.html HTTP/1.1" 502 13316 "-" "Opera/9.80 (X11; Linux i686; Ubuntu/14.10) Presto/2.12.388 Version/12.16"
146.55.198.94 - - [01/Jan/2025:04:18:26 +0300] "GET /products/ HTTP/1.1" 502 3429 "-" "Mozilla/5.0 (Windows NT 10.0; Win64; x64) AppleWebKit/537.36 (KHTML, like Gecko) Chrome/92.0.4515.107 Safari/537.36"
83.214.79.193 - - [01/Jan/2025:04:19:14 +0300] "PATCH /products/ HTTP/1.1" 401 21408 "-" "Mozilla/5.0 (Windows NT 10.0; Win64; x64) AppleWebKit/537.36 (KHTML, like Gecko) Chrome/92.0.4515.107 Safari/537.36"
206.74.177.39 - - [01/Jan/2025:04:19:53 +0300] "POST /index.html HTTP/1.1" 404 11904 "-" "Mozilla/5.0 (Windows NT 10.0; Win64; x64) AppleWebKit/537.36 (KHTML, like Gecko) Chrome/92.0.4515.107 Safari/537.36"
202.194.16.171 - - [01/Jan/2025:04:21:08 +0300] "GET /contact/ HTTP/1.1" 500 33286 "-" "Mozilla/5.0 (Windows NT 10.0; Win64; x64) AppleWebKit/537.36 (KHTML, like Gecko) Chrome/92.0.4515.107 Safari/537.36"
228.144.164.101 - - [01/Jan/2025:04:22:45 +0300] "POST /index.html HTTP/1.1" 403 7225 "-" "Wget/1.19.5 (linux-gnu)"
191.22.97.183 - - [01/Jan/2025:04:22:56 +0300] "GET /index.html HTTP/1.1" 401 29577 "-" "Wget/1.19.5 (linux-gnu)"
206.74.177.39 - - [01/Jan/2025:04:24:33 +0300] "GET /contact/ HTTP/1.1" 500 13051 "-" "Wget/1.19.5 (linux-gnu)"
79.179.42.142 - - [01/Jan/2025:04:25:36 +0300] "POST /about-us/ HTTP/1.1" 502 12068 "-" "Opera/9.80 (X11; Linux i686; Ubuntu/14.10) Presto/2.12.388 Version/12.16"
191.22.97.183 - - [01/Jan/2025:04:26:25 +0300] "PUT /services/ HTTP/1.1" 200 14499 "-" "Wget/1.19.5 (linux-gnu)"
182.212.150.73 - - [01/Jan/2025:04:27:44 +0300] "PATCH /index.html HTTP/1.1" 500 12926 "-" "Microsoft Edge 44.18362.449.0; Windows 10; ARM64"
202.194.16.171 - - [01/Jan/2025:04:28:29 +0300] "GET /services/ HTTP/1.1" 403 28284 "-" "Mozilla/5.0 (Windows NT 10.0; Win64; x64) AppleWebKit/537.36 (KHTML, like Gecko) Chrome/92.0.4515.107 Safari/537.36"
206.74.177.39 - - [01/Jan/2025:04:28:52 +0300] "PATCH /contact/ HTTP/1.1" 502 2572 "-" "Crawler Bot v1.0 (+https://example.com/bot.html)"
21.224.156.88 - - [01/Jan/2025:04:30:07 +0300] "PUT /about-us/ HTTP/1.1" 501 5970 "-" "Wget/1.19.5 (linux-gnu)"
182.212.150.73 - - [01/Jan/2025:04:32:00 +0300] "DELETE /index.html HTTP/1.1" 502 2259 "-" "Mozilla/5.0 (Windows NT 10.0; Win64; x64) AppleWebKit/537.36 (KHTML, like Gecko) Chrome/92.0.4515.107 Safari/537.36"
182.212.150.73 - - [01/Jan/2025:04:32:46 +0300] "PUT /index.html HTTP/1.1" 400 19576 "-" "Safari/604.1 CFNetwork/893.14 Darwin/17.0.0 (x86_64)"
228.144.164.101 - - [01/Jan/2025:04:32:53 +0300] "PATCH /products/ HTTP/1.1" 500 1494 "-" "Opera/9.80 (X11; Linux i686; Ubuntu/14.10) Presto/2.12.388 Version/12.16"
79.179.42.142 - - [01/Jan/2025:04:33:18 +0300] "DELETE /services/ HTTP/1.1" 201 14845 "-" "Opera/9.80 (X11; Linux i686; Ubuntu/14.10) Presto/2.12.388 Version/12.16"
79.179.42.142 - - [01/Jan/2025:04:34:54 +0300] "PATCH /about-us/ HTTP/1.1" 502 21401 "-" "Opera/9.80 (X11; Linux i686; Ubuntu/14.10) Presto/2.12.388 Version/12.16"
202.194.16.171 - - [01/Jan/2025:04:35:44 +0300] "DELETE /index.html HTTP/1.1" 500 7188 "-" "Wget/1.19.5 (linux-gnu)"
130.195.42.222 - - [01/Jan/2025:04:36:34 +0300] "PATCH /products/ HTTP/1.1" 400 10500 "-" "Internet Explorer 7.0; Windows NT 6.0; Trident/5.0"
21.224.156.88 - - [01/Jan/2025:04:37:50 +0300] "PATCH /products/ HTTP/1.1" 404 14584 "-" "Safari/604.1 CFNetwork/893.14 Darwin/17.0.0 (x86_64)"
191.22.97.183 - - [01/Jan/2025:04:38:26 +0300] "POST /index.html HTTP/1.1" 503 14922 "-" "Opera/9.80 (X11; Linux i686; Ubuntu/14.10) Presto/2.12.388 Version/12.16"
182.212.150.73 - - [01/Jan/2025:04:38:46 +0300] "POST /services/ HTTP/1.1" 200 8108 "-" "Opera/9.80 (X11; Linux i686; Ubuntu/14.10) Presto/2.12.388 Version/12.16"
79.179.42.142 - - [01/Jan/2025:04:38:54 +0300] "DELETE /services/ HTTP/1.1" 200 3151 "-" "Internet Explorer 7.0; Windows NT 6.0; Trident/5.0"
21.224.156.88 - - [01/Jan/2025:04:40:02 +0300] "POST /contact/ HTTP/1.1" 404 2560 "-" "Crawler Bot v1.0 (+https://example.com/bot.html)"
202.194.16.171 - - [01/Jan/2025:04:40:03 +0300] "GET /contact/ HTTP/1.1" 403 29387 "-" "Crawler Bot v1.0 (+https://example.com/bot.html)"
191.22.97.183 - - [01/Jan/2025:04:40:46 +0300] "PATCH /contact/ HTTP/1.1" 400 13272 "-" "Safari/604.1 CFNetwork/893.14 Darwin/17.0.0 (x86_64)"
79.179.42.142 - - [01/Jan/2025:04:42:15 +0300] "POST /services/ HTTP/1.1" 501 13588 "-" "Wget/1.19.5 (linux-gnu)"
206.74.177.39 - - [01/Jan/2025:04:43:33 +0300] "GET /services/ HTTP/1.1" 501 24280 "-" "Wget/1.19.5 (linux-gnu)"
228.144.164.101 - - [01/Jan/2025:04:44:46 +0300] "PUT /contact/ HTTP/1.1" 403 7601 "-" "Microsoft Edge 44.18362.449.0; Windows 10; ARM64"
228.144.164.101 - - [01/Jan/2025:04:45:29 +0300] "PUT /contact/ HTTP/1.1" 503 10429 "-" "Safari/604.1 CFNetwork/893.14 Darwin/17.0.0 (x86_64)"
182.212.150.73 - - [01/Jan/2025:04:46:45 +0300] "GET /contact/ HTTP/1.1" 404 6290 "-" "Internet Explorer 7.0; Windows NT 6.0; Trident/5.0"
191.22.97.183 - - [01/Jan/2025:04:47:11 +0300] "DELETE /about-us/ HTTP/1.1" 200 32089 "-" "Crawler Bot v1.0 (+https://example.com/bot.html)"
146.55.198.94 - - [01/Jan/2025:04:48:11 +0300] "POST /contact/ HTTP/1.1" 201 24127 "-" "Microsoft Edge 44.18362.449.0; Windows 10; ARM64"
21.224.156.88 - - [01/Jan/2025:04:48:51 +0300] "PUT /products/ HTTP/1.1" 500 33626 "-" "Wget/1.19.5 (linux-gnu)"
206.74.177.39 - - [01/Jan/2025:04:49:12 +0300] "GET /services/ HTTP/1.1" 403 2792 "-" "Crawler Bot v1.0 (+https://example.com/bot.html)"
191.22.97.183 - - [01/Jan/2025:04:49:42 +0300] "POST /contact/ HTTP/1.1" 404 28905 "-" "Crawler Bot v1.0 (+https://example.com/bot.html)"
228.144.164.101 - - [01/Jan/2025:04:50:05 +0300] "GET /contact/ HTTP/1.1" 503 25463 "-" "Microsoft Edge 44.18362.449.0; Windows 10; ARM64"
83.214.79.193 - - [01/Jan/2025:04:50:54 +0300] "GET /services/ HTTP/1.1" 403 12683 "-" "Internet Explorer 7.0; Windows NT 6.0; Trident/5.0"
21.224.156.88 - - [01/Jan/2025:04:52:40 +0300] "PATCH /services/ HTTP/1.1" 403 12172 "-" "Mozilla/5.0 (Windows NT 10.0; Win64; x64) AppleWebKit/537.36 (KHTML, like Gecko) Chrome/92.0.4515.107 Safari/537.36"
130.195.42.222 - - [01/Jan/2025:04:52:43 +0300] "PATCH /products/ HTTP/1.1" 403 25230 "-" "Microsoft Edge 44.18362.449.0; Windows 10; ARM64"
202.194.16.171 - - [01/Jan/2025:04:53:27 +0300] "DELETE /services/ HTTP/1.1" 502 6324 "-" "Internet Explorer 7.0; Windows NT 6.0; Trident/5.0"
21.224.156.88 - - [01/Jan/2025:04:53:38 +0300] "DELETE /contact/ HTTP/1.1" 500 7207 "-" "Wget/1.19.5 (linux-gnu)"
202.194.16.171 - - [01/Jan/2025:04:54:22 +0300] "GET /contact/ HTTP/1.1" 400 3624 "-" "Crawler Bot v1.0 (+https://example.com/bot.html)"
228.144.164.101 - - [01/Jan/2025:04:55:39 +0300] "PUT /contact/ HTTP/1.1" 201 33104 "-" "Internet Explorer 7.0; Windows NT 6.0; Trident/5.0"
182.212.150.73 - - [01/Jan/2025:04:56:30 +0300] "POST /index.html HTTP/1.1" 501 8503 "-" "Opera/9.80 (X11; Linux i686; Ubuntu/14.10) Presto/2.12.388 Version/12.16"
228.144.164.101 - - [01/Jan/2025:04:57:57 +0300] "DELETE /index.html HTTP/1.1" 500 32271 "-" "Crawler Bot v1.0 (+https://example.com/bot.html)"
83.214.79.193 - - [01/Jan/2025:04:59:18 +0300] "DELETE /contact/ HTTP/1.1" 403 13268 "-" "Crawler Bot v1.0 (+https://example.com/bot.html)"
130.195.42.222 - - [01/Jan/2025:05:01:05 +0300] "PATCH /index.html HTTP/1.1" 403 22477 "-" "Safari/604.1 CFNetwork/893.14 Darwin/17.0.0 (x86_64)"
191.22.97.183 - - [01/Jan/2025:05:01:50 +0300] "PATCH /products/ HTTP/1.1" 404 2605 "-" "Opera/9.80 (X11; Linux i686; Ubuntu/14.10) Presto/2.12.388 Version/12.16"
146.55.198.94 - - [01/Jan/2025:05:01:59 +0300] "PATCH /products/ HTTP/1.1" 500 12296 "-" "Wget/1.19.5 (linux-gnu)"
83.214.79.193 - - [01/Jan/2025:05:03:06 +0300] "PUT /index.html HTTP/1.1" 502 1952 "-" "Internet Explorer 7.0; Windows NT 6.0; Trident/5.0"
83.214.79.193 - - [01/Jan/2025:05:04:35 +0300] "DELETE /products/ HTTP/1.1" 200 12128 "-" "Internet Explorer 7.0; Windows NT 6.0; Trident/5.0"
83.214.79.193 - - [01/Jan/2025:05:06:11 +0300] "PATCH /contact/ HTTP/1.1" 403 15098 "-" "Safari/604.1 CFNetwork/893.14 Darwin/17.0.0 (x86_64)"
79.179.42.142 - - [01/Jan/2025:05:06:22 +0300] "POST /services/ HTTP/1.1" 400 31253 "-" "Wget/1.19.5 (linux-gnu)"
130.195.42.222 - - [01/Jan/2025:05:06:36 +0300] "PUT /products/ HTTP/1.1" 502 13014 "-" "Internet Explorer 7.0; Windows NT 6.0; Trident/5.0"
146.55.198.94 - - [01/Jan/2025:05:08:01 +0300] "PATCH /products/ HTTP/1.1" 502 23167 "-" "Microsoft Edge 44.18362.449.0; Windows 10; ARM64"
202.194.16.171 - - [01/Jan/2025:05:09:11 +0300] "PUT /contact/ HTTP/1.1" 400 21763 "-" "Microsoft Edge 44.18362.449.0; Windows 10; ARM64"
79.179.42.142 - - [01/Jan/2025:05:10:32 +0300] "POST /products/ HTTP/1.1" 502 2344 "-" "Mozilla/5.0 (Windows NT 10.0; Win64; x64) AppleWebKit/537.36 (KHTML, like Gecko) Chrome/92.0.4515.107 Safari/537.36"
130.195.42.222 - - [01/Jan/2025:05:11:03 +0300] "PUT /about-us/ HTTP/1.1" 502 4774 "-" "Mozilla/5.0 (Windows NT 10.0; Win64; x64) AppleWebKit/537.36 (KHTML, like Gecko) Chrome/92.0.4515.107 Safari/537.36"
191.22.97.183 - - [01/Jan/2025:05:12:34 +0300] "POST /services/ HTTP/1.1" 400 2792 "-" "Internet Explorer 7.0; Windows NT 6.0; Trident/5.0"
146.55.198.94 - - [01/Jan/2025:05:12:40 +0300] "POST /index.html HTTP/1.1" 501 22801 "-" "Wget/1.19.5 (linux-gnu)"
206.74.177.39 - - [01/Jan/2025:05:12:47 +0300] "DELETE /index.html HTTP/1.1" 404 27768 "-" "Internet Explorer 7.0; Windows NT 6.0; Trident/5.0"
237.80.16.71 - - [01/Jan/2025:05:14:35 +0300] "PUT /contact/ HTTP/1.1" 201 33452 "-" "Mozilla/5.0 (Windows NT 10.0; Win64; x64) AppleWebKit/537.36 (KHTML, like Gecko) Chrome/92.0.4515.107 Safari/537.36"
206.74.177.39 - - [01/Jan/2025:05:14:46 +0300] "PUT /about-us/ HTTP/1.1" 400 28272 "-" "Mozilla/5.0 (Windows NT 10.0; Win64; x64) AppleWebKit/537.36 (KHTML, like Gecko) Chrome/92.0.4515.107 Safari/537.36"
130.195.42.222 - - [01/Jan/2025:05:15:07 +0300] "PATCH /services/ HTTP/1.1" 403 21440 "-" "Wget/1.19.5 (linux-gnu)"
191.22.97.183 - - [01/Jan/2025:05:15:15 +0300] "POST /contact/ HTTP/1.1" 403 30795 "-" "Safari/604.1 CFNetwork/893.14 Darwin/17.0.0 (x86_64)"
130.195.42.222 - - [01/Jan/2025:05:16:47 +0300] "PATCH /products/ HTTP/1.1" 401 9878 "-" "Internet Explorer 7.0; Windows NT 6.0; Trident/5.0"
79.179.42.142 - - [01/Jan/2025:05:18:13 +0300] "PATCH /about-us/ HTTP/1.1" 200 26724 "-" "Crawler Bot v1.0 (+https://example.com/bot.html)"
130.195.42.222 - - [01/Jan/2025:05:19:14 +0300] "DELETE /services/ HTTP/1.1" 201 32392 "-" "Safari/604.1 CFNetwork/893.14 Darwin/17.0.0 (x86_64)"
146.55.198.94 - - [01/Jan/2025:05:20:28 +0300] "PUT /products/ HTTP/1.1" 502 3406 "-" "Wget/1.19.5 (linux-gnu)"
