228.144.164.101 - - [02/Jan/2025:00:01:36 +0300] "GET /services/ HTTP/1.1" 404 19127 "-" "Opera/9.80 (X11; Linux i686; Ubuntu/14.10) Presto/2.12.388 Version/12.16"
83.214.79.193 - - [02/Jan/2025:00:02:30 +0300] "DELETE /contact/ HTTP/1.1" 401 32947 "-" "Safari/604.1 CFNetwork/893.14 Darwin/17.0.0 (x86_64)"
79.179.42.142 - - [02/Jan/2025:00:04:55 +0300] "DELETE /about-us/ HTTP/1.1" 404 5391 "-" "Wget/1.19.5 (linux-gnu)"
146.55.198.94 - - [02/Jan/2025:00:07:34 +0300] "GET /contact/ HTTP/1.1" 502 10447 "-" "Crawler Bot v1.0 (+https://example.com/bot.html)"
191.22.97.183 - - [02/Jan/2025:00:09:35 +0300] "PUT /index.html HTTP/1.1" 404 30905 "-" "Opera/9.80 (X11; Linux i686; Ubuntu/14.10) Presto/2.12.388 Version/12.16"
228.144.164.101 - - [02/Jan/2025:00:11:13 +0300] "PUT /contact/ HTTP/1.1" 501 20785 "-" "Internet Explorer 7.0; Windows NT 6.0; Trident/5.0"
79.179.42.142 - - [02/Jan/2025:00:12:57 +0300] "PUT /index.html HTTP/1.1" 200 27398 "-" "Microsoft Edge 44.18362.449.0; Windows 10; ARM64"
21.224.156.88 - - [02/Jan/2025:00:16:07 +0300] "GET /contact/ HTTP/1.1" 200 1181 "-" "Wget/1.19.5 (linux-gnu)"
228.144.164.101 - - [02/Jan/2025:00:17:05 +0300] "GET /about-us/ HTTP/1.1" 404 16198 "-" "Wget/1.19.5 (linux-gnu)"
228.144.164.101 - - [02/Jan/2025:00:19:52 +0300] "POST /contact/ HTTP/1.1" 401 3919 "-" "Internet Explorer 7.0; Windows NT 6.0; Trident/5.0"
191.22.97.183 - - [02/Jan/2025:00:22:14 +0300] "PATCH /contact/ HTTP/1.1" 503 24599 "-" "Opera/9.80 (X11; Linux i686; Ubuntu/14.10) Presto/2.12.388 Version/12.16"
83.214.79.193 - - [02/Jan/2025:00:24:30 +0300] "PATCH /index.html HTTP/1.1" 500 15786 "-" "Microsoft Edge 44.18362.449.0; Windows 10; ARM64"
83.214.79.193 - - [02/Jan/2025:00:25:33 +0300] "PUT /about-us/ HTTP/1.1" 201 17977 "-" "Microsoft Edge 44.18362.449.0; Windows 10; ARM64"
130.195.42.222 - - [02/Jan/2025:00:27:28 +0300] "POST /index.html HTTP/1.1" 500 14017 "-" "Opera/9.80 (X11; Linux i686; Ubuntu/14.10) Presto/2.12.388 Version/12.16"
83.214.79.193 - - [02/Jan/2025:00:28:28 +0300] "DELETE /about-us/ HTTP/1.1" 401 16037 "-" "Mozilla/5.0 (Windows NT 10.0; Win64; x64) AppleWebKit/537.36 (KHTML, like Gecko) Chrome/92.0.4515.107 Safari/537.36"
191.22.97.183 - - [02/Jan/2025:00:28:34 +0300] "POST /services/ HTTP/1.1" 501 21133 "-" "Safari/604.1 CFNetwork/893.14 Darwin/17.0.0 (x86_64)"
130.195.42.222 - - [02/Jan/2025:00:30:56 +0300] "PATCH /contact/ HTTP/1.1" 500 11129 "-" "Internet Explorer 7.0; Windows NT 6.0; Trident/5.0"
228.144.164.101 - - [02/Jan/2025:00:32:08 +0300] "DELETE /products/ HTTP/1.1" 401 18506 "-" "Mozilla/5.0 (Windows NT 10.0; Win64; x64) AppleWebKit/537.36 (KHTML, like Gecko) Chrome/92.0.4515.107 Safari/537.36"
79.179.42.142 - - [02/Jan/2025:00:34:24 +0300] "GET /contact/ HTTP/1.1" 503 6139 "-" "Opera/9.80 (X11; Linux i686; Ubuntu/14.10) Presto/2.12.388 Version/12.16"
21.224.156.88 - - [02/Jan/2025:00:36:45 +0300] "GET /about-us/ HTTP/1.1" 503 26321 "-" "Microsoft Edge 44.18362.449.0; Windows 10; ARM64"
191.22.97.183 - - [02/Jan/2025:00:37:07 +0300] "PUT /products/ HTTP/1.1" 404 14469 "-" "Mozilla/5.0 (Windows NT 10.0; Win64; x64) AppleWebKit/537.36 (KHTML, like Gecko) Chrome/92.0.4515.107 Safari/537.36"
228.144.164.101 - - [02/Jan/2025:00:39:04 +0300] "GET /contact/ HTTP/1.1" 403 31566 "-" "Crawler Bot v1.0 (+https://example.com/bot.html)"
237.80.16.71 - - [02/Jan/2025:00:40:05 +0300] "POST /contact/ HTTP/1.1" 400 15358 "-" "Internet Explorer 7.0; Windows NT 6.0; Trident/5.0"
79.179.42.142 - - [02/Jan/2025:00:42:07 +0300] "GET /contact/ HTTP/1.1" 201 10087 "-" "Internet Explorer 7.0; Windows NT 6.0; Trident/5.0"
228.144.164.101 - - [02/Jan/2025:00:45:22 +0300] "POST /index.html HTTP/1.1" 501 1274 "-" "Safari/604.1 CFNetwork/893.14 Darwin/17.0.0 (x86_64)"
237.80.16.71 - - [02/Jan/2025:00:46:16 +0300] "GET /services/ HTTP/1.1" 201 6105 "-" "Safari/604.1 CFNetwork/893.14 Darwin/17.0.0 (x86_64)"
83.214.79.193 - - [02/Jan/2025:00:48:40 +0300] "POST /services/ HTTP/1.1" 401 25045 "-" "Opera/9.80 (X11; Linux i686; Ubuntu/14.10) Presto/2.12.388 Version/12.16"
79.179.42.142 - - [02/Jan/2025:00:50:31 +0300] "PATCH /contact/ HTTP/1.1" 503 21487 "-" "Microsoft Edge 44.18362.449.0; Windows 10; ARM64"
146.55.198.94 - - [02/Jan/2025:00:51:03 +0300] "PATCH /services/ HTTP/1.1" 400 4473 "-" "Wget/1.19.5 (linux-gnu)"
237.80.16.71 - - [02/Jan/2025:00:53:27 +0300] "POST /services/ HTTP/1.1" 400 23645 "-" "Internet Explorer 7.0; Windows NT 6.0; Trident/5.0"
79.179.42.142 - - [02/Jan/2025:00:54:44 +0300] "PATCH /products/ HTTP/1.1" 500 12055 "-" "Safari/604.1 CFNetwork/893.14 Darwin/17.0.0 (x86_64)"
21.224.156.88 - - [02/Jan/2025:00:57:22 +0300] "PATCH /about-us/ HTTP/1.1" 500 16507 "-" "Safari/604.1 CFNetwork/893.14 Darwin/17.0.0 (x86_64)"
206.74.177.39 - - [02/Jan/2025:00:59:44 +0300] "POST /about-us/ HTTP/1.1" 501 7223 "-" "Internet Explorer 7.0; Windows NT 6.0; Trident/5.0"
206.74.177.39 - - [02/Jan/2025:01:01:16 +0300] "GET /services/ HTTP/1.1" 501 32708 "-" "Microsoft Edge 44.18362.449.0; Windows 10; ARM64"
146.55.198.94 - - [02/Jan/2025:01:04:02 +0300] "DELETE /services/ HTTP/1.1" 503 16890 "-" "Mozilla/5.0 (Windows NT 10.0; Win64; x64) AppleWebKit/537.36 (KHTML, like Gecko) Chrome/92.0.4515.107 Safari/537.36"
228.144.164.101 - - [02/Jan/2025:01:06:21 +0300] "DELETE /services/ HTTP/1.1" 201 5581 "-" "Safari/604.1 CFNetwork/893.14 Darwin/17.0.0 (x86_64)"
228.144.164.101 - - [02/Jan/2025:01:06:44 +0300] "PATCH /contact/ HTTP/1.1" 500 4740 "-" "Crawler Bot v1.0 (+https://example.com/bot.html)"
206.74.177.39 - - [02/Jan/2025:01:08:29 +0300] "PATCH /index.html HTTP/1.1" 404 3123 "-" "Opera/9.80 (X11; Linux i686; Ubuntu/14.10) Presto/2.12.388 Version/12.16"
237.80.16.71 - - [02/Jan/2025:01:09:12 +0300] "PUT /contact/ HTTP/1.1" 401 16511 "-" "Opera/9.80 (X11; Linux i686; Ubuntu/14.10) Presto/2.12.388 Version/12.16"
83.214.79.193 - - [02/Jan/2025:01:09:46 +0300] "PUT /services/ HTTP/1.1" 401 32532 "-" "Wget/1.19.5 (linux-gnu)"
202.194.16.171 - - [02/Jan/2025:01:10:09 +0300] "GET /contact/ HTTP/1.1" 201 7551 "-" "Mozilla/5.0 (Windows NT 10.0; Win64; x64) AppleWebKit/537.36 (KHTML, like Gecko) Chrome/92.0.4515.107 Safari/537.36"
237.80.16.71 - - [02/Jan/2025:01:11:10 +0300] "GET /about-us/ HTTP/1.1" 502 26872 "-" "Opera/9.80 (X11; Linux i686; Ubuntu/14.10) Presto/2.12.388 Version/12.16"
130.195.42.222 - - [02/Jan/2025:01:12:37 +0300] "PUT /services/ HTTP/1.1" 403 33300 "-" "Safari/604.1 CFNetwork/893.14 Darwin/17.0.0 (x86_64)"
182.212.150.73 - - [02/Jan/2025:01:14:13 +0300] "PUT /products/ HTTP/1.1" 404 16507 "-" "Wget/1.19.5 (linux-gnu)"
79.179.42.142 - - [02/Jan/2025:01:16:40 +0300] "DELETE /products/ HTTP/1.1" 501 5429 "-" "Opera/9.80 (X11; Linux i686; Ubuntu/14.10) Presto/2.12.388 Version/12.16"
237.80.16.71 - - [02/Jan/2025:01:17:28 +0300] "POST /contact/ HTTP/1.1" 502 20043 "-" "Opera/9.80 (X11; Linux i686; Ubuntu/14.10) Presto/2.12.388 Version/12.16"
21.224.156.88 - - [02/Jan/2025:01:18:24 +0300] "DELETE /contact/ HTTP/1.1" 404 29896 "-" "Crawler Bot v1.0 (+https://example.com/bot.html)"
83.214.79.193 - - [02/Jan/2025:01:20:36 +0300] "POST /services/ HTTP/1.1" 500 20020 "-" "Crawler Bot v1.0 (+https://example.com/bot.html)"
206.74.177.39 - - [02/Jan/2025:01:21:08 +0300] "DELETE /products/ HTTP/1.1" 503 2711 "-" "Crawler Bot v1.0 (+https://example.com/bot.html)"
182.212.150.73 - - [02/Jan/2025:01:22:21 +0300] "PATCH /about-us/ HTTP/1.1" 503 26271 "-" "Internet Explorer 7.0; Windows NT 6.0; Trident/5.0"
146.55.198.94 - - [02/Jan/2025:01:23:35 +0300] "PATCH /index.html HTTP/1.1" 404 18316 "-" "Crawler Bot v1.0 (+https://example.com/bot.html)"
146.55.198.94 - - [02/Jan/2025:01:26:37 +0300] "DELETE /index.html HTTP/1.1" 502 9895 "-" "Mozilla/5.0 (Windows NT 10.0; Win64; x64) AppleWebKit/537.36 (KHTML, like Gecko) Chrome/92.0.4515.107 Safari/537.36"
79.179.42.142 - - [02/Jan/2025:01:29:50 +0300] "PUT /products/ HTTP/1.1" 200 25903 "-" "Crawler Bot v1.0 (+https://example.com/bot.html)"
202.194.16.171 - - [02/Jan/2025:01:30:16 +0300] "PUT /services/ HTTP/1.1" 201 20762 "-" "Safari/604.1 CFNetwork/893.14 Darwin/17.0.0 (x86_64)"
191.22.97.183 - - [02/Jan/2025:01:31:57 +0300] "PUT /products/ HTTP/1.1" 404 16615 "-" "Microsoft Edge 44.18362.449.0; Windows 10; ARM64"
228.144.164.101 - - [02/Jan/2025:01:33:27 +0300] "POST /contact/ HTTP/1.1" 200 31535 "-" "Mozilla/5.0 (Windows NT 10.0; Win64; x64) AppleWebKit/537.36 (KHTML, like Gecko) Chrome/92.0.4515.107 Safari/537.36"
130.195.42.222 - - [02/Jan/2025:01:35:53 +0300] "PUT /services/ HTTP/1.1" 500 8362 "-" "Crawler Bot v1.0 (+https://example.com/bot.html)"
191.22.97.183 - - [02/Jan/2025:01:38:07 +0300] "POST /about-us/ HTTP/1.1" 401 33316 "-" "Mozilla/5.0 (Windows NT 10.0; Win64; x64) AppleWebKit/537.36 (KHTML, like Gecko) Chrome/92.0.4515.107 Safari/537.36"
202.194.16.171 - - [02/Jan/2025:01:40:10 +0300] "GET /index.html HTTP/1.1" 400 5361 "-" "Microsoft Edge 44.18362.449.0; Windows 10; ARM64"
79.179.42.142 - - [02/Jan/2025:01:42:17 +0300] "PUT /services/ HTTP/1.1" 200 22583 "-" "Crawler Bot v1.0 (+https://example.com/bot.html)"
21.224.156.88 - - [02/Jan/2025:01:44:42 +0300] "POST /index.html HTTP/1.1" 201 33141 "-" "Internet Explorer 7.0; Windows NT 6.0; Trident/5.0"
146.55.198.94 - - [02/Jan/2025:01:45:56 +0300] "PUT /services/ HTTP/1.1" 400 2157 "-" "Wget/1.19.5 (linux-gnu)"
146.55.198.94 - - [02/Jan/2025:01:47:49 +0300] "DELETE /contact/ HTTP/1.1" 502 32889 "-" "Opera/9.80 (X11; Linux i686; Ubuntu/14.10) Presto/2.12.388 Version/12.16"
202.194.16.171 - - [02/Jan/2025:01:50:40 +0300] "PATCH /products/ HTTP/1.1" 404 27910 "-" "Crawler Bot v1.0 (+https://example.com/bot.html)"
237.80.16.71 - - [02/Jan/2025:01:50:50 +0300] "PUT /index.html HTTP/1.1" 502 10615 "-" "Wget/1.19.5 (linux-gnu)"
130.195.42.222 - - [02/Jan/2025:01:53:46 +0300] "PATCH /about-us/ HTTP/1.1" 503 13477 "-" "Crawler Bot v1.0 (+https://example.com/bot.html)"
79.179.42.142 - - [02/Jan/2025:01:53:59 +0300] "DELETE /contact/ HTTP/1.1" 501 29896 "-" "Microsoft Edge 44.18362.449.0; Windows 10; ARM64"
228.144.164.101 - - [02/Jan/2025:01:55:02 +0300] "PATCH /contact/ HTTP/1.1" 404 27407 "-" "Internet Explorer 7.0; Windows NT 6.0; Trident/5.0"
21.224.156.88 - - [02/Jan/2025:01:55:55 +0300] "PUT /services/ HTTP/1.1" 501 12642 "-" "Safari/604.1 CFNetwork/893.14 Darwin/17.0.0 (x86_64)"
228.144.164.101 - - [02/Jan/2025:01:57:55 +0300] "DELETE /contact/ HTTP/1.1" 500 5979 "-" "Mozilla/5.0 (Windows NT 10.0; Win64; x64) AppleWebKit/537.36 (KHTML, like Gecko) Chrome/92.0.4515.107 Safari/537.36"
202.194.16.171 - - [02/Jan/2025:01:58:43 +0300] "DELETE /index.html HTTP/1.1" 503 22694 "-" "Safari/604.1 CFNetwork/893.14 Darwin/17.0.0 (x86_64)"
83.214.79.193 - - [02/Jan/2025:02:01:56 +0300] "PUT /products/ HTTP/1.1" 403 31389 "-" "Mozilla/5.0 (Windows NT 10.0; Win64; x64) AppleWebKit/537.36 (KHTML, like Gecko) Chrome/92.0.4515.107 Safari/537.36"
79.179.42.142 - - [02/Jan/2025:02:04:16 +0300] "DELETE /index.html HTTP/1.1" 401 10844 "-" "Mozilla/5.0 (Windows NT 10.0; Win64; x64) AppleWebKit/537.36 (KHTML, like Gecko) Chrome/92.0.4515.107 Safari/537.36"
191.22.97.183 - - [02/Jan/2025:02:05:00 +0300] "DELETE /about-us/ HTTP/1.1" 502 27749 "-" "Microsoft Edge 44.18362.449.0; Windows 10; ARM64"
21.224.156.88 - - [02/Jan/2025:02:08:07 +0300] "GET /about-us/ HTTP/1.1" 403 1616 "-" "Crawler Bot v1.0 (+https://example.com/bot.html)"
202.194.16.171 - - [02/Jan/2025:02:08:12 +0300] "GET /about-us/ HTTP/1.1" 503 18559 "-" "Opera/9.80 (X11; Linux i686; Ubuntu/14.10) Presto/2.12.388 Version/12.16"
79.179.42.142 - - [02/Jan/2025:02:10:56 +0300] "GET /index.html HTTP/1.1" 401 33055 "-" "Crawler Bot v1.0 (+https://example.com/bot.html)"
228.144.164.101 - - [02/Jan/2025:02:12:56 +0300] "DELETE /index.html HTTP/1.1" 404 28160 "-" "Mozilla/5.0 (Windows NT 10.0; Win64; x64) AppleWebKit/537.36 (KHTML, like Gecko) Chrome/92.0.4515.107 Safari/537.36"
191.22.97.183 - - [02/Jan/2025:02:15:07 +0300] "PUT /about-us/ HTTP/1.1" 200 8301 "-" "Microsoft Edge 44.18362.449.0; Windows 10; ARM64"
83.214.79.193 - - [02/Jan/2025:02:16:55 +0300] "DELETE /products/ HTTP/1.1" 400 24773 "-" "Mozilla/5.0 (Windows NT 10.0; Win64; x64) AppleWebKit/537.36 (KHTML, like Gecko) Chrome/92.0.4515.107 Safari/537.36"
21.224.156.88 - - [02/Jan/2025:02:18:54 +0300] "DELETE /contact/ HTTP/1.1" 404 31986 "-" "Wget/1.19.5 (linux-gnu)"
130.195.42.222 - - [02/Jan/2025:02:20:49 +0300] "PUT /index.html HTTP/1.1" 404 22128 "-" "Safari/604.1 CFNetwork/893.14 Darwin/17.0.0 (x86_64)"
206.74.177.39 - - [02/Jan/2025:02:22:51 +0300] "PUT /services/ HTTP/1.1" 501 9216 "-" "Wget/1.19.5 (linux-gnu)"
182.212.150.73 - - [02/Jan/2025:02:24:29 +0300] "PATCH /contact/ HTTP/1.1" 503 25387 "-" "Safari/604.1 CFNetwork/893.14 Darwin/17.0.0 (x86_64)"
202.194.16.171 - - [02/Jan/2025:02:25:55 +0300] "POST /products/ HTTP/1.1" 501 16235 "-" "Wget/1.19.5 (linux-gnu)"
146.55.198.94 - - [02/Jan/2025:02:26:42 +0300] "POST /index.html HTTP/1.1" 401 23926 "-" "Opera/9.80 (X11; Linux i686; Ubuntu/14.10) Presto/2.12.388 Version/12.16"
146.55.198.94 - - [02/Jan/2025:02:27:27 +0300] "PUT /contact/ HTTP/1.1" 403 24069 "-" "Mozilla/5.0 (Windows NT 10.0; Win64; x64) AppleWebKit/537.36 (KHTML, like Gecko) Chrome/92.0.4515.107 Safari/537.36"
202.194.16.171 - - [02/Jan/2025:02:28:32 +0300] "PUT /index.html HTTP/1.1" 501 9478 "-" "Safari/604.1 CFNetwork/893.14 Darwin/17.0.0 (x86_64)"
182.212.150.73 - - [02/Jan/2025:02:29:33 +0300] "GET /products/ HTTP/1.1" 400 18000 "-" "Safari/604.1 CFNetwork/893.14 Darwin/17.0.0 (x86_64)"
21.224.156.88 - - [02/Jan/2025:02:32:15 +0300] "PUT /products/ HTTP/1.1" 401 21096 "-" "Wget/1.19.5 (linux-gnu)"
202.194.16.171 - - [02/Jan/2025:02:34:08 +0300] "PATCH /products/ HTTP/1.1" 200 5857 "-" "Opera/9.80 (X11; Linux i686; Ubuntu/14.10) Presto/2.12.388 Version/12.16"
202.194.16.171 - - [02/Jan/2025:02:37:19 +0300] "PATCH /about-us/ HTTP/1.1" 400 26973 "-" "Mozilla/5.0 (Windows NT 10.0; Win64; x64) AppleWebKit/537.36 (KHTML, like Gecko) Chrome/92.0.4515.107 Safari/537.36"
21.224.156.88 - - [02/Jan/2025:02:38:54 +0300] "DELETE /contact/ HTTP/1.1" 501 15548 "-" "Microsoft Edge 44.18362.449.0; Windows 10; ARM64"
237.80.16.71 - - [02/Jan/2025:02:39:55 +0300] "PATCH /about-us/ HTTP/1.1" 400 20217 "-" "Mozilla/5.0 (Windows NT 10.0; Win64; x64) AppleWebKit/537.36 (KHTML, like Gecko) Chrome/92.0.4515.107 Safari/537.36"
146.55.198.94 - - [02/Jan/2025:02:41:54 +0300] "PATCH /products/ HTTP/1.1" 401 8919 "-" "Mozilla/5.0 (Windows NT 10.0; Win64; x64) AppleWebKit/537.36 (KHTML, like Gecko) Chrome/92.0.4515.107 Safari/537.36"
146.55.198.94 - - [02/Jan/2025:02:45:04 +0300] "PUT /services/ HTTP/1.1" 500 9032 "-" "Crawler Bot v1.0 (+https://example.com/bot.html)"
237.80.16.71 - - [02/Jan/2025:02:46:21 +0300] "PUT /contact/ HTTP/1.1" 501 32539 "-" "Crawler Bot v1.0 (+https://example.com/bot.html)"
79.179.42.142 - - [02/Jan/2025:02:49:31 +0300] "PUT /products/ HTTP/1.1" 201 14738 "-" "Microsoft Edge 44.18362.449.0; Windows 10; ARM64"
83.214.79.193 - - [02/Jan/2025:02:52:49 +0300] "PATCH /about-us/ HTTP/1.1" 503 19614 "-" "Internet Explorer 7.0; Windows NT 6.0; Trident/5.0"
146.55.198.94 - - [02/Jan/2025:02:53:55 +0300] "PUT /contact/ HTTP/1.1" 401 27745 "-" "Microsoft Edge 44.18362.449.0; Windows 10; ARM64"
206.74.177.39 - - [02/Jan/2025:02:56:43 +0300] "PUT /about-us/ HTTP/1.1" 500 6135 "-" "Opera/9.80 (X11; Linux i686; Ubuntu/14.10) Presto/2.12.388 Version/12.16"
206.74.177.39 - - [02/Jan/2025:02:56:58 +0300] "DELETE /products/ HTTP/1.1" 401 28761 "-" "Opera/9.80 (X11; Linux i686; Ubuntu/14.10) Presto/2.12.388 Version/12.16"
146.55.198.94 - - [02/Jan/2025:02:57:01 +0300] "DELETE /contact/ HTTP/1.1" 501 16095 "-" "Wget/1.19.5 (linux-gnu)"
228.144.164.101 - - [02/Jan/2025:02:59:16 +0300] "PUT /about-us/ HTTP/1.1" 502 12025 "-" "Internet Explorer 7.0; Windows NT 6.0; Trident/5.0"
21.224.156.88 - - [02/Jan/2025:03:00:58 +0300] "GET /about-us/ HTTP/1.1" 503 13700 "-" "Internet Explorer 7.0; Windows NT 6.0; Trident/5.0"
21.224.156.88 - - [02/Jan/2025:03:01:21 +0300] "DELETE /products/ HTTP/1.1" 500 7479 "-" "Wget/1.19.5 (linux-gnu)"
191.22.97.183 - - [02/Jan/2025:03:04:23 +0300] "PUT /products/ HTTP/1.1" 500 13813 "-" "Internet Explorer 7.0; Windows NT 6.0; Trident/5.0"
130.195.42.222 - - [02/Jan/2025:03:04:54 +0300] "PATCH /services/ HTTP/1.1" 502 29149 "-" "Wget/1.19.5 (linux-gnu)"
228.144.164.101 - - [02/Jan/2025:03:05:59 +0300] "PUT /products/ HTTP/1.1" 400 20519 "-" "Internet Explorer 7.0; Windows NT 6.0; Trident/5.0"
228.144.164.101 - - [02/Jan/2025:03:08:26 +0300] "DELETE /about-us/ HTTP/1.1" 403 31692 "-" "Wget/1.19.5 (linux-gnu)"
83.214.79.193 - - [02/Jan/2025:03:10:17 +0300] "PUT /products/ HTTP/1.1" 500 11128 "-" "Safari/604.1 CFNetwork/893.14 Darwin/17.0.0 (x86_64)"
83.214.79.193 - - [02/Jan/2025:03:10:31 +0300] "GET /services/ HTTP/1.1" 400 21070 "-" "Safari/604.1 CFNetwork/893.14 Darwin/17.0.0 (x86_64)"
79.179.42.142 - - [02/Jan/2025:03:13:48 +0300] "DELETE /products/ HTTP/1.1" 503 2713 "-" "Crawler Bot v1.0 (+https://example.com/bot.html)"
130.195.42.222 - - [02/Jan/2025:03:14:15 +0300] "PATCH /products/ HTTP/1.1" 503 9975 "-" "Wget/1.19.5 (linux-gnu)"
228.144.164.101 - - [02/Jan/2025:03:14:31 +0300] "POST /products/ HTTP/1.1" 502 10755 "-" "Opera/9.80 (X11; Linux i686; Ubuntu/14.10) Presto/2.12.388 Version/12.16"
146.55.198.94 - - [02/Jan/2025:03:17:20 +0300] "DELETE /services/ HTTP/1.1" 401 2032 "-" "Opera/9.80 (X11; Linux i686; Ubuntu/14.10) Presto/2.12.388 Version/12.16"
79.179.42.142 - - [02/Jan/2025:03:19:35 +0300] "GET /about-us/ HTTP/1.1" 404 8496 "-" "Opera/9.80 (X11; Linux i686; Ubuntu/14.10) Presto/2.12.388 Version/12.16"
146.55.198.94 - - [02/Jan/2025:03:20:25 +0300] "POST /index.html HTTP/1.1" 400 14894 "-" "Microsoft Edge 44.18362.449.0; Windows 10; ARM64"
202.194.16.171 - - [02/Jan/2025:03:20:57 +0300] "PATCH /about-us/ HTTP/1.1" 404 9770 "-" "Internet Explorer 7.0; Windows NT 6.0; Trident/5.0"
79.179.42.142 - - [02/Jan/2025:03:24:07 +0300] "DELETE /products/ HTTP/1.1" 201 20560 "-" "Internet Explorer 7.0; Windows NT 6.0; Trident/5.0"
83.214.79.193 - - [02/Jan/2025:03:27:09 +0300] "GET /contact/ HTTP/1.1" 404 21955 "-" "Crawler Bot v1.0 (+https://example.com/bot.html)"
202.194.16.171 - - [02/Jan/2025:03:29:53 +0300] "POST /contact/ HTTP/1.1" 503 20926 "-" "Crawler Bot v1.0 (+https://example.com/bot.html)"
182.212.150.73 - - [02/Jan/2025:03:30:01 +0300] "DELETE /index.html HTTP/1.1" 500 7855 "-" "Wget/1.19.5 (linux-gnu)"
182.212.150.73 - - [02/Jan/2025:03:31:37 +0300] "GET /contact/ HTTP/1.1" 502 28386 "-" "Opera/9.80 (X11; Linux i686; Ubuntu/14.10) Presto/2.12.388 Version/12.16"
130.195.42.222 - - [02/Jan/2025:03:34:27 +0300] "GET /contact/ HTTP/1.1" 401 32124 "-" "Mozilla/5.0 (Windows NT 10.0; Win64; x64) AppleWebKit/537.36 (KHTML, like Gecko) Chrome/92.0.4515.107 Safari/537.36"
182.212.150.73 - - [02/Jan/2025:03:36:59 +0300] "PUT /index.html HTTP/1.1" 404 21978 "-" "Internet Explorer 7.0; Windows NT 6.0; Trident/5.0"
206.74.177.39 - - [02/Jan/2025:03:39:38 +0300] "POST /services/ HTTP/1.1" 403 2158 "-" "Wget/1.19.5 (linux-gnu)"
83.214.79.193 - - [02/Jan/2025:03:42:22 +0300] "DELETE /services/ HTTP/1.1" 503 2431 "-" "Microsoft Edge 44.18362.449.0; Windows 10; ARM64"
79.179.42.142 - - [02/Jan/2025:03:43:27 +0300] "DELETE /services/ HTTP/1.1" 401 11071 "-" "Microsoft Edge 44.18362.449.0; Windows 10; ARM64"
146.55.198.94 - - [02/Jan/2025:03:46:05 +0300] "GET /index.html HTTP/1.1" 501 24899 "-" "Internet Explorer 7.0; Windows NT 6.0; Trident/5.0"
146.55.198.94 - - [02/Jan/2025:03:47:06 +0300] "PUT /index.html HTTP/1.1" 500 32535 "-" "Microsoft Edge 44.18362.449.0; Windows 10; ARM64"
79.179.42.142 - - [02/Jan/2025:03:47:19 +0300] "PUT /about-us/ HTTP/1.1" 404 3614 "-" "Opera/9.80 (X11; Linux i686; Ubuntu/14.10) Presto/2.12.388 Version/12.16"
182.212.150.73 - - [02/Jan/2025:03:47:55 +0300] "PUT /services/ HTTP/1.1" 404 25971 "-" "Wget/1.19.5 (linux-gnu)"
191.22.97.183 - - [02/Jan/2025:03:48:47 +0300] "GET /contact/ HTTP/1.1" 401 1063 "-" "Opera/9.80 (X11; Linux i686; Ubuntu/14.10) Presto/2.12.388 Version/12.16"
202.194.16.171 - - [02/Jan/2025:03:50:36 +0300] "DELETE /about-us/ HTTP/1.1" 400 5870 "-" "Opera/9.80 (X11; Linux i686; Ubuntu/14.10) Presto/2.12.388 Version/12.16"
206.74.177.39 - - [02/Jan/2025:03:51:38 +0300] "PUT /products/ HTTP/1.1" 400 11443 "-" "Wget/1.19.5 (linux-gnu)"
21.224.156.88 - - [02/Jan/2025:03:52:22 +0300] "DELETE /services/ HTTP/1.1" 404 31908 "-" "Opera/9.80 (X11; Linux i686; Ubuntu/14.10) Presto/2.12.388 Version/12.16"
79.179.42.142 - - [02/Jan/2025:03:54:17 +0300] "GET /contact/ HTTP/1.1" 401 3518 "-" "Crawler Bot v1.0 (+https://example.com/bot.html)"
79.179.42.142 - - [02/Jan/2025:03:55:19 +0300] "DELETE /contact/ HTTP/1.1" 503 27477 "-" "Crawler Bot v1.0 (+https://example.com/bot.html)"
191.22.97.183 - - [02/Jan/2025:03:55:38 +0300] "DELETE /index.html HTTP/1.1" 201 24682 "-" "Opera/9.80 (X11; Linux i686; Ubuntu/14.10) Presto/2.12.388 Version/12.16"
228.144.164.101 - - [02/Jan/2025:03:56:24 +0300] "PUT /products/ HTTP/1.1" 201 18007 "-" "Mozilla/5.0 (Windows NT 10.0; Win64; x64) AppleWebKit/537.36 (KHTML, like Gecko) Chrome/92.0.4515.107 Safari/537.36"
79.179.42.142 - - [02/Jan/2025:03:58:45 +0300] "POST /products/ HTTP/1.1" 502 5871 "-" "Microsoft Edge 44.18362.449.0; Windows 10; ARM64"
182.212.150.73 - - [02/Jan/2025:03:59:43 +0300] "PUT /contact/ HTTP/1.1" 503 24221 "-" "Opera/9.80 (X11; Linux i686; Ubuntu/14.10) Presto/2.12.388 Version/12.16"
21.224.156.88 - - [02/Jan/2025:04:02:06 +0300] "PATCH /contact/ HTTP/1.1" 401 5079 "-" "Wget/1.19.5 (linux-gnu)"
237.80.16.71 - - [02/Jan/2025:04:04:03 +0300] "PUT /services/ HTTP/1.1" 501 2986 "-" "Microsoft Edge 44.18362.449.0; Windows 10; ARM64"
83.214.79.193 - - [02/Jan/2025:04:06:28 +0300] "DELETE /contact/ HTTP/1.1" 400 2948 "-" "Mozilla/5.0 (Windows NT 10.0; Win64; x64) AppleWebKit/537.36 (KHTML, like Gecko) Chrome/92.0.4515.107 Safari/537.36"
146.55.198.94 - - [02/Jan/2025:04:06:49 +0300] "GET /about-us/ HTTP/1.1" 500 1808 "-" "Safari/604.1 CFNetwork/893.14 Darwin/17.0.0 (x86_64)"
79.179.42.142 - - [02/Jan/2025:04:08:20 +0300] "PUT /products/ HTTP/1.1" 400 21997 "-" "Internet Explorer 7.0; Windows NT 6.0; Trident/5.0"
146.55.198.94 - - [02/Jan/2025:04:08:33 +0300] "POST /index.html HTTP/1.1" 500 29029 "-" "Microsoft Edge 44.18362.449.0; Windows 10; ARM64"
228.144.164.101 - - [02/Jan/2025:04:11:26 +0300] "GET /services/ HTTP/1.1" 500 16620 "-" "Microsoft Edge 44.18362.449.0; Windows 10; ARM64"
21.224.156.88 - - [02/Jan/2025:04:13:40 +0300] "PUT /about-us/ HTTP/1.1" 501 32047 "-" "Wget/1.19.5 (linux-gnu)"
83.214.79.193 - - [02/Jan/2025:04:15:45 +0300] "PATCH /contact/ HTTP/1.1" 200 10345 "-" "Internet Explorer 7.0; Windows NT 6.0; Trident/5.0"
206.74.177.39 - - [02/Jan/2025:04:18:26 +0300] "PATCH /contact/ HTTP/1.1" 501 13696 "-" "Microsoft Edge 44.18362.449.0; Windows 10; ARM64"
191.22.97.183 - - [02/Jan/2025:04:19:33 +0300] "PATCH /products/ HTTP/1.1" 502 17490 "-" "Microsoft Edge 44.18362.449.0; Windows 10; ARM64"
237.80.16.71 - - [02/Jan/2025:04:20:19 +0300] "DELETE /index.html HTTP/1.1" 403 27446 "-" "Wget/1.19.5 (linux-gnu)"
182.212.150.73 - - [02/Jan/2025:04:23:36 +0300] "PATCH /contact/ HTTP/1.1" 500 1668 "-" "Mozilla/5.0 (Windows NT 10.0; Win64; x64) AppleWebKit/537.36 (KHTML, like Gecko) Chrome/92.0.4515.107 Safari/537.36"
191.22.97.183 - - [02/Jan/2025:04:23:55 +0300] "POST /about-us/ HTTP/1.1" 201 15714 "-" "Crawler Bot v1.0 (+https://example.com/bot.html)"
130.195.42.222 - - [02/Jan/2025:04:24:57 +0300] "POST /contact/ HTTP/1.1" 400 30777 "-" "Crawler Bot v1.0 (+https://example.com/bot.html)"
182.212.150.73 - - [02/Jan/2025:04:26:28 +0300] "GET /index.html HTTP/1.1" 401 11938 "-" "Crawler Bot v1.0 (+https://example.com/bot.html)"
191.22.97.183 - - [02/Jan/2025:04:26:58 +0300] "POST /index.html HTTP/1.1" 503 5113 "-" "Internet Explorer 7.0; Windows NT 6.0; Trident/5.0"
202.194.16.171 - - [02/Jan/2025:04:28:32 +0300] "PATCH /about-us/ HTTP/1.1" 501 29373 "-" "Microsoft Edge 44.18362.449.0; Windows 10; ARM64"
228.144.164.101 - - [02/Jan/2025:04:29:29 +0300] "POST /products/ HTTP/1.1" 501 22960 "-" "Microsoft Edge 44.18362.449.0; Windows 10; ARM64"
228.144.164.101 - - [02/Jan/2025:04:31:38 +0300] "GET /services/ HTTP/1.1" 502 19734 "-" "Mozilla/5.0 (Windows NT 10.0; Win64; x64) AppleWebKit/537.36 (KHTML, like Gecko) Chrome/92.0.4515.107 Safari/537.36"
237.80.16.71 - - [02/Jan/2025:04:32:29 +0300] "PATCH /products/ HTTP/1.1" 502 27753 "-" "Microsoft Edge 44.18362.449.0; Windows 10; ARM64"
228.144.164.101 - - [02/Jan/2025:04:32:43 +0300] "PUT /services/ HTTP/1.1" 400 17084 "-" "Microsoft Edge 44.18362.449.0; Windows 10; ARM64"
202.194.16.171 - - [02/Jan/2025:04:32:56 +0300] "PATCH /services/ HTTP/1.1" 503 3886 "-" "Safari/604.1 CFNetwork/893.14 Darwin/17.0.0 (x86_64)"
228.144.164.101 - - [02/Jan/2025:04:33:41 +0300] "PATCH /about-us/ HTTP/1.1" 401 13696 "-" "Crawler Bot v1.0 (+https://example.com/bot.html)"
202.194.16.171 - - [02/Jan/2025:04:35:17 +0300] "DELETE /contact/ HTTP/1.1" 200 30014 "-" "Crawler Bot v1.0 (+https://example.com/bot.html)"
182.212.150.73 - - [02/Jan/2025:04:38:35 +0300] "PUT /contact/ HTTP/1.1" 404 21851 "-" "Mozilla/5.0 (Windows NT 10.0; Win64; x64) AppleWebKit/537.36 (KHTML, like Gecko) Chrome/92.0.4515.107 Safari/537.36"
21.224.156.88 - - [02/Jan/2025:04:40:24 +0300] "GET /services/ HTTP/1.1" 501 19091 "-" "Safari/604.1 CFNetwork/893.14 Darwin/17.0.0 (x86_64)"
202.194.16.171 - - [02/Jan/2025:04:42:37 +0300] "DELETE /products/ HTTP/1.1" 502 30488 "-" "Wget/1.19.5 (linux-gnu)"
182.212.150.73 - - [02/Jan/2025:04:43:28 +0300] "DELETE /services/ HTTP/1.1" 500 8746 "-" "Wget/1.19.5 (linux-gnu)"
146.55.198.94 - - [02/Jan/2025:04:45:15 +0300] "GET /about-us/ HTTP/1.1" 501 12931 "-" "Opera/9.80 (X11; Linux i686; Ubuntu/14.10) Presto/2.12.388 Version/12.16"
83.214.79.193 - - [02/Jan/2025:04:47:50 +0300] "DELETE /index.html HTTP/1.1" 201 5069 "-" "Microsoft Edge 44.18362.449.0; Windows 10; ARM64"
130.195.42.222 - - [02/Jan/2025:04:47:54 +0300] "POST /index.html HTTP/1.1" 201 33613 "-" "Opera/9.80 (X11; Linux i686; Ubuntu/14.10) Presto/2.12.388 Version/12.16"
146.55.198.94 - - [02/Jan/2025:04:48:08 +0300] "PATCH /services/ HTTP/1.1" 500 10985 "-" "Internet Explorer 7.0; Windows NT 6.0; Trident/5.0"
83.214.79.193 - - [02/Jan/2025:04:49:34 +0300] "GET /products/ HTTP/1.1" 201 30179 "-" "Crawler Bot v1.0 (+https://example.com/bot.html)"
206.74.177.39 - - [02/Jan/2025:04:49:46 +0300] "DELETE /services/ HTTP/1.1" 200 26138 "-" "Crawler Bot v1.0 (+https://example.com/bot.html)"
202.194.16.171 - - [02/Jan/2025:04:51:27 +0300] "POST /about-us/ HTTP/1.1" 401 24251 "-" "Internet Explorer 7.0; Windows NT 6.0; Trident/5.0"
21.224.156.88 - - [02/Jan/2025:04:52:49 +0300] "PATCH /about-us/ HTTP/1.1" 200 10110 "-" "Opera/9.80 (X11; Linux i686; Ubuntu/14.10) Presto/2.12.388 Version/12.16"
206.74.177.39 - - [02/Jan/2025:04:54:10 +0300] "PUT /services/ HTTP/1.1" 201 19511 "-" "Crawler Bot v1.0 (+https://example.com/bot.html)"
21.224.156.88 - - [02/Jan/2025:04:57:28 +0300] "GET /products/ HTTP/1.1" 501 19629 "-" "Microsoft Edge 44.18362.449.0; Windows 10; ARM64"
146.55.198.94 - - [02/Jan/2025:05:00:45 +0300] "POST /products/ HTTP/1.1" 404 20375 "-" "Wget/1.19.5 (linux-gnu)"
237.80.16.71 - - [02/Jan/2025:05:01:42 +0300] "GET /contact/ HTTP/1.1" 201 16010 "-" "Internet Explorer 7.0; Windows NT 6.0; Trident/5.0"
202.194.16.171 - - [02/Jan/2025:05:03:34 +0300] "PUT /index.html HTTP/1.1" 201 16271 "-" "Internet Explorer 7.0; Windows NT 6.0; Trident/5.0"
146.55.198.94 - - [02/Jan/2025:05:05:06 +0300] "POST /index.html HTTP/1.1" 200 26233 "-" "Mozilla/5.0 (Windows NT 10.0; Win64; x64) AppleWebKit/537.36 (KHTML, like Gecko) Chrome/92.0.4515.107 Safari/537.36"
191.22.97.183 - - [02/Jan/2025:05:06:20 +0300] "GET /contact/ HTTP/1.1" 501 2230 "-" "Crawler Bot v1.0 (+https://example.com/bot.html)"
130.195.42.222 - - [02/Jan/2025:05:07:52 +0300] "POST /index.html HTTP/1.1" 503 29194 "-" "Microsoft Edge 44.18362.449.0; Windows 10; ARM64"
182.212.150.73 - - [02/Jan/2025:05:10:23 +0300] "PATCH /about-us/ HTTP/1.1" 503 28998 "-" "Wget/1.19.5 (linux-gnu)"
228.144.164.101 - - [02/Jan/2025:05:12:34 +0300] "GET /products/ HTTP/1.1" 400 16004 "-" "Safari/604.1 CFNetwork/893.14 Darwin/17.0.0 (x86_64)"
206.74.177.39 - - [02/Jan/2025:05:13:36 +0300] "DELETE /services/ HTTP/1.1" 501 33704 "-" "Microsoft Edge 44.18362.449.0; Windows 10; ARM64"
83.214.79.193 - - [02/Jan/2025:05:15:35 +0300] "PUT /contact/ HTTP/1.1" 500 24090 "-" "Opera/9.80 (X11; Linux i686; Ubuntu/14.10) Presto/2.12.388 Version/12.16"
237.80.16.71 - - [02/Jan/2025:05:16:51 +0300] "GET /services/ HTTP/1.1" 401 8846 "-" "Opera/9.80 (X11; Linux i686; Ubuntu/14.10) Presto/2.12.388 Version/12.16"
206.74.177.39 - - [02/Jan/2025:05:19:37 +0300] "PUT /products/ HTTP/1.1" 400 12043 "-" "Mozilla/5.0 (Windows NT 10.0; Win64; x64) AppleWebKit/537.36 (KHTML, like Gecko) Chrome/92.0.4515.107 Safari/537.36"
237.80.16.71 - - [02/Jan/2025:05:19:44 +0300] "PUT /services/ HTTP/1.1" 401 11328 "-" "Safari/604.1 CFNetwork/893.14 Darwin/17.0.0 (x86_64)"
191.22.97.183 - - [02/Jan/2025:05:22:01 +0300] "GET /products/ HTTP/1.1" 503 20558 "-" "Crawler Bot v1.0 (+https://example.com/bot.html)"
146.55.198.94 - - [02/Jan/2025:05:22:20 +0300] "PATCH /services/ HTTP/1.1" 503 29277 "-" "Opera/9.80 (X11; Linux i686; Ubuntu/14.10) Presto/2.12.388 Version/12.16"
21.224.156.88 - - [02/Jan/2025:05:24:22 +0300] "POST /about-us/ HTTP/1.1" 400 28863 "-" "Wget/1.19.5 (linux-gnu)"
237.80.16.71 - - [02/Jan/2025:05:27:00 +0300] "POST /about-us/ HTTP/1.1" 403 21864 "-" "Internet Explorer 7.0; Windows NT 6.0; Trident/5.0"
79.179.42.142 - - [02/Jan/2025:05:27:20 +0300] "GET /index.html HTTP/1.1" 200 7171 "-" "Opera/9.80 (X11; Linux i686; Ubuntu/14.10) Presto/2.12.388 Version/12.16"
146.55.198.94 - - [02/Jan/2025:05:28:00 +0300] "PUT /contact/ HTTP/1.1" 401 29990 "-" "Wget/1.19.5 (linux-gnu)"
202.194.16.171 - - [02/Jan/2025:05:30:07 +0300] "PUT /contact/ HTTP/1.1" 400 17260 "-" "Wget/1.19.5 (linux-gnu)"
130.195.42.222 - - [02/Jan/2025:05:31:54 +0300] "GET /products/ HTTP/1.1" 403 12490 "-" "Wget/1.19.5 (linux-gnu)"
237.80.16.71 - - [02/Jan/2025:05:32:43 +0300] "PATCH /about-us/ HTTP/1.1" 400 21667 "-" "Safari/604.1 CFNetwork/893.14 Darwin/17.0.0 (x86_64)"
79.179.42.142 - - [02/Jan/2025:05:35:40 +0300] "DELETE /index.html HTTP/1.1" 503 6289 "-" "Opera/9.80 (X11; Linux i686; Ubuntu/14.10) Presto/2.12.388 Version/12.16"
130.195.42.222 - - [02/Jan/2025:05:37:45 +0300] "PATCH /contact/ HTTP/1.1" 403 2409 "-" "Internet Explorer 7.0; Windows NT 6.0; Trident/5.0"
182.212.150.73 - - [02/Jan/2025:05:38:30 +0300] "PATCH /products/ HTTP/1.1" 401 27806 "-" "Safari/604.1 CFNetwork/893.14 Darwin/17.0.0 (x86_64)"
21.224.156.88 - - [02/Jan/2025:05:40:17 +0300] "GET /contact/ HTTP/1.1" 403 2780 "-" "Opera/9.80 (X11; Linux i686; Ubuntu/14.10) Presto/2.12.388 Version/12.16"
237.80.16.71 - - [02/Jan/2025:05:40:51 +0300] "PUT /index.html HTTP/1.1" 500 26830 "-" "Wget/1.19.5 (linux-gnu)"
206.74.177.39 - - [02/Jan/2025:05:42:36 +0300] "GET /contact/ HTTP/1.1" 503 24296 "-" "Wget/1.19.5 (linux-gnu)"
146.55.198.94 - - [02/Jan/2025:05:43:48 +0300] "PUT /about-us/ HTTP/1.1" 403 3980 "-" "Safari/604.1 CFNetwork/893.14 Darwin/17.0.0 (x86_64)"
237.80.16.71 - - [02/Jan/2025:05:44:07 +0300] "PATCH /contact/ HTTP/1.1" 500 24863 "-" "Opera/9.80 (X11; Linux i686; Ubuntu/14.10) Presto/2.12.388 Version/12.16"
182.212.150.73 - - [02/Jan/2025:05:46:48 +0300] "DELETE /contact/ HTTP/1.1" 200 6691 "-" "Safari/604.1 CFNetwork/893.14 Darwin/17.0.0 (x86_64)"
191.22.97.183 - - [02/Jan/2025:05:47:28 +0300] "PATCH /contact/ HTTP/1.1" 404 14892 "-" "Mozilla/5.0 (Windows NT 10.0; Win64; x64) AppleWebKit/537.36 (KHTML, like Gecko) Chrome/92.0.4515.107 Safari/537.36"
206.74.177.39 - - [02/Jan/2025:05:49:31 +0300] "DELETE /services/ HTTP/1.1" 200 6733 "-" "Internet Explorer 7.0; Windows NT 6.0; Trident/5.0"
146.55.198.94 - - [02/Jan/2025:05:52:01 +0300] "GET /contact/ HTTP/1.1" 502 9059 "-" "Mozilla/5.0 (Windows NT 10.0; Win64; x64) AppleWebKit/537.36 (KHTML, like Gecko) Chrome/92.0.4515.107 Safari/537.36"
21.224.156.88 - - [02/Jan/2025:05:52:14 +0300] "PATCH /contact/ HTTP/1.1" 502 18478 "-" "Internet Explorer 7.0; Windows NT 6.0; Trident/5.0"
79.179.42.142 - - [02/Jan/2025:05:55:23 +0300] "GET /about-us/ HTTP/1.1" 201 24036 "-" "Mozilla/5.0 (Windows NT 10.0; Win64; x64) AppleWebKit/537.36 (KHTML, like Gecko) Chrome/92.0.4515.107 Safari/537.36"
202.194.16.171 - - [02/Jan/2025:05:58:21 +0300] "PUT /contact/ HTTP/1.1" 500 2883 "-" "Opera/9.80 (X11; Linux i686; Ubuntu/14.10) Presto/2.12.388 Version/12.16"
83.214.79.193 - - [02/Jan/2025:06:01:01 +0300] "POST /contact/ HTTP/1.1" 400 15164 "-" "Mozilla/5.0 (Windows NT 10.0; Win64; x64) AppleWebKit/537.36 (KHTML, like Gecko) Chrome/92.0.4515.107 Safari/537.36"
79.179.42.142 - - [02/Jan/2025:06:02:41 +0300] "POST /products/ HTTP/1.1" 401 33336 "-" "Mozilla/5.0 (Windows NT 10.0; Win64; x64) AppleWebKit/537.36 (KHTML, like Gecko) Chrome/92.0.4515.107 Safari/537.36"
182.212.150.73 - - [02/Jan/2025:06:05:19 +0300] "PATCH /contact/ HTTP/1.1" 502 26002 "-" "Internet Explorer 7.0; Windows NT 6.0; Trident/5.0"
130.195.42.222 - - [02/Jan/2025:06:07:13 +0300] "GET /products/ HTTP/1.1" 503 9638 "-" "Crawler Bot v1.0 (+https://example.com/bot.html)"
130.195.42.222 - - [02/Jan/2025:06:10:17 +0300] "DELETE /about-us/ HTTP/1.1" 404 22297 "-" "Crawler Bot v1.0 (+https://example.com/bot.html)"
83.214.79.193 - - [02/Jan/2025:06:12:28 +0300] "PUT /products/ HTTP/1.1" 502 29954 "-" "Safari/604.1 CFNetwork/893.14 Darwin/17.0.0 (x86_64)"
202.194.16.171 - - [02/Jan/2025:06:15:42 +0300] "PUT /index.html HTTP/1.1" 503 10823 "-" "Safari/604.1 CFNetwork/893.14 Darwin/17.0.0 (x86_64)"
228.144.164.101 - - [02/Jan/2025:06:16:58 +0300] "GET /contact/ HTTP/1.1" 501 3098 "-" "Safari/604.1 CFNetwork/893.14 Darwin/17.0.0 (x86_64)"
206.74.177.39 - - [02/Jan/2025:06:19:44 +0300] "DELETE /index.html HTTP/1.1" 500 16080 "-" "Mozilla/5.0 (Windows NT 10.0; Win64; x64) AppleWebKit/537.36 (KHTML, like Gecko) Chrome/92.0.4515.107 Safari/537.36"
206.74.177.39 - - [02/Jan/2025:06:22:02 +0300] "DELETE /services/ HTTP/1.1" 404 31944 "-" "Mozilla/5.0 (Windows NT 10.0; Win64; x64) AppleWebKit/537.36 (KHTML, like Gecko) Chrome/92.0.4515.107 Safari/537.36"
191.22.97.183 - - [02/Jan/2025:06:23:39 +0300] "GET /services/ HTTP/1.1" 201 8986 "-" "Microsoft Edge 44.18362.449.0; Windows 10; ARM64"
191.22.97.183 - - [02/Jan/2025:06:26:43 +0300] "DELETE /about-us/ HTTP/1.1" 403 25000 "-" "Mozilla/5.0 (Windows NT 10.0; Win64; x64) AppleWebKit/537.36 (KHTML, like Gecko) Chrome/92.0.4515.107 Safari/537.36"
237.80.16.71 - - [02/Jan/2025:06:27:58 +0300] "POST /contact/ HTTP/1.1" 401 15310 "-" "Opera/9.80 (X11; Linux i686; Ubuntu/14.10) Presto/2.12.388 Version/12.16"
79.179.42.142 - - [02/Jan/2025:06:28:05 +0300] "GET /index.html HTTP/1.1" 404 33063 "-" "Internet Explorer 7.0; Windows NT 6.0; Trident/5.0"
191.22.97.183 - - [02/Jan/2025:06:28:51 +0300] "GET /services/ HTTP/1.1" 201 13866 "-" "Internet Explorer 7.0; Windows NT 6.0; Trident/5.0"
237.80.16.71 - - [02/Jan/2025:06:30:27 +0300] "GET /services/ HTTP/1.1" 200 17315 "-" "Mozilla/5.0 (Windows NT 10.0; Win64; x64) AppleWebKit/537.36 (KHTML, like Gecko) Chrome/92.0.4515.107 Safari/537.36"
237.80.16.71 - - [02/Jan/2025:06:31:28 +0300] "PATCH /products/ HTTP/1.1" 503 14904 "-" "Wget/1.19.5 (linux-gnu)"
237.80.16.71 - - [02/Jan/2025:06:32:45 +0300] "POST /about-us/ HTTP/1.1" 502 28901 "-" "Crawler Bot v1.0 (+https://example.com/bot.html)"
191.22.97.183 - - [02/Jan/2025:06:33:47 +0300] "GET /about-us/ HTTP/1.1" 500 3146 "-" "Safari/604.1 CFNetwork/893.14 Darwin/17.0.0 (x86_64)"
21.224.156.88 - - [02/Jan/2025:06:35:22 +0300] "GET /products/ HTTP/1.1" 503 32155 "-" "Mozilla/5.0 (Windows NT 10.0; Win64; x64) AppleWebKit/537.36 (KHTML, like Gecko) Chrome/92.0.4515.107 Safari/537.36"
79.179.42.142 - - [02/Jan/2025:06:37:29 +0300] "DELETE /services/ HTTP/1.1" 501 16906 "-" "Opera/9.80 (X11; Linux i686; Ubuntu/14.10) Presto/2.12.388 Version/12.16"
191.22.97.183 - - [02/Jan/2025:06:39:42 +0300] "POST /products/ HTTP/1.1" 404 1806 "-" "Microsoft Edge 44.18362.449.0; Windows 10; ARM64"
130.195.42.222 - - [02/Jan/2025:06:39:54 +0300] "POST /about-us/ HTTP/1.1" 502 8844 "-" "Internet Explorer 7.0; Windows NT 6.0; Trident/5.0"
146.55.198.94 - - [02/Jan/2025:06:40:53 +0300] "DELETE /products/ HTTP/1.1" 500 29426 "-" "Microsoft Edge 44.18362.449.0; Windows 10; ARM64"
21.224.156.88 - - [02/Jan/2025:06:42:26 +0300] "PATCH /about-us/ HTTP/1.1" 200 5841 "-" "Crawler Bot v1.0 (+https://example.com/bot.html)"
191.22.97.183 - - [02/Jan/2025:06:42:47 +0300] "DELETE /about-us/ HTTP/1.1" 501 20113 "-" "Opera/9.80 (X11; Linux i686; Ubuntu/14.10) Presto/2.12.388 Version/12.16"
79.179.42.142 - - [02/Jan/2025:06:45:15 +0300] "DELETE /services/ HTTP/1.1" 501 2372 "-" "Opera/9.80 (X11; Linux i686; Ubuntu/14.10) Presto/2.12.388 Version/12.16"
130.195.42.222 - - [02/Jan/2025:06:46:22 +0300] "PATCH /about-us/ HTTP/1.1" 503 22360 "-" "Safari/604.1 CFNetwork/893.14 Darwin/17.0.0 (x86_64)"
182.212.150.73 - - [02/Jan/2025:06:49:35 +0300] "POST /products/ HTTP/1.1" 501 8915 "-" "Microsoft Edge 44.18362.449.0; Windows 10; ARM64"
206.74.177.39 - - [02/Jan/2025:06:49:53 +0300] "DELETE /services/ HTTP/1.1" 200 21429 "-" "Internet Explorer 7.0; Windows NT 6.0; Trident/5.0"
237.80.16.71 - - [02/Jan/2025:06:52:18 +0300] "GET /products/ HTTP/1.1" 201 26035 "-" "Microsoft Edge 44.18362.449.0; Windows 10; ARM64"
237.80.16.71 - - [02/Jan/2025:06:55:29 +0300] "PUT /products/ HTTP/1.1" 200 28138 "-" "Crawler Bot v1.0 (+https://example.com/bot.html)"
130.195.42.222 - - [02/Jan/2025:06:55:56 +0300] "POST /about-us/ HTTP/1.1" 502 10577 "-" "Wget/1.19.5 (linux-gnu)"
202.194.16.171 - - [02/Jan/2025:06:56:55 +0300] "PATCH /products/ HTTP/1.1" 404 19782 "-" "Mozilla/5.0 (Windows NT 10.0; Win64; x64) AppleWebKit/537.36 (KHTML, like Gecko) Chrome/92.0.4515.107 Safari/537.36"
228.144.164.101 - - [02/Jan/2025:06:59:36 +0300] "GET /contact/ HTTP/1.1" 403 26702 "-" "Wget/1.19.5 (linux-gnu)"
206.74.177.39 - - [02/Jan/2025:07:01:49 +0300] "PATCH /services/ HTTP/1.1" 400 2806 "-" "Safari/604.1 CFNetwork/893.14 Darwin/17.0.0 (x86_64)"
202.194.16.171 - - [02/Jan/2025:07:04:54 +0300] "POST /contact/ HTTP/1.1" 500 3392 "-" "Wget/1.19.5 (linux-gnu)"
237.80.16.71 - - [02/Jan/2025:07:07:02 +0300] "PUT /products/ HTTP/1.1" 500 5853 "-" "Crawler Bot v1.0 (+https://example.com/bot.html)"
79.179.42.142 - - [02/Jan/2025:07:09:53 +0300] "GET /contact/ HTTP/1.1" 200 27048 "-" "Safari/604.1 CFNetwork/893.14 Darwin/17.0.0 (x86_64)"
83.214.79.193 - - [02/Jan/2025:07:11:02 +0300] "DELETE /products/ HTTP/1.1" 200 20997 "-" "Crawler Bot v1.0 (+https://example.com/bot.html)"
206.74.177.39 - - [02/Jan/2025:07:14:10 +0300] "DELETE /index.html HTTP/1.1" 502 6231 "-" "Safari/604.1 CFNetwork/893.14 Darwin/17.0.0 (x86_64)"
146.55.198.94 - - [02/Jan/2025:07:15:12 +0300] "GET /contact/ HTTP/1.1" 503 4300 "-" "Opera/9.80 (X11; Linux i686; Ubuntu/14.10) Presto/2.12.388 Version/12.16"
83.214.79.193 - - [02/Jan/2025:07:17:25 +0300] "DELETE /products/ HTTP/1.1" 500 11991 "-" "Microsoft Edge 44.18362.449.0; Windows 10; ARM64"
130.195.42.222 - - [02/Jan/2025:07:18:42 +0300] "DELETE /services/ HTTP/1.1" 501 28015 "-" "Mozilla/5.0 (Windows NT 10.0; Win64; x64) AppleWebKit/537.36 (KHTML, like Gecko) Chrome/92.0.4515.107 Safari/537.36"
146.55.198.94 - - [02/Jan/2025:07:21:18 +0300] "PATCH /index.html HTTP/1.1" 503 9451 "-" "Internet Explorer 7.0; Windows NT 6.0; Trident/5.0"
202.194.16.171 - - [02/Jan/2025:07:22:28 +0300] "POST /index.html HTTP/1.1" 501 28414 "-" "Mozilla/5.0 (Windows NT 10.0; Win64; x64) AppleWebKit/537.36 (KHTML, like Gecko) Chrome/92.0.4515.107 Safari/537.36"
182.212.150.73 - - [02/Jan/2025:07:24:13 +0300] "GET /contact/ HTTP/1.1" 404 20950 "-" "Wget/1.19.5 (linux-gnu)"
79.179.42.142 - - [02/Jan/2025:07:25:53 +0300] "PUT /contact/ HTTP/1.1" 500 25777 "-" "Crawler Bot v1.0 (+https://example.com/bot.html)"
182.212.150.73 - - [02/Jan/2025:07:26:56 +0300] "POST /services/ HTTP/1.1" 400 25805 "-" "Crawler Bot v1.0 (+https://example.com/bot.html)"
83.214.79.193 - - [02/Jan/2025:07:27:09 +0300] "PUT /contact/ HTTP/1.1" 503 29120 "-" "Safari/604.1 CFNetwork/893.14 Darwin/17.0.0 (x86_64)"
21.224.156.88 - - [02/Jan/2025:07:29:47 +0300] "PUT /index.html HTTP/1.1" 502 6535 "-" "Mozilla/5.0 (Windows NT 10.0; Win64; x64) AppleWebKit/537.36 (KHTML, like Gecko) Chrome/92.0.4515.107 Safari/537.36"
83.214.79.193 - - [02/Jan/2025:07:31:40 +0300] "PUT /services/ HTTP/1.1" 501 4360 "-" "Microsoft Edge 44.18362.449.0; Windows 10; ARM64"
79.179.42.142 - - [02/Jan/2025:07:34:35 +0300] "PATCH /about-us/ HTTP/1.1" 201 33547 "-" "Wget/1.19.5 (linux-gnu)"
79.179.42.142 - - [02/Jan/2025:07:37:09 +0300] "GET /index.html HTTP/1.1" 404 11585 "-" "Crawler Bot v1.0 (+https://example.com/bot.html)"
79.179.42.142 - - [02/Jan/2025:07:39:35 +0300] "PUT /products/ HTTP/1.1" 200 20640 "-" "Wget/1.19.5 (linux-gnu)"
206.74.177.39 - - [02/Jan/2025:07:41:04 +0300] "DELETE /contact/ HTTP/1.1" 201 4271 "-" "Microsoft Edge 44.18362.449.0; Windows 10; ARM64"
182.212.150.73 - - [02/Jan/2025:07:43:28 +0300] "PUT /contact/ HTTP/1.1" 400 17737 "-" "Internet Explorer 7.0; Windows NT 6.0; Trident/5.0"
130.195.42.222 - - [02/Jan/2025:07:45:17 +0300] "POST /index.html HTTP/1.1" 401 23233 "-" "Internet Explorer 7.0; Windows NT 6.0; Trident/5.0"
206.74.177.39 - - [02/Jan/2025:07:46:58 +0300] "DELETE /products/ HTTP/1.1" 403 28992 "-" "Wget/1.19.5 (linux-gnu)"
191.22.97.183 - - [02/Jan/2025:07:49:18 +0300] "PUT /contact/ HTTP/1.1" 400 8758 "-" "Safari/604.1 CFNetwork/893.14 Darwin/17.0.0 (x86_64)"
202.194.16.171 - - [02/Jan/2025:07:51:21 +0300] "GET /services/ HTTP/1.1" 502 8714 "-" "Mozilla/5.0 (Windows NT 10.0; Win64; x64) AppleWebKit/537.36 (KHTML, like Gecko) Chrome/92.0.4515.107 Safari/537.36"
237.80.16.71 - - [02/Jan/2025:07:54:18 +0300] "DELETE /services/ HTTP/1.1" 201 25207 "-" "Opera/9.80 (X11; Linux i686; Ubuntu/14.10) Presto/2.12.388 Version/12.16"
21.224.156.88 - - [02/Jan/2025:07:55:40 +0300] "PUT /about-us/ HTTP/1.1" 501 19879 "-" "Microsoft Edge 44.18362.449.0; Windows 10; ARM64"
206.74.177.39 - - [02/Jan/2025:07:56:48 +0300] "PUT /products/ HTTP/1.1" 503 29624 "-" "Microsoft Edge 44.18362.449.0; Windows 10; ARM64"
182.212.150.73 - - [02/Jan/2025:07:59:45 +0300] "PATCH /about-us/ HTTP/1.1" 503 23284 "-" "Safari/604.1 CFNetwork/893.14 Darwin/17.0.0 (x86_64)"
182.212.150.73 - - [02/Jan/2025:08:02:32 +0300] "DELETE /about-us/ HTTP/1.1" 502 25546 "-" "Microsoft Edge 44.18362.449.0; Windows 10; ARM64"
191.22.97.183 - - [02/Jan/2025:08:04:01 +0300] "PATCH /index.html HTTP/1.1" 500 23497 "-" "Microsoft Edge 44.18362.449.0; Windows 10; ARM64"
191.22.97.183 - - [02/Jan/2025:08:06:42 +0300] "PATCH /about-us/ HTTP/1.1" 500 29369 "-" "Mozilla/5.0 (Windows NT 10.0; Win64; x64) AppleWebKit/537.36 (KHTML, like Gecko) Chrome/92.0.4515.107 Safari/537.36"
130.195.42.222 - - [02/Jan/2025:08:07:10 +0300] "PATCH /products/ HTTP/1.1" 201 31477 "-" "Internet Explorer 7.0; Windows NT 6.0; Trident/5.0"
83.214.79.193 - - [02/Jan/2025:08:07:51 +0300] "DELETE /about-us/ HTTP/1.1" 501 23815 "-" "Safari/604.1 CFNetwork/893.14 Darwin/17.0.0 (x86_64)"
146.55.198.94 - - [02/Jan/2025:08:08:50 +0300] "PUT /services/ HTTP/1.1" 404 27426 "-" "Internet Explorer 7.0; Windows NT 6.0; Trident/5.0"
182.212.150.73 - - [02/Jan/2025:08:10:12 +0300] "PUT /contact/ HTTP/1.1" 503 6918 "-" "Internet Explorer 7.0; Windows NT 6.0; Trident/5.0"
79.179.42.142 - - [02/Jan/2025:08:10:35 +0300] "DELETE /about-us/ HTTP/1.1" 400 14762 "-" "Opera/9.80 (X11; Linux i686; Ubuntu/14.10) Presto/2.12.388 Version/12.16"
182.212.150.73 - - [02/Jan/2025:08:10:47 +0300] "GET /contact/ HTTP/1.1" 501 21826 "-" "Opera/9.80 (X11; Linux i686; Ubuntu/14.10) Presto/2.12.388 Version/12.16"
130.195.42.222 - - [02/Jan/2025:08:12:45 +0300] "GET /services/ HTTP/1.1" 401 22656 "-" "Safari/604.1 CFNetwork/893.14 Darwin/17.0.0 (x86_64)"
83.214.79.193 - - [02/Jan/2025:08:13:46 +0300] "DELETE /services/ HTTP/1.1" 502 29960 "-" "Opera/9.80 (X11; Linux i686; Ubuntu/14.10) Presto/2.12.388 Version/12.16"
228.144.164.101 - - [02/Jan/2025:08:15:33 +0300] "PUT /about-us/ HTTP/1.1" 201 30499 "-" "Opera/9.80 (X11; Linux i686; Ubuntu/14.10) Presto/2.12.388 Version/12.16"
83.214.79.193 - - [02/Jan/2025:08:16:41 +0300] "PATCH /index.html HTTP/1.1" 201 20533 "-" "Microsoft Edge 44.18362.449.0; Windows 10; ARM64"
83.214.79.193 - - [02/Jan/2025:08:18:07 +0300] "DELETE /index.html HTTP/1.1" 501 32336 "-" "Internet Explorer 7.0; Windows NT 6.0; Trident/5.0"
146.55.198.94 - - [02/Jan/2025:08:20:06 +0300] "POST /about-us/ HTTP/1.1" 501 27090 "-" "Microsoft Edge 44.18362.449.0; Windows 10; ARM64"
182.212.150.73 - - [02/Jan/2025:08:20:26 +0300] "GET /index.html HTTP/1.1" 500 26490 "-" "Safari/604.1 CFNetwork/893.14 Darwin/17.0.0 (x86_64)"
202.194.16.171 - - [02/Jan/2025:08:23:13 +0300] "PATCH /products/ HTTP/1.1" 503 30882 "-" "Wget/1.19.5 (linux-gnu)"
79.179.42.142 - - [02/Jan/2025:08:25:42 +0300] "PATCH /services/ HTTP/1.1" 400 32809 "-" "Opera/9.80 (X11; Linux i686; Ubuntu/14.10) Presto/2.12.388 Version/12.16"
191.22.97.183 - - [02/Jan/2025:08:26:37 +0300] "GET /services/ HTTP/1.1" 401 20679 "-" "Internet Explorer 7.0; Windows NT 6.0; Trident/5.0"
146.55.198.94 - - [02/Jan/2025:08:27:37 +0300] "PUT /about-us/ HTTP/1.1" 201 33410 "-" "Internet Explorer 7.0; Windows NT 6.0; Trident/5.0"
228.144.164.101 - - [02/Jan/2025:08:28:21 +0300] "DELETE /products/ HTTP/1.1" 401 12808 "-" "Internet Explorer 7.0; Windows NT 6.0; Trident/5.0"
146.55.198.94 - - [02/Jan/2025:08:30:28 +0300] "PUT /about-us/ HTTP/1.1" 503 4677 "-" "Safari/604.1 CFNetwork/893.14 Darwin/17.0.0 (x86_64)"
79.179.42.142 - - [02/Jan/2025:08:31:01 +0300] "POST /products/ HTTP/1.1" 501 33488 "-" "Opera/9.80 (X11; Linux i686; Ubuntu/14.10) Presto/2.12.388 Version/12.16"
182.212.150.73 - - [02/Jan/2025:08:33:45 +0300] "PUT /index.html HTTP/1.1" 503 20054 "-" "Microsoft Edge 44.18362.449.0; Windows 10; ARM64"
130.195.42.222 - - [02/Jan/2025:08:36:37 +0300] "DELETE /about-us/ HTTP/1.1" 400 11561 "-" "Safari/604.1 CFNetwork/893.14 Darwin/17.0.0 (x86_64)"
237.80.16.71 - - [02/Jan/2025:08:37:03 +0300] "DELETE /products/ HTTP/1.1" 200 4496 "-" "Microsoft Edge 44.18362.449.0; Windows 10; ARM64"
202.194.16.171 - - [02/Jan/2025:08:37:42 +0300] "GET /contact/ HTTP/1.1" 404 27526 "-" "Microsoft Edge 44.18362.449.0; Windows 10; ARM64"
191.22.97.183 - - [02/Jan/2025:08:37:53 +0300] "DELETE /products/ HTTP/1.1" 501 12497 "-" "Opera/9.80 (X11; Linux i686; Ubuntu/14.10) Presto/2.12.388 Version/12.16"
228.144.164.101 - - [02/Jan/2025:08:39:15 +0300] "POST /services/ HTTP/1.1" 501 28912 "-" "Microsoft Edge 44.18362.449.0; Windows 10; ARM64"
182.212.150.73 - - [02/Jan/2025:08:41:14 +0300] "POST /index.html HTTP/1.1" 404 4915 "-" "Wget/1.19.5 (linux-gnu)"
21.224.156.88 - - [02/Jan/2025:08:42:39 +0300] "DELETE /contact/ HTTP/1.1" 503 31203 "-" "Mozilla/5.0 (Windows NT 10.0; Win64; x64) AppleWebKit/537.36 (KHTML, like Gecko) Chrome/92.0.4515.107 Safari/537.36"
228.144.164.101 - - [02/Jan/2025:08:43:24 +0300] "PATCH /products/ HTTP/1.1" 400 27678 "-" "Mozilla/5.0 (Windows NT 10.0; Win64; x64) AppleWebKit/537.36 (KHTML, like Gecko) Chrome/92.0.4515.107 Safari/537.36"
83.214.79.193 - - [02/Jan/2025:08:45:04 +0300] "GET /about-us/ HTTP/1.1" 401 7813 "-" "Safari/604.1 CFNetwork/893.14 Darwin/17.0.0 (x86_64)"
130.195.42.222 - - [02/Jan/2025:08:47:07 +0300] "PUT /services/ HTTP/1.1" 404 30633 "-" "Crawler Bot v1.0 (+https://example.com/bot.html)"
182.212.150.73 - - [02/Jan/2025:08:49:46 +0300] "POST /about-us/ HTTP/1.1" 401 15285 "-" "Crawler Bot v1.0 (+https://example.com/bot.html)"
228.144.164.101 - - [02/Jan/2025:08:52:15 +0300] "PATCH /products/ HTTP/1.1" 502 30396 "-" "Wget/1.19.5 (linux-gnu)"
202.194.16.171 - - [02/Jan/2025:08:52:42 +0300] "PATCH /about-us/ HTTP/1.1" 401 11263 "-" "Internet Explorer 7.0; Windows NT 6.0; Trident/5.0"
146.55.198.94 - - [02/Jan/2025:08:55:11 +0300] "PUT /services/ HTTP/1.1" 400 25014 "-" "Crawler Bot v1.0 (+https://example.com/bot.html)"
228.144.164.101 - - [02/Jan/2025:08:57:11 +0300] "PUT /services/ HTTP/1.1" 502 31493 "-" "Safari/604.1 CFNetwork/893.14 Darwin/17.0.0 (x86_64)"
191.22.97.183 - - [02/Jan/2025:08:57:17 +0300] "POST /products/ HTTP/1.1" 404 2237 "-" "Mozilla/5.0 (Windows NT 10.0; Win64; x64) AppleWebKit/537.36 (KHTML, like Gecko) Chrome/92.0.4515.107 Safari/537.36"
206.74.177.39 - - [02/Jan/2025:08:57:30 +0300] "POST /index.html HTTP/1.1" 501 8269 "-" "Microsoft Edge 44.18362.449.0; Windows 10; ARM64"
21.224.156.88 - - [02/Jan/2025:09:00:44 +0300] "PUT /products/ HTTP/1.1" 404 33245 "-" "Wget/1.19.5 (linux-gnu)"
130.195.42.222 - - [02/Jan/2025:09:03:17 +0300] "POST /about-us/ HTTP/1.1" 400 1068 "-" "Opera/9.80 (X11; Linux i686; Ubuntu/14.10) Presto/2.12.388 Version/12.16"
191.22.97.183 - - [02/Jan/2025:09:05:53 +0300] "GET /index.html HTTP/1.1" 503 26608 "-" "Safari/604.1 CFNetwork/893.14 Darwin/17.0.0 (x86_64)"
130.195.42.222 - - [02/Jan/2025:09:06:02 +0300] "PUT /products/ HTTP/1.1" 401 9919 "-" "Crawler Bot v1.0 (+https://example.com/bot.html)"
237.80.16.71 - - [02/Jan/2025:09:08:56 +0300] "GET /index.html HTTP/1.1" 400 11289 "-" "Wget/1.19.5 (linux-gnu)"
202.194.16.171 - - [02/Jan/2025:09:10:32 +0300] "GET /services/ HTTP/1.1" 201 33047 "-" "Opera/9.80 (X11; Linux i686; Ubuntu/14.10) Presto/2.12.388 Version/12.16"
21.224.156.88 - - [02/Jan/2025:09:11:49 +0300] "PUT /services/ HTTP/1.1" 401 21484 "-" "Wget/1.19.5 (linux-gnu)"
79.179.42.142 - - [02/Jan/2025:09:13:13 +0300] "DELETE /services/ HTTP/1.1" 501 7892 "-" "Crawler Bot v1.0 (+https://example.com/bot.html)"
83.214.79.193 - - [02/Jan/2025:09:16:02 +0300] "PATCH /about-us/ HTTP/1.1" 404 6988 "-" "Internet Explorer 7.0; Windows NT 6.0; Trident/5.0"
83.214.79.193 - - [02/Jan/2025:09:17:12 +0300] "PATCH /about-us/ HTTP/1.1" 403 21169 "-" "Safari/604.1 CFNetwork/893.14 Darwin/17.0.0 (x86_64)"
