79.179.42.142 - - [01/Jan/2025:10:44:22 +0300] "PATCH /services/ HTTP/1.1" 200 7742 "-" "Safari/604.1 CFNetwork/893.14 Darwin/17.0.0 (x86_64)"
79.179.42.142 - - [01/Jan/2025:10:45:28 +0300] "DELETE /contact/ HTTP/1.1" 500 19470 "-" "Microsoft Edge 44.18362.449.0; Windows 10; ARM64"
191.22.97.183 - - [01/Jan/2025:10:46:08 +0300] "GET /about-us/ HTTP/1.1" 201 19643 "-" "Opera/9.80 (X11; Linux i686; Ubuntu/14.10) Presto/2.12.388 Version/12.16"
237.80.16.71 - - [01/Jan/2025:10:47:53 +0300] "PATCH /index.html HTTP/1.1" 400 31167 "-" "Opera/9.80 (X11; Linux i686; Ubuntu/14.10) Presto/2.12.388 Version/12.16"
21.224.156.88 - - [01/Jan/2025:10:48:29 +0300] "PUT /index.html HTTP/1.1" 502 10108 "-" "Safari/604.1 CFNetwork/893.14 Darwin/17.0.0 (x86_64)"
83.214.79.193 - - [01/Jan/2025:10:48:46 +0300] "GET /contact/ HTTP/1.1" 400 8401 "-" "Crawler Bot v1.0 (+https://example.com/bot.html)"
206.74.177.39 - - [01/Jan/2025:10:50:14 +0300] "PATCH /index.html HTTP/1.1" 501 2498 "-" "Crawler Bot v1.0 (+https://example.com/bot.html)"
237.80.16.71 - - [01/Jan/2025:10:51:01 +0300] "POST /products/ HTTP/1.1" 502 32702 "-" "Crawler Bot v1.0 (+https://example.com/bot.html)"
21.224.156.88 - - [01/Jan/2025:10:51:20 +0300] "GET /services/ HTTP/1.1" 500 15088 "-" "Wget/1.19.5 (linux-gnu)"
206.74.177.39 - - [01/Jan/2025:10:52:38 +0300] "DELETE /contact/ HTTP/1.1" 503 31954 "-" "Wget/1.19.5 (linux-gnu)"
228.144.164.101 - - [01/Jan/2025:10:52:53 +0300] "DELETE /contact/ HTTP/1.1" 401 27066 "-" "Crawler Bot v1.0 (+https://example.com/bot.html)"
83.214.79.193 - - [01/Jan/2025:10:54:00 +0300] "PUT /about-us/ HTTP/1.1" 503 12630 "-" "Safari/604.1 CFNetwork/893.14 Darwin/17.0.0 (x86_64)"
83.214.79.193 - - [01/Jan/2025:10:55:23 +0300] "DELETE /products/ HTTP/1.1" 404 25394 "-" "Opera/9.80 (X11; Linux i686; Ubuntu/14.10) Presto/2.12.388 Version/12.16"
206.74.177.39 - - [01/Jan/2025:10:57:08 +0300] "PUT /contact/ HTTP/1.1" 502 30846 "-" "Crawler Bot v1.0 (+https://example.com/bot.html)"
228.144.164.101 - - [01/Jan/2025:10:58:33 +0300] "GET /products/ HTTP/1.1" 502 20575 "-" "Internet Explorer 7.0; Windows NT 6.0; Trident/5.0"
191.22.97.183 - - [01/Jan/2025:11:00:11 +0300] "GET /services/ HTTP/1.1" 401 1203 "-" "Wget/1.19.5 (linux-gnu)"
21.224.156.88 - - [01/Jan/2025:11:00:41 +0300] "PATCH /contact/ HTTP/1.1" 403 30157 "-" "Safari/604.1 CFNetwork/893.14 Darwin/17.0.0 (x86_64)"
130.195.42.222 - - [01/Jan/2025:11:01:08 +0300] "PUT /index.html HTTP/1.1" 200 10173 "-" "Internet Explorer 7.0; Windows NT 6.0; Trident/5.0"
228.144.164.101 - - [01/Jan/2025:11:02:11 +0300] "GET /products/ HTTP/1.1" 403 33302 "-" "Microsoft Edge 44.18362.449.0; Windows 10; ARM64"
228.144.164.101 - - [01/Jan/2025:11:02:53 +0300] "POST /services/ HTTP/1.1" 401 7998 "-" "Safari/604.1 CFNetwork/893.14 Darwin/17.0.0 (x86_64)"
237.80.16.71 - - [01/Jan/2025:11:04:21 +0300] "PATCH /services/ HTTP/1.1" 200 20649 "-" "Opera/9.80 (X11; Linux i686; Ubuntu/14.10) Presto/2.12.388 Version/12.16"
146.55.198.94 - - [01/Jan/2025:11:05:26 +0300] "DELETE /about-us/ HTTP/1.1" 501 21195 "-" "Mozilla/5.0 (Windows NT 10.0; Win64; x64) AppleWebKit/537.36 (KHTML, like Gecko) Chrome/92.0.4515.107 Safari/537.36"
237.80.16.71 - - [01/Jan/2025:11:05:54 +0300] "PATCH /index.html HTTP/1.1" 500 20597 "-" "Microsoft Edge 44.18362.449.0; Windows 10; ARM64"
182.212.150.73 - - [01/Jan/2025:11:07:06 +0300] "DELETE /products/ HTTP/1.1" 503 22992 "-" "Opera/9.80 (X11; Linux i686; Ubuntu/14.10) Presto/2.12.388 Version/12.16"
146.55.198.94 - - [01/Jan/2025:11:08:12 +0300] "GET /contact/ HTTP/1.1" 503 2005 "-" "Mozilla/5.0 (Windows NT 10.0; Win64; x64) AppleWebKit/537.36 (KHTML, like Gecko) Chrome/92.0.4515.107 Safari/537.36"
202.194.16.171 - - [01/Jan/2025:11:09:36 +0300] "DELETE /contact/ HTTP/1.1" 500 9228 "-" "Opera/9.80 (X11; Linux i686; Ubuntu/14.10) Presto/2.12.388 Version/12.16"
130.195.42.222 - - [01/Jan/2025:11:11:06 +0300] "POST /contact/ HTTP/1.1" 201 8151 "-" "Opera/9.80 (X11; Linux i686; Ubuntu/14.10) Presto/2.12.388 Version/12.16"
182.212.150.73 - - [01/Jan/2025:11:11:35 +0300] "POST /products/ HTTP/1.1" 404 13484 "-" "Wget/1.19.5 (linux-gnu)"
237.80.16.71 - - [01/Jan/2025:11:12:54 +0300] "DELETE /products/ HTTP/1.1" 201 18380 "-" "Microsoft Edge 44.18362.449.0; Windows 10; ARM64"
130.195.42.222 - - [01/Jan/2025:11:13:56 +0300] "GET /index.html HTTP/1.1" 200 11250 "-" "Microsoft Edge 44.18362.449.0; Windows 10; ARM64"
182.212.150.73 - - [01/Jan/2025:11:14:57 +0300] "DELETE /services/ HTTP/1.1" 200 15737 "-" "Wget/1.19.5 (linux-gnu)"
130.195.42.222 - - [01/Jan/2025:11:16:01 +0300] "PUT /products/ HTTP/1.1" 200 25662 "-" "Internet Explorer 7.0; Windows NT 6.0; Trident/5.0"
206.74.177.39 - - [01/Jan/2025:11:17:27 +0300] "GET /about-us/ HTTP/1.1" 501 15486 "-" "Opera/9.80 (X11; Linux i686; Ubuntu/14.10) Presto/2.12.388 Version/12.16"
237.80.16.71 - - [01/Jan/2025:11:18:33 +0300] "DELETE /about-us/ HTTP/1.1" 400 32069 "-" "Mozilla/5.0 (Windows NT 10.0; Win64; x64) AppleWebKit/537.36 (KHTML, like Gecko) Chrome/92.0.4515.107 Safari/537.36"
83.214.79.193 - - [01/Jan/2025:11:20:11 +0300] "PATCH /contact/ HTTP/1.1" 401 8996 "-" "Wget/1.19.5 (linux-gnu)"
79.179.42.142 - - [01/Jan/2025:11:20:19 +0300] "DELETE /about-us/ HTTP/1.1" 404 30261 "-" "Internet Explorer 7.0; Windows NT 6.0; Trident/5.0"
191.22.97.183 - - [01/Jan/2025:11:20:31 +0300] "GET /products/ HTTP/1.1" 501 16022 "-" "Opera/9.80 (X11; Linux i686; Ubuntu/14.10) Presto/2.12.388 Version/12.16"
206.74.177.39 - - [01/Jan/2025:11:21:10 +0300] "PUT /services/ HTTP/1.1" 500 15632 "-" "Opera/9.80 (X11; Linux i686; Ubuntu/14.10) Presto/2.12.388 Version/12.16"
21.224.156.88 - - [01/Jan/2025:11:22:16 +0300] "GET /services/ HTTP/1.1" 503 8475 "-" "Safari/604.1 CFNetwork/893.14 Darwin/17.0.0 (x86_64)"
237.80.16.71 - - [01/Jan/2025:11:23:41 +0300] "POST /products/ HTTP/1.1" 503 24600 "-" "Opera/9.80 (X11; Linux i686; Ubuntu/14.10) Presto/2.12.388 Version/12.16"
182.212.150.73 - - [01/Jan/2025:11:25:05 +0300] "DELETE /contact/ HTTP/1.1" 502 29878 "-" "Safari/604.1 CFNetwork/893.14 Darwin/17.0.0 (x86_64)"
206.74.177.39 - - [01/Jan/2025:11:25:32 +0300] "DELETE /services/ HTTP/1.1" 200 16584 "-" "Safari/604.1 CFNetwork/893.14 Darwin/17.0.0 (x86_64)"
83.214.79.193 - - [01/Jan/2025:11:26:57 +0300] "PATCH /index.html HTTP/1.1" 401 9201 "-" "Internet Explorer 7.0; Windows NT 6.0; Trident/5.0"
228.144.164.101 - - [01/Jan/2025:11:28:23 +0300] "PATCH /index.html HTTP/1.1" 401 17540 "-" "Microsoft Edge 44.18362.449.0; Windows 10; ARM64"
146.55.198.94 - - [01/Jan/2025:11:28:36 +0300] "GET /about-us/ HTTP/1.1" 403 3020 "-" "Opera/9.80 (X11; Linux i686; Ubuntu/14.10) Presto/2.12.388 Version/12.16"
206.74.177.39 - - [01/Jan/2025:11:29:08 +0300] "PUT /services/ HTTP/1.1" 400 29448 "-" "Internet Explorer 7.0; Windows NT 6.0; Trident/5.0"
21.224.156.88 - - [01/Jan/2025:11:30:15 +0300] "GET /services/ HTTP/1.1" 400 32355 "-" "Internet Explorer 7.0; Windows NT 6.0; Trident/5.0"
237.80.16.71 - - [01/Jan/2025:11:30:24 +0300] "POST /contact/ HTTP/1.1" 403 21821 "-" "Mozilla/5.0 (Windows NT 10.0; Win64; x64) AppleWebKit/537.36 (KHTML, like Gecko) Chrome/92.0.4515.107 Safari/537.36"
202.194.16.171 - - [01/Jan/2025:11:32:13 +0300] "PUT /about-us/ HTTP/1.1" 200 24636 "-" "Opera/9.80 (X11; Linux i686; Ubuntu/14.10) Presto/2.12.388 Version/12.16"
206.74.177.39 - - [01/Jan/2025:11:33:14 +0300] "PUT /about-us/ HTTP/1.1" 502 11087 "-" "Safari/604.1 CFNetwork/893.14 Darwin/17.0.0 (x86_64)"
130.195.42.222 - - [01/Jan/2025:11:33:35 +0300] "PATCH /products/ HTTP/1.1" 502 15537 "-" "Internet Explorer 7.0; Windows NT 6.0; Trident/5.0"
237.80.16.71 - - [01/Jan/2025:11:35:24 +0300] "DELETE /products/ HTTP/1.1" 201 7104 "-" "Wget/1.19.5 (linux-gnu)"
182.212.150.73 - - [01/Jan/2025:11:36:17 +0300] "POST /products/ HTTP/1.1" 200 7684 "-" "Safari/604.1 CFNetwork/893.14 Darwin/17.0.0 (x86_64)"
182.212.150.73 - - [01/Jan/2025:11:38:11 +0300] "GET /products/ HTTP/1.1" 201 11924 "-" "Opera/9.80 (X11; Linux i686; Ubuntu/14.10) Presto/2.12.388 Version/12.16"
182.212.150.73 - - [01/Jan/2025:11:38:53 +0300] "GET /index.html HTTP/1.1" 201 33688 "-" "Wget/1.19.5 (linux-gnu)"
146.55.198.94 - - [01/Jan/2025:11:39:19 +0300] "GET /about-us/ HTTP/1.1" 200 24752 "-" "Mozilla/5.0 (Windows NT 10.0; Win64; x64) AppleWebKit/537.36 (KHTML, like Gecko) Chrome/92.0.4515.107 Safari/537.36"
206.74.177.39 - - [01/Jan/2025:11:39:52 +0300] "POST /index.html HTTP/1.1" 503 23259 "-" "Crawler Bot v1.0 (+https://example.com/bot.html)"
237.80.16.71 - - [01/Jan/2025:11:41:28 +0300] "PUT /services/ HTTP/1.1" 200 11058 "-" "Opera/9.80 (X11; Linux i686; Ubuntu/14.10) Presto/2.12.388 Version/12.16"
130.195.42.222 - - [01/Jan/2025:11:42:09 +0300] "POST /index.html HTTP/1.1" 500 4890 "-" "Opera/9.80 (X11; Linux i686; Ubuntu/14.10) Presto/2.12.388 Version/12.16"
83.214.79.193 - - [01/Jan/2025:11:42:21 +0300] "POST /index.html HTTP/1.1" 200 28031 "-" "Opera/9.80 (X11; Linux i686; Ubuntu/14.10) Presto/2.12.388 Version/12.16"
146.55.198.94 - - [01/Jan/2025:11:43:57 +0300] "GET /services/ HTTP/1.1" 403 20839 "-" "Crawler Bot v1.0 (+https://example.com/bot.html)"
79.179.42.142 - - [01/Jan/2025:11:45:16 +0300] "GET /index.html HTTP/1.1" 501 4777 "-" "Opera/9.80 (X11; Linux i686; Ubuntu/14.10) Presto/2.12.388 Version/12.16"
228.144.164.101 - - [01/Jan/2025:11:45:37 +0300] "DELETE /products/ HTTP/1.1" 500 16812 "-" "Mozilla/5.0 (Windows NT 10.0; Win64; x64) AppleWebKit/537.36 (KHTML, like Gecko) Chrome/92.0.4515.107 Safari/537.36"
130.195.42.222 - - [01/Jan/2025:11:46:49 +0300] "PUT /services/ HTTP/1.1" 404 23853 "-" "Opera/9.80 (X11; Linux i686; Ubuntu/14.10) Presto/2.12.388 Version/12.16"
228.144.164.101 - - [01/Jan/2025:11:47:04 +0300] "PUT /products/ HTTP/1.1" 502 25957 "-" "Crawler Bot v1.0 (+https://example.com/bot.html)"
79.179.42.142 - - [01/Jan/2025:11:48:53 +0300] "PUT /about-us/ HTTP/1.1" 200 6015 "-" "Crawler Bot v1.0 (+https://example.com/bot.html)"
79.179.42.142 - - [01/Jan/2025:11:50:22 +0300] "PATCH /about-us/ HTTP/1.1" 404 25553 "-" "Mozilla/5.0 (Windows NT 10.0; Win64; x64) AppleWebKit/537.36 (KHTML, like Gecko) Chrome/92.0.4515.107 Safari/537.36"
21.224.156.88 - - [01/Jan/2025:11:51:27 +0300] "DELETE /services/ HTTP/1.1" 403 2710 "-" "Mozilla/5.0 (Windows NT 10.0; Win64; x64) AppleWebKit/537.36 (KHTML, like Gecko) Chrome/92.0.4515.107 Safari/537.36"
83.214.79.193 - - [01/Jan/2025:11:52:20 +0300] "PATCH /about-us/ HTTP/1.1" 401 2430 "-" "Crawler Bot v1.0 (+https://example.com/bot.html)"
202.194.16.171 - - [01/Jan/2025:11:52:34 +0300] "DELETE /index.html HTTP/1.1" 401 28365 "-" "Wget/1.19.5 (linux-gnu)"
228.144.164.101 - - [01/Jan/2025:11:54:15 +0300] "DELETE /services/ HTTP/1.1" 201 11504 "-" "Safari/604.1 CFNetwork/893.14 Darwin/17.0.0 (x86_64)"
83.214.79.193 - - [01/Jan/2025:11:54:47 +0300] "DELETE /index.html HTTP/1.1" 500 4189 "-" "Wget/1.19.5 (linux-gnu)"
191.22.97.183 - - [01/Jan/2025:11:56:19 +0300] "PATCH /index.html HTTP/1.1" 201 27095 "-" "Crawler Bot v1.0 (+https://example.com/bot.html)"
182.212.150.73 - - [01/Jan/2025:11:57:27 +0300] "POST /index.html HTTP/1.1" 503 32262 "-" "Wget/1.19.5 (linux-gnu)"
191.22.97.183 - - [01/Jan/2025:11:58:04 +0300] "PUT /about-us/ HTTP/1.1" 201 26206 "-" "Opera/9.80 (X11; Linux i686; Ubuntu/14.10) Presto/2.12.388 Version/12.16"
83.214.79.193 - - [01/Jan/2025:11:59:41 +0300] "GET /services/ HTTP/1.1" 403 6198 "-" "Microsoft Edge 44.18362.449.0; Windows 10; ARM64"
79.179.42.142 - - [01/Jan/2025:12:01:14 +0300] "POST /products/ HTTP/1.1" 500 31380 "-" "Wget/1.19.5 (linux-gnu)"
237.80.16.71 - - [01/Jan/2025:12:01:26 +0300] "DELETE /services/ HTTP/1.1" 401 12635 "-" "Microsoft Edge 44.18362.449.0; Windows 10; ARM64"
228.144.164.101 - - [01/Jan/2025:12:02:00 +0300] "GET /about-us/ HTTP/1.1" 200 17378 "-" "Opera/9.80 (X11; Linux i686; Ubuntu/14.10) Presto/2.12.388 Version/12.16"
