206.74.177.39 - - [05/Jan/2025:00:01:15 +0300] "PUT /index.html HTTP/1.1" 401 1797 "-" "Internet Explorer 7.0; Windows NT 6.0; Trident/5.0"
130.195.42.222 - - [05/Jan/2025:00:03:17 +0300] "PUT /services/ HTTP/1.1" 503 19356 "-" "Safari/604.1 CFNetwork/893.14 Darwin/17.0.0 (x86_64)"
83.214.79.193 - - [05/Jan/2025:00:05:39 +0300] "POST /products/ HTTP/1.1" 403 28930 "-" "Mozilla/5.0 (Windows NT 10.0; Win64; x64) AppleWebKit/537.36 (KHTML, like Gecko) Chrome/92.0.4515.107 Safari/537.36"
130.195.42.222 - - [05/Jan/2025:00:07:14 +0300] "PATCH /products/ HTTP/1.1" 502 19671 "-" "Mozilla/5.0 (Windows NT 10.0; Win64; x64) AppleWebKit/537.36 (KHTML, like Gecko) Chrome/92.0.4515.107 Safari/537.36"
21.224.156.88 - - [05/Jan/2025:00:07:51 +0300] "DELETE /index.html HTTP/1.1" 501 1595 "-" "Mozilla/5.0 (Windows NT 10.0; Win64; x64) AppleWebKit/537.36 (KHTML, like Gecko) Chrome/92.0.4515.107 Safari/537.36"
79.179.42.142 - - [05/Jan/2025:00:08:10 +0300] "PATCH /products/ HTTP/1.1" 201 29130 "-" "Opera/9.80 (X11; Linux i686; Ubuntu/14.10) Presto/2.12.388 Version/12.16"
130.195.42.222 - - [05/Jan/2025:00:10:54 +0300] "GET /products/ HTTP/1.1" 200 6939 "-" "Microsoft Edge 44.18362.449.0; Windows 10; ARM64"
146.55.198.94 - - [05/Jan/2025:00:11:54 +0300] "DELETE /about-us/ HTTP/1.1" 400 5006 "-" "Internet Explorer 7.0; Windows NT 6.0; Trident/5.0"
206.74.177.39 - - [05/Jan/2025:00:14:04 +0300] "PUT /products/ HTTP/1.1" 200 8195 "-" "Safari/604.1 CFNetwork/893.14 Darwin/17.0.0 (x86_64)"
21.224.156.88 - - [05/Jan/2025:00:16:43 +0300] "DELETE /about-us/ HTTP/1.1" 404 3478 "-" "Safari/604.1 CFNetwork/893.14 Darwin/17.0.0 (x86_64)"
130.195.42.222 - - [05/Jan/2025:00:18:24 +0300] "DELETE /about-us/ HTTP/1.1" 404 3094 "-" "Mozilla/5.0 (Windows NT 10.0; Win64; x64) AppleWebKit/537.36 (KHTML, like Gecko) Chrome/92.0.4515.107 Safari/537.36"
237.80.16.71 - - [05/Jan/2025:00:20:37 +0300] "POST /services/ HTTP/1.1" 401 14463 "-" "Wget/1.19.5 (linux-gnu)"
206.74.177.39 - - [05/Jan/2025:00:21:23 +0300] "PATCH /contact/ HTTP/1.1" 403 32293 "-" "Mozilla/5.0 (Windows NT 10.0; Win64; x64) AppleWebKit/537.36 (KHTML, like Gecko) Chrome/92.0.4515.107 Safari/537.36"
83.214.79.193 - - [05/Jan/2025:00:21:37 +0300] "POST /about-us/ HTTP/1.1" 404 21647 "-" "Opera/9.80 (X11; Linux i686; Ubuntu/14.10) Presto/2.12.388 Version/12.16"
206.74.177.39 - - [05/Jan/2025:00:22:51 +0300] "DELETE /index.html HTTP/1.1" 502 29906 "-" "Mozilla/5.0 (Windows NT 10.0; Win64; x64) AppleWebKit/537.36 (KHTML, like Gecko) Chrome/92.0.4515.107 Safari/537.36"
83.214.79.193 - - [05/Jan/2025:00:23:49 +0300] "PATCH /index.html HTTP/1.1" 401 27189 "-" "Crawler Bot v1.0 (+https://example.com/bot.html)"
191.22.97.183 - - [05/Jan/2025:00:25:04 +0300] "PATCH /index.html HTTP/1.1" 404 25932 "-" "Crawler Bot v1.0 (+https://example.com/bot.html)"
21.224.156.88 - - [05/Jan/2025:00:25:13 +0300] "POST /products/ HTTP/1.1" 401 30074 "-" "Mozilla/5.0 (Windows NT 10.0; Win64; x64) AppleWebKit/537.36 (KHTML, like Gecko) Chrome/92.0.4515.107 Safari/537.36"
191.22.97.183 - - [05/Jan/2025:00:25:54 +0300] "GET /about-us/ HTTP/1.1" 401 5677 "-" "Mozilla/5.0 (Windows NT 10.0; Win64; x64) AppleWebKit/537.36 (KHTML, like Gecko) Chrome/92.0.4515.107 Safari/537.36"
21.224.156.88 - - [05/Jan/2025:00:27:58 +0300] "PUT /contact/ HTTP/1.1" 503 6362 "-" "Mozilla/5.0 (Windows NT 10.0; Win64; x64) AppleWebKit/537.36 (KHTML, like Gecko) Chrome/92.0.4515.107 Safari/537.36"
130.195.42.222 - - [05/Jan/2025:00:28:50 +0300] "DELETE /about-us/ HTTP/1.1" 502 2198 "-" "Microsoft Edge 44.18362.449.0; Windows 10; ARM64"
83.214.79.193 - - [05/Jan/2025:00:28:55 +0300] "GET /contact/ HTTP/1.1" 400 32365 "-" "Safari/604.1 CFNetwork/893.14 Darwin/17.0.0 (x86_64)"
206.74.177.39 - - [05/Jan/2025:00:31:33 +0300] "POST /products/ HTTP/1.1" 200 13013 "-" "Mozilla/5.0 (Windows NT 10.0; Win64; x64) AppleWebKit/537.36 (KHTML, like Gecko) Chrome/92.0.4515.107 Safari/537.36"
146.55.198.94 - - [05/Jan/2025:00:32:05 +0300] "POST /about-us/ HTTP/1.1" 200 19314 "-" "Internet Explorer 7.0; Windows NT 6.0; Trident/5.0"
146.55.198.94 - - [05/Jan/2025:00:34:38 +0300] "GET /contact/ HTTP/1.1" 201 20938 "-" "Internet Explorer 7.0; Windows NT 6.0; Trident/5.0"
130.195.42.222 - - [05/Jan/2025:00:35:09 +0300] "DELETE /index.html HTTP/1.1" 403 11644 "-" "Microsoft Edge 44.18362.449.0; Windows 10; ARM64"
146.55.198.94 - - [05/Jan/2025:00:37:53 +0300] "DELETE /index.html HTTP/1.1" 501 32917 "-" "Mozilla/5.0 (Windows NT 10.0; Win64; x64) AppleWebKit/537.36 (KHTML, like Gecko) Chrome/92.0.4515.107 Safari/537.36"
83.214.79.193 - - [05/Jan/2025:00:40:31 +0300] "DELETE /index.html HTTP/1.1" 200 33196 "-" "Safari/604.1 CFNetwork/893.14 Darwin/17.0.0 (x86_64)"
21.224.156.88 - - [05/Jan/2025:00:40:46 +0300] "PUT /products/ HTTP/1.1" 404 33085 "-" "Wget/1.19.5 (linux-gnu)"
21.224.156.88 - - [05/Jan/2025:00:41:38 +0300] "POST /products/ HTTP/1.1" 400 31466 "-" "Wget/1.19.5 (linux-gnu)"
130.195.42.222 - - [05/Jan/2025:00:43:41 +0300] "POST /index.html HTTP/1.1" 401 13210 "-" "Mozilla/5.0 (Windows NT 10.0; Win64; x64) AppleWebKit/537.36 (KHTML, like Gecko) Chrome/92.0.4515.107 Safari/537.36"
237.80.16.71 - - [05/Jan/2025:00:45:24 +0300] "PUT /services/ HTTP/1.1" 501 26430 "-" "Wget/1.19.5 (linux-gnu)"
202.194.16.171 - - [05/Jan/2025:00:46:22 +0300] "DELETE /index.html HTTP/1.1" 401 6964 "-" "Microsoft Edge 44.18362.449.0; Windows 10; ARM64"
182.212.150.73 - - [05/Jan/2025:00:47:58 +0300] "POST /contact/ HTTP/1.1" 404 28478 "-" "Safari/604.1 CFNetwork/893.14 Darwin/17.0.0 (x86_64)"
21.224.156.88 - - [05/Jan/2025:00:48:46 +0300] "GET /services/ HTTP/1.1" 502 12580 "-" "Internet Explorer 7.0; Windows NT 6.0; Trident/5.0"
228.144.164.101 - - [05/Jan/2025:00:50:53 +0300] "PATCH /services/ HTTP/1.1" 201 1093 "-" "Mozilla/5.0 (Windows NT 10.0; Win64; x64) AppleWebKit/537.36 (KHTML, like Gecko) Chrome/92.0.4515.107 Safari/537.36"
206.74.177.39 - - [05/Jan/2025:00:53:25 +0300] "POST /services/ HTTP/1.1" 404 17643 "-" "Wget/1.19.5 (linux-gnu)"
191.22.97.183 - - [05/Jan/2025:00:53:38 +0300] "DELETE /services/ HTTP/1.1" 400 28933 "-" "Crawler Bot v1.0 (+https://example.com/bot.html)"
182.212.150.73 - - [05/Jan/2025:00:55:55 +0300] "PUT /contact/ HTTP/1.1" 502 19636 "-" "Microsoft Edge 44.18362.449.0; Windows 10; ARM64"
83.214.79.193 - - [05/Jan/2025:00:57:42 +0300] "DELETE /about-us/ HTTP/1.1" 500 24043 "-" "Opera/9.80 (X11; Linux i686; Ubuntu/14.10) Presto/2.12.388 Version/12.16"
79.179.42.142 - - [05/Jan/2025:00:59:38 +0300] "POST /products/ HTTP/1.1" 503 20877 "-" "Mozilla/5.0 (Windows NT 10.0; Win64; x64) AppleWebKit/537.36 (KHTML, like Gecko) Chrome/92.0.4515.107 Safari/537.36"
237.80.16.71 - - [05/Jan/2025:01:01:47 +0300] "GET /products/ HTTP/1.1" 200 27066 "-" "Opera/9.80 (X11; Linux i686; Ubuntu/14.10) Presto/2.12.388 Version/12.16"
146.55.198.94 - - [05/Jan/2025:01:02:58 +0300] "GET /about-us/ HTTP/1.1" 500 10744 "-" "Safari/604.1 CFNetwork/893.14 Darwin/17.0.0 (x86_64)"
21.224.156.88 - - [05/Jan/2025:01:04:29 +0300] "GET /products/ HTTP/1.1" 400 17744 "-" "Internet Explorer 7.0; Windows NT 6.0; Trident/5.0"
237.80.16.71 - - [05/Jan/2025:01:04:41 +0300] "PUT /services/ HTTP/1.1" 200 2481 "-" "Opera/9.80 (X11; Linux i686; Ubuntu/14.10) Presto/2.12.388 Version/12.16"
191.22.97.183 - - [05/Jan/2025:01:06:24 +0300] "PATCH /services/ HTTP/1.1" 404 19039 "-" "Wget/1.19.5 (linux-gnu)"
202.194.16.171 - - [05/Jan/2025:01:07:36 +0300] "POST /contact/ HTTP/1.1" 401 4688 "-" "Internet Explorer 7.0; Windows NT 6.0; Trident/5.0"
228.144.164.101 - - [05/Jan/2025:01:09:21 +0300] "POST /services/ HTTP/1.1" 404 23717 "-" "Crawler Bot v1.0 (+https://example.com/bot.html)"
237.80.16.71 - - [05/Jan/2025:01:10:09 +0300] "PATCH /services/ HTTP/1.1" 201 12837 "-" "Internet Explorer 7.0; Windows NT 6.0; Trident/5.0"
130.195.42.222 - - [05/Jan/2025:01:11:33 +0300] "PUT /contact/ HTTP/1.1" 503 30677 "-" "Safari/604.1 CFNetwork/893.14 Darwin/17.0.0 (x86_64)"
202.194.16.171 - - [05/Jan/2025:01:13:36 +0300] "DELETE /contact/ HTTP/1.1" 400 32213 "-" "Safari/604.1 CFNetwork/893.14 Darwin/17.0.0 (x86_64)"
237.80.16.71 - - [05/Jan/2025:01:15:31 +0300] "PUT /contact/ HTTP/1.1" 201 9464 "-" "Safari/604.1 CFNetwork/893.14 Darwin/17.0.0 (x86_64)"
228.144.164.101 - - [05/Jan/2025:01:16:51 +0300] "POST /index.html HTTP/1.1" 401 1072 "-" "Wget/1.19.5 (linux-gnu)"
79.179.42.142 - - [05/Jan/2025:01:18:03 +0300] "PUT /about-us/ HTTP/1.1" 502 18910 "-" "Mozilla/5.0 (Windows NT 10.0; Win64; x64) AppleWebKit/537.36 (KHTML, like Gecko) Chrome/92.0.4515.107 Safari/537.36"
228.144.164.101 - - [05/Jan/2025:01:18:17 +0300] "DELETE /about-us/ HTTP/1.1" 400 28752 "-" "Wget/1.19.5 (linux-gnu)"
237.80.16.71 - - [05/Jan/2025:01:20:43 +0300] "DELETE /about-us/ HTTP/1.1" 200 15797 "-" "Wget/1.19.5 (linux-gnu)"
202.194.16.171 - - [05/Jan/2025:01:21:40 +0300] "DELETE /index.html HTTP/1.1" 201 8013 "-" "Crawler Bot v1.0 (+https://example.com/bot.html)"
202.194.16.171 - - [05/Jan/2025:01:23:06 +0300] "PUT /contact/ HTTP/1.1" 502 25182 "-" "Mozilla/5.0 (Windows NT 10.0; Win64; x64) AppleWebKit/537.36 (KHTML, like Gecko) Chrome/92.0.4515.107 Safari/537.36"
206.74.177.39 - - [05/Jan/2025:01:25:07 +0300] "GET /about-us/ HTTP/1.1" 503 28107 "-" "Microsoft Edge 44.18362.449.0; Windows 10; ARM64"
146.55.198.94 - - [05/Jan/2025:01:26:17 +0300] "DELETE /about-us/ HTTP/1.1" 400 18861 "-" "Internet Explorer 7.0; Windows NT 6.0; Trident/5.0"
237.80.16.71 - - [05/Jan/2025:01:27:44 +0300] "POST /products/ HTTP/1.1" 200 18940 "-" "Safari/604.1 CFNetwork/893.14 Darwin/17.0.0 (x86_64)"
21.224.156.88 - - [05/Jan/2025:01:30:22 +0300] "POST /products/ HTTP/1.1" 404 29401 "-" "Safari/604.1 CFNetwork/893.14 Darwin/17.0.0 (x86_64)"
182.212.150.73 - - [05/Jan/2025:01:32:47 +0300] "PUT /contact/ HTTP/1.1" 502 30550 "-" "Wget/1.19.5 (linux-gnu)"
79.179.42.142 - - [05/Jan/2025:01:34:24 +0300] "PATCH /about-us/ HTTP/1.1" 502 18818 "-" "Microsoft Edge 44.18362.449.0; Windows 10; ARM64"
228.144.164.101 - - [05/Jan/2025:01:34:35 +0300] "PUT /products/ HTTP/1.1" 503 29507 "-" "Opera/9.80 (X11; Linux i686; Ubuntu/14.10) Presto/2.12.388 Version/12.16"
146.55.198.94 - - [05/Jan/2025:01:36:07 +0300] "POST /services/ HTTP/1.1" 400 15430 "-" "Wget/1.19.5 (linux-gnu)"
191.22.97.183 - - [05/Jan/2025:01:38:46 +0300] "GET /contact/ HTTP/1.1" 400 5666 "-" "Safari/604.1 CFNetwork/893.14 Darwin/17.0.0 (x86_64)"
228.144.164.101 - - [05/Jan/2025:01:39:44 +0300] "POST /about-us/ HTTP/1.1" 503 17848 "-" "Crawler Bot v1.0 (+https://example.com/bot.html)"
83.214.79.193 - - [05/Jan/2025:01:41:46 +0300] "PATCH /about-us/ HTTP/1.1" 403 14791 "-" "Microsoft Edge 44.18362.449.0; Windows 10; ARM64"
202.194.16.171 - - [05/Jan/2025:01:42:07 +0300] "PUT /about-us/ HTTP/1.1" 403 8061 "-" "Internet Explorer 7.0; Windows NT 6.0; Trident/5.0"
206.74.177.39 - - [05/Jan/2025:01:42:48 +0300] "POST /contact/ HTTP/1.1" 404 22598 "-" "Opera/9.80 (X11; Linux i686; Ubuntu/14.10) Presto/2.12.388 Version/12.16"
202.194.16.171 - - [05/Jan/2025:01:43:14 +0300] "PUT /contact/ HTTP/1.1" 404 4497 "-" "Safari/604.1 CFNetwork/893.14 Darwin/17.0.0 (x86_64)"
228.144.164.101 - - [05/Jan/2025:01:45:03 +0300] "PUT /products/ HTTP/1.1" 200 10323 "-" "Internet Explorer 7.0; Windows NT 6.0; Trident/5.0"
79.179.42.142 - - [05/Jan/2025:01:45:05 +0300] "PATCH /about-us/ HTTP/1.1" 403 19513 "-" "Crawler Bot v1.0 (+https://example.com/bot.html)"
237.80.16.71 - - [05/Jan/2025:01:45:27 +0300] "PUT /contact/ HTTP/1.1" 201 8334 "-" "Microsoft Edge 44.18362.449.0; Windows 10; ARM64"
79.179.42.142 - - [05/Jan/2025:01:46:33 +0300] "POST /index.html HTTP/1.1" 501 25388 "-" "Wget/1.19.5 (linux-gnu)"
83.214.79.193 - - [05/Jan/2025:01:47:41 +0300] "DELETE /contact/ HTTP/1.1" 200 14775 "-" "Microsoft Edge 44.18362.449.0; Windows 10; ARM64"
191.22.97.183 - - [05/Jan/2025:01:48:42 +0300] "PATCH /services/ HTTP/1.1" 404 1173 "-" "Safari/604.1 CFNetwork/893.14 Darwin/17.0.0 (x86_64)"
83.214.79.193 - - [05/Jan/2025:01:49:31 +0300] "PATCH /contact/ HTTP/1.1" 502 23380 "-" "Safari/604.1 CFNetwork/893.14 Darwin/17.0.0 (x86_64)"
206.74.177.39 - - [05/Jan/2025:01:50:00 +0300] "PUT /products/ HTTP/1.1" 401 19593 "-" "Safari/604.1 CFNetwork/893.14 Darwin/17.0.0 (x86_64)"
182.212.150.73 - - [05/Jan/2025:01:50:09 +0300] "GET /services/ HTTP/1.1" 201 9335 "-" "Wget/1.19.5 (linux-gnu)"
237.80.16.71 - - [05/Jan/2025:01:51:26 +0300] "PUT /services/ HTTP/1.1" 400 20180 "-" "Crawler Bot v1.0 (+https://example.com/bot.html)"
146.55.198.94 - - [05/Jan/2025:01:51:39 +0300] "PUT /about-us/ HTTP/1.1" 503 31740 "-" "Safari/604.1 CFNetwork/893.14 Darwin/17.0.0 (x86_64)"
146.55.198.94 - - [05/Jan/2025:01:54:16 +0300] "DELETE /contact/ HTTP/1.1" 501 23482 "-" "Safari/604.1 CFNetwork/893.14 Darwin/17.0.0 (x86_64)"
83.214.79.193 - - [05/Jan/2025:01:55:10 +0300] "POST /contact/ HTTP/1.1" 501 13760 "-" "Microsoft Edge 44.18362.449.0; Windows 10; ARM64"
146.55.198.94 - - [05/Jan/2025:01:56:17 +0300] "DELETE /about-us/ HTTP/1.1" 501 13846 "-" "Mozilla/5.0 (Windows NT 10.0; Win64; x64) AppleWebKit/537.36 (KHTML, like Gecko) Chrome/92.0.4515.107 Safari/537.36"
191.22.97.183 - - [05/Jan/2025:01:58:08 +0300] "PATCH /contact/ HTTP/1.1" 201 1152 "-" "Internet Explorer 7.0; Windows NT 6.0; Trident/5.0"
191.22.97.183 - - [05/Jan/2025:01:59:03 +0300] "PUT /products/ HTTP/1.1" 400 15002 "-" "Microsoft Edge 44.18362.449.0; Windows 10; ARM64"
206.74.177.39 - - [05/Jan/2025:02:00:52 +0300] "POST /about-us/ HTTP/1.1" 403 17821 "-" "Opera/9.80 (X11; Linux i686; Ubuntu/14.10) Presto/2.12.388 Version/12.16"
191.22.97.183 - - [05/Jan/2025:02:01:17 +0300] "DELETE /products/ HTTP/1.1" 201 31561 "-" "Safari/604.1 CFNetwork/893.14 Darwin/17.0.0 (x86_64)"
130.195.42.222 - - [05/Jan/2025:02:03:12 +0300] "DELETE /about-us/ HTTP/1.1" 200 15552 "-" "Wget/1.19.5 (linux-gnu)"
146.55.198.94 - - [05/Jan/2025:02:03:48 +0300] "DELETE /products/ HTTP/1.1" 404 10551 "-" "Microsoft Edge 44.18362.449.0; Windows 10; ARM64"
21.224.156.88 - - [05/Jan/2025:02:06:07 +0300] "PATCH /products/ HTTP/1.1" 401 7440 "-" "Mozilla/5.0 (Windows NT 10.0; Win64; x64) AppleWebKit/537.36 (KHTML, like Gecko) Chrome/92.0.4515.107 Safari/537.36"
182.212.150.73 - - [05/Jan/2025:02:06:32 +0300] "POST /services/ HTTP/1.1" 404 15010 "-" "Microsoft Edge 44.18362.449.0; Windows 10; ARM64"
146.55.198.94 - - [05/Jan/2025:02:07:55 +0300] "PATCH /about-us/ HTTP/1.1" 500 6939 "-" "Mozilla/5.0 (Windows NT 10.0; Win64; x64) AppleWebKit/537.36 (KHTML, like Gecko) Chrome/92.0.4515.107 Safari/537.36"
182.212.150.73 - - [05/Jan/2025:02:09:22 +0300] "GET /contact/ HTTP/1.1" 502 1517 "-" "Mozilla/5.0 (Windows NT 10.0; Win64; x64) AppleWebKit/537.36 (KHTML, like Gecko) Chrome/92.0.4515.107 Safari/537.36"
21.224.156.88 - - [05/Jan/2025:02:09:46 +0300] "DELETE /index.html HTTP/1.1" 503 2159 "-" "Wget/1.19.5 (linux-gnu)"
146.55.198.94 - - [05/Jan/2025:02:11:57 +0300] "DELETE /contact/ HTTP/1.1" 401 9976 "-" "Safari/604.1 CFNetwork/893.14 Darwin/17.0.0 (x86_64)"
206.74.177.39 - - [05/Jan/2025:02:13:16 +0300] "PUT /contact/ HTTP/1.1" 503 15363 "-" "Microsoft Edge 44.18362.449.0; Windows 10; ARM64"
202.194.16.171 - - [05/Jan/2025:02:14:25 +0300] "PATCH /contact/ HTTP/1.1" 404 4009 "-" "Crawler Bot v1.0 (+https://example.com/bot.html)"
146.55.198.94 - - [05/Jan/2025:02:16:30 +0300] "DELETE /contact/ HTTP/1.1" 200 9906 "-" "Wget/1.19.5 (linux-gnu)"
79.179.42.142 - - [05/Jan/2025:02:18:33 +0300] "PUT /products/ HTTP/1.1" 503 17879 "-" "Mozilla/5.0 (Windows NT 10.0; Win64; x64) AppleWebKit/537.36 (KHTML, like Gecko) Chrome/92.0.4515.107 Safari/537.36"
79.179.42.142 - - [05/Jan/2025:02:19:34 +0300] "PUT /services/ HTTP/1.1" 401 6360 "-" "Internet Explorer 7.0; Windows NT 6.0; Trident/5.0"
79.179.42.142 - - [05/Jan/2025:02:19:58 +0300] "POST /services/ HTTP/1.1" 501 5275 "-" "Microsoft Edge 44.18362.449.0; Windows 10; ARM64"
206.74.177.39 - - [05/Jan/2025:02:20:02 +0300] "GET /index.html HTTP/1.1" 503 24963 "-" "Opera/9.80 (X11; Linux i686; Ubuntu/14.10) Presto/2.12.388 Version/12.16"
146.55.198.94 - - [05/Jan/2025:02:20:52 +0300] "PATCH /about-us/ HTTP/1.1" 404 2318 "-" "Internet Explorer 7.0; Windows NT 6.0; Trident/5.0"
83.214.79.193 - - [05/Jan/2025:02:23:33 +0300] "GET /about-us/ HTTP/1.1" 401 21670 "-" "Wget/1.19.5 (linux-gnu)"
182.212.150.73 - - [05/Jan/2025:02:26:14 +0300] "PUT /products/ HTTP/1.1" 502 13359 "-" "Crawler Bot v1.0 (+https://example.com/bot.html)"
21.224.156.88 - - [05/Jan/2025:02:27:44 +0300] "DELETE /services/ HTTP/1.1" 500 3558 "-" "Opera/9.80 (X11; Linux i686; Ubuntu/14.10) Presto/2.12.388 Version/12.16"
202.194.16.171 - - [05/Jan/2025:02:29:03 +0300] "POST /index.html HTTP/1.1" 403 17273 "-" "Mozilla/5.0 (Windows NT 10.0; Win64; x64) AppleWebKit/537.36 (KHTML, like Gecko) Chrome/92.0.4515.107 Safari/537.36"
206.74.177.39 - - [05/Jan/2025:02:30:06 +0300] "GET /index.html HTTP/1.1" 400 18784 "-" "Safari/604.1 CFNetwork/893.14 Darwin/17.0.0 (x86_64)"
79.179.42.142 - - [05/Jan/2025:02:32:18 +0300] "DELETE /contact/ HTTP/1.1" 400 26190 "-" "Safari/604.1 CFNetwork/893.14 Darwin/17.0.0 (x86_64)"
191.22.97.183 - - [05/Jan/2025:02:32:24 +0300] "GET /about-us/ HTTP/1.1" 200 25561 "-" "Internet Explorer 7.0; Windows NT 6.0; Trident/5.0"
130.195.42.222 - - [05/Jan/2025:02:33:22 +0300] "PUT /index.html HTTP/1.1" 501 32297 "-" "Opera/9.80 (X11; Linux i686; Ubuntu/14.10) Presto/2.12.388 Version/12.16"
206.74.177.39 - - [05/Jan/2025:02:35:30 +0300] "PUT /index.html HTTP/1.1" 401 3653 "-" "Opera/9.80 (X11; Linux i686; Ubuntu/14.10) Presto/2.12.388 Version/12.16"
182.212.150.73 - - [05/Jan/2025:02:35:33 +0300] "DELETE /index.html HTTP/1.1" 503 27643 "-" "Crawler Bot v1.0 (+https://example.com/bot.html)"
21.224.156.88 - - [05/Jan/2025:02:37:57 +0300] "PUT /products/ HTTP/1.1" 501 9420 "-" "Opera/9.80 (X11; Linux i686; Ubuntu/14.10) Presto/2.12.388 Version/12.16"
83.214.79.193 - - [05/Jan/2025:02:39:25 +0300] "GET /contact/ HTTP/1.1" 403 11563 "-" "Wget/1.19.5 (linux-gnu)"
202.194.16.171 - - [05/Jan/2025:02:40:09 +0300] "PUT /index.html HTTP/1.1" 403 26465 "-" "Mozilla/5.0 (Windows NT 10.0; Win64; x64) AppleWebKit/537.36 (KHTML, like Gecko) Chrome/92.0.4515.107 Safari/537.36"
191.22.97.183 - - [05/Jan/2025:02:40:49 +0300] "PATCH /products/ HTTP/1.1" 500 31315 "-" "Crawler Bot v1.0 (+https://example.com/bot.html)"
237.80.16.71 - - [05/Jan/2025:02:43:30 +0300] "PATCH /products/ HTTP/1.1" 201 20682 "-" "Wget/1.19.5 (linux-gnu)"
146.55.198.94 - - [05/Jan/2025:02:45:36 +0300] "POST /about-us/ HTTP/1.1" 502 26350 "-" "Crawler Bot v1.0 (+https://example.com/bot.html)"
206.74.177.39 - - [05/Jan/2025:02:47:52 +0300] "GET /contact/ HTTP/1.1" 501 5543 "-" "Crawler Bot v1.0 (+https://example.com/bot.html)"
21.224.156.88 - - [05/Jan/2025:02:49:05 +0300] "PUT /products/ HTTP/1.1" 501 10013 "-" "Internet Explorer 7.0; Windows NT 6.0; Trident/5.0"
237.80.16.71 - - [05/Jan/2025:02:50:46 +0300] "POST /services/ HTTP/1.1" 400 9466 "-" "Safari/604.1 CFNetwork/893.14 Darwin/17.0.0 (x86_64)"
21.224.156.88 - - [05/Jan/2025:02:50:59 +0300] "GET /index.html HTTP/1.1" 503 19461 "-" "Opera/9.80 (X11; Linux i686; Ubuntu/14.10) Presto/2.12.388 Version/12.16"
206.74.177.39 - - [05/Jan/2025:02:51:16 +0300] "PATCH /services/ HTTP/1.1" 503 1348 "-" "Opera/9.80 (X11; Linux i686; Ubuntu/14.10) Presto/2.12.388 Version/12.16"
83.214.79.193 - - [05/Jan/2025:02:52:16 +0300] "DELETE /index.html HTTP/1.1" 404 15849 "-" "Crawler Bot v1.0 (+https://example.com/bot.html)"
182.212.150.73 - - [05/Jan/2025:02:53:39 +0300] "PUT /products/ HTTP/1.1" 200 16377 "-" "Opera/9.80 (X11; Linux i686; Ubuntu/14.10) Presto/2.12.388 Version/12.16"
237.80.16.71 - - [05/Jan/2025:02:55:20 +0300] "PUT /products/ HTTP/1.1" 400 23251 "-" "Opera/9.80 (X11; Linux i686; Ubuntu/14.10) Presto/2.12.388 Version/12.16"
237.80.16.71 - - [05/Jan/2025:02:56:46 +0300] "DELETE /index.html HTTP/1.1" 501 26375 "-" "Opera/9.80 (X11; Linux i686; Ubuntu/14.10) Presto/2.12.388 Version/12.16"
191.22.97.183 - - [05/Jan/2025:02:58:17 +0300] "GET /about-us/ HTTP/1.1" 403 14444 "-" "Wget/1.19.5 (linux-gnu)"
182.212.150.73 - - [05/Jan/2025:03:00:20 +0300] "POST /services/ HTTP/1.1" 404 7585 "-" "Internet Explorer 7.0; Windows NT 6.0; Trident/5.0"
83.214.79.193 - - [05/Jan/2025:03:02:36 +0300] "POST /products/ HTTP/1.1" 501 31802 "-" "Crawler Bot v1.0 (+https://example.com/bot.html)"
182.212.150.73 - - [05/Jan/2025:03:04:11 +0300] "DELETE /products/ HTTP/1.1" 404 23442 "-" "Safari/604.1 CFNetwork/893.14 Darwin/17.0.0 (x86_64)"
79.179.42.142 - - [05/Jan/2025:03:04:28 +0300] "PATCH /contact/ HTTP/1.1" 503 24799 "-" "Safari/604.1 CFNetwork/893.14 Darwin/17.0.0 (x86_64)"
83.214.79.193 - - [05/Jan/2025:03:05:28 +0300] "PATCH /services/ HTTP/1.1" 404 24397 "-" "Mozilla/5.0 (Windows NT 10.0; Win64; x64) AppleWebKit/537.36 (KHTML, like Gecko) Chrome/92.0.4515.107 Safari/537.36"
202.194.16.171 - - [05/Jan/2025:03:07:06 +0300] "DELETE /about-us/ HTTP/1.1" 502 21966 "-" "Safari/604.1 CFNetwork/893.14 Darwin/17.0.0 (x86_64)"
146.55.198.94 - - [05/Jan/2025:03:08:00 +0300] "PUT /contact/ HTTP/1.1" 200 33393 "-" "Crawler Bot v1.0 (+https://example.com/bot.html)"
206.74.177.39 - - [05/Jan/2025:03:10:13 +0300] "GET /services/ HTTP/1.1" 403 23757 "-" "Microsoft Edge 44.18362.449.0; Windows 10; ARM64"
79.179.42.142 - - [05/Jan/2025:03:11:43 +0300] "GET /products/ HTTP/1.1" 501 31261 "-" "Wget/1.19.5 (linux-gnu)"
146.55.198.94 - - [05/Jan/2025:03:14:18 +0300] "POST /index.html HTTP/1.1" 201 17314 "-" "Safari/604.1 CFNetwork/893.14 Darwin/17.0.0 (x86_64)"
228.144.164.101 - - [05/Jan/2025:03:15:12 +0300] "DELETE /index.html HTTP/1.1" 501 19969 "-" "Internet Explorer 7.0; Windows NT 6.0; Trident/5.0"
228.144.164.101 - - [05/Jan/2025:03:16:55 +0300] "POST /index.html HTTP/1.1" 502 30705 "-" "Internet Explorer 7.0; Windows NT 6.0; Trident/5.0"
146.55.198.94 - - [05/Jan/2025:03:18:09 +0300] "DELETE /services/ HTTP/1.1" 201 23446 "-" "Crawler Bot v1.0 (+https://example.com/bot.html)"
206.74.177.39 - - [05/Jan/2025:03:20:37 +0300] "PATCH /products/ HTTP/1.1" 403 25612 "-" "Wget/1.19.5 (linux-gnu)"
21.224.156.88 - - [05/Jan/2025:03:21:29 +0300] "POST /index.html HTTP/1.1" 201 28319 "-" "Safari/604.1 CFNetwork/893.14 Darwin/17.0.0 (x86_64)"
21.224.156.88 - - [05/Jan/2025:03:23:26 +0300] "PATCH /about-us/ HTTP/1.1" 401 9712 "-" "Wget/1.19.5 (linux-gnu)"
206.74.177.39 - - [05/Jan/2025:03:25:12 +0300] "DELETE /contact/ HTTP/1.1" 401 28630 "-" "Safari/604.1 CFNetwork/893.14 Darwin/17.0.0 (x86_64)"
237.80.16.71 - - [05/Jan/2025:03:26:58 +0300] "PATCH /products/ HTTP/1.1" 400 13784 "-" "Internet Explorer 7.0; Windows NT 6.0; Trident/5.0"
146.55.198.94 - - [05/Jan/2025:03:28:47 +0300] "PATCH /index.html HTTP/1.1" 403 8612 "-" "Internet Explorer 7.0; Windows NT 6.0; Trident/5.0"
21.224.156.88 - - [05/Jan/2025:03:31:02 +0300] "PATCH /index.html HTTP/1.1" 403 11012 "-" "Wget/1.19.5 (linux-gnu)"
206.74.177.39 - - [05/Jan/2025:03:33:07 +0300] "POST /index.html HTTP/1.1" 200 20611 "-" "Safari/604.1 CFNetwork/893.14 Darwin/17.0.0 (x86_64)"
83.214.79.193 - - [05/Jan/2025:03:35:07 +0300] "PUT /about-us/ HTTP/1.1" 501 19695 "-" "Opera/9.80 (X11; Linux i686; Ubuntu/14.10) Presto/2.12.388 Version/12.16"
146.55.198.94 - - [05/Jan/2025:03:36:14 +0300] "PATCH /index.html HTTP/1.1" 403 22477 "-" "Mozilla/5.0 (Windows NT 10.0; Win64; x64) AppleWebKit/537.36 (KHTML, like Gecko) Chrome/92.0.4515.107 Safari/537.36"
206.74.177.39 - - [05/Jan/2025:03:37:27 +0300] "PUT /index.html HTTP/1.1" 200 20347 "-" "Internet Explorer 7.0; Windows NT 6.0; Trident/5.0"
130.195.42.222 - - [05/Jan/2025:03:39:35 +0300] "POST /index.html HTTP/1.1" 500 26995 "-" "Safari/604.1 CFNetwork/893.14 Darwin/17.0.0 (x86_64)"
79.179.42.142 - - [05/Jan/2025:03:40:58 +0300] "DELETE /services/ HTTP/1.1" 501 10557 "-" "Microsoft Edge 44.18362.449.0; Windows 10; ARM64"
182.212.150.73 - - [05/Jan/2025:03:41:04 +0300] "PATCH /about-us/ HTTP/1.1" 501 28973 "-" "Opera/9.80 (X11; Linux i686; Ubuntu/14.10) Presto/2.12.388 Version/12.16"
146.55.198.94 - - [05/Jan/2025:03:41:05 +0300] "POST /services/ HTTP/1.1" 400 10942 "-" "Mozilla/5.0 (Windows NT 10.0; Win64; x64) AppleWebKit/537.36 (KHTML, like Gecko) Chrome/92.0.4515.107 Safari/537.36"
21.224.156.88 - - [05/Jan/2025:03:41:19 +0300] "DELETE /contact/ HTTP/1.1" 400 6565 "-" "Opera/9.80 (X11; Linux i686; Ubuntu/14.10) Presto/2.12.388 Version/12.16"
228.144.164.101 - - [05/Jan/2025:03:43:30 +0300] "DELETE /services/ HTTP/1.1" 201 19776 "-" "Microsoft Edge 44.18362.449.0; Windows 10; ARM64"
206.74.177.39 - - [05/Jan/2025:03:45:14 +0300] "POST /index.html HTTP/1.1" 401 27238 "-" "Mozilla/5.0 (Windows NT 10.0; Win64; x64) AppleWebKit/537.36 (KHTML, like Gecko) Chrome/92.0.4515.107 Safari/537.36"
202.194.16.171 - - [05/Jan/2025:03:45:46 +0300] "POST /index.html HTTP/1.1" 403 16882 "-" "Safari/604.1 CFNetwork/893.14 Darwin/17.0.0 (x86_64)"
21.224.156.88 - - [05/Jan/2025:03:48:29 +0300] "PATCH /products/ HTTP/1.1" 500 33248 "-" "Opera/9.80 (X11; Linux i686; Ubuntu/14.10) Presto/2.12.388 Version/12.16"
206.74.177.39 - - [05/Jan/2025:03:49:10 +0300] "GET /products/ HTTP/1.1" 404 20781 "-" "Opera/9.80 (X11; Linux i686; Ubuntu/14.10) Presto/2.12.388 Version/12.16"
146.55.198.94 - - [05/Jan/2025:03:51:38 +0300] "PATCH /index.html HTTP/1.1" 501 26549 "-" "Internet Explorer 7.0; Windows NT 6.0; Trident/5.0"
206.74.177.39 - - [05/Jan/2025:03:51:42 +0300] "PUT /products/ HTTP/1.1" 201 27545 "-" "Microsoft Edge 44.18362.449.0; Windows 10; ARM64"
237.80.16.71 - - [05/Jan/2025:03:52:37 +0300] "PUT /products/ HTTP/1.1" 403 12321 "-" "Microsoft Edge 44.18362.449.0; Windows 10; ARM64"
206.74.177.39 - - [05/Jan/2025:03:54:44 +0300] "DELETE /about-us/ HTTP/1.1" 401 22150 "-" "Opera/9.80 (X11; Linux i686; Ubuntu/14.10) Presto/2.12.388 Version/12.16"
83.214.79.193 - - [05/Jan/2025:03:55:04 +0300] "DELETE /about-us/ HTTP/1.1" 401 13110 "-" "Crawler Bot v1.0 (+https://example.com/bot.html)"
83.214.79.193 - - [05/Jan/2025:03:56:27 +0300] "PUT /services/ HTTP/1.1" 404 10920 "-" "Safari/604.1 CFNetwork/893.14 Darwin/17.0.0 (x86_64)"
191.22.97.183 - - [05/Jan/2025:03:57:00 +0300] "PATCH /services/ HTTP/1.1" 200 23994 "-" "Wget/1.19.5 (linux-gnu)"
83.214.79.193 - - [05/Jan/2025:03:57:49 +0300] "POST /contact/ HTTP/1.1" 502 11475 "-" "Crawler Bot v1.0 (+https://example.com/bot.html)"
191.22.97.183 - - [05/Jan/2025:03:59:42 +0300] "GET /index.html HTTP/1.1" 404 15038 "-" "Microsoft Edge 44.18362.449.0; Windows 10; ARM64"
182.212.150.73 - - [05/Jan/2025:04:00:11 +0300] "GET /contact/ HTTP/1.1" 501 9679 "-" "Internet Explorer 7.0; Windows NT 6.0; Trident/5.0"
130.195.42.222 - - [05/Jan/2025:04:02:16 +0300] "PATCH /about-us/ HTTP/1.1" 502 25036 "-" "Wget/1.19.5 (linux-gnu)"
228.144.164.101 - - [05/Jan/2025:04:04:12 +0300] "PATCH /services/ HTTP/1.1" 200 28663 "-" "Wget/1.19.5 (linux-gnu)"
79.179.42.142 - - [05/Jan/2025:04:05:11 +0300] "GET /services/ HTTP/1.1" 502 8766 "-" "Opera/9.80 (X11; Linux i686; Ubuntu/14.10) Presto/2.12.388 Version/12.16"
79.179.42.142 - - [05/Jan/2025:04:06:41 +0300] "PUT /index.html HTTP/1.1" 403 15228 "-" "Safari/604.1 CFNetwork/893.14 Darwin/17.0.0 (x86_64)"
130.195.42.222 - - [05/Jan/2025:04:06:43 +0300] "PUT /about-us/ HTTP/1.1" 200 26373 "-" "Crawler Bot v1.0 (+https://example.com/bot.html)"
228.144.164.101 - - [05/Jan/2025:04:09:12 +0300] "DELETE /index.html HTTP/1.1" 500 19402 "-" "Safari/604.1 CFNetwork/893.14 Darwin/17.0.0 (x86_64)"
206.74.177.39 - - [05/Jan/2025:04:09:55 +0300] "GET /index.html HTTP/1.1" 501 17608 "-" "Microsoft Edge 44.18362.449.0; Windows 10; ARM64"
83.214.79.193 - - [05/Jan/2025:04:12:12 +0300] "PUT /services/ HTTP/1.1" 200 14463 "-" "Wget/1.19.5 (linux-gnu)"
79.179.42.142 - - [05/Jan/2025:04:13:34 +0300] "PUT /contact/ HTTP/1.1" 200 16757 "-" "Crawler Bot v1.0 (+https://example.com/bot.html)"
228.144.164.101 - - [05/Jan/2025:04:15:26 +0300] "DELETE /about-us/ HTTP/1.1" 501 21145 "-" "Internet Explorer 7.0; Windows NT 6.0; Trident/5.0"
79.179.42.142 - - [05/Jan/2025:04:17:54 +0300] "GET /index.html HTTP/1.1" 502 17228 "-" "Safari/604.1 CFNetwork/893.14 Darwin/17.0.0 (x86_64)"
237.80.16.71 - - [05/Jan/2025:04:19:49 +0300] "POST /services/ HTTP/1.1" 503 2137 "-" "Wget/1.19.5 (linux-gnu)"
130.195.42.222 - - [05/Jan/2025:04:21:43 +0300] "GET /index.html HTTP/1.1" 201 9227 "-" "Mozilla/5.0 (Windows NT 10.0; Win64; x64) AppleWebKit/537.36 (KHTML, like Gecko) Chrome/92.0.4515.107 Safari/537.36"
146.55.198.94 - - [05/Jan/2025:04:23:15 +0300] "POST /contact/ HTTP/1.1" 404 13240 "-" "Crawler Bot v1.0 (+https://example.com/bot.html)"
130.195.42.222 - - [05/Jan/2025:04:23:47 +0300] "DELETE /services/ HTTP/1.1" 501 9238 "-" "Wget/1.19.5 (linux-gnu)"
130.195.42.222 - - [05/Jan/2025:04:23:49 +0300] "PATCH /products/ HTTP/1.1" 404 13770 "-" "Opera/9.80 (X11; Linux i686; Ubuntu/14.10) Presto/2.12.388 Version/12.16"
237.80.16.71 - - [05/Jan/2025:04:23:52 +0300] "GET /contact/ HTTP/1.1" 404 32334 "-" "Microsoft Edge 44.18362.449.0; Windows 10; ARM64"
228.144.164.101 - - [05/Jan/2025:04:25:11 +0300] "PATCH /products/ HTTP/1.1" 404 14540 "-" "Internet Explorer 7.0; Windows NT 6.0; Trident/5.0"
237.80.16.71 - - [05/Jan/2025:04:27:04 +0300] "PATCH /services/ HTTP/1.1" 401 22446 "-" "Wget/1.19.5 (linux-gnu)"
206.74.177.39 - - [05/Jan/2025:04:27:21 +0300] "PATCH /services/ HTTP/1.1" 401 15942 "-" "Crawler Bot v1.0 (+https://example.com/bot.html)"
228.144.164.101 - - [05/Jan/2025:04:27:33 +0300] "GET /about-us/ HTTP/1.1" 201 27768 "-" "Wget/1.19.5 (linux-gnu)"
83.214.79.193 - - [05/Jan/2025:04:29:41 +0300] "PATCH /contact/ HTTP/1.1" 200 9994 "-" "Safari/604.1 CFNetwork/893.14 Darwin/17.0.0 (x86_64)"
130.195.42.222 - - [05/Jan/2025:04:31:45 +0300] "POST /contact/ HTTP/1.1" 201 9063 "-" "Opera/9.80 (X11; Linux i686; Ubuntu/14.10) Presto/2.12.388 Version/12.16"
182.212.150.73 - - [05/Jan/2025:04:34:25 +0300] "PATCH /about-us/ HTTP/1.1" 200 13512 "-" "Wget/1.19.5 (linux-gnu)"
237.80.16.71 - - [05/Jan/2025:04:36:10 +0300] "GET /services/ HTTP/1.1" 401 7194 "-" "Wget/1.19.5 (linux-gnu)"
130.195.42.222 - - [05/Jan/2025:04:36:48 +0300] "PUT /products/ HTTP/1.1" 500 31931 "-" "Safari/604.1 CFNetwork/893.14 Darwin/17.0.0 (x86_64)"
182.212.150.73 - - [05/Jan/2025:04:37:40 +0300] "PUT /services/ HTTP/1.1" 200 11614 "-" "Wget/1.19.5 (linux-gnu)"
228.144.164.101 - - [05/Jan/2025:04:37:56 +0300] "PATCH /index.html HTTP/1.1" 201 14458 "-" "Opera/9.80 (X11; Linux i686; Ubuntu/14.10) Presto/2.12.388 Version/12.16"
83.214.79.193 - - [05/Jan/2025:04:39:31 +0300] "PUT /services/ HTTP/1.1" 401 16866 "-" "Safari/604.1 CFNetwork/893.14 Darwin/17.0.0 (x86_64)"
206.74.177.39 - - [05/Jan/2025:04:40:24 +0300] "PATCH /about-us/ HTTP/1.1" 403 10450 "-" "Mozilla/5.0 (Windows NT 10.0; Win64; x64) AppleWebKit/537.36 (KHTML, like Gecko) Chrome/92.0.4515.107 Safari/537.36"
206.74.177.39 - - [05/Jan/2025:04:40:58 +0300] "POST /contact/ HTTP/1.1" 401 1669 "-" "Safari/604.1 CFNetwork/893.14 Darwin/17.0.0 (x86_64)"
79.179.42.142 - - [05/Jan/2025:04:41:54 +0300] "DELETE /about-us/ HTTP/1.1" 401 33306 "-" "Microsoft Edge 44.18362.449.0; Windows 10; ARM64"
130.195.42.222 - - [05/Jan/2025:04:44:30 +0300] "PUT /index.html HTTP/1.1" 500 20403 "-" "Safari/604.1 CFNetwork/893.14 Darwin/17.0.0 (x86_64)"
182.212.150.73 - - [05/Jan/2025:04:46:59 +0300] "DELETE /contact/ HTTP/1.1" 400 30204 "-" "Crawler Bot v1.0 (+https://example.com/bot.html)"
191.22.97.183 - - [05/Jan/2025:04:48:44 +0300] "GET /index.html HTTP/1.1" 400 14180 "-" "Mozilla/5.0 (Windows NT 10.0; Win64; x64) AppleWebKit/537.36 (KHTML, like Gecko) Chrome/92.0.4515.107 Safari/537.36"
182.212.150.73 - - [05/Jan/2025:04:50:49 +0300] "DELETE /contact/ HTTP/1.1" 500 15427 "-" "Microsoft Edge 44.18362.449.0; Windows 10; ARM64"
146.55.198.94 - - [05/Jan/2025:04:51:24 +0300] "DELETE /about-us/ HTTP/1.1" 200 19323 "-" "Microsoft Edge 44.18362.449.0; Windows 10; ARM64"
83.214.79.193 - - [05/Jan/2025:04:52:16 +0300] "DELETE /about-us/ HTTP/1.1" 200 30615 "-" "Opera/9.80 (X11; Linux i686; Ubuntu/14.10) Presto/2.12.388 Version/12.16"
237.80.16.71 - - [05/Jan/2025:04:52:24 +0300] "POST /products/ HTTP/1.1" 201 12857 "-" "Crawler Bot v1.0 (+https://example.com/bot.html)"
146.55.198.94 - - [05/Jan/2025:04:54:31 +0300] "POST /services/ HTTP/1.1" 503 16883 "-" "Safari/604.1 CFNetwork/893.14 Darwin/17.0.0 (x86_64)"
191.22.97.183 - - [05/Jan/2025:04:57:03 +0300] "POST /contact/ HTTP/1.1" 200 6687 "-" "Mozilla/5.0 (Windows NT 10.0; Win64; x64) AppleWebKit/537.36 (KHTML, like Gecko) Chrome/92.0.4515.107 Safari/537.36"
146.55.198.94 - - [05/Jan/2025:04:59:12 +0300] "GET /contact/ HTTP/1.1" 502 17113 "-" "Crawler Bot v1.0 (+https://example.com/bot.html)"
206.74.177.39 - - [05/Jan/2025:05:00:16 +0300] "DELETE /products/ HTTP/1.1" 404 7894 "-" "Safari/604.1 CFNetwork/893.14 Darwin/17.0.0 (x86_64)"
79.179.42.142 - - [05/Jan/2025:05:02:03 +0300] "PATCH /index.html HTTP/1.1" 200 16651 "-" "Opera/9.80 (X11; Linux i686; Ubuntu/14.10) Presto/2.12.388 Version/12.16"
21.224.156.88 - - [05/Jan/2025:05:02:33 +0300] "GET /contact/ HTTP/1.1" 401 7729 "-" "Crawler Bot v1.0 (+https://example.com/bot.html)"
182.212.150.73 - - [05/Jan/2025:05:03:28 +0300] "PATCH /products/ HTTP/1.1" 401 15638 "-" "Internet Explorer 7.0; Windows NT 6.0; Trident/5.0"
146.55.198.94 - - [05/Jan/2025:05:03:33 +0300] "DELETE /about-us/ HTTP/1.1" 403 12414 "-" "Opera/9.80 (X11; Linux i686; Ubuntu/14.10) Presto/2.12.388 Version/12.16"
79.179.42.142 - - [05/Jan/2025:05:04:56 +0300] "POST /products/ HTTP/1.1" 500 28168 "-" "Internet Explorer 7.0; Windows NT 6.0; Trident/5.0"
237.80.16.71 - - [05/Jan/2025:05:05:38 +0300] "PUT /contact/ HTTP/1.1" 400 15383 "-" "Microsoft Edge 44.18362.449.0; Windows 10; ARM64"
182.212.150.73 - - [05/Jan/2025:05:07:48 +0300] "PATCH /products/ HTTP/1.1" 503 29130 "-" "Opera/9.80 (X11; Linux i686; Ubuntu/14.10) Presto/2.12.388 Version/12.16"
79.179.42.142 - - [05/Jan/2025:05:10:05 +0300] "GET /products/ HTTP/1.1" 400 3319 "-" "Wget/1.19.5 (linux-gnu)"
21.224.156.88 - - [05/Jan/2025:05:10:14 +0300] "POST /services/ HTTP/1.1" 401 11651 "-" "Mozilla/5.0 (Windows NT 10.0; Win64; x64) AppleWebKit/537.36 (KHTML, like Gecko) Chrome/92.0.4515.107 Safari/537.36"
237.80.16.71 - - [05/Jan/2025:05:12:41 +0300] "POST /index.html HTTP/1.1" 400 17428 "-" "Mozilla/5.0 (Windows NT 10.0; Win64; x64) AppleWebKit/537.36 (KHTML, like Gecko) Chrome/92.0.4515.107 Safari/537.36"
237.80.16.71 - - [05/Jan/2025:05:15:01 +0300] "GET /contact/ HTTP/1.1" 201 22996 "-" "Safari/604.1 CFNetwork/893.14 Darwin/17.0.0 (x86_64)"
182.212.150.73 - - [05/Jan/2025:05:16:50 +0300] "GET /products/ HTTP/1.1" 403 31077 "-" "Crawler Bot v1.0 (+https://example.com/bot.html)"
228.144.164.101 - - [05/Jan/2025:05:19:09 +0300] "DELETE /about-us/ HTTP/1.1" 200 19148 "-" "Crawler Bot v1.0 (+https://example.com/bot.html)"
182.212.150.73 - - [05/Jan/2025:05:21:02 +0300] "DELETE /about-us/ HTTP/1.1" 401 33419 "-" "Internet Explorer 7.0; Windows NT 6.0; Trident/5.0"
146.55.198.94 - - [05/Jan/2025:05:22:06 +0300] "PATCH /about-us/ HTTP/1.1" 401 11020 "-" "Opera/9.80 (X11; Linux i686; Ubuntu/14.10) Presto/2.12.388 Version/12.16"
206.74.177.39 - - [05/Jan/2025:05:24:08 +0300] "DELETE /contact/ HTTP/1.1" 404 8805 "-" "Mozilla/5.0 (Windows NT 10.0; Win64; x64) AppleWebKit/537.36 (KHTML, like Gecko) Chrome/92.0.4515.107 Safari/537.36"
79.179.42.142 - - [05/Jan/2025:05:24:49 +0300] "DELETE /services/ HTTP/1.1" 403 27751 "-" "Wget/1.19.5 (linux-gnu)"
237.80.16.71 - - [05/Jan/2025:05:26:25 +0300] "PATCH /about-us/ HTTP/1.1" 502 18940 "-" "Safari/604.1 CFNetwork/893.14 Darwin/17.0.0 (x86_64)"
182.212.150.73 - - [05/Jan/2025:05:26:35 +0300] "GET /contact/ HTTP/1.1" 501 8704 "-" "Safari/604.1 CFNetwork/893.14 Darwin/17.0.0 (x86_64)"
237.80.16.71 - - [05/Jan/2025:05:27:31 +0300] "GET /contact/ HTTP/1.1" 400 12444 "-" "Microsoft Edge 44.18362.449.0; Windows 10; ARM64"
182.212.150.73 - - [05/Jan/2025:05:29:58 +0300] "PUT /services/ HTTP/1.1" 501 19590 "-" "Microsoft Edge 44.18362.449.0; Windows 10; ARM64"
130.195.42.222 - - [05/Jan/2025:05:30:22 +0300] "GET /index.html HTTP/1.1" 501 24893 "-" "Crawler Bot v1.0 (+https://example.com/bot.html)"
83.214.79.193 - - [05/Jan/2025:05:30:52 +0300] "DELETE /services/ HTTP/1.1" 403 11760 "-" "Crawler Bot v1.0 (+https://example.com/bot.html)"
237.80.16.71 - - [05/Jan/2025:05:33:31 +0300] "PATCH /about-us/ HTTP/1.1" 500 32130 "-" "Safari/604.1 CFNetwork/893.14 Darwin/17.0.0 (x86_64)"
237.80.16.71 - - [05/Jan/2025:05:34:21 +0300] "PUT /services/ HTTP/1.1" 503 5533 "-" "Mozilla/5.0 (Windows NT 10.0; Win64; x64) AppleWebKit/537.36 (KHTML, like Gecko) Chrome/92.0.4515.107 Safari/537.36"
83.214.79.193 - - [05/Jan/2025:05:34:46 +0300] "POST /contact/ HTTP/1.1" 501 27152 "-" "Microsoft Edge 44.18362.449.0; Windows 10; ARM64"
228.144.164.101 - - [05/Jan/2025:05:36:32 +0300] "DELETE /index.html HTTP/1.1" 503 2971 "-" "Internet Explorer 7.0; Windows NT 6.0; Trident/5.0"
228.144.164.101 - - [05/Jan/2025:05:37:24 +0300] "PATCH /contact/ HTTP/1.1" 400 10821 "-" "Safari/604.1 CFNetwork/893.14 Darwin/17.0.0 (x86_64)"
79.179.42.142 - - [05/Jan/2025:05:39:55 +0300] "POST /about-us/ HTTP/1.1" 403 25565 "-" "Safari/604.1 CFNetwork/893.14 Darwin/17.0.0 (x86_64)"
228.144.164.101 - - [05/Jan/2025:05:40:11 +0300] "DELETE /products/ HTTP/1.1" 200 8025 "-" "Internet Explorer 7.0; Windows NT 6.0; Trident/5.0"
130.195.42.222 - - [05/Jan/2025:05:40:44 +0300] "PUT /products/ HTTP/1.1" 502 9007 "-" "Crawler Bot v1.0 (+https://example.com/bot.html)"
206.74.177.39 - - [05/Jan/2025:05:41:33 +0300] "DELETE /products/ HTTP/1.1" 401 24409 "-" "Microsoft Edge 44.18362.449.0; Windows 10; ARM64"
79.179.42.142 - - [05/Jan/2025:05:43:59 +0300] "PATCH /contact/ HTTP/1.1" 501 29496 "-" "Safari/604.1 CFNetwork/893.14 Darwin/17.0.0 (x86_64)"
206.74.177.39 - - [05/Jan/2025:05:46:29 +0300] "DELETE /products/ HTTP/1.1" 500 16370 "-" "Wget/1.19.5 (linux-gnu)"
83.214.79.193 - - [05/Jan/2025:05:48:24 +0300] "GET /products/ HTTP/1.1" 201 27751 "-" "Microsoft Edge 44.18362.449.0; Windows 10; ARM64"
130.195.42.222 - - [05/Jan/2025:05:48:53 +0300] "PUT /about-us/ HTTP/1.1" 403 29486 "-" "Opera/9.80 (X11; Linux i686; Ubuntu/14.10) Presto/2.12.388 Version/12.16"
130.195.42.222 - - [05/Jan/2025:05:51:10 +0300] "PATCH /about-us/ HTTP/1.1" 404 14189 "-" "Mozilla/5.0 (Windows NT 10.0; Win64; x64) AppleWebKit/537.36 (KHTML, like Gecko) Chrome/92.0.4515.107 Safari/537.36"
21.224.156.88 - - [05/Jan/2025:05:52:01 +0300] "PUT /services/ HTTP/1.1" 404 12707 "-" "Crawler Bot v1.0 (+https://example.com/bot.html)"
206.74.177.39 - - [05/Jan/2025:05:52:21 +0300] "GET /services/ HTTP/1.1" 502 19390 "-" "Wget/1.19.5 (linux-gnu)"
206.74.177.39 - - [05/Jan/2025:05:52:45 +0300] "PATCH /index.html HTTP/1.1" 400 2609 "-" "Microsoft Edge 44.18362.449.0; Windows 10; ARM64"
206.74.177.39 - - [05/Jan/2025:05:54:06 +0300] "POST /index.html HTTP/1.1" 403 2619 "-" "Mozilla/5.0 (Windows NT 10.0; Win64; x64) AppleWebKit/537.36 (KHTML, like Gecko) Chrome/92.0.4515.107 Safari/537.36"
228.144.164.101 - - [05/Jan/2025:05:54:29 +0300] "POST /products/ HTTP/1.1" 502 16038 "-" "Microsoft Edge 44.18362.449.0; Windows 10; ARM64"
146.55.198.94 - - [05/Jan/2025:05:55:12 +0300] "PATCH /products/ HTTP/1.1" 400 31216 "-" "Opera/9.80 (X11; Linux i686; Ubuntu/14.10) Presto/2.12.388 Version/12.16"
206.74.177.39 - - [05/Jan/2025:05:55:42 +0300] "GET /about-us/ HTTP/1.1" 201 27578 "-" "Internet Explorer 7.0; Windows NT 6.0; Trident/5.0"
146.55.198.94 - - [05/Jan/2025:05:58:10 +0300] "DELETE /services/ HTTP/1.1" 403 1775 "-" "Microsoft Edge 44.18362.449.0; Windows 10; ARM64"
146.55.198.94 - - [05/Jan/2025:05:58:25 +0300] "PUT /index.html HTTP/1.1" 503 25567 "-" "Safari/604.1 CFNetwork/893.14 Darwin/17.0.0 (x86_64)"
228.144.164.101 - - [05/Jan/2025:06:00:05 +0300] "GET /services/ HTTP/1.1" 403 18923 "-" "Mozilla/5.0 (Windows NT 10.0; Win64; x64) AppleWebKit/537.36 (KHTML, like Gecko) Chrome/92.0.4515.107 Safari/537.36"
191.22.97.183 - - [05/Jan/2025:06:02:01 +0300] "DELETE /index.html HTTP/1.1" 500 5692 "-" "Mozilla/5.0 (Windows NT 10.0; Win64; x64) AppleWebKit/537.36 (KHTML, like Gecko) Chrome/92.0.4515.107 Safari/537.36"
130.195.42.222 - - [05/Jan/2025:06:04:27 +0300] "GET /services/ HTTP/1.1" 401 7525 "-" "Microsoft Edge 44.18362.449.0; Windows 10; ARM64"
237.80.16.71 - - [05/Jan/2025:06:06:31 +0300] "GET /contact/ HTTP/1.1" 503 33192 "-" "Internet Explorer 7.0; Windows NT 6.0; Trident/5.0"
206.74.177.39 - - [05/Jan/2025:06:06:56 +0300] "DELETE /index.html HTTP/1.1" 400 31083 "-" "Internet Explorer 7.0; Windows NT 6.0; Trident/5.0"
146.55.198.94 - - [05/Jan/2025:06:07:26 +0300] "POST /about-us/ HTTP/1.1" 500 32728 "-" "Mozilla/5.0 (Windows NT 10.0; Win64; x64) AppleWebKit/537.36 (KHTML, like Gecko) Chrome/92.0.4515.107 Safari/537.36"
130.195.42.222 - - [05/Jan/2025:06:09:33 +0300] "DELETE /products/ HTTP/1.1" 400 19640 "-" "Microsoft Edge 44.18362.449.0; Windows 10; ARM64"
237.80.16.71 - - [05/Jan/2025:06:10:12 +0300] "POST /services/ HTTP/1.1" 502 17638 "-" "Mozilla/5.0 (Windows NT 10.0; Win64; x64) AppleWebKit/537.36 (KHTML, like Gecko) Chrome/92.0.4515.107 Safari/537.36"
146.55.198.94 - - [05/Jan/2025:06:11:32 +0300] "PUT /services/ HTTP/1.1" 502 24387 "-" "Microsoft Edge 44.18362.449.0; Windows 10; ARM64"
83.214.79.193 - - [05/Jan/2025:06:12:49 +0300] "DELETE /index.html HTTP/1.1" 201 6235 "-" "Crawler Bot v1.0 (+https://example.com/bot.html)"
191.22.97.183 - - [05/Jan/2025:06:13:34 +0300] "POST /products/ HTTP/1.1" 403 9850 "-" "Opera/9.80 (X11; Linux i686; Ubuntu/14.10) Presto/2.12.388 Version/12.16"
228.144.164.101 - - [05/Jan/2025:06:16:16 +0300] "DELETE /services/ HTTP/1.1" 201 15720 "-" "Opera/9.80 (X11; Linux i686; Ubuntu/14.10) Presto/2.12.388 Version/12.16"
146.55.198.94 - - [05/Jan/2025:06:17:19 +0300] "PUT /index.html HTTP/1.1" 400 5423 "-" "Opera/9.80 (X11; Linux i686; Ubuntu/14.10) Presto/2.12.388 Version/12.16"
21.224.156.88 - - [05/Jan/2025:06:17:46 +0300] "PUT /products/ HTTP/1.1" 400 15642 "-" "Microsoft Edge 44.18362.449.0; Windows 10; ARM64"
79.179.42.142 - - [05/Jan/2025:06:19:54 +0300] "PATCH /about-us/ HTTP/1.1" 401 12057 "-" "Wget/1.19.5 (linux-gnu)"
146.55.198.94 - - [05/Jan/2025:06:22:17 +0300] "PATCH /about-us/ HTTP/1.1" 503 29063 "-" "Microsoft Edge 44.18362.449.0; Windows 10; ARM64"
202.194.16.171 - - [05/Jan/2025:06:22:43 +0300] "PUT /index.html HTTP/1.1" 401 27564 "-" "Internet Explorer 7.0; Windows NT 6.0; Trident/5.0"
130.195.42.222 - - [05/Jan/2025:06:24:32 +0300] "GET /services/ HTTP/1.1" 200 10931 "-" "Mozilla/5.0 (Windows NT 10.0; Win64; x64) AppleWebKit/537.36 (KHTML, like Gecko) Chrome/92.0.4515.107 Safari/537.36"
191.22.97.183 - - [05/Jan/2025:06:26:56 +0300] "GET /about-us/ HTTP/1.1" 502 7205 "-" "Wget/1.19.5 (linux-gnu)"
79.179.42.142 - - [05/Jan/2025:06:26:58 +0300] "GET /products/ HTTP/1.1" 501 9303 "-" "Microsoft Edge 44.18362.449.0; Windows 10; ARM64"
202.194.16.171 - - [05/Jan/2025:06:27:58 +0300] "PUT /index.html HTTP/1.1" 200 9780 "-" "Microsoft Edge 44.18362.449.0; Windows 10; ARM64"
228.144.164.101 - - [05/Jan/2025:06:28:20 +0300] "PUT /services/ HTTP/1.1" 401 8754 "-" "Internet Explorer 7.0; Windows NT 6.0; Trident/5.0"
21.224.156.88 - - [05/Jan/2025:06:30:54 +0300] "POST /services/ HTTP/1.1" 401 22202 "-" "Opera/9.80 (X11; Linux i686; Ubuntu/14.10) Presto/2.12.388 Version/12.16"
202.194.16.171 - - [05/Jan/2025:06:31:45 +0300] "POST /products/ HTTP/1.1" 404 15528 "-" "Opera/9.80 (X11; Linux i686; Ubuntu/14.10) Presto/2.12.388 Version/12.16"
83.214.79.193 - - [05/Jan/2025:06:33:45 +0300] "POST /about-us/ HTTP/1.1" 501 31541 "-" "Opera/9.80 (X11; Linux i686; Ubuntu/14.10) Presto/2.12.388 Version/12.16"
130.195.42.222 - - [05/Jan/2025:06:34:34 +0300] "POST /contact/ HTTP/1.1" 403 27850 "-" "Mozilla/5.0 (Windows NT 10.0; Win64; x64) AppleWebKit/537.36 (KHTML, like Gecko) Chrome/92.0.4515.107 Safari/537.36"
79.179.42.142 - - [05/Jan/2025:06:35:26 +0300] "GET /products/ HTTP/1.1" 401 14607 "-" "Opera/9.80 (X11; Linux i686; Ubuntu/14.10) Presto/2.12.388 Version/12.16"
130.195.42.222 - - [05/Jan/2025:06:37:31 +0300] "PATCH /index.html HTTP/1.1" 503 32871 "-" "Crawler Bot v1.0 (+https://example.com/bot.html)"
146.55.198.94 - - [05/Jan/2025:06:38:12 +0300] "DELETE /products/ HTTP/1.1" 404 6661 "-" "Wget/1.19.5 (linux-gnu)"
130.195.42.222 - - [05/Jan/2025:06:38:33 +0300] "PUT /index.html HTTP/1.1" 503 20529 "-" "Mozilla/5.0 (Windows NT 10.0; Win64; x64) AppleWebKit/537.36 (KHTML, like Gecko) Chrome/92.0.4515.107 Safari/537.36"
83.214.79.193 - - [05/Jan/2025:06:38:39 +0300] "GET /products/ HTTP/1.1" 502 13456 "-" "Mozilla/5.0 (Windows NT 10.0; Win64; x64) AppleWebKit/537.36 (KHTML, like Gecko) Chrome/92.0.4515.107 Safari/537.36"
83.214.79.193 - - [05/Jan/2025:06:38:45 +0300] "DELETE /about-us/ HTTP/1.1" 404 24483 "-" "Crawler Bot v1.0 (+https://example.com/bot.html)"
202.194.16.171 - - [05/Jan/2025:06:39:28 +0300] "GET /contact/ HTTP/1.1" 403 5068 "-" "Safari/604.1 CFNetwork/893.14 Darwin/17.0.0 (x86_64)"
146.55.198.94 - - [05/Jan/2025:06:41:02 +0300] "PUT /about-us/ HTTP/1.1" 503 19818 "-" "Safari/604.1 CFNetwork/893.14 Darwin/17.0.0 (x86_64)"
146.55.198.94 - - [05/Jan/2025:06:43:25 +0300] "GET /contact/ HTTP/1.1" 400 19477 "-" "Safari/604.1 CFNetwork/893.14 Darwin/17.0.0 (x86_64)"
182.212.150.73 - - [05/Jan/2025:06:46:09 +0300] "PATCH /products/ HTTP/1.1" 403 16234 "-" "Internet Explorer 7.0; Windows NT 6.0; Trident/5.0"
79.179.42.142 - - [05/Jan/2025:06:48:10 +0300] "PUT /contact/ HTTP/1.1" 503 22736 "-" "Opera/9.80 (X11; Linux i686; Ubuntu/14.10) Presto/2.12.388 Version/12.16"
79.179.42.142 - - [05/Jan/2025:06:50:54 +0300] "GET /index.html HTTP/1.1" 502 28846 "-" "Wget/1.19.5 (linux-gnu)"
202.194.16.171 - - [05/Jan/2025:06:52:24 +0300] "PATCH /contact/ HTTP/1.1" 502 21665 "-" "Mozilla/5.0 (Windows NT 10.0; Win64; x64) AppleWebKit/537.36 (KHTML, like Gecko) Chrome/92.0.4515.107 Safari/537.36"
182.212.150.73 - - [05/Jan/2025:06:54:58 +0300] "PUT /products/ HTTP/1.1" 403 12267 "-" "Safari/604.1 CFNetwork/893.14 Darwin/17.0.0 (x86_64)"
182.212.150.73 - - [05/Jan/2025:06:55:17 +0300] "PATCH /index.html HTTP/1.1" 501 12291 "-" "Crawler Bot v1.0 (+https://example.com/bot.html)"
83.214.79.193 - - [05/Jan/2025:06:56:09 +0300] "POST /services/ HTTP/1.1" 200 32611 "-" "Safari/604.1 CFNetwork/893.14 Darwin/17.0.0 (x86_64)"
191.22.97.183 - - [05/Jan/2025:06:57:47 +0300] "PATCH /contact/ HTTP/1.1" 404 5404 "-" "Safari/604.1 CFNetwork/893.14 Darwin/17.0.0 (x86_64)"
130.195.42.222 - - [05/Jan/2025:06:57:51 +0300] "PUT /about-us/ HTTP/1.1" 404 15109 "-" "Microsoft Edge 44.18362.449.0; Windows 10; ARM64"
228.144.164.101 - - [05/Jan/2025:06:59:16 +0300] "PATCH /index.html HTTP/1.1" 400 15906 "-" "Opera/9.80 (X11; Linux i686; Ubuntu/14.10) Presto/2.12.388 Version/12.16"
83.214.79.193 - - [05/Jan/2025:07:01:04 +0300] "DELETE /services/ HTTP/1.1" 201 19618 "-" "Internet Explorer 7.0; Windows NT 6.0; Trident/5.0"
146.55.198.94 - - [05/Jan/2025:07:02:24 +0300] "PATCH /products/ HTTP/1.1" 201 21399 "-" "Internet Explorer 7.0; Windows NT 6.0; Trident/5.0"
202.194.16.171 - - [05/Jan/2025:07:04:04 +0300] "PUT /services/ HTTP/1.1" 501 27629 "-" "Crawler Bot v1.0 (+https://example.com/bot.html)"
191.22.97.183 - - [05/Jan/2025:07:05:51 +0300] "POST /products/ HTTP/1.1" 500 31700 "-" "Crawler Bot v1.0 (+https://example.com/bot.html)"
146.55.198.94 - - [05/Jan/2025:07:06:26 +0300] "PUT /contact/ HTTP/1.1" 403 31544 "-" "Safari/604.1 CFNetwork/893.14 Darwin/17.0.0 (x86_64)"
130.195.42.222 - - [05/Jan/2025:07:07:59 +0300] "PUT /about-us/ HTTP/1.1" 404 3345 "-" "Crawler Bot v1.0 (+https://example.com/bot.html)"
182.212.150.73 - - [05/Jan/2025:07:08:10 +0300] "PUT /index.html HTTP/1.1" 501 9452 "-" "Wget/1.19.5 (linux-gnu)"
202.194.16.171 - - [05/Jan/2025:07:09:31 +0300] "PUT /index.html HTTP/1.1" 404 26524 "-" "Wget/1.19.5 (linux-gnu)"
83.214.79.193 - - [05/Jan/2025:07:09:54 +0300] "DELETE /contact/ HTTP/1.1" 201 29602 "-" "Crawler Bot v1.0 (+https://example.com/bot.html)"
79.179.42.142 - - [05/Jan/2025:07:10:01 +0300] "PATCH /services/ HTTP/1.1" 400 9497 "-" "Microsoft Edge 44.18362.449.0; Windows 10; ARM64"
182.212.150.73 - - [05/Jan/2025:07:12:22 +0300] "PUT /about-us/ HTTP/1.1" 500 24580 "-" "Mozilla/5.0 (Windows NT 10.0; Win64; x64) AppleWebKit/537.36 (KHTML, like Gecko) Chrome/92.0.4515.107 Safari/537.36"
21.224.156.88 - - [05/Jan/2025:07:12:34 +0300] "DELETE /contact/ HTTP/1.1" 502 10361 "-" "Microsoft Edge 44.18362.449.0; Windows 10; ARM64"
146.55.198.94 - - [05/Jan/2025:07:13:20 +0300] "DELETE /about-us/ HTTP/1.1" 500 8778 "-" "Microsoft Edge 44.18362.449.0; Windows 10; ARM64"
206.74.177.39 - - [05/Jan/2025:07:14:37 +0300] "GET /products/ HTTP/1.1" 502 5629 "-" "Microsoft Edge 44.18362.449.0; Windows 10; ARM64"
182.212.150.73 - - [05/Jan/2025:07:16:35 +0300] "DELETE /contact/ HTTP/1.1" 403 13680 "-" "Mozilla/5.0 (Windows NT 10.0; Win64; x64) AppleWebKit/537.36 (KHTML, like Gecko) Chrome/92.0.4515.107 Safari/537.36"
130.195.42.222 - - [05/Jan/2025:07:18:33 +0300] "PUT /contact/ HTTP/1.1" 502 21570 "-" "Internet Explorer 7.0; Windows NT 6.0; Trident/5.0"
130.195.42.222 - - [05/Jan/2025:07:20:46 +0300] "PATCH /contact/ HTTP/1.1" 500 16158 "-" "Crawler Bot v1.0 (+https://example.com/bot.html)"
130.195.42.222 - - [05/Jan/2025:07:23:21 +0300] "PATCH /contact/ HTTP/1.1" 503 9235 "-" "Microsoft Edge 44.18362.449.0; Windows 10; ARM64"
182.212.150.73 - - [05/Jan/2025:07:25:34 +0300] "DELETE /services/ HTTP/1.1" 403 25247 "-" "Safari/604.1 CFNetwork/893.14 Darwin/17.0.0 (x86_64)"
21.224.156.88 - - [05/Jan/2025:07:26:24 +0300] "DELETE /about-us/ HTTP/1.1" 403 6972 "-" "Crawler Bot v1.0 (+https://example.com/bot.html)"
206.74.177.39 - - [05/Jan/2025:07:27:10 +0300] "DELETE /about-us/ HTTP/1.1" 501 18762 "-" "Safari/604.1 CFNetwork/893.14 Darwin/17.0.0 (x86_64)"
228.144.164.101 - - [05/Jan/2025:07:29:10 +0300] "PATCH /index.html HTTP/1.1" 400 11235 "-" "Microsoft Edge 44.18362.449.0; Windows 10; ARM64"
206.74.177.39 - - [05/Jan/2025:07:29:25 +0300] "POST /products/ HTTP/1.1" 503 12620 "-" "Safari/604.1 CFNetwork/893.14 Darwin/17.0.0 (x86_64)"
191.22.97.183 - - [05/Jan/2025:07:29:50 +0300] "PATCH /index.html HTTP/1.1" 401 7964 "-" "Wget/1.19.5 (linux-gnu)"
