228.144.164.101 - - [05/Jan/2025:07:29:55 +0300] "POST /about-us/ HTTP/1.1" 403 22123 "-" "Internet Explorer 7.0; Windows NT 6.0; Trident/5.0"
21.224.156.88 - - [05/Jan/2025:07:32:33 +0300] "PUT /services/ HTTP/1.1" 500 22175 "-" "Microsoft Edge 44.18362.449.0; Windows 10; ARM64"
83.214.79.193 - - [05/Jan/2025:07:32:53 +0300] "GET /products/ HTTP/1.1" 502 30852 "-" "Safari/604.1 CFNetwork/893.14 Darwin/17.0.0 (x86_64)"
130.195.42.222 - - [05/Jan/2025:07:35:32 +0300] "DELETE /index.html HTTP/1.1" 403 19461 "-" "Microsoft Edge 44.18362.449.0; Windows 10; ARM64"
182.212.150.73 - - [05/Jan/2025:07:37:37 +0300] "PUT /about-us/ HTTP/1.1" 404 2734 "-" "Internet Explorer 7.0; Windows NT 6.0; Trident/5.0"
146.55.198.94 - - [05/Jan/2025:07:38:58 +0300] "GET /index.html HTTP/1.1" 400 24959 "-" "Mozilla/5.0 (Windows NT 10.0; Win64; x64) AppleWebKit/537.36 (KHTML, like Gecko) Chrome/92.0.4515.107 Safari/537.36"
21.224.156.88 - - [05/Jan/2025:07:39:23 +0300] "POST /services/ HTTP/1.1" 400 14435 "-" "Mozilla/5.0 (Windows NT 10.0; Win64; x64) AppleWebKit/537.36 (KHTML, like Gecko) Chrome/92.0.4515.107 Safari/537.36"
130.195.42.222 - - [05/Jan/2025:07:41:23 +0300] "PUT /contact/ HTTP/1.1" 503 26550 "-" "Crawler Bot v1.0 (+https://example.com/bot.html)"
79.179.42.142 - - [05/Jan/2025:07:42:10 +0300] "DELETE /contact/ HTTP/1.1" 404 12921 "-" "Internet Explorer 7.0; Windows NT 6.0; Trident/5.0"
130.195.42.222 - - [05/Jan/2025:07:42:13 +0300] "PATCH /products/ HTTP/1.1" 403 13659 "-" "Mozilla/5.0 (Windows NT 10.0; Win64; x64) AppleWebKit/537.36 (KHTML, like Gecko) Chrome/92.0.4515.107 Safari/537.36"
182.212.150.73 - - [05/Jan/2025:07:44:08 +0300] "PUT /products/ HTTP/1.1" 404 15032 "-" "Crawler Bot v1.0 (+https://example.com/bot.html)"
83.214.79.193 - - [05/Jan/2025:07:45:23 +0300] "PATCH /about-us/ HTTP/1.1" 403 1419 "-" "Mozilla/5.0 (Windows NT 10.0; Win64; x64) AppleWebKit/537.36 (KHTML, like Gecko) Chrome/92.0.4515.107 Safari/537.36"
21.224.156.88 - - [05/Jan/2025:07:46:30 +0300] "GET /index.html HTTP/1.1" 400 18463 "-" "Wget/1.19.5 (linux-gnu)"
191.22.97.183 - - [05/Jan/2025:07:49:13 +0300] "PUT /products/ HTTP/1.1" 400 2624 "-" "Mozilla/5.0 (Windows NT 10.0; Win64; x64) AppleWebKit/537.36 (KHTML, like Gecko) Chrome/92.0.4515.107 Safari/537.36"
191.22.97.183 - - [05/Jan/2025:07:49:23 +0300] "PATCH /contact/ HTTP/1.1" 200 6883 "-" "Mozilla/5.0 (Windows NT 10.0; Win64; x64) AppleWebKit/537.36 (KHTML, like Gecko) Chrome/92.0.4515.107 Safari/537.36"
182.212.150.73 - - [05/Jan/2025:07:51:40 +0300] "PATCH /index.html HTTP/1.1" 501 5918 "-" "Opera/9.80 (X11; Linux i686; Ubuntu/14.10) Presto/2.12.388 Version/12.16"
79.179.42.142 - - [05/Jan/2025:07:52:33 +0300] "PATCH /about-us/ HTTP/1.1" 500 12002 "-" "Opera/9.80 (X11; Linux i686; Ubuntu/14.10) Presto/2.12.388 Version/12.16"
228.144.164.101 - - [05/Jan/2025:07:53:27 +0300] "DELETE /products/ HTTP/1.1" 401 17557 "-" "Mozilla/5.0 (Windows NT 10.0; Win64; x64) AppleWebKit/537.36 (KHTML, like Gecko) Chrome/92.0.4515.107 Safari/537.36"
83.214.79.193 - - [05/Jan/2025:07:53:55 +0300] "DELETE /contact/ HTTP/1.1" 502 2102 "-" "Opera/9.80 (X11; Linux i686; Ubuntu/14.10) Presto/2.12.388 Version/12.16"
130.195.42.222 - - [05/Jan/2025:07:55:06 +0300] "DELETE /contact/ HTTP/1.1" 502 27797 "-" "Microsoft Edge 44.18362.449.0; Windows 10; ARM64"
202.194.16.171 - - [05/Jan/2025:07:57:06 +0300] "DELETE /about-us/ HTTP/1.1" 501 29284 "-" "Crawler Bot v1.0 (+https://example.com/bot.html)"
182.212.150.73 - - [05/Jan/2025:07:59:31 +0300] "GET /contact/ HTTP/1.1" 400 7805 "-" "Opera/9.80 (X11; Linux i686; Ubuntu/14.10) Presto/2.12.388 Version/12.16"
130.195.42.222 - - [05/Jan/2025:08:01:28 +0300] "DELETE /products/ HTTP/1.1" 501 33479 "-" "Safari/604.1 CFNetwork/893.14 Darwin/17.0.0 (x86_64)"
21.224.156.88 - - [05/Jan/2025:08:03:30 +0300] "POST /about-us/ HTTP/1.1" 502 9715 "-" "Microsoft Edge 44.18362.449.0; Windows 10; ARM64"
146.55.198.94 - - [05/Jan/2025:08:04:44 +0300] "PATCH /products/ HTTP/1.1" 503 12072 "-" "Crawler Bot v1.0 (+https://example.com/bot.html)"
182.212.150.73 - - [05/Jan/2025:08:06:15 +0300] "PATCH /services/ HTTP/1.1" 200 30702 "-" "Mozilla/5.0 (Windows NT 10.0; Win64; x64) AppleWebKit/537.36 (KHTML, like Gecko) Chrome/92.0.4515.107 Safari/537.36"
83.214.79.193 - - [05/Jan/2025:08:07:30 +0300] "PUT /about-us/ HTTP/1.1" 400 22172 "-" "Crawler Bot v1.0 (+https://example.com/bot.html)"
191.22.97.183 - - [05/Jan/2025:08:08:38 +0300] "POST /contact/ HTTP/1.1" 201 21734 "-" "Opera/9.80 (X11; Linux i686; Ubuntu/14.10) Presto/2.12.388 Version/12.16"
228.144.164.101 - - [05/Jan/2025:08:10:25 +0300] "DELETE /services/ HTTP/1.1" 200 9485 "-" "Internet Explorer 7.0; Windows NT 6.0; Trident/5.0"
79.179.42.142 - - [05/Jan/2025:08:12:40 +0300] "GET /about-us/ HTTP/1.1" 400 2279 "-" "Crawler Bot v1.0 (+https://example.com/bot.html)"
202.194.16.171 - - [05/Jan/2025:08:13:45 +0300] "DELETE /products/ HTTP/1.1" 500 16640 "-" "Crawler Bot v1.0 (+https://example.com/bot.html)"
206.74.177.39 - - [05/Jan/2025:08:15:47 +0300] "GET /index.html HTTP/1.1" 502 33199 "-" "Wget/1.19.5 (linux-gnu)"
83.214.79.193 - - [05/Jan/2025:08:16:12 +0300] "DELETE /services/ HTTP/1.1" 400 32144 "-" "Internet Explorer 7.0; Windows NT 6.0; Trident/5.0"
83.214.79.193 - - [05/Jan/2025:08:18:17 +0300] "GET /about-us/ HTTP/1.1" 200 29775 "-" "Mozilla/5.0 (Windows NT 10.0; Win64; x64) AppleWebKit/537.36 (KHTML, like Gecko) Chrome/92.0.4515.107 Safari/537.36"
228.144.164.101 - - [05/Jan/2025:08:20:17 +0300] "POST /services/ HTTP/1.1" 503 21501 "-" "Internet Explorer 7.0; Windows NT 6.0; Trident/5.0"
182.212.150.73 - - [05/Jan/2025:08:22:34 +0300] "PUT /products/ HTTP/1.1" 500 4023 "-" "Safari/604.1 CFNetwork/893.14 Darwin/17.0.0 (x86_64)"
79.179.42.142 - - [05/Jan/2025:08:25:03 +0300] "GET /services/ HTTP/1.1" 501 28992 "-" "Internet Explorer 7.0; Windows NT 6.0; Trident/5.0"
146.55.198.94 - - [05/Jan/2025:08:27:11 +0300] "PATCH /services/ HTTP/1.1" 501 7872 "-" "Microsoft Edge 44.18362.449.0; Windows 10; ARM64"
79.179.42.142 - - [05/Jan/2025:08:28:11 +0300] "PATCH /contact/ HTTP/1.1" 200 27993 "-" "Opera/9.80 (X11; Linux i686; Ubuntu/14.10) Presto/2.12.388 Version/12.16"
130.195.42.222 - - [05/Jan/2025:08:30:19 +0300] "GET /services/ HTTP/1.1" 503 31433 "-" "Wget/1.19.5 (linux-gnu)"
206.74.177.39 - - [05/Jan/2025:08:30:41 +0300] "DELETE /about-us/ HTTP/1.1" 503 18125 "-" "Opera/9.80 (X11; Linux i686; Ubuntu/14.10) Presto/2.12.388 Version/12.16"
206.74.177.39 - - [05/Jan/2025:08:30:55 +0300] "POST /about-us/ HTTP/1.1" 502 15117 "-" "Wget/1.19.5 (linux-gnu)"
228.144.164.101 - - [05/Jan/2025:08:33:29 +0300] "POST /about-us/ HTTP/1.1" 500 12418 "-" "Safari/604.1 CFNetwork/893.14 Darwin/17.0.0 (x86_64)"
146.55.198.94 - - [05/Jan/2025:08:35:25 +0300] "PATCH /services/ HTTP/1.1" 401 32087 "-" "Internet Explorer 7.0; Windows NT 6.0; Trident/5.0"
191.22.97.183 - - [05/Jan/2025:08:37:19 +0300] "PATCH /index.html HTTP/1.1" 500 2148 "-" "Microsoft Edge 44.18362.449.0; Windows 10; ARM64"
237.80.16.71 - - [05/Jan/2025:08:38:17 +0300] "GET /services/ HTTP/1.1" 502 29660 "-" "Internet Explorer 7.0; Windows NT 6.0; Trident/5.0"
182.212.150.73 - - [05/Jan/2025:08:38:24 +0300] "GET /services/ HTTP/1.1" 200 7688 "-" "Safari/604.1 CFNetwork/893.14 Darwin/17.0.0 (x86_64)"
83.214.79.193 - - [05/Jan/2025:08:38:46 +0300] "PATCH /contact/ HTTP/1.1" 503 10314 "-" "Safari/604.1 CFNetwork/893.14 Darwin/17.0.0 (x86_64)"
202.194.16.171 - - [05/Jan/2025:08:40:19 +0300] "PATCH /index.html HTTP/1.1" 200 23604 "-" "Opera/9.80 (X11; Linux i686; Ubuntu/14.10) Presto/2.12.388 Version/12.16"
191.22.97.183 - - [05/Jan/2025:08:42:56 +0300] "GET /contact/ HTTP/1.1" 201 27123 "-" "Opera/9.80 (X11; Linux i686; Ubuntu/14.10) Presto/2.12.388 Version/12.16"
130.195.42.222 - - [05/Jan/2025:08:44:31 +0300] "PUT /about-us/ HTTP/1.1" 501 2011 "-" "Mozilla/5.0 (Windows NT 10.0; Win64; x64) AppleWebKit/537.36 (KHTML, like Gecko) Chrome/92.0.4515.107 Safari/537.36"
237.80.16.71 - - [05/Jan/2025:08:44:38 +0300] "PUT /services/ HTTP/1.1" 401 22182 "-" "Microsoft Edge 44.18362.449.0; Windows 10; ARM64"
83.214.79.193 - - [05/Jan/2025:08:46:27 +0300] "PATCH /contact/ HTTP/1.1" 200 26661 "-" "Opera/9.80 (X11; Linux i686; Ubuntu/14.10) Presto/2.12.388 Version/12.16"
206.74.177.39 - - [05/Jan/2025:08:48:58 +0300] "PUT /about-us/ HTTP/1.1" 502 11395 "-" "Microsoft Edge 44.18362.449.0; Windows 10; ARM64"
206.74.177.39 - - [05/Jan/2025:08:50:38 +0300] "PATCH /services/ HTTP/1.1" 401 27129 "-" "Mozilla/5.0 (Windows NT 10.0; Win64; x64) AppleWebKit/537.36 (KHTML, like Gecko) Chrome/92.0.4515.107 Safari/537.36"
182.212.150.73 - - [05/Jan/2025:08:51:45 +0300] "POST /about-us/ HTTP/1.1" 200 26466 "-" "Internet Explorer 7.0; Windows NT 6.0; Trident/5.0"
182.212.150.73 - - [05/Jan/2025:08:54:12 +0300] "GET /about-us/ HTTP/1.1" 502 1292 "-" "Wget/1.19.5 (linux-gnu)"
182.212.150.73 - - [05/Jan/2025:08:56:45 +0300] "DELETE /contact/ HTTP/1.1" 500 14196 "-" "Safari/604.1 CFNetwork/893.14 Darwin/17.0.0 (x86_64)"
206.74.177.39 - - [05/Jan/2025:08:56:46 +0300] "DELETE /about-us/ HTTP/1.1" 200 22428 "-" "Mozilla/5.0 (Windows NT 10.0; Win64; x64) AppleWebKit/537.36 (KHTML, like Gecko) Chrome/92.0.4515.107 Safari/537.36"
79.179.42.142 - - [05/Jan/2025:08:58:24 +0300] "DELETE /services/ HTTP/1.1" 503 29067 "-" "Internet Explorer 7.0; Windows NT 6.0; Trident/5.0"
237.80.16.71 - - [05/Jan/2025:08:58:28 +0300] "GET /contact/ HTTP/1.1" 201 13587 "-" "Opera/9.80 (X11; Linux i686; Ubuntu/14.10) Presto/2.12.388 Version/12.16"
21.224.156.88 - - [05/Jan/2025:08:59:13 +0300] "POST /index.html HTTP/1.1" 500 26553 "-" "Crawler Bot v1.0 (+https://example.com/bot.html)"
146.55.198.94 - - [05/Jan/2025:09:00:21 +0300] "PUT /products/ HTTP/1.1" 500 10165 "-" "Safari/604.1 CFNetwork/893.14 Darwin/17.0.0 (x86_64)"
79.179.42.142 - - [05/Jan/2025:09:01:04 +0300] "GET /about-us/ HTTP/1.1" 501 29865 "-" "Opera/9.80 (X11; Linux i686; Ubuntu/14.10) Presto/2.12.388 Version/12.16"
79.179.42.142 - - [05/Jan/2025:09:02:58 +0300] "GET /contact/ HTTP/1.1" 502 32714 "-" "Mozilla/5.0 (Windows NT 10.0; Win64; x64) AppleWebKit/537.36 (KHTML, like Gecko) Chrome/92.0.4515.107 Safari/537.36"
206.74.177.39 - - [05/Jan/2025:09:03:02 +0300] "PATCH /about-us/ HTTP/1.1" 500 18321 "-" "Microsoft Edge 44.18362.449.0; Windows 10; ARM64"
202.194.16.171 - - [05/Jan/2025:09:03:41 +0300] "GET /products/ HTTP/1.1" 403 20940 "-" "Microsoft Edge 44.18362.449.0; Windows 10; ARM64"
182.212.150.73 - - [05/Jan/2025:09:03:50 +0300] "POST /services/ HTTP/1.1" 200 5984 "-" "Crawler Bot v1.0 (+https://example.com/bot.html)"
228.144.164.101 - - [05/Jan/2025:09:05:51 +0300] "PATCH /services/ HTTP/1.1" 403 11218 "-" "Wget/1.19.5 (linux-gnu)"
182.212.150.73 - - [05/Jan/2025:09:06:37 +0300] "PATCH /about-us/ HTTP/1.1" 500 15861 "-" "Opera/9.80 (X11; Linux i686; Ubuntu/14.10) Presto/2.12.388 Version/12.16"
130.195.42.222 - - [05/Jan/2025:09:08:51 +0300] "POST /about-us/ HTTP/1.1" 404 9992 "-" "Mozilla/5.0 (Windows NT 10.0; Win64; x64) AppleWebKit/537.36 (KHTML, like Gecko) Chrome/92.0.4515.107 Safari/537.36"
237.80.16.71 - - [05/Jan/2025:09:09:18 +0300] "GET /index.html HTTP/1.1" 501 4163 "-" "Mozilla/5.0 (Windows NT 10.0; Win64; x64) AppleWebKit/537.36 (KHTML, like Gecko) Chrome/92.0.4515.107 Safari/537.36"
130.195.42.222 - - [05/Jan/2025:09:11:13 +0300] "PUT /services/ HTTP/1.1" 404 23189 "-" "Safari/604.1 CFNetwork/893.14 Darwin/17.0.0 (x86_64)"
191.22.97.183 - - [05/Jan/2025:09:11:32 +0300] "DELETE /about-us/ HTTP/1.1" 404 29155 "-" "Microsoft Edge 44.18362.449.0; Windows 10; ARM64"
83.214.79.193 - - [05/Jan/2025:09:13:12 +0300] "GET /index.html HTTP/1.1" 400 16970 "-" "Wget/1.19.5 (linux-gnu)"
146.55.198.94 - - [05/Jan/2025:09:13:57 +0300] "PUT /services/ HTTP/1.1" 401 15082 "-" "Safari/604.1 CFNetwork/893.14 Darwin/17.0.0 (x86_64)"
237.80.16.71 - - [05/Jan/2025:09:16:09 +0300] "PATCH /products/ HTTP/1.1" 404 27350 "-" "Wget/1.19.5 (linux-gnu)"
79.179.42.142 - - [05/Jan/2025:09:16:39 +0300] "DELETE /products/ HTTP/1.1" 500 33693 "-" "Wget/1.19.5 (linux-gnu)"
206.74.177.39 - - [05/Jan/2025:09:19:16 +0300] "DELETE /index.html HTTP/1.1" 500 7570 "-" "Internet Explorer 7.0; Windows NT 6.0; Trident/5.0"
83.214.79.193 - - [05/Jan/2025:09:19:43 +0300] "PATCH /about-us/ HTTP/1.1" 500 6027 "-" "Mozilla/5.0 (Windows NT 10.0; Win64; x64) AppleWebKit/537.36 (KHTML, like Gecko) Chrome/92.0.4515.107 Safari/537.36"
237.80.16.71 - - [05/Jan/2025:09:20:44 +0300] "PUT /index.html HTTP/1.1" 401 32489 "-" "Crawler Bot v1.0 (+https://example.com/bot.html)"
21.224.156.88 - - [05/Jan/2025:09:20:47 +0300] "PUT /contact/ HTTP/1.1" 404 30912 "-" "Mozilla/5.0 (Windows NT 10.0; Win64; x64) AppleWebKit/537.36 (KHTML, like Gecko) Chrome/92.0.4515.107 Safari/537.36"
130.195.42.222 - - [05/Jan/2025:09:23:17 +0300] "GET /services/ HTTP/1.1" 500 25855 "-" "Wget/1.19.5 (linux-gnu)"
206.74.177.39 - - [05/Jan/2025:09:25:30 +0300] "DELETE /services/ HTTP/1.1" 501 8699 "-" "Crawler Bot v1.0 (+https://example.com/bot.html)"
21.224.156.88 - - [05/Jan/2025:09:27:04 +0300] "PATCH /services/ HTTP/1.1" 401 18540 "-" "Opera/9.80 (X11; Linux i686; Ubuntu/14.10) Presto/2.12.388 Version/12.16"
237.80.16.71 - - [05/Jan/2025:09:29:45 +0300] "GET /about-us/ HTTP/1.1" 200 6276 "-" "Safari/604.1 CFNetwork/893.14 Darwin/17.0.0 (x86_64)"
202.194.16.171 - - [05/Jan/2025:09:32:01 +0300] "PATCH /products/ HTTP/1.1" 404 1887 "-" "Wget/1.19.5 (linux-gnu)"
79.179.42.142 - - [05/Jan/2025:09:32:51 +0300] "GET /index.html HTTP/1.1" 503 2023 "-" "Wget/1.19.5 (linux-gnu)"
130.195.42.222 - - [05/Jan/2025:09:33:58 +0300] "PATCH /contact/ HTTP/1.1" 400 30227 "-" "Opera/9.80 (X11; Linux i686; Ubuntu/14.10) Presto/2.12.388 Version/12.16"
21.224.156.88 - - [05/Jan/2025:09:35:30 +0300] "PUT /contact/ HTTP/1.1" 501 25862 "-" "Safari/604.1 CFNetwork/893.14 Darwin/17.0.0 (x86_64)"
83.214.79.193 - - [05/Jan/2025:09:36:57 +0300] "DELETE /services/ HTTP/1.1" 400 13586 "-" "Mozilla/5.0 (Windows NT 10.0; Win64; x64) AppleWebKit/537.36 (KHTML, like Gecko) Chrome/92.0.4515.107 Safari/537.36"
202.194.16.171 - - [05/Jan/2025:09:39:07 +0300] "DELETE /contact/ HTTP/1.1" 200 17173 "-" "Microsoft Edge 44.18362.449.0; Windows 10; ARM64"
228.144.164.101 - - [05/Jan/2025:09:40:37 +0300] "POST /services/ HTTP/1.1" 403 19007 "-" "Crawler Bot v1.0 (+https://example.com/bot.html)"
21.224.156.88 - - [05/Jan/2025:09:42:37 +0300] "GET /services/ HTTP/1.1" 502 13903 "-" "Internet Explorer 7.0; Windows NT 6.0; Trident/5.0"
146.55.198.94 - - [05/Jan/2025:09:45:19 +0300] "PATCH /products/ HTTP/1.1" 404 17554 "-" "Safari/604.1 CFNetwork/893.14 Darwin/17.0.0 (x86_64)"
130.195.42.222 - - [05/Jan/2025:09:47:29 +0300] "PATCH /contact/ HTTP/1.1" 403 15661 "-" "Opera/9.80 (X11; Linux i686; Ubuntu/14.10) Presto/2.12.388 Version/12.16"
146.55.198.94 - - [05/Jan/2025:09:47:47 +0300] "PATCH /products/ HTTP/1.1" 503 26088 "-" "Opera/9.80 (X11; Linux i686; Ubuntu/14.10) Presto/2.12.388 Version/12.16"
237.80.16.71 - - [05/Jan/2025:09:50:08 +0300] "DELETE /contact/ HTTP/1.1" 500 19531 "-" "Internet Explorer 7.0; Windows NT 6.0; Trident/5.0"
146.55.198.94 - - [05/Jan/2025:09:50:34 +0300] "GET /index.html HTTP/1.1" 501 9471 "-" "Microsoft Edge 44.18362.449.0; Windows 10; ARM64"
79.179.42.142 - - [05/Jan/2025:09:52:55 +0300] "GET /contact/ HTTP/1.1" 502 11902 "-" "Opera/9.80 (X11; Linux i686; Ubuntu/14.10) Presto/2.12.388 Version/12.16"
202.194.16.171 - - [05/Jan/2025:09:53:18 +0300] "POST /services/ HTTP/1.1" 201 3015 "-" "Microsoft Edge 44.18362.449.0; Windows 10; ARM64"
191.22.97.183 - - [05/Jan/2025:09:54:54 +0300] "PATCH /about-us/ HTTP/1.1" 503 9187 "-" "Opera/9.80 (X11; Linux i686; Ubuntu/14.10) Presto/2.12.388 Version/12.16"
206.74.177.39 - - [05/Jan/2025:09:54:56 +0300] "PUT /index.html HTTP/1.1" 200 21352 "-" "Opera/9.80 (X11; Linux i686; Ubuntu/14.10) Presto/2.12.388 Version/12.16"
182.212.150.73 - - [05/Jan/2025:09:57:00 +0300] "PATCH /about-us/ HTTP/1.1" 503 20836 "-" "Safari/604.1 CFNetwork/893.14 Darwin/17.0.0 (x86_64)"
237.80.16.71 - - [05/Jan/2025:09:58:26 +0300] "PUT /index.html HTTP/1.1" 200 12212 "-" "Crawler Bot v1.0 (+https://example.com/bot.html)"
191.22.97.183 - - [05/Jan/2025:10:00:01 +0300] "GET /about-us/ HTTP/1.1" 404 24432 "-" "Internet Explorer 7.0; Windows NT 6.0; Trident/5.0"
237.80.16.71 - - [05/Jan/2025:10:01:02 +0300] "PATCH /services/ HTTP/1.1" 400 23420 "-" "Internet Explorer 7.0; Windows NT 6.0; Trident/5.0"
206.74.177.39 - - [05/Jan/2025:10:02:00 +0300] "GET /index.html HTTP/1.1" 403 17792 "-" "Microsoft Edge 44.18362.449.0; Windows 10; ARM64"
130.195.42.222 - - [05/Jan/2025:10:02:33 +0300] "POST /about-us/ HTTP/1.1" 501 6231 "-" "Wget/1.19.5 (linux-gnu)"
202.194.16.171 - - [05/Jan/2025:10:04:15 +0300] "POST /index.html HTTP/1.1" 500 4473 "-" "Microsoft Edge 44.18362.449.0; Windows 10; ARM64"
206.74.177.39 - - [05/Jan/2025:10:04:47 +0300] "PUT /about-us/ HTTP/1.1" 401 16496 "-" "Safari/604.1 CFNetwork/893.14 Darwin/17.0.0 (x86_64)"
202.194.16.171 - - [05/Jan/2025:10:05:12 +0300] "PATCH /index.html HTTP/1.1" 502 19681 "-" "Microsoft Edge 44.18362.449.0; Windows 10; ARM64"
21.224.156.88 - - [05/Jan/2025:10:05:42 +0300] "DELETE /services/ HTTP/1.1" 400 8947 "-" "Opera/9.80 (X11; Linux i686; Ubuntu/14.10) Presto/2.12.388 Version/12.16"
130.195.42.222 - - [05/Jan/2025:10:06:33 +0300] "PUT /services/ HTTP/1.1" 401 21794 "-" "Internet Explorer 7.0; Windows NT 6.0; Trident/5.0"
206.74.177.39 - - [05/Jan/2025:10:08:25 +0300] "PUT /contact/ HTTP/1.1" 401 4050 "-" "Crawler Bot v1.0 (+https://example.com/bot.html)"
191.22.97.183 - - [05/Jan/2025:10:10:11 +0300] "PUT /index.html HTTP/1.1" 401 6992 "-" "Internet Explorer 7.0; Windows NT 6.0; Trident/5.0"
79.179.42.142 - - [05/Jan/2025:10:11:45 +0300] "POST /about-us/ HTTP/1.1" 201 14274 "-" "Opera/9.80 (X11; Linux i686; Ubuntu/14.10) Presto/2.12.388 Version/12.16"
191.22.97.183 - - [05/Jan/2025:10:12:50 +0300] "GET /about-us/ HTTP/1.1" 501 27798 "-" "Crawler Bot v1.0 (+https://example.com/bot.html)"
191.22.97.183 - - [05/Jan/2025:10:15:15 +0300] "GET /contact/ HTTP/1.1" 400 14555 "-" "Mozilla/5.0 (Windows NT 10.0; Win64; x64) AppleWebKit/537.36 (KHTML, like Gecko) Chrome/92.0.4515.107 Safari/537.36"
130.195.42.222 - - [05/Jan/2025:10:16:47 +0300] "PUT /about-us/ HTTP/1.1" 201 19682 "-" "Microsoft Edge 44.18362.449.0; Windows 10; ARM64"
130.195.42.222 - - [05/Jan/2025:10:19:05 +0300] "GET /contact/ HTTP/1.1" 500 23011 "-" "Safari/604.1 CFNetwork/893.14 Darwin/17.0.0 (x86_64)"
206.74.177.39 - - [05/Jan/2025:10:20:47 +0300] "DELETE /index.html HTTP/1.1" 400 6955 "-" "Crawler Bot v1.0 (+https://example.com/bot.html)"
21.224.156.88 - - [05/Jan/2025:10:23:04 +0300] "PATCH /contact/ HTTP/1.1" 501 18120 "-" "Internet Explorer 7.0; Windows NT 6.0; Trident/5.0"
146.55.198.94 - - [05/Jan/2025:10:23:59 +0300] "POST /contact/ HTTP/1.1" 501 14003 "-" "Opera/9.80 (X11; Linux i686; Ubuntu/14.10) Presto/2.12.388 Version/12.16"
206.74.177.39 - - [05/Jan/2025:10:25:16 +0300] "PATCH /products/ HTTP/1.1" 404 3346 "-" "Microsoft Edge 44.18362.449.0; Windows 10; ARM64"
146.55.198.94 - - [05/Jan/2025:10:27:17 +0300] "DELETE /index.html HTTP/1.1" 404 1678 "-" "Crawler Bot v1.0 (+https://example.com/bot.html)"
228.144.164.101 - - [05/Jan/2025:10:28:44 +0300] "PATCH /products/ HTTP/1.1" 200 30587 "-" "Safari/604.1 CFNetwork/893.14 Darwin/17.0.0 (x86_64)"
206.74.177.39 - - [05/Jan/2025:10:30:22 +0300] "POST /about-us/ HTTP/1.1" 500 33264 "-" "Opera/9.80 (X11; Linux i686; Ubuntu/14.10) Presto/2.12.388 Version/12.16"
21.224.156.88 - - [05/Jan/2025:10:32:20 +0300] "PATCH /contact/ HTTP/1.1" 502 32644 "-" "Opera/9.80 (X11; Linux i686; Ubuntu/14.10) Presto/2.12.388 Version/12.16"
202.194.16.171 - - [05/Jan/2025:10:33:41 +0300] "GET /services/ HTTP/1.1" 200 6663 "-" "Internet Explorer 7.0; Windows NT 6.0; Trident/5.0"
146.55.198.94 - - [05/Jan/2025:10:34:52 +0300] "DELETE /about-us/ HTTP/1.1" 404 5228 "-" "Crawler Bot v1.0 (+https://example.com/bot.html)"
182.212.150.73 - - [05/Jan/2025:10:35:04 +0300] "DELETE /services/ HTTP/1.1" 500 19493 "-" "Safari/604.1 CFNetwork/893.14 Darwin/17.0.0 (x86_64)"
146.55.198.94 - - [05/Jan/2025:10:35:44 +0300] "PATCH /products/ HTTP/1.1" 501 24203 "-" "Opera/9.80 (X11; Linux i686; Ubuntu/14.10) Presto/2.12.388 Version/12.16"
79.179.42.142 - - [05/Jan/2025:10:38:03 +0300] "PATCH /contact/ HTTP/1.1" 500 18128 "-" "Internet Explorer 7.0; Windows NT 6.0; Trident/5.0"
83.214.79.193 - - [05/Jan/2025:10:39:17 +0300] "PUT /services/ HTTP/1.1" 404 25062 "-" "Wget/1.19.5 (linux-gnu)"
146.55.198.94 - - [05/Jan/2025:10:40:55 +0300] "DELETE /services/ HTTP/1.1" 400 19018 "-" "Microsoft Edge 44.18362.449.0; Windows 10; ARM64"
130.195.42.222 - - [05/Jan/2025:10:41:30 +0300] "DELETE /contact/ HTTP/1.1" 500 16596 "-" "Internet Explorer 7.0; Windows NT 6.0; Trident/5.0"
146.55.198.94 - - [05/Jan/2025:10:42:53 +0300] "PATCH /about-us/ HTTP/1.1" 404 19568 "-" "Microsoft Edge 44.18362.449.0; Windows 10; ARM64"
191.22.97.183 - - [05/Jan/2025:10:43:47 +0300] "DELETE /index.html HTTP/1.1" 400 30082 "-" "Crawler Bot v1.0 (+https://example.com/bot.html)"
130.195.42.222 - - [05/Jan/2025:10:45:43 +0300] "GET /services/ HTTP/1.1" 200 24379 "-" "Safari/604.1 CFNetwork/893.14 Darwin/17.0.0 (x86_64)"
130.195.42.222 - - [05/Jan/2025:10:47:25 +0300] "DELETE /index.html HTTP/1.1" 400 24269 "-" "Safari/604.1 CFNetwork/893.14 Darwin/17.0.0 (x86_64)"
182.212.150.73 - - [05/Jan/2025:10:48:39 +0300] "POST /about-us/ HTTP/1.1" 501 1429 "-" "Mozilla/5.0 (Windows NT 10.0; Win64; x64) AppleWebKit/537.36 (KHTML, like Gecko) Chrome/92.0.4515.107 Safari/537.36"
206.74.177.39 - - [05/Jan/2025:10:50:43 +0300] "POST /contact/ HTTP/1.1" 201 17644 "-" "Safari/604.1 CFNetwork/893.14 Darwin/17.0.0 (x86_64)"
206.74.177.39 - - [05/Jan/2025:10:53:23 +0300] "DELETE /services/ HTTP/1.1" 501 15520 "-" "Internet Explorer 7.0; Windows NT 6.0; Trident/5.0"
191.22.97.183 - - [05/Jan/2025:10:53:43 +0300] "POST /about-us/ HTTP/1.1" 501 31671 "-" "Crawler Bot v1.0 (+https://example.com/bot.html)"
79.179.42.142 - - [05/Jan/2025:10:55:38 +0300] "POST /index.html HTTP/1.1" 201 18116 "-" "Safari/604.1 CFNetwork/893.14 Darwin/17.0.0 (x86_64)"
202.194.16.171 - - [05/Jan/2025:10:58:22 +0300] "PUT /services/ HTTP/1.1" 400 26127 "-" "Wget/1.19.5 (linux-gnu)"
228.144.164.101 - - [05/Jan/2025:10:59:04 +0300] "GET /index.html HTTP/1.1" 500 11826 "-" "Mozilla/5.0 (Windows NT 10.0; Win64; x64) AppleWebKit/537.36 (KHTML, like Gecko) Chrome/92.0.4515.107 Safari/537.36"
146.55.198.94 - - [05/Jan/2025:10:59:29 +0300] "POST /index.html HTTP/1.1" 403 25076 "-" "Wget/1.19.5 (linux-gnu)"
237.80.16.71 - - [05/Jan/2025:10:59:36 +0300] "PUT /services/ HTTP/1.1" 400 19980 "-" "Wget/1.19.5 (linux-gnu)"
182.212.150.73 - - [05/Jan/2025:11:02:08 +0300] "DELETE /index.html HTTP/1.1" 501 29859 "-" "Opera/9.80 (X11; Linux i686; Ubuntu/14.10) Presto/2.12.388 Version/12.16"
83.214.79.193 - - [05/Jan/2025:11:03:28 +0300] "PUT /about-us/ HTTP/1.1" 200 28499 "-" "Wget/1.19.5 (linux-gnu)"
79.179.42.142 - - [05/Jan/2025:11:04:24 +0300] "PUT /about-us/ HTTP/1.1" 403 16530 "-" "Opera/9.80 (X11; Linux i686; Ubuntu/14.10) Presto/2.12.388 Version/12.16"
83.214.79.193 - - [05/Jan/2025:11:05:24 +0300] "PATCH /about-us/ HTTP/1.1" 400 12232 "-" "Microsoft Edge 44.18362.449.0; Windows 10; ARM64"
146.55.198.94 - - [05/Jan/2025:11:08:04 +0300] "PATCH /contact/ HTTP/1.1" 503 27434 "-" "Internet Explorer 7.0; Windows NT 6.0; Trident/5.0"
130.195.42.222 - - [05/Jan/2025:11:09:18 +0300] "POST /products/ HTTP/1.1" 401 29054 "-" "Crawler Bot v1.0 (+https://example.com/bot.html)"
182.212.150.73 - - [05/Jan/2025:11:11:01 +0300] "PATCH /contact/ HTTP/1.1" 503 9136 "-" "Wget/1.19.5 (linux-gnu)"
130.195.42.222 - - [05/Jan/2025:11:12:15 +0300] "PATCH /about-us/ HTTP/1.1" 502 17423 "-" "Opera/9.80 (X11; Linux i686; Ubuntu/14.10) Presto/2.12.388 Version/12.16"
79.179.42.142 - - [05/Jan/2025:11:14:00 +0300] "POST /contact/ HTTP/1.1" 400 12513 "-" "Opera/9.80 (X11; Linux i686; Ubuntu/14.10) Presto/2.12.388 Version/12.16"
182.212.150.73 - - [05/Jan/2025:11:16:17 +0300] "DELETE /products/ HTTP/1.1" 502 14541 "-" "Internet Explorer 7.0; Windows NT 6.0; Trident/5.0"
228.144.164.101 - - [05/Jan/2025:11:18:11 +0300] "PATCH /products/ HTTP/1.1" 403 20717 "-" "Opera/9.80 (X11; Linux i686; Ubuntu/14.10) Presto/2.12.388 Version/12.16"
130.195.42.222 - - [05/Jan/2025:11:18:45 +0300] "DELETE /contact/ HTTP/1.1" 501 22226 "-" "Opera/9.80 (X11; Linux i686; Ubuntu/14.10) Presto/2.12.388 Version/12.16"
130.195.42.222 - - [05/Jan/2025:11:20:53 +0300] "GET /services/ HTTP/1.1" 200 25634 "-" "Internet Explorer 7.0; Windows NT 6.0; Trident/5.0"
237.80.16.71 - - [05/Jan/2025:11:21:18 +0300] "PATCH /services/ HTTP/1.1" 200 30937 "-" "Mozilla/5.0 (Windows NT 10.0; Win64; x64) AppleWebKit/537.36 (KHTML, like Gecko) Chrome/92.0.4515.107 Safari/537.36"
146.55.198.94 - - [05/Jan/2025:11:23:45 +0300] "PATCH /about-us/ HTTP/1.1" 503 10311 "-" "Internet Explorer 7.0; Windows NT 6.0; Trident/5.0"
146.55.198.94 - - [05/Jan/2025:11:24:31 +0300] "PUT /products/ HTTP/1.1" 404 3239 "-" "Safari/604.1 CFNetwork/893.14 Darwin/17.0.0 (x86_64)"
182.212.150.73 - - [05/Jan/2025:11:26:25 +0300] "GET /about-us/ HTTP/1.1" 503 14112 "-" "Safari/604.1 CFNetwork/893.14 Darwin/17.0.0 (x86_64)"
21.224.156.88 - - [05/Jan/2025:11:29:05 +0300] "PUT /services/ HTTP/1.1" 403 25040 "-" "Crawler Bot v1.0 (+https://example.com/bot.html)"
202.194.16.171 - - [05/Jan/2025:11:31:33 +0300] "PUT /index.html HTTP/1.1" 501 2155 "-" "Opera/9.80 (X11; Linux i686; Ubuntu/14.10) Presto/2.12.388 Version/12.16"
228.144.164.101 - - [05/Jan/2025:11:34:07 +0300] "DELETE /contact/ HTTP/1.1" 404 7493 "-" "Opera/9.80 (X11; Linux i686; Ubuntu/14.10) Presto/2.12.388 Version/12.16"
182.212.150.73 - - [05/Jan/2025:11:35:42 +0300] "DELETE /index.html HTTP/1.1" 200 19444 "-" "Safari/604.1 CFNetwork/893.14 Darwin/17.0.0 (x86_64)"
202.194.16.171 - - [05/Jan/2025:11:35:51 +0300] "PATCH /contact/ HTTP/1.1" 201 5192 "-" "Safari/604.1 CFNetwork/893.14 Darwin/17.0.0 (x86_64)"
206.74.177.39 - - [05/Jan/2025:11:37:29 +0300] "PUT /contact/ HTTP/1.1" 400 13652 "-" "Internet Explorer 7.0; Windows NT 6.0; Trident/5.0"
206.74.177.39 - - [05/Jan/2025:11:39:24 +0300] "DELETE /services/ HTTP/1.1" 201 27384 "-" "Internet Explorer 7.0; Windows NT 6.0; Trident/5.0"
182.212.150.73 - - [05/Jan/2025:11:40:40 +0300] "PUT /index.html HTTP/1.1" 503 32051 "-" "Safari/604.1 CFNetwork/893.14 Darwin/17.0.0 (x86_64)"
83.214.79.193 - - [05/Jan/2025:11:41:26 +0300] "POST /index.html HTTP/1.1" 201 28356 "-" "Mozilla/5.0 (Windows NT 10.0; Win64; x64) AppleWebKit/537.36 (KHTML, like Gecko) Chrome/92.0.4515.107 Safari/537.36"
130.195.42.222 - - [05/Jan/2025:11:42:01 +0300] "DELETE /products/ HTTP/1.1" 201 28738 "-" "Crawler Bot v1.0 (+https://example.com/bot.html)"
237.80.16.71 - - [05/Jan/2025:11:43:15 +0300] "PATCH /index.html HTTP/1.1" 200 20343 "-" "Wget/1.19.5 (linux-gnu)"
228.144.164.101 - - [05/Jan/2025:11:43:46 +0300] "GET /products/ HTTP/1.1" 401 22259 "-" "Microsoft Edge 44.18362.449.0; Windows 10; ARM64"
237.80.16.71 - - [05/Jan/2025:11:45:14 +0300] "DELETE /index.html HTTP/1.1" 200 20607 "-" "Crawler Bot v1.0 (+https://example.com/bot.html)"
202.194.16.171 - - [05/Jan/2025:11:47:49 +0300] "DELETE /index.html HTTP/1.1" 501 11908 "-" "Crawler Bot v1.0 (+https://example.com/bot.html)"
130.195.42.222 - - [05/Jan/2025:11:50:22 +0300] "POST /contact/ HTTP/1.1" 500 10657 "-" "Internet Explorer 7.0; Windows NT 6.0; Trident/5.0"
202.194.16.171 - - [05/Jan/2025:11:53:05 +0300] "GET /about-us/ HTTP/1.1" 502 12392 "-" "Microsoft Edge 44.18362.449.0; Windows 10; ARM64"
202.194.16.171 - - [05/Jan/2025:11:55:40 +0300] "DELETE /products/ HTTP/1.1" 501 24588 "-" "Crawler Bot v1.0 (+https://example.com/bot.html)"
191.22.97.183 - - [05/Jan/2025:11:55:52 +0300] "GET /index.html HTTP/1.1" 404 27838 "-" "Crawler Bot v1.0 (+https://example.com/bot.html)"
191.22.97.183 - - [05/Jan/2025:11:56:26 +0300] "DELETE /about-us/ HTTP/1.1" 501 22852 "-" "Internet Explorer 7.0; Windows NT 6.0; Trident/5.0"
83.214.79.193 - - [05/Jan/2025:11:56:29 +0300] "GET /products/ HTTP/1.1" 501 25481 "-" "Safari/604.1 CFNetwork/893.14 Darwin/17.0.0 (x86_64)"
202.194.16.171 - - [05/Jan/2025:11:57:58 +0300] "POST /about-us/ HTTP/1.1" 502 28474 "-" "Opera/9.80 (X11; Linux i686; Ubuntu/14.10) Presto/2.12.388 Version/12.16"
206.74.177.39 - - [05/Jan/2025:11:59:57 +0300] "POST /products/ HTTP/1.1" 201 15739 "-" "Microsoft Edge 44.18362.449.0; Windows 10; ARM64"
228.144.164.101 - - [05/Jan/2025:12:02:34 +0300] "PUT /products/ HTTP/1.1" 404 18019 "-" "Mozilla/5.0 (Windows NT 10.0; Win64; x64) AppleWebKit/537.36 (KHTML, like Gecko) Chrome/92.0.4515.107 Safari/537.36"
