237.80.16.71 - - [02/Jan/2025:09:18:48 +0300] "GET /about-us/ HTTP/1.1" 200 7290 "-" "Crawler Bot v1.0 (+https://example.com/bot.html)"
182.212.150.73 - - [02/Jan/2025:09:20:29 +0300] "PUT /products/ HTTP/1.1" 401 10255 "-" "Opera/9.80 (X11; Linux i686; Ubuntu/14.10) Presto/2.12.388 Version/12.16"
182.212.150.73 - - [02/Jan/2025:09:21:19 +0300] "PUT /services/ HTTP/1.1" 201 15935 "-" "Wget/1.19.5 (linux-gnu)"
79.179.42.142 - - [02/Jan/2025:09:23:36 +0300] "DELETE /index.html HTTP/1.1" 501 15347 "-" "Crawler Bot v1.0 (+https://example.com/bot.html)"
130.195.42.222 - - [02/Jan/2025:09:24:26 +0300] "PUT /index.html HTTP/1.1" 400 4388 "-" "Wget/1.19.5 (linux-gnu)"
21.224.156.88 - - [02/Jan/2025:09:25:53 +0300] "DELETE /products/ HTTP/1.1" 501 27234 "-" "Internet Explorer 7.0; Windows NT 6.0; Trident/5.0"
237.80.16.71 - - [02/Jan/2025:09:28:48 +0300] "PUT /products/ HTTP/1.1" 200 20301 "-" "Opera/9.80 (X11; Linux i686; Ubuntu/14.10) Presto/2.12.388 Version/12.16"
202.194.16.171 - - [02/Jan/2025:09:30:03 +0300] "GET /contact/ HTTP/1.1" 200 10073 "-" "Safari/604.1 CFNetwork/893.14 Darwin/17.0.0 (x86_64)"
237.80.16.71 - - [02/Jan/2025:09:32:53 +0300] "PATCH /products/ HTTP/1.1" 401 19752 "-" "Safari/604.1 CFNetwork/893.14 Darwin/17.0.0 (x86_64)"
182.212.150.73 - - [02/Jan/2025:09:34:13 +0300] "PATCH /products/ HTTP/1.1" 501 4235 "-" "Mozilla/5.0 (Windows NT 10.0; Win64; x64) AppleWebKit/537.36 (KHTML, like Gecko) Chrome/92.0.4515.107 Safari/537.36"
202.194.16.171 - - [02/Jan/2025:09:37:13 +0300] "PUT /products/ HTTP/1.1" 502 30524 "-" "Safari/604.1 CFNetwork/893.14 Darwin/17.0.0 (x86_64)"
206.74.177.39 - - [02/Jan/2025:09:38:00 +0300] "GET /services/ HTTP/1.1" 503 33164 "-" "Crawler Bot v1.0 (+https://example.com/bot.html)"
206.74.177.39 - - [02/Jan/2025:09:41:06 +0300] "PUT /about-us/ HTTP/1.1" 503 14584 "-" "Opera/9.80 (X11; Linux i686; Ubuntu/14.10) Presto/2.12.388 Version/12.16"
191.22.97.183 - - [02/Jan/2025:09:42:17 +0300] "PATCH /contact/ HTTP/1.1" 501 10223 "-" "Opera/9.80 (X11; Linux i686; Ubuntu/14.10) Presto/2.12.388 Version/12.16"
237.80.16.71 - - [02/Jan/2025:09:42:37 +0300] "PATCH /index.html HTTP/1.1" 201 3702 "-" "Mozilla/5.0 (Windows NT 10.0; Win64; x64) AppleWebKit/537.36 (KHTML, like Gecko) Chrome/92.0.4515.107 Safari/537.36"
228.144.164.101 - - [02/Jan/2025:09:43:35 +0300] "POST /contact/ HTTP/1.1" 400 26153 "-" "Microsoft Edge 44.18362.449.0; Windows 10; ARM64"
237.80.16.71 - - [02/Jan/2025:09:44:11 +0300] "POST /contact/ HTTP/1.1" 501 5452 "-" "Microsoft Edge 44.18362.449.0; Windows 10; ARM64"
146.55.198.94 - - [02/Jan/2025:09:44:37 +0300] "POST /products/ HTTP/1.1" 501 20885 "-" "Mozilla/5.0 (Windows NT 10.0; Win64; x64) AppleWebKit/537.36 (KHTML, like Gecko) Chrome/92.0.4515.107 Safari/537.36"
79.179.42.142 - - [02/Jan/2025:09:44:44 +0300] "GET /services/ HTTP/1.1" 200 24470 "-" "Internet Explorer 7.0; Windows NT 6.0; Trident/5.0"
191.22.97.183 - - [02/Jan/2025:09:46:36 +0300] "POST /services/ HTTP/1.1" 404 31879 "-" "Microsoft Edge 44.18362.449.0; Windows 10; ARM64"
202.194.16.171 - - [02/Jan/2025:09:48:44 +0300] "PUT /products/ HTTP/1.1" 403 7438 "-" "Microsoft Edge 44.18362.449.0; Windows 10; ARM64"
146.55.198.94 - - [02/Jan/2025:09:49:06 +0300] "PATCH /index.html HTTP/1.1" 500 30681 "-" "Internet Explorer 7.0; Windows NT 6.0; Trident/5.0"
202.194.16.171 - - [02/Jan/2025:09:49:58 +0300] "PUT /services/ HTTP/1.1" 502 18401 "-" "Wget/1.19.5 (linux-gnu)"
202.194.16.171 - - [02/Jan/2025:09:50:09 +0300] "PUT /index.html HTTP/1.1" 404 8367 "-" "Wget/1.19.5 (linux-gnu)"
202.194.16.171 - - [02/Jan/2025:09:50:42 +0300] "DELETE /about-us/ HTTP/1.1" 401 27053 "-" "Wget/1.19.5 (linux-gnu)"
228.144.164.101 - - [02/Jan/2025:09:53:11 +0300] "DELETE /products/ HTTP/1.1" 403 18289 "-" "Crawler Bot v1.0 (+https://example.com/bot.html)"
191.22.97.183 - - [02/Jan/2025:09:56:17 +0300] "PATCH /products/ HTTP/1.1" 200 30412 "-" "Opera/9.80 (X11; Linux i686; Ubuntu/14.10) Presto/2.12.388 Version/12.16"
237.80.16.71 - - [02/Jan/2025:09:58:58 +0300] "PUT /about-us/ HTTP/1.1" 404 14393 "-" "Safari/604.1 CFNetwork/893.14 Darwin/17.0.0 (x86_64)"
191.22.97.183 - - [02/Jan/2025:10:00:30 +0300] "PUT /contact/ HTTP/1.1" 400 28073 "-" "Opera/9.80 (X11; Linux i686; Ubuntu/14.10) Presto/2.12.388 Version/12.16"
79.179.42.142 - - [02/Jan/2025:10:03:08 +0300] "PUT /index.html HTTP/1.1" 401 10281 "-" "Opera/9.80 (X11; Linux i686; Ubuntu/14.10) Presto/2.12.388 Version/12.16"
228.144.164.101 - - [02/Jan/2025:10:04:34 +0300] "POST /services/ HTTP/1.1" 400 24187 "-" "Internet Explorer 7.0; Windows NT 6.0; Trident/5.0"
130.195.42.222 - - [02/Jan/2025:10:06:41 +0300] "PUT /index.html HTTP/1.1" 200 6744 "-" "Opera/9.80 (X11; Linux i686; Ubuntu/14.10) Presto/2.12.388 Version/12.16"
130.195.42.222 - - [02/Jan/2025:10:09:12 +0300] "GET /index.html HTTP/1.1" 404 30419 "-" "Safari/604.1 CFNetwork/893.14 Darwin/17.0.0 (x86_64)"
206.74.177.39 - - [02/Jan/2025:10:11:50 +0300] "PUT /about-us/ HTTP/1.1" 400 23493 "-" "Safari/604.1 CFNetwork/893.14 Darwin/17.0.0 (x86_64)"
83.214.79.193 - - [02/Jan/2025:10:13:00 +0300] "GET /index.html HTTP/1.1" 500 12450 "-" "Safari/604.1 CFNetwork/893.14 Darwin/17.0.0 (x86_64)"
146.55.198.94 - - [02/Jan/2025:10:13:14 +0300] "PATCH /contact/ HTTP/1.1" 400 16255 "-" "Mozilla/5.0 (Windows NT 10.0; Win64; x64) AppleWebKit/537.36 (KHTML, like Gecko) Chrome/92.0.4515.107 Safari/537.36"
228.144.164.101 - - [02/Jan/2025:10:14:31 +0300] "GET /about-us/ HTTP/1.1" 404 14942 "-" "Microsoft Edge 44.18362.449.0; Windows 10; ARM64"
83.214.79.193 - - [02/Jan/2025:10:17:12 +0300] "PATCH /contact/ HTTP/1.1" 502 28126 "-" "Crawler Bot v1.0 (+https://example.com/bot.html)"
237.80.16.71 - - [02/Jan/2025:10:18:12 +0300] "PUT /services/ HTTP/1.1" 404 27530 "-" "Wget/1.19.5 (linux-gnu)"
228.144.164.101 - - [02/Jan/2025:10:21:03 +0300] "GET /services/ HTTP/1.1" 200 7260 "-" "Mozilla/5.0 (Windows NT 10.0; Win64; x64) AppleWebKit/537.36 (KHTML, like Gecko) Chrome/92.0.4515.107 Safari/537.36"
191.22.97.183 - - [02/Jan/2025:10:23:37 +0300] "PUT /index.html HTTP/1.1" 503 29473 "-" "Opera/9.80 (X11; Linux i686; Ubuntu/14.10) Presto/2.12.388 Version/12.16"
146.55.198.94 - - [02/Jan/2025:10:24:40 +0300] "GET /index.html HTTP/1.1" 502 15300 "-" "Opera/9.80 (X11; Linux i686; Ubuntu/14.10) Presto/2.12.388 Version/12.16"
79.179.42.142 - - [02/Jan/2025:10:25:21 +0300] "PATCH /index.html HTTP/1.1" 500 13074 "-" "Microsoft Edge 44.18362.449.0; Windows 10; ARM64"
237.80.16.71 - - [02/Jan/2025:10:27:48 +0300] "POST /about-us/ HTTP/1.1" 503 12734 "-" "Crawler Bot v1.0 (+https://example.com/bot.html)"
83.214.79.193 - - [02/Jan/2025:10:31:02 +0300] "PUT /about-us/ HTTP/1.1" 502 13157 "-" "Internet Explorer 7.0; Windows NT 6.0; Trident/5.0"
228.144.164.101 - - [02/Jan/2025:10:31:03 +0300] "GET /about-us/ HTTP/1.1" 201 12000 "-" "Crawler Bot v1.0 (+https://example.com/bot.html)"
83.214.79.193 - - [02/Jan/2025:10:34:14 +0300] "DELETE /contact/ HTTP/1.1" 200 12720 "-" "Wget/1.19.5 (linux-gnu)"
237.80.16.71 - - [02/Jan/2025:10:34:57 +0300] "GET /about-us/ HTTP/1.1" 403 16425 "-" "Mozilla/5.0 (Windows NT 10.0; Win64; x64) AppleWebKit/537.36 (KHTML, like Gecko) Chrome/92.0.4515.107 Safari/537.36"
21.224.156.88 - - [02/Jan/2025:10:36:09 +0300] "GET /about-us/ HTTP/1.1" 503 7301 "-" "Opera/9.80 (X11; Linux i686; Ubuntu/14.10) Presto/2.12.388 Version/12.16"
83.214.79.193 - - [02/Jan/2025:10:39:19 +0300] "POST /products/ HTTP/1.1" 501 28941 "-" "Opera/9.80 (X11; Linux i686; Ubuntu/14.10) Presto/2.12.388 Version/12.16"
228.144.164.101 - - [02/Jan/2025:10:42:28 +0300] "PUT /about-us/ HTTP/1.1" 502 18883 "-" "Wget/1.19.5 (linux-gnu)"
182.212.150.73 - - [02/Jan/2025:10:45:43 +0300] "DELETE /contact/ HTTP/1.1" 503 23003 "-" "Safari/604.1 CFNetwork/893.14 Darwin/17.0.0 (x86_64)"
83.214.79.193 - - [02/Jan/2025:10:46:44 +0300] "GET /index.html HTTP/1.1" 501 12412 "-" "Microsoft Edge 44.18362.449.0; Windows 10; ARM64"
130.195.42.222 - - [02/Jan/2025:10:47:05 +0300] "POST /services/ HTTP/1.1" 404 30085 "-" "Opera/9.80 (X11; Linux i686; Ubuntu/14.10) Presto/2.12.388 Version/12.16"
83.214.79.193 - - [02/Jan/2025:10:48:56 +0300] "PUT /about-us/ HTTP/1.1" 501 10997 "-" "Internet Explorer 7.0; Windows NT 6.0; Trident/5.0"
146.55.198.94 - - [02/Jan/2025:10:50:57 +0300] "PUT /index.html HTTP/1.1" 200 18628 "-" "Mozilla/5.0 (Windows NT 10.0; Win64; x64) AppleWebKit/537.36 (KHTML, like Gecko) Chrome/92.0.4515.107 Safari/537.36"
206.74.177.39 - - [02/Jan/2025:10:53:27 +0300] "PATCH /contact/ HTTP/1.1" 403 2781 "-" "Safari/604.1 CFNetwork/893.14 Darwin/17.0.0 (x86_64)"
228.144.164.101 - - [02/Jan/2025:10:53:41 +0300] "DELETE /contact/ HTTP/1.1" 502 15010 "-" "Microsoft Edge 44.18362.449.0; Windows 10; ARM64"
202.194.16.171 - - [02/Jan/2025:10:54:40 +0300] "GET /contact/ HTTP/1.1" 400 5401 "-" "Mozilla/5.0 (Windows NT 10.0; Win64; x64) AppleWebKit/537.36 (KHTML, like Gecko) Chrome/92.0.4515.107 Safari/537.36"
237.80.16.71 - - [02/Jan/2025:10:55:25 +0300] "PUT /products/ HTTP/1.1" 502 8809 "-" "Wget/1.19.5 (linux-gnu)"
130.195.42.222 - - [02/Jan/2025:10:56:26 +0300] "PATCH /index.html HTTP/1.1" 200 32225 "-" "Mozilla/5.0 (Windows NT 10.0; Win64; x64) AppleWebKit/537.36 (KHTML, like Gecko) Chrome/92.0.4515.107 Safari/537.36"
83.214.79.193 - - [02/Jan/2025:10:56:46 +0300] "PUT /contact/ HTTP/1.1" 201 33340 "-" "Microsoft Edge 44.18362.449.0; Windows 10; ARM64"
237.80.16.71 - - [02/Jan/2025:10:58:12 +0300] "POST /products/ HTTP/1.1" 401 28893 "-" "Opera/9.80 (X11; Linux i686; Ubuntu/14.10) Presto/2.12.388 Version/12.16"
202.194.16.171 - - [02/Jan/2025:11:00:31 +0300] "PATCH /index.html HTTP/1.1" 503 3916 "-" "Internet Explorer 7.0; Windows NT 6.0; Trident/5.0"
79.179.42.142 - - [02/Jan/2025:11:01:52 +0300] "PATCH /about-us/ HTTP/1.1" 200 8587 "-" "Safari/604.1 CFNetwork/893.14 Darwin/17.0.0 (x86_64)"
130.195.42.222 - - [02/Jan/2025:11:04:46 +0300] "DELETE /index.html HTTP/1.1" 503 5012 "-" "Microsoft Edge 44.18362.449.0; Windows 10; ARM64"
228.144.164.101 - - [02/Jan/2025:11:06:27 +0300] "PATCH /services/ HTTP/1.1" 500 20619 "-" "Internet Explorer 7.0; Windows NT 6.0; Trident/5.0"
206.74.177.39 - - [02/Jan/2025:11:07:38 +0300] "PUT /contact/ HTTP/1.1" 502 10557 "-" "Safari/604.1 CFNetwork/893.14 Darwin/17.0.0 (x86_64)"
191.22.97.183 - - [02/Jan/2025:11:08:23 +0300] "PATCH /services/ HTTP/1.1" 503 28380 "-" "Opera/9.80 (X11; Linux i686; Ubuntu/14.10) Presto/2.12.388 Version/12.16"
237.80.16.71 - - [02/Jan/2025:11:11:24 +0300] "PUT /services/ HTTP/1.1" 501 27423 "-" "Internet Explorer 7.0; Windows NT 6.0; Trident/5.0"
191.22.97.183 - - [02/Jan/2025:11:12:15 +0300] "POST /products/ HTTP/1.1" 503 30348 "-" "Mozilla/5.0 (Windows NT 10.0; Win64; x64) AppleWebKit/537.36 (KHTML, like Gecko) Chrome/92.0.4515.107 Safari/537.36"
182.212.150.73 - - [02/Jan/2025:11:14:25 +0300] "PUT /about-us/ HTTP/1.1" 201 16137 "-" "Safari/604.1 CFNetwork/893.14 Darwin/17.0.0 (x86_64)"
202.194.16.171 - - [02/Jan/2025:11:15:15 +0300] "DELETE /contact/ HTTP/1.1" 500 16874 "-" "Crawler Bot v1.0 (+https://example.com/bot.html)"
130.195.42.222 - - [02/Jan/2025:11:16:51 +0300] "PUT /products/ HTTP/1.1" 201 32629 "-" "Mozilla/5.0 (Windows NT 10.0; Win64; x64) AppleWebKit/537.36 (KHTML, like Gecko) Chrome/92.0.4515.107 Safari/537.36"
83.214.79.193 - - [02/Jan/2025:11:19:05 +0300] "DELETE /about-us/ HTTP/1.1" 400 31277 "-" "Microsoft Edge 44.18362.449.0; Windows 10; ARM64"
206.74.177.39 - - [02/Jan/2025:11:20:22 +0300] "GET /contact/ HTTP/1.1" 502 23305 "-" "Wget/1.19.5 (linux-gnu)"
21.224.156.88 - - [02/Jan/2025:11:21:36 +0300] "PATCH /about-us/ HTTP/1.1" 401 12407 "-" "Internet Explorer 7.0; Windows NT 6.0; Trident/5.0"
191.22.97.183 - - [02/Jan/2025:11:24:01 +0300] "PATCH /products/ HTTP/1.1" 200 4279 "-" "Safari/604.1 CFNetwork/893.14 Darwin/17.0.0 (x86_64)"
79.179.42.142 - - [02/Jan/2025:11:25:52 +0300] "POST /index.html HTTP/1.1" 503 28709 "-" "Crawler Bot v1.0 (+https://example.com/bot.html)"
228.144.164.101 - - [02/Jan/2025:11:28:20 +0300] "PATCH /services/ HTTP/1.1" 201 24934 "-" "Safari/604.1 CFNetwork/893.14 Darwin/17.0.0 (x86_64)"
83.214.79.193 - - [02/Jan/2025:11:30:26 +0300] "POST /products/ HTTP/1.1" 503 2516 "-" "Crawler Bot v1.0 (+https://example.com/bot.html)"
202.194.16.171 - - [02/Jan/2025:11:33:41 +0300] "GET /index.html HTTP/1.1" 400 23461 "-" "Microsoft Edge 44.18362.449.0; Windows 10; ARM64"
182.212.150.73 - - [02/Jan/2025:11:34:34 +0300] "POST /about-us/ HTTP/1.1" 404 22548 "-" "Safari/604.1 CFNetwork/893.14 Darwin/17.0.0 (x86_64)"
130.195.42.222 - - [02/Jan/2025:11:35:31 +0300] "GET /products/ HTTP/1.1" 503 23435 "-" "Wget/1.19.5 (linux-gnu)"
228.144.164.101 - - [02/Jan/2025:11:38:48 +0300] "PUT /contact/ HTTP/1.1" 500 11041 "-" "Microsoft Edge 44.18362.449.0; Windows 10; ARM64"
228.144.164.101 - - [02/Jan/2025:11:39:00 +0300] "PATCH /services/ HTTP/1.1" 400 18006 "-" "Wget/1.19.5 (linux-gnu)"
182.212.150.73 - - [02/Jan/2025:11:40:11 +0300] "PUT /services/ HTTP/1.1" 401 8357 "-" "Microsoft Edge 44.18362.449.0; Windows 10; ARM64"
182.212.150.73 - - [02/Jan/2025:11:42:19 +0300] "PATCH /index.html HTTP/1.1" 200 28812 "-" "Microsoft Edge 44.18362.449.0; Windows 10; ARM64"
83.214.79.193 - - [02/Jan/2025:11:42:26 +0300] "GET /products/ HTTP/1.1" 500 33790 "-" "Wget/1.19.5 (linux-gnu)"
202.194.16.171 - - [02/Jan/2025:11:43:45 +0300] "PATCH /products/ HTTP/1.1" 500 5132 "-" "Crawler Bot v1.0 (+https://example.com/bot.html)"
202.194.16.171 - - [02/Jan/2025:11:46:44 +0300] "DELETE /index.html HTTP/1.1" 404 31628 "-" "Microsoft Edge 44.18362.449.0; Windows 10; ARM64"
206.74.177.39 - - [02/Jan/2025:11:48:51 +0300] "GET /contact/ HTTP/1.1" 503 23054 "-" "Mozilla/5.0 (Windows NT 10.0; Win64; x64) AppleWebKit/537.36 (KHTML, like Gecko) Chrome/92.0.4515.107 Safari/537.36"
228.144.164.101 - - [02/Jan/2025:11:49:22 +0300] "PUT /contact/ HTTP/1.1" 403 29249 "-" "Mozilla/5.0 (Windows NT 10.0; Win64; x64) AppleWebKit/537.36 (KHTML, like Gecko) Chrome/92.0.4515.107 Safari/537.36"
237.80.16.71 - - [02/Jan/2025:11:50:32 +0300] "PATCH /products/ HTTP/1.1" 400 18367 "-" "Internet Explorer 7.0; Windows NT 6.0; Trident/5.0"
206.74.177.39 - - [02/Jan/2025:11:50:43 +0300] "GET /services/ HTTP/1.1" 200 32465 "-" "Crawler Bot v1.0 (+https://example.com/bot.html)"
130.195.42.222 - - [02/Jan/2025:11:51:59 +0300] "PATCH /contact/ HTTP/1.1" 400 9363 "-" "Microsoft Edge 44.18362.449.0; Windows 10; ARM64"
202.194.16.171 - - [02/Jan/2025:11:55:16 +0300] "GET /products/ HTTP/1.1" 401 22691 "-" "Crawler Bot v1.0 (+https://example.com/bot.html)"
182.212.150.73 - - [02/Jan/2025:11:58:26 +0300] "PUT /products/ HTTP/1.1" 503 27334 "-" "Internet Explorer 7.0; Windows NT 6.0; Trident/5.0"
206.74.177.39 - - [02/Jan/2025:12:00:08 +0300] "GET /products/ HTTP/1.1" 501 7458 "-" "Opera/9.80 (X11; Linux i686; Ubuntu/14.10) Presto/2.12.388 Version/12.16"
202.194.16.171 - - [02/Jan/2025:12:03:03 +0300] "DELETE /index.html HTTP/1.1" 401 28806 "-" "Opera/9.80 (X11; Linux i686; Ubuntu/14.10) Presto/2.12.388 Version/12.16"
