21.224.156.88 - - [04/Jan/2025:00:01:31 +0300] "PUT /contact/ HTTP/1.1" 503 2152 "-" "Opera/9.80 (X11; Linux i686; Ubuntu/14.10) Presto/2.12.388 Version/12.16"
191.22.97.183 - - [04/Jan/2025:00:03:06 +0300] "GET /about-us/ HTTP/1.1" 201 10865 "-" "Microsoft Edge 44.18362.449.0; Windows 10; ARM64"
237.80.16.71 - - [04/Jan/2025:00:05:04 +0300] "PATCH /contact/ HTTP/1.1" 502 15268 "-" "Microsoft Edge 44.18362.449.0; Windows 10; ARM64"
21.224.156.88 - - [04/Jan/2025:00:05:43 +0300] "PATCH /about-us/ HTTP/1.1" 501 22580 "-" "Mozilla/5.0 (Windows NT 10.0; Win64; x64) AppleWebKit/537.36 (KHTML, like Gecko) Chrome/92.0.4515.107 Safari/537.36"
202.194.16.171 - - [04/Jan/2025:00:06:16 +0300] "PATCH /about-us/ HTTP/1.1" 503 5118 "-" "Microsoft Edge 44.18362.449.0; Windows 10; ARM64"
146.55.198.94 - - [04/Jan/2025:00:08:02 +0300] "GET /products/ HTTP/1.1" 502 27141 "-" "Safari/604.1 CFNetwork/893.14 Darwin/17.0.0 (x86_64)"
130.195.42.222 - - [04/Jan/2025:00:10:46 +0300] "DELETE /services/ HTTP/1.1" 404 26205 "-" "Safari/604.1 CFNetwork/893.14 Darwin/17.0.0 (x86_64)"
202.194.16.171 - - [04/Jan/2025:00:11:35 +0300] "POST /products/ HTTP/1.1" 400 12676 "-" "Crawler Bot v1.0 (+https://example.com/bot.html)"
182.212.150.73 - - [04/Jan/2025:00:14:08 +0300] "GET /services/ HTTP/1.1" 200 30257 "-" "Safari/604.1 CFNetwork/893.14 Darwin/17.0.0 (x86_64)"
21.224.156.88 - - [04/Jan/2025:00:14:13 +0300] "PUT /products/ HTTP/1.1" 201 25075 "-" "Opera/9.80 (X11; Linux i686; Ubuntu/14.10) Presto/2.12.388 Version/12.16"
146.55.198.94 - - [04/Jan/2025:00:14:32 +0300] "GET /contact/ HTTP/1.1" 401 31920 "-" "Microsoft Edge 44.18362.449.0; Windows 10; ARM64"
237.80.16.71 - - [04/Jan/2025:00:14:42 +0300] "PUT /about-us/ HTTP/1.1" 500 10821 "-" "Internet Explorer 7.0; Windows NT 6.0; Trident/5.0"
83.214.79.193 - - [04/Jan/2025:00:17:13 +0300] "DELETE /products/ HTTP/1.1" 503 15183 "-" "Safari/604.1 CFNetwork/893.14 Darwin/17.0.0 (x86_64)"
228.144.164.101 - - [04/Jan/2025:00:18:14 +0300] "DELETE /contact/ HTTP/1.1" 404 9780 "-" "Wget/1.19.5 (linux-gnu)"
146.55.198.94 - - [04/Jan/2025:00:18:20 +0300] "GET /products/ HTTP/1.1" 503 15242 "-" "Internet Explorer 7.0; Windows NT 6.0; Trident/5.0"
79.179.42.142 - - [04/Jan/2025:00:18:45 +0300] "POST /contact/ HTTP/1.1" 200 2210 "-" "Opera/9.80 (X11; Linux i686; Ubuntu/14.10) Presto/2.12.388 Version/12.16"
21.224.156.88 - - [04/Jan/2025:00:21:19 +0300] "DELETE /products/ HTTP/1.1" 403 26802 "-" "Safari/604.1 CFNetwork/893.14 Darwin/17.0.0 (x86_64)"
130.195.42.222 - - [04/Jan/2025:00:21:38 +0300] "PATCH /services/ HTTP/1.1" 502 7511 "-" "Internet Explorer 7.0; Windows NT 6.0; Trident/5.0"
130.195.42.222 - - [04/Jan/2025:00:22:52 +0300] "POST /contact/ HTTP/1.1" 501 13252 "-" "Crawler Bot v1.0 (+https://example.com/bot.html)"
202.194.16.171 - - [04/Jan/2025:00:23:59 +0300] "PATCH /services/ HTTP/1.1" 404 13077 "-" "Opera/9.80 (X11; Linux i686; Ubuntu/14.10) Presto/2.12.388 Version/12.16"
182.212.150.73 - - [04/Jan/2025:00:24:39 +0300] "DELETE /index.html HTTP/1.1" 201 7390 "-" "Opera/9.80 (X11; Linux i686; Ubuntu/14.10) Presto/2.12.388 Version/12.16"
79.179.42.142 - - [04/Jan/2025:00:26:46 +0300] "PATCH /index.html HTTP/1.1" 200 32336 "-" "Wget/1.19.5 (linux-gnu)"
130.195.42.222 - - [04/Jan/2025:00:27:51 +0300] "POST /index.html HTTP/1.1" 200 1201 "-" "Microsoft Edge 44.18362.449.0; Windows 10; ARM64"
182.212.150.73 - - [04/Jan/2025:00:27:58 +0300] "DELETE /services/ HTTP/1.1" 200 16043 "-" "Safari/604.1 CFNetwork/893.14 Darwin/17.0.0 (x86_64)"
202.194.16.171 - - [04/Jan/2025:00:29:11 +0300] "POST /products/ HTTP/1.1" 200 23203 "-" "Mozilla/5.0 (Windows NT 10.0; Win64; x64) AppleWebKit/537.36 (KHTML, like Gecko) Chrome/92.0.4515.107 Safari/537.36"
83.214.79.193 - - [04/Jan/2025:00:29:48 +0300] "PUT /services/ HTTP/1.1" 503 2782 "-" "Wget/1.19.5 (linux-gnu)"
182.212.150.73 - - [04/Jan/2025:00:30:30 +0300] "DELETE /contact/ HTTP/1.1" 502 3225 "-" "Internet Explorer 7.0; Windows NT 6.0; Trident/5.0"
21.224.156.88 - - [04/Jan/2025:00:33:17 +0300] "PATCH /contact/ HTTP/1.1" 503 27364 "-" "Internet Explorer 7.0; Windows NT 6.0; Trident/5.0"
206.74.177.39 - - [04/Jan/2025:00:35:07 +0300] "GET /about-us/ HTTP/1.1" 401 32523 "-" "Microsoft Edge 44.18362.449.0; Windows 10; ARM64"
237.80.16.71 - - [04/Jan/2025:00:37:49 +0300] "PATCH /services/ HTTP/1.1" 401 3562 "-" "Wget/1.19.5 (linux-gnu)"
191.22.97.183 - - [04/Jan/2025:00:40:28 +0300] "GET /contact/ HTTP/1.1" 404 17342 "-" "Crawler Bot v1.0 (+https://example.com/bot.html)"
182.212.150.73 - - [04/Jan/2025:00:41:13 +0300] "GET /products/ HTTP/1.1" 401 24580 "-" "Mozilla/5.0 (Windows NT 10.0; Win64; x64) AppleWebKit/537.36 (KHTML, like Gecko) Chrome/92.0.4515.107 Safari/537.36"
228.144.164.101 - - [04/Jan/2025:00:43:29 +0300] "PUT /products/ HTTP/1.1" 503 10899 "-" "Microsoft Edge 44.18362.449.0; Windows 10; ARM64"
206.74.177.39 - - [04/Jan/2025:00:45:15 +0300] "PATCH /index.html HTTP/1.1" 501 17955 "-" "Crawler Bot v1.0 (+https://example.com/bot.html)"
83.214.79.193 - - [04/Jan/2025:00:46:53 +0300] "POST /products/ HTTP/1.1" 401 24198 "-" "Mozilla/5.0 (Windows NT 10.0; Win64; x64) AppleWebKit/537.36 (KHTML, like Gecko) Chrome/92.0.4515.107 Safari/537.36"
21.224.156.88 - - [04/Jan/2025:00:49:37 +0300] "DELETE /index.html HTTP/1.1" 503 17593 "-" "Safari/604.1 CFNetwork/893.14 Darwin/17.0.0 (x86_64)"
79.179.42.142 - - [04/Jan/2025:00:52:22 +0300] "PUT /about-us/ HTTP/1.1" 503 32014 "-" "Mozilla/5.0 (Windows NT 10.0; Win64; x64) AppleWebKit/537.36 (KHTML, like Gecko) Chrome/92.0.4515.107 Safari/537.36"
130.195.42.222 - - [04/Jan/2025:00:52:47 +0300] "GET /index.html HTTP/1.1" 403 6087 "-" "Safari/604.1 CFNetwork/893.14 Darwin/17.0.0 (x86_64)"
79.179.42.142 - - [04/Jan/2025:00:54:36 +0300] "PATCH /index.html HTTP/1.1" 201 4645 "-" "Opera/9.80 (X11; Linux i686; Ubuntu/14.10) Presto/2.12.388 Version/12.16"
182.212.150.73 - - [04/Jan/2025:00:56:27 +0300] "DELETE /index.html HTTP/1.1" 502 17814 "-" "Mozilla/5.0 (Windows NT 10.0; Win64; x64) AppleWebKit/537.36 (KHTML, like Gecko) Chrome/92.0.4515.107 Safari/537.36"
237.80.16.71 - - [04/Jan/2025:00:59:10 +0300] "PUT /index.html HTTP/1.1" 500 23849 "-" "Mozilla/5.0 (Windows NT 10.0; Win64; x64) AppleWebKit/537.36 (KHTML, like Gecko) Chrome/92.0.4515.107 Safari/537.36"
130.195.42.222 - - [04/Jan/2025:00:59:19 +0300] "DELETE /contact/ HTTP/1.1" 503 26523 "-" "Opera/9.80 (X11; Linux i686; Ubuntu/14.10) Presto/2.12.388 Version/12.16"
237.80.16.71 - - [04/Jan/2025:01:00:00 +0300] "PUT /index.html HTTP/1.1" 201 22308 "-" "Mozilla/5.0 (Windows NT 10.0; Win64; x64) AppleWebKit/537.36 (KHTML, like Gecko) Chrome/92.0.4515.107 Safari/537.36"
146.55.198.94 - - [04/Jan/2025:01:01:24 +0300] "PATCH /products/ HTTP/1.1" 400 4320 "-" "Safari/604.1 CFNetwork/893.14 Darwin/17.0.0 (x86_64)"
228.144.164.101 - - [04/Jan/2025:01:03:50 +0300] "PATCH /contact/ HTTP/1.1" 201 4831 "-" "Wget/1.19.5 (linux-gnu)"
130.195.42.222 - - [04/Jan/2025:01:05:18 +0300] "PATCH /about-us/ HTTP/1.1" 500 18394 "-" "Crawler Bot v1.0 (+https://example.com/bot.html)"
206.74.177.39 - - [04/Jan/2025:01:06:00 +0300] "DELETE /about-us/ HTTP/1.1" 401 27475 "-" "Opera/9.80 (X11; Linux i686; Ubuntu/14.10) Presto/2.12.388 Version/12.16"
21.224.156.88 - - [04/Jan/2025:01:07:08 +0300] "PATCH /contact/ HTTP/1.1" 400 32879 "-" "Mozilla/5.0 (Windows NT 10.0; Win64; x64) AppleWebKit/537.36 (KHTML, like Gecko) Chrome/92.0.4515.107 Safari/537.36"
182.212.150.73 - - [04/Jan/2025:01:08:41 +0300] "DELETE /index.html HTTP/1.1" 503 6506 "-" "Wget/1.19.5 (linux-gnu)"
146.55.198.94 - - [04/Jan/2025:01:09:44 +0300] "PUT /contact/ HTTP/1.1" 403 32778 "-" "Wget/1.19.5 (linux-gnu)"
182.212.150.73 - - [04/Jan/2025:01:10:26 +0300] "DELETE /contact/ HTTP/1.1" 501 1340 "-" "Opera/9.80 (X11; Linux i686; Ubuntu/14.10) Presto/2.12.388 Version/12.16"
146.55.198.94 - - [04/Jan/2025:01:12:50 +0300] "PUT /index.html HTTP/1.1" 400 31816 "-" "Safari/604.1 CFNetwork/893.14 Darwin/17.0.0 (x86_64)"
79.179.42.142 - - [04/Jan/2025:01:13:56 +0300] "DELETE /contact/ HTTP/1.1" 403 32151 "-" "Opera/9.80 (X11; Linux i686; Ubuntu/14.10) Presto/2.12.388 Version/12.16"
146.55.198.94 - - [04/Jan/2025:01:16:10 +0300] "GET /about-us/ HTTP/1.1" 503 16233 "-" "Mozilla/5.0 (Windows NT 10.0; Win64; x64) AppleWebKit/537.36 (KHTML, like Gecko) Chrome/92.0.4515.107 Safari/537.36"
182.212.150.73 - - [04/Jan/2025:01:16:24 +0300] "POST /about-us/ HTTP/1.1" 401 15690 "-" "Safari/604.1 CFNetwork/893.14 Darwin/17.0.0 (x86_64)"
21.224.156.88 - - [04/Jan/2025:01:18:24 +0300] "DELETE /products/ HTTP/1.1" 404 16723 "-" "Opera/9.80 (X11; Linux i686; Ubuntu/14.10) Presto/2.12.388 Version/12.16"
237.80.16.71 - - [04/Jan/2025:01:20:34 +0300] "DELETE /services/ HTTP/1.1" 404 10117 "-" "Safari/604.1 CFNetwork/893.14 Darwin/17.0.0 (x86_64)"
202.194.16.171 - - [04/Jan/2025:01:22:03 +0300] "DELETE /services/ HTTP/1.1" 500 19523 "-" "Mozilla/5.0 (Windows NT 10.0; Win64; x64) AppleWebKit/537.36 (KHTML, like Gecko) Chrome/92.0.4515.107 Safari/537.36"
206.74.177.39 - - [04/Jan/2025:01:23:13 +0300] "DELETE /services/ HTTP/1.1" 403 14120 "-" "Mozilla/5.0 (Windows NT 10.0; Win64; x64) AppleWebKit/537.36 (KHTML, like Gecko) Chrome/92.0.4515.107 Safari/537.36"
237.80.16.71 - - [04/Jan/2025:01:25:38 +0300] "GET /about-us/ HTTP/1.1" 404 1130 "-" "Wget/1.19.5 (linux-gnu)"
206.74.177.39 - - [04/Jan/2025:01:26:27 +0300] "DELETE /about-us/ HTTP/1.1" 201 24381 "-" "Microsoft Edge 44.18362.449.0; Windows 10; ARM64"
206.74.177.39 - - [04/Jan/2025:01:29:12 +0300] "DELETE /contact/ HTTP/1.1" 503 14590 "-" "Mozilla/5.0 (Windows NT 10.0; Win64; x64) AppleWebKit/537.36 (KHTML, like Gecko) Chrome/92.0.4515.107 Safari/537.36"
146.55.198.94 - - [04/Jan/2025:01:29:35 +0300] "PUT /services/ HTTP/1.1" 501 7882 "-" "Wget/1.19.5 (linux-gnu)"
202.194.16.171 - - [04/Jan/2025:01:29:42 +0300] "PUT /products/ HTTP/1.1" 500 13015 "-" "Internet Explorer 7.0; Windows NT 6.0; Trident/5.0"
83.214.79.193 - - [04/Jan/2025:01:31:25 +0300] "GET /products/ HTTP/1.1" 201 25249 "-" "Microsoft Edge 44.18362.449.0; Windows 10; ARM64"
21.224.156.88 - - [04/Jan/2025:01:33:40 +0300] "DELETE /contact/ HTTP/1.1" 502 2919 "-" "Opera/9.80 (X11; Linux i686; Ubuntu/14.10) Presto/2.12.388 Version/12.16"
83.214.79.193 - - [04/Jan/2025:01:36:29 +0300] "PUT /products/ HTTP/1.1" 201 2869 "-" "Microsoft Edge 44.18362.449.0; Windows 10; ARM64"
83.214.79.193 - - [04/Jan/2025:01:36:59 +0300] "PATCH /contact/ HTTP/1.1" 401 27442 "-" "Internet Explorer 7.0; Windows NT 6.0; Trident/5.0"
21.224.156.88 - - [04/Jan/2025:01:39:20 +0300] "DELETE /contact/ HTTP/1.1" 500 25250 "-" "Microsoft Edge 44.18362.449.0; Windows 10; ARM64"
79.179.42.142 - - [04/Jan/2025:01:39:35 +0300] "GET /products/ HTTP/1.1" 401 13950 "-" "Safari/604.1 CFNetwork/893.14 Darwin/17.0.0 (x86_64)"
237.80.16.71 - - [04/Jan/2025:01:40:20 +0300] "GET /contact/ HTTP/1.1" 503 26606 "-" "Crawler Bot v1.0 (+https://example.com/bot.html)"
228.144.164.101 - - [04/Jan/2025:01:40:59 +0300] "PATCH /products/ HTTP/1.1" 201 26935 "-" "Microsoft Edge 44.18362.449.0; Windows 10; ARM64"
182.212.150.73 - - [04/Jan/2025:01:41:25 +0300] "PUT /about-us/ HTTP/1.1" 502 24767 "-" "Microsoft Edge 44.18362.449.0; Windows 10; ARM64"
191.22.97.183 - - [04/Jan/2025:01:41:28 +0300] "POST /about-us/ HTTP/1.1" 501 22777 "-" "Wget/1.19.5 (linux-gnu)"
206.74.177.39 - - [04/Jan/2025:01:44:11 +0300] "DELETE /about-us/ HTTP/1.1" 400 29718 "-" "Wget/1.19.5 (linux-gnu)"
79.179.42.142 - - [04/Jan/2025:01:45:55 +0300] "PATCH /about-us/ HTTP/1.1" 501 8782 "-" "Safari/604.1 CFNetwork/893.14 Darwin/17.0.0 (x86_64)"
146.55.198.94 - - [04/Jan/2025:01:47:06 +0300] "DELETE /about-us/ HTTP/1.1" 500 31784 "-" "Wget/1.19.5 (linux-gnu)"
191.22.97.183 - - [04/Jan/2025:01:48:33 +0300] "GET /products/ HTTP/1.1" 403 15734 "-" "Wget/1.19.5 (linux-gnu)"
182.212.150.73 - - [04/Jan/2025:01:49:23 +0300] "POST /services/ HTTP/1.1" 200 28858 "-" "Safari/604.1 CFNetwork/893.14 Darwin/17.0.0 (x86_64)"
206.74.177.39 - - [04/Jan/2025:01:50:38 +0300] "PATCH /services/ HTTP/1.1" 404 2636 "-" "Crawler Bot v1.0 (+https://example.com/bot.html)"
206.74.177.39 - - [04/Jan/2025:01:51:53 +0300] "PUT /contact/ HTTP/1.1" 401 28271 "-" "Wget/1.19.5 (linux-gnu)"
79.179.42.142 - - [04/Jan/2025:01:53:02 +0300] "GET /about-us/ HTTP/1.1" 200 29469 "-" "Microsoft Edge 44.18362.449.0; Windows 10; ARM64"
21.224.156.88 - - [04/Jan/2025:01:54:13 +0300] "POST /contact/ HTTP/1.1" 403 30118 "-" "Wget/1.19.5 (linux-gnu)"
21.224.156.88 - - [04/Jan/2025:01:56:35 +0300] "PUT /services/ HTTP/1.1" 400 14012 "-" "Crawler Bot v1.0 (+https://example.com/bot.html)"
237.80.16.71 - - [04/Jan/2025:01:57:01 +0300] "PUT /contact/ HTTP/1.1" 503 29446 "-" "Mozilla/5.0 (Windows NT 10.0; Win64; x64) AppleWebKit/537.36 (KHTML, like Gecko) Chrome/92.0.4515.107 Safari/537.36"
202.194.16.171 - - [04/Jan/2025:01:58:33 +0300] "GET /services/ HTTP/1.1" 503 30752 "-" "Opera/9.80 (X11; Linux i686; Ubuntu/14.10) Presto/2.12.388 Version/12.16"
182.212.150.73 - - [04/Jan/2025:01:58:45 +0300] "GET /about-us/ HTTP/1.1" 200 22609 "-" "Mozilla/5.0 (Windows NT 10.0; Win64; x64) AppleWebKit/537.36 (KHTML, like Gecko) Chrome/92.0.4515.107 Safari/537.36"
146.55.198.94 - - [04/Jan/2025:01:58:53 +0300] "DELETE /index.html HTTP/1.1" 500 22609 "-" "Opera/9.80 (X11; Linux i686; Ubuntu/14.10) Presto/2.12.388 Version/12.16"
182.212.150.73 - - [04/Jan/2025:02:00:28 +0300] "POST /about-us/ HTTP/1.1" 501 33419 "-" "Internet Explorer 7.0; Windows NT 6.0; Trident/5.0"
130.195.42.222 - - [04/Jan/2025:02:00:32 +0300] "PUT /index.html HTTP/1.1" 502 32841 "-" "Opera/9.80 (X11; Linux i686; Ubuntu/14.10) Presto/2.12.388 Version/12.16"
146.55.198.94 - - [04/Jan/2025:02:01:35 +0300] "DELETE /contact/ HTTP/1.1" 400 20203 "-" "Internet Explorer 7.0; Windows NT 6.0; Trident/5.0"
182.212.150.73 - - [04/Jan/2025:02:02:01 +0300] "DELETE /products/ HTTP/1.1" 403 3232 "-" "Crawler Bot v1.0 (+https://example.com/bot.html)"
130.195.42.222 - - [04/Jan/2025:02:04:43 +0300] "PATCH /index.html HTTP/1.1" 404 6792 "-" "Safari/604.1 CFNetwork/893.14 Darwin/17.0.0 (x86_64)"
79.179.42.142 - - [04/Jan/2025:02:06:07 +0300] "PUT /about-us/ HTTP/1.1" 201 15895 "-" "Safari/604.1 CFNetwork/893.14 Darwin/17.0.0 (x86_64)"
21.224.156.88 - - [04/Jan/2025:02:06:17 +0300] "POST /contact/ HTTP/1.1" 401 20931 "-" "Crawler Bot v1.0 (+https://example.com/bot.html)"
83.214.79.193 - - [04/Jan/2025:02:08:01 +0300] "DELETE /services/ HTTP/1.1" 503 12531 "-" "Internet Explorer 7.0; Windows NT 6.0; Trident/5.0"
130.195.42.222 - - [04/Jan/2025:02:08:17 +0300] "PUT /about-us/ HTTP/1.1" 503 28017 "-" "Internet Explorer 7.0; Windows NT 6.0; Trident/5.0"
202.194.16.171 - - [04/Jan/2025:02:09:17 +0300] "PATCH /contact/ HTTP/1.1" 201 4863 "-" "Microsoft Edge 44.18362.449.0; Windows 10; ARM64"
191.22.97.183 - - [04/Jan/2025:02:10:02 +0300] "POST /services/ HTTP/1.1" 401 5450 "-" "Opera/9.80 (X11; Linux i686; Ubuntu/14.10) Presto/2.12.388 Version/12.16"
206.74.177.39 - - [04/Jan/2025:02:11:36 +0300] "PUT /services/ HTTP/1.1" 501 7232 "-" "Crawler Bot v1.0 (+https://example.com/bot.html)"
191.22.97.183 - - [04/Jan/2025:02:13:11 +0300] "DELETE /about-us/ HTTP/1.1" 401 20396 "-" "Mozilla/5.0 (Windows NT 10.0; Win64; x64) AppleWebKit/537.36 (KHTML, like Gecko) Chrome/92.0.4515.107 Safari/537.36"
191.22.97.183 - - [04/Jan/2025:02:15:42 +0300] "POST /contact/ HTTP/1.1" 501 31909 "-" "Internet Explorer 7.0; Windows NT 6.0; Trident/5.0"
237.80.16.71 - - [04/Jan/2025:02:16:44 +0300] "PATCH /index.html HTTP/1.1" 400 10733 "-" "Internet Explorer 7.0; Windows NT 6.0; Trident/5.0"
237.80.16.71 - - [04/Jan/2025:02:16:59 +0300] "GET /index.html HTTP/1.1" 400 19215 "-" "Mozilla/5.0 (Windows NT 10.0; Win64; x64) AppleWebKit/537.36 (KHTML, like Gecko) Chrome/92.0.4515.107 Safari/537.36"
182.212.150.73 - - [04/Jan/2025:02:17:09 +0300] "PATCH /index.html HTTP/1.1" 500 17296 "-" "Microsoft Edge 44.18362.449.0; Windows 10; ARM64"
237.80.16.71 - - [04/Jan/2025:02:17:20 +0300] "POST /about-us/ HTTP/1.1" 503 9567 "-" "Mozilla/5.0 (Windows NT 10.0; Win64; x64) AppleWebKit/537.36 (KHTML, like Gecko) Chrome/92.0.4515.107 Safari/537.36"
237.80.16.71 - - [04/Jan/2025:02:18:45 +0300] "PATCH /contact/ HTTP/1.1" 400 2530 "-" "Opera/9.80 (X11; Linux i686; Ubuntu/14.10) Presto/2.12.388 Version/12.16"
228.144.164.101 - - [04/Jan/2025:02:19:11 +0300] "PATCH /contact/ HTTP/1.1" 401 21972 "-" "Safari/604.1 CFNetwork/893.14 Darwin/17.0.0 (x86_64)"
182.212.150.73 - - [04/Jan/2025:02:21:56 +0300] "DELETE /contact/ HTTP/1.1" 403 10923 "-" "Mozilla/5.0 (Windows NT 10.0; Win64; x64) AppleWebKit/537.36 (KHTML, like Gecko) Chrome/92.0.4515.107 Safari/537.36"
206.74.177.39 - - [04/Jan/2025:02:24:43 +0300] "POST /services/ HTTP/1.1" 201 30294 "-" "Opera/9.80 (X11; Linux i686; Ubuntu/14.10) Presto/2.12.388 Version/12.16"
79.179.42.142 - - [04/Jan/2025:02:25:21 +0300] "PATCH /index.html HTTP/1.1" 201 28113 "-" "Opera/9.80 (X11; Linux i686; Ubuntu/14.10) Presto/2.12.388 Version/12.16"
228.144.164.101 - - [04/Jan/2025:02:26:51 +0300] "PATCH /services/ HTTP/1.1" 403 11125 "-" "Microsoft Edge 44.18362.449.0; Windows 10; ARM64"
191.22.97.183 - - [04/Jan/2025:02:28:07 +0300] "DELETE /about-us/ HTTP/1.1" 501 4276 "-" "Safari/604.1 CFNetwork/893.14 Darwin/17.0.0 (x86_64)"
228.144.164.101 - - [04/Jan/2025:02:29:41 +0300] "POST /about-us/ HTTP/1.1" 201 15925 "-" "Crawler Bot v1.0 (+https://example.com/bot.html)"
146.55.198.94 - - [04/Jan/2025:02:29:57 +0300] "PATCH /products/ HTTP/1.1" 401 7487 "-" "Wget/1.19.5 (linux-gnu)"
182.212.150.73 - - [04/Jan/2025:02:30:28 +0300] "GET /index.html HTTP/1.1" 400 18819 "-" "Safari/604.1 CFNetwork/893.14 Darwin/17.0.0 (x86_64)"
182.212.150.73 - - [04/Jan/2025:02:31:22 +0300] "POST /services/ HTTP/1.1" 403 14774 "-" "Internet Explorer 7.0; Windows NT 6.0; Trident/5.0"
146.55.198.94 - - [04/Jan/2025:02:32:31 +0300] "PATCH /services/ HTTP/1.1" 200 12674 "-" "Wget/1.19.5 (linux-gnu)"
206.74.177.39 - - [04/Jan/2025:02:35:00 +0300] "PUT /contact/ HTTP/1.1" 502 14015 "-" "Wget/1.19.5 (linux-gnu)"
130.195.42.222 - - [04/Jan/2025:02:35:38 +0300] "GET /index.html HTTP/1.1" 403 10187 "-" "Microsoft Edge 44.18362.449.0; Windows 10; ARM64"
79.179.42.142 - - [04/Jan/2025:02:37:52 +0300] "GET /products/ HTTP/1.1" 201 6539 "-" "Crawler Bot v1.0 (+https://example.com/bot.html)"
206.74.177.39 - - [04/Jan/2025:02:39:28 +0300] "PUT /about-us/ HTTP/1.1" 200 26954 "-" "Internet Explorer 7.0; Windows NT 6.0; Trident/5.0"
79.179.42.142 - - [04/Jan/2025:02:42:06 +0300] "GET /about-us/ HTTP/1.1" 500 10795 "-" "Microsoft Edge 44.18362.449.0; Windows 10; ARM64"
182.212.150.73 - - [04/Jan/2025:02:43:33 +0300] "PUT /products/ HTTP/1.1" 501 5378 "-" "Crawler Bot v1.0 (+https://example.com/bot.html)"
130.195.42.222 - - [04/Jan/2025:02:44:52 +0300] "DELETE /services/ HTTP/1.1" 200 3964 "-" "Internet Explorer 7.0; Windows NT 6.0; Trident/5.0"
191.22.97.183 - - [04/Jan/2025:02:45:13 +0300] "PATCH /services/ HTTP/1.1" 403 31785 "-" "Crawler Bot v1.0 (+https://example.com/bot.html)"
79.179.42.142 - - [04/Jan/2025:02:46:19 +0300] "PATCH /index.html HTTP/1.1" 401 23503 "-" "Crawler Bot v1.0 (+https://example.com/bot.html)"
206.74.177.39 - - [04/Jan/2025:02:48:56 +0300] "POST /about-us/ HTTP/1.1" 404 18958 "-" "Wget/1.19.5 (linux-gnu)"
237.80.16.71 - - [04/Jan/2025:02:49:55 +0300] "PATCH /about-us/ HTTP/1.1" 500 1598 "-" "Internet Explorer 7.0; Windows NT 6.0; Trident/5.0"
130.195.42.222 - - [04/Jan/2025:02:52:14 +0300] "PUT /contact/ HTTP/1.1" 200 30652 "-" "Mozilla/5.0 (Windows NT 10.0; Win64; x64) AppleWebKit/537.36 (KHTML, like Gecko) Chrome/92.0.4515.107 Safari/537.36"
237.80.16.71 - - [04/Jan/2025:02:52:19 +0300] "PUT /contact/ HTTP/1.1" 401 5352 "-" "Wget/1.19.5 (linux-gnu)"
237.80.16.71 - - [04/Jan/2025:02:52:37 +0300] "GET /services/ HTTP/1.1" 500 16236 "-" "Safari/604.1 CFNetwork/893.14 Darwin/17.0.0 (x86_64)"
202.194.16.171 - - [04/Jan/2025:02:53:11 +0300] "DELETE /services/ HTTP/1.1" 404 29659 "-" "Internet Explorer 7.0; Windows NT 6.0; Trident/5.0"
206.74.177.39 - - [04/Jan/2025:02:55:13 +0300] "PUT /products/ HTTP/1.1" 200 29589 "-" "Opera/9.80 (X11; Linux i686; Ubuntu/14.10) Presto/2.12.388 Version/12.16"
237.80.16.71 - - [04/Jan/2025:02:56:08 +0300] "GET /products/ HTTP/1.1" 401 27345 "-" "Internet Explorer 7.0; Windows NT 6.0; Trident/5.0"
191.22.97.183 - - [04/Jan/2025:02:56:28 +0300] "GET /products/ HTTP/1.1" 200 20839 "-" "Opera/9.80 (X11; Linux i686; Ubuntu/14.10) Presto/2.12.388 Version/12.16"
146.55.198.94 - - [04/Jan/2025:02:58:06 +0300] "POST /index.html HTTP/1.1" 201 14979 "-" "Wget/1.19.5 (linux-gnu)"
182.212.150.73 - - [04/Jan/2025:03:00:42 +0300] "DELETE /services/ HTTP/1.1" 404 27297 "-" "Internet Explorer 7.0; Windows NT 6.0; Trident/5.0"
83.214.79.193 - - [04/Jan/2025:03:02:20 +0300] "GET /about-us/ HTTP/1.1" 401 20996 "-" "Safari/604.1 CFNetwork/893.14 Darwin/17.0.0 (x86_64)"
191.22.97.183 - - [04/Jan/2025:03:04:02 +0300] "PATCH /index.html HTTP/1.1" 500 30295 "-" "Mozilla/5.0 (Windows NT 10.0; Win64; x64) AppleWebKit/537.36 (KHTML, like Gecko) Chrome/92.0.4515.107 Safari/537.36"
130.195.42.222 - - [04/Jan/2025:03:06:28 +0300] "PUT /contact/ HTTP/1.1" 501 6020 "-" "Mozilla/5.0 (Windows NT 10.0; Win64; x64) AppleWebKit/537.36 (KHTML, like Gecko) Chrome/92.0.4515.107 Safari/537.36"
206.74.177.39 - - [04/Jan/2025:03:07:30 +0300] "DELETE /products/ HTTP/1.1" 403 11011 "-" "Crawler Bot v1.0 (+https://example.com/bot.html)"
182.212.150.73 - - [04/Jan/2025:03:09:21 +0300] "GET /contact/ HTTP/1.1" 403 19627 "-" "Mozilla/5.0 (Windows NT 10.0; Win64; x64) AppleWebKit/537.36 (KHTML, like Gecko) Chrome/92.0.4515.107 Safari/537.36"
146.55.198.94 - - [04/Jan/2025:03:10:08 +0300] "POST /services/ HTTP/1.1" 400 3304 "-" "Crawler Bot v1.0 (+https://example.com/bot.html)"
182.212.150.73 - - [04/Jan/2025:03:10:25 +0300] "PATCH /products/ HTTP/1.1" 403 21602 "-" "Mozilla/5.0 (Windows NT 10.0; Win64; x64) AppleWebKit/537.36 (KHTML, like Gecko) Chrome/92.0.4515.107 Safari/537.36"
206.74.177.39 - - [04/Jan/2025:03:12:00 +0300] "PUT /about-us/ HTTP/1.1" 503 28630 "-" "Opera/9.80 (X11; Linux i686; Ubuntu/14.10) Presto/2.12.388 Version/12.16"
130.195.42.222 - - [04/Jan/2025:03:13:33 +0300] "POST /about-us/ HTTP/1.1" 200 31811 "-" "Internet Explorer 7.0; Windows NT 6.0; Trident/5.0"
237.80.16.71 - - [04/Jan/2025:03:15:23 +0300] "PUT /about-us/ HTTP/1.1" 200 21132 "-" "Safari/604.1 CFNetwork/893.14 Darwin/17.0.0 (x86_64)"
83.214.79.193 - - [04/Jan/2025:03:17:29 +0300] "PUT /services/ HTTP/1.1" 500 27734 "-" "Crawler Bot v1.0 (+https://example.com/bot.html)"
228.144.164.101 - - [04/Jan/2025:03:18:41 +0300] "POST /contact/ HTTP/1.1" 403 7737 "-" "Wget/1.19.5 (linux-gnu)"
146.55.198.94 - - [04/Jan/2025:03:18:53 +0300] "PUT /products/ HTTP/1.1" 401 31348 "-" "Microsoft Edge 44.18362.449.0; Windows 10; ARM64"
237.80.16.71 - - [04/Jan/2025:03:20:02 +0300] "DELETE /services/ HTTP/1.1" 201 31982 "-" "Mozilla/5.0 (Windows NT 10.0; Win64; x64) AppleWebKit/537.36 (KHTML, like Gecko) Chrome/92.0.4515.107 Safari/537.36"
83.214.79.193 - - [04/Jan/2025:03:21:09 +0300] "PATCH /products/ HTTP/1.1" 400 3130 "-" "Mozilla/5.0 (Windows NT 10.0; Win64; x64) AppleWebKit/537.36 (KHTML, like Gecko) Chrome/92.0.4515.107 Safari/537.36"
79.179.42.142 - - [04/Jan/2025:03:21:22 +0300] "PUT /about-us/ HTTP/1.1" 404 10476 "-" "Mozilla/5.0 (Windows NT 10.0; Win64; x64) AppleWebKit/537.36 (KHTML, like Gecko) Chrome/92.0.4515.107 Safari/537.36"
237.80.16.71 - - [04/Jan/2025:03:22:42 +0300] "GET /about-us/ HTTP/1.1" 503 9063 "-" "Wget/1.19.5 (linux-gnu)"
237.80.16.71 - - [04/Jan/2025:03:23:04 +0300] "DELETE /contact/ HTTP/1.1" 401 30143 "-" "Microsoft Edge 44.18362.449.0; Windows 10; ARM64"
206.74.177.39 - - [04/Jan/2025:03:24:14 +0300] "POST /about-us/ HTTP/1.1" 200 14281 "-" "Mozilla/5.0 (Windows NT 10.0; Win64; x64) AppleWebKit/537.36 (KHTML, like Gecko) Chrome/92.0.4515.107 Safari/537.36"
130.195.42.222 - - [04/Jan/2025:03:24:59 +0300] "GET /contact/ HTTP/1.1" 500 24493 "-" "Crawler Bot v1.0 (+https://example.com/bot.html)"
202.194.16.171 - - [04/Jan/2025:03:27:16 +0300] "PATCH /products/ HTTP/1.1" 403 31623 "-" "Safari/604.1 CFNetwork/893.14 Darwin/17.0.0 (x86_64)"
130.195.42.222 - - [04/Jan/2025:03:28:22 +0300] "GET /index.html HTTP/1.1" 201 7862 "-" "Crawler Bot v1.0 (+https://example.com/bot.html)"
228.144.164.101 - - [04/Jan/2025:03:29:57 +0300] "PUT /contact/ HTTP/1.1" 200 31649 "-" "Wget/1.19.5 (linux-gnu)"
182.212.150.73 - - [04/Jan/2025:03:31:55 +0300] "DELETE /products/ HTTP/1.1" 201 6880 "-" "Crawler Bot v1.0 (+https://example.com/bot.html)"
191.22.97.183 - - [04/Jan/2025:03:34:39 +0300] "PATCH /about-us/ HTTP/1.1" 404 9683 "-" "Crawler Bot v1.0 (+https://example.com/bot.html)"
130.195.42.222 - - [04/Jan/2025:03:36:08 +0300] "GET /index.html HTTP/1.1" 502 2354 "-" "Opera/9.80 (X11; Linux i686; Ubuntu/14.10) Presto/2.12.388 Version/12.16"
237.80.16.71 - - [04/Jan/2025:03:36:53 +0300] "DELETE /index.html HTTP/1.1" 400 9391 "-" "Mozilla/5.0 (Windows NT 10.0; Win64; x64) AppleWebKit/537.36 (KHTML, like Gecko) Chrome/92.0.4515.107 Safari/537.36"
182.212.150.73 - - [04/Jan/2025:03:38:31 +0300] "DELETE /index.html HTTP/1.1" 201 28331 "-" "Internet Explorer 7.0; Windows NT 6.0; Trident/5.0"
182.212.150.73 - - [04/Jan/2025:03:40:10 +0300] "POST /products/ HTTP/1.1" 404 1112 "-" "Safari/604.1 CFNetwork/893.14 Darwin/17.0.0 (x86_64)"
206.74.177.39 - - [04/Jan/2025:03:40:34 +0300] "DELETE /services/ HTTP/1.1" 500 1447 "-" "Internet Explorer 7.0; Windows NT 6.0; Trident/5.0"
79.179.42.142 - - [04/Jan/2025:03:42:01 +0300] "GET /contact/ HTTP/1.1" 501 15853 "-" "Mozilla/5.0 (Windows NT 10.0; Win64; x64) AppleWebKit/537.36 (KHTML, like Gecko) Chrome/92.0.4515.107 Safari/537.36"
237.80.16.71 - - [04/Jan/2025:03:43:51 +0300] "PATCH /products/ HTTP/1.1" 403 30247 "-" "Safari/604.1 CFNetwork/893.14 Darwin/17.0.0 (x86_64)"
206.74.177.39 - - [04/Jan/2025:03:46:13 +0300] "POST /services/ HTTP/1.1" 503 27514 "-" "Opera/9.80 (X11; Linux i686; Ubuntu/14.10) Presto/2.12.388 Version/12.16"
228.144.164.101 - - [04/Jan/2025:03:49:00 +0300] "PUT /index.html HTTP/1.1" 501 25836 "-" "Mozilla/5.0 (Windows NT 10.0; Win64; x64) AppleWebKit/537.36 (KHTML, like Gecko) Chrome/92.0.4515.107 Safari/537.36"
228.144.164.101 - - [04/Jan/2025:03:49:55 +0300] "PUT /index.html HTTP/1.1" 503 7268 "-" "Wget/1.19.5 (linux-gnu)"
237.80.16.71 - - [04/Jan/2025:03:51:45 +0300] "PUT /contact/ HTTP/1.1" 201 14217 "-" "Opera/9.80 (X11; Linux i686; Ubuntu/14.10) Presto/2.12.388 Version/12.16"
146.55.198.94 - - [04/Jan/2025:03:52:41 +0300] "GET /about-us/ HTTP/1.1" 401 2845 "-" "Crawler Bot v1.0 (+https://example.com/bot.html)"
202.194.16.171 - - [04/Jan/2025:03:53:18 +0300] "PATCH /products/ HTTP/1.1" 200 2868 "-" "Opera/9.80 (X11; Linux i686; Ubuntu/14.10) Presto/2.12.388 Version/12.16"
237.80.16.71 - - [04/Jan/2025:03:53:23 +0300] "PATCH /index.html HTTP/1.1" 501 23163 "-" "Microsoft Edge 44.18362.449.0; Windows 10; ARM64"
206.74.177.39 - - [04/Jan/2025:03:53:28 +0300] "GET /index.html HTTP/1.1" 401 11337 "-" "Microsoft Edge 44.18362.449.0; Windows 10; ARM64"
206.74.177.39 - - [04/Jan/2025:03:56:14 +0300] "PUT /about-us/ HTTP/1.1" 200 22851 "-" "Internet Explorer 7.0; Windows NT 6.0; Trident/5.0"
206.74.177.39 - - [04/Jan/2025:03:56:52 +0300] "DELETE /contact/ HTTP/1.1" 503 15696 "-" "Mozilla/5.0 (Windows NT 10.0; Win64; x64) AppleWebKit/537.36 (KHTML, like Gecko) Chrome/92.0.4515.107 Safari/537.36"
83.214.79.193 - - [04/Jan/2025:03:59:08 +0300] "PATCH /about-us/ HTTP/1.1" 502 14984 "-" "Wget/1.19.5 (linux-gnu)"
83.214.79.193 - - [04/Jan/2025:04:01:43 +0300] "PATCH /about-us/ HTTP/1.1" 403 12693 "-" "Safari/604.1 CFNetwork/893.14 Darwin/17.0.0 (x86_64)"
228.144.164.101 - - [04/Jan/2025:04:04:17 +0300] "PUT /services/ HTTP/1.1" 503 17666 "-" "Wget/1.19.5 (linux-gnu)"
146.55.198.94 - - [04/Jan/2025:04:06:06 +0300] "PUT /about-us/ HTTP/1.1" 403 33646 "-" "Mozilla/5.0 (Windows NT 10.0; Win64; x64) AppleWebKit/537.36 (KHTML, like Gecko) Chrome/92.0.4515.107 Safari/537.36"
191.22.97.183 - - [04/Jan/2025:04:07:03 +0300] "PATCH /products/ HTTP/1.1" 503 29729 "-" "Microsoft Edge 44.18362.449.0; Windows 10; ARM64"
228.144.164.101 - - [04/Jan/2025:04:07:51 +0300] "DELETE /contact/ HTTP/1.1" 404 21393 "-" "Safari/604.1 CFNetwork/893.14 Darwin/17.0.0 (x86_64)"
182.212.150.73 - - [04/Jan/2025:04:08:54 +0300] "PUT /contact/ HTTP/1.1" 404 26802 "-" "Opera/9.80 (X11; Linux i686; Ubuntu/14.10) Presto/2.12.388 Version/12.16"
206.74.177.39 - - [04/Jan/2025:04:09:53 +0300] "POST /index.html HTTP/1.1" 401 30093 "-" "Internet Explorer 7.0; Windows NT 6.0; Trident/5.0"
130.195.42.222 - - [04/Jan/2025:04:10:31 +0300] "POST /products/ HTTP/1.1" 201 24770 "-" "Safari/604.1 CFNetwork/893.14 Darwin/17.0.0 (x86_64)"
146.55.198.94 - - [04/Jan/2025:04:12:16 +0300] "GET /contact/ HTTP/1.1" 404 8286 "-" "Internet Explorer 7.0; Windows NT 6.0; Trident/5.0"
228.144.164.101 - - [04/Jan/2025:04:14:34 +0300] "PUT /index.html HTTP/1.1" 201 23954 "-" "Microsoft Edge 44.18362.449.0; Windows 10; ARM64"
146.55.198.94 - - [04/Jan/2025:04:15:13 +0300] "PATCH /services/ HTTP/1.1" 200 28494 "-" "Opera/9.80 (X11; Linux i686; Ubuntu/14.10) Presto/2.12.388 Version/12.16"
83.214.79.193 - - [04/Jan/2025:04:16:31 +0300] "DELETE /about-us/ HTTP/1.1" 400 5421 "-" "Microsoft Edge 44.18362.449.0; Windows 10; ARM64"
130.195.42.222 - - [04/Jan/2025:04:17:47 +0300] "GET /services/ HTTP/1.1" 200 29264 "-" "Wget/1.19.5 (linux-gnu)"
202.194.16.171 - - [04/Jan/2025:04:20:26 +0300] "GET /products/ HTTP/1.1" 502 31024 "-" "Internet Explorer 7.0; Windows NT 6.0; Trident/5.0"
191.22.97.183 - - [04/Jan/2025:04:21:52 +0300] "DELETE /contact/ HTTP/1.1" 401 28907 "-" "Mozilla/5.0 (Windows NT 10.0; Win64; x64) AppleWebKit/537.36 (KHTML, like Gecko) Chrome/92.0.4515.107 Safari/537.36"
79.179.42.142 - - [04/Jan/2025:04:22:13 +0300] "PUT /contact/ HTTP/1.1" 403 25445 "-" "Wget/1.19.5 (linux-gnu)"
191.22.97.183 - - [04/Jan/2025:04:25:00 +0300] "GET /contact/ HTTP/1.1" 500 14558 "-" "Internet Explorer 7.0; Windows NT 6.0; Trident/5.0"
79.179.42.142 - - [04/Jan/2025:04:25:05 +0300] "DELETE /services/ HTTP/1.1" 502 15983 "-" "Microsoft Edge 44.18362.449.0; Windows 10; ARM64"
21.224.156.88 - - [04/Jan/2025:04:27:09 +0300] "PATCH /index.html HTTP/1.1" 201 15455 "-" "Mozilla/5.0 (Windows NT 10.0; Win64; x64) AppleWebKit/537.36 (KHTML, like Gecko) Chrome/92.0.4515.107 Safari/537.36"
130.195.42.222 - - [04/Jan/2025:04:28:58 +0300] "PUT /services/ HTTP/1.1" 502 10870 "-" "Wget/1.19.5 (linux-gnu)"
21.224.156.88 - - [04/Jan/2025:04:29:36 +0300] "GET /contact/ HTTP/1.1" 501 1926 "-" "Internet Explorer 7.0; Windows NT 6.0; Trident/5.0"
146.55.198.94 - - [04/Jan/2025:04:31:38 +0300] "GET /about-us/ HTTP/1.1" 200 16250 "-" "Mozilla/5.0 (Windows NT 10.0; Win64; x64) AppleWebKit/537.36 (KHTML, like Gecko) Chrome/92.0.4515.107 Safari/537.36"
191.22.97.183 - - [04/Jan/2025:04:33:41 +0300] "GET /services/ HTTP/1.1" 403 26175 "-" "Microsoft Edge 44.18362.449.0; Windows 10; ARM64"
21.224.156.88 - - [04/Jan/2025:04:34:35 +0300] "GET /services/ HTTP/1.1" 404 15992 "-" "Microsoft Edge 44.18362.449.0; Windows 10; ARM64"
130.195.42.222 - - [04/Jan/2025:04:35:07 +0300] "GET /services/ HTTP/1.1" 503 4269 "-" "Internet Explorer 7.0; Windows NT 6.0; Trident/5.0"
206.74.177.39 - - [04/Jan/2025:04:35:38 +0300] "DELETE /about-us/ HTTP/1.1" 501 27538 "-" "Crawler Bot v1.0 (+https://example.com/bot.html)"
130.195.42.222 - - [04/Jan/2025:04:36:35 +0300] "POST /products/ HTTP/1.1" 403 26308 "-" "Crawler Bot v1.0 (+https://example.com/bot.html)"
83.214.79.193 - - [04/Jan/2025:04:39:00 +0300] "PATCH /contact/ HTTP/1.1" 404 31509 "-" "Microsoft Edge 44.18362.449.0; Windows 10; ARM64"
206.74.177.39 - - [04/Jan/2025:04:39:05 +0300] "PATCH /products/ HTTP/1.1" 400 16422 "-" "Wget/1.19.5 (linux-gnu)"
79.179.42.142 - - [04/Jan/2025:04:40:44 +0300] "PUT /index.html HTTP/1.1" 200 1364 "-" "Safari/604.1 CFNetwork/893.14 Darwin/17.0.0 (x86_64)"
237.80.16.71 - - [04/Jan/2025:04:42:41 +0300] "POST /products/ HTTP/1.1" 400 22611 "-" "Wget/1.19.5 (linux-gnu)"
237.80.16.71 - - [04/Jan/2025:04:44:22 +0300] "GET /index.html HTTP/1.1" 200 19506 "-" "Internet Explorer 7.0; Windows NT 6.0; Trident/5.0"
206.74.177.39 - - [04/Jan/2025:04:45:23 +0300] "DELETE /contact/ HTTP/1.1" 503 13224 "-" "Safari/604.1 CFNetwork/893.14 Darwin/17.0.0 (x86_64)"
21.224.156.88 - - [04/Jan/2025:04:47:57 +0300] "POST /about-us/ HTTP/1.1" 501 29571 "-" "Opera/9.80 (X11; Linux i686; Ubuntu/14.10) Presto/2.12.388 Version/12.16"
237.80.16.71 - - [04/Jan/2025:04:48:12 +0300] "PATCH /contact/ HTTP/1.1" 501 4950 "-" "Crawler Bot v1.0 (+https://example.com/bot.html)"
182.212.150.73 - - [04/Jan/2025:04:49:52 +0300] "GET /index.html HTTP/1.1" 200 26609 "-" "Opera/9.80 (X11; Linux i686; Ubuntu/14.10) Presto/2.12.388 Version/12.16"
206.74.177.39 - - [04/Jan/2025:04:51:08 +0300] "PUT /about-us/ HTTP/1.1" 503 28587 "-" "Internet Explorer 7.0; Windows NT 6.0; Trident/5.0"
206.74.177.39 - - [04/Jan/2025:04:53:11 +0300] "PATCH /products/ HTTP/1.1" 201 10100 "-" "Crawler Bot v1.0 (+https://example.com/bot.html)"
182.212.150.73 - - [04/Jan/2025:04:54:35 +0300] "GET /products/ HTTP/1.1" 403 15159 "-" "Microsoft Edge 44.18362.449.0; Windows 10; ARM64"
146.55.198.94 - - [04/Jan/2025:04:55:28 +0300] "GET /about-us/ HTTP/1.1" 200 21253 "-" "Mozilla/5.0 (Windows NT 10.0; Win64; x64) AppleWebKit/537.36 (KHTML, like Gecko) Chrome/92.0.4515.107 Safari/537.36"
79.179.42.142 - - [04/Jan/2025:04:56:17 +0300] "PATCH /index.html HTTP/1.1" 401 20040 "-" "Mozilla/5.0 (Windows NT 10.0; Win64; x64) AppleWebKit/537.36 (KHTML, like Gecko) Chrome/92.0.4515.107 Safari/537.36"
83.214.79.193 - - [04/Jan/2025:04:58:05 +0300] "DELETE /products/ HTTP/1.1" 404 33216 "-" "Mozilla/5.0 (Windows NT 10.0; Win64; x64) AppleWebKit/537.36 (KHTML, like Gecko) Chrome/92.0.4515.107 Safari/537.36"
237.80.16.71 - - [04/Jan/2025:04:59:25 +0300] "GET /products/ HTTP/1.1" 501 8499 "-" "Opera/9.80 (X11; Linux i686; Ubuntu/14.10) Presto/2.12.388 Version/12.16"
21.224.156.88 - - [04/Jan/2025:05:01:30 +0300] "POST /products/ HTTP/1.1" 201 11269 "-" "Crawler Bot v1.0 (+https://example.com/bot.html)"
182.212.150.73 - - [04/Jan/2025:05:02:14 +0300] "DELETE /services/ HTTP/1.1" 404 14875 "-" "Safari/604.1 CFNetwork/893.14 Darwin/17.0.0 (x86_64)"
182.212.150.73 - - [04/Jan/2025:05:04:51 +0300] "GET /about-us/ HTTP/1.1" 403 23283 "-" "Wget/1.19.5 (linux-gnu)"
83.214.79.193 - - [04/Jan/2025:05:04:59 +0300] "GET /contact/ HTTP/1.1" 404 7793 "-" "Safari/604.1 CFNetwork/893.14 Darwin/17.0.0 (x86_64)"
79.179.42.142 - - [04/Jan/2025:05:05:22 +0300] "PATCH /about-us/ HTTP/1.1" 501 33062 "-" "Crawler Bot v1.0 (+https://example.com/bot.html)"
21.224.156.88 - - [04/Jan/2025:05:05:37 +0300] "DELETE /index.html HTTP/1.1" 503 19731 "-" "Wget/1.19.5 (linux-gnu)"
191.22.97.183 - - [04/Jan/2025:05:06:24 +0300] "POST /products/ HTTP/1.1" 403 15682 "-" "Microsoft Edge 44.18362.449.0; Windows 10; ARM64"
182.212.150.73 - - [04/Jan/2025:05:07:14 +0300] "PATCH /products/ HTTP/1.1" 403 7226 "-" "Opera/9.80 (X11; Linux i686; Ubuntu/14.10) Presto/2.12.388 Version/12.16"
182.212.150.73 - - [04/Jan/2025:05:07:48 +0300] "DELETE /index.html HTTP/1.1" 403 6083 "-" "Crawler Bot v1.0 (+https://example.com/bot.html)"
191.22.97.183 - - [04/Jan/2025:05:10:14 +0300] "PUT /about-us/ HTTP/1.1" 200 13491 "-" "Wget/1.19.5 (linux-gnu)"
202.194.16.171 - - [04/Jan/2025:05:11:52 +0300] "PUT /products/ HTTP/1.1" 502 4603 "-" "Microsoft Edge 44.18362.449.0; Windows 10; ARM64"
130.195.42.222 - - [04/Jan/2025:05:12:29 +0300] "DELETE /services/ HTTP/1.1" 502 6874 "-" "Crawler Bot v1.0 (+https://example.com/bot.html)"
146.55.198.94 - - [04/Jan/2025:05:14:57 +0300] "PUT /index.html HTTP/1.1" 403 8712 "-" "Opera/9.80 (X11; Linux i686; Ubuntu/14.10) Presto/2.12.388 Version/12.16"
206.74.177.39 - - [04/Jan/2025:05:17:12 +0300] "DELETE /products/ HTTP/1.1" 401 8134 "-" "Mozilla/5.0 (Windows NT 10.0; Win64; x64) AppleWebKit/537.36 (KHTML, like Gecko) Chrome/92.0.4515.107 Safari/537.36"
182.212.150.73 - - [04/Jan/2025:05:19:22 +0300] "GET /products/ HTTP/1.1" 400 16092 "-" "Opera/9.80 (X11; Linux i686; Ubuntu/14.10) Presto/2.12.388 Version/12.16"
206.74.177.39 - - [04/Jan/2025:05:22:01 +0300] "POST /about-us/ HTTP/1.1" 401 13713 "-" "Opera/9.80 (X11; Linux i686; Ubuntu/14.10) Presto/2.12.388 Version/12.16"
228.144.164.101 - - [04/Jan/2025:05:23:39 +0300] "DELETE /about-us/ HTTP/1.1" 403 29790 "-" "Microsoft Edge 44.18362.449.0; Windows 10; ARM64"
182.212.150.73 - - [04/Jan/2025:05:24:27 +0300] "POST /contact/ HTTP/1.1" 200 2269 "-" "Opera/9.80 (X11; Linux i686; Ubuntu/14.10) Presto/2.12.388 Version/12.16"
21.224.156.88 - - [04/Jan/2025:05:24:32 +0300] "PUT /contact/ HTTP/1.1" 403 25345 "-" "Wget/1.19.5 (linux-gnu)"
21.224.156.88 - - [04/Jan/2025:05:25:41 +0300] "POST /contact/ HTTP/1.1" 404 23056 "-" "Crawler Bot v1.0 (+https://example.com/bot.html)"
182.212.150.73 - - [04/Jan/2025:05:27:51 +0300] "POST /index.html HTTP/1.1" 503 18664 "-" "Microsoft Edge 44.18362.449.0; Windows 10; ARM64"
182.212.150.73 - - [04/Jan/2025:05:29:49 +0300] "PATCH /index.html HTTP/1.1" 503 33681 "-" "Crawler Bot v1.0 (+https://example.com/bot.html)"
182.212.150.73 - - [04/Jan/2025:05:30:43 +0300] "PATCH /index.html HTTP/1.1" 404 21099 "-" "Mozilla/5.0 (Windows NT 10.0; Win64; x64) AppleWebKit/537.36 (KHTML, like Gecko) Chrome/92.0.4515.107 Safari/537.36"
191.22.97.183 - - [04/Jan/2025:05:32:04 +0300] "GET /products/ HTTP/1.1" 400 15328 "-" "Safari/604.1 CFNetwork/893.14 Darwin/17.0.0 (x86_64)"
83.214.79.193 - - [04/Jan/2025:05:32:48 +0300] "PUT /index.html HTTP/1.1" 200 2282 "-" "Wget/1.19.5 (linux-gnu)"
182.212.150.73 - - [04/Jan/2025:05:33:02 +0300] "POST /services/ HTTP/1.1" 201 19331 "-" "Microsoft Edge 44.18362.449.0; Windows 10; ARM64"
21.224.156.88 - - [04/Jan/2025:05:34:15 +0300] "PATCH /products/ HTTP/1.1" 404 15224 "-" "Mozilla/5.0 (Windows NT 10.0; Win64; x64) AppleWebKit/537.36 (KHTML, like Gecko) Chrome/92.0.4515.107 Safari/537.36"
191.22.97.183 - - [04/Jan/2025:05:35:50 +0300] "DELETE /contact/ HTTP/1.1" 501 33787 "-" "Opera/9.80 (X11; Linux i686; Ubuntu/14.10) Presto/2.12.388 Version/12.16"
202.194.16.171 - - [04/Jan/2025:05:37:49 +0300] "PATCH /services/ HTTP/1.1" 400 7301 "-" "Opera/9.80 (X11; Linux i686; Ubuntu/14.10) Presto/2.12.388 Version/12.16"
83.214.79.193 - - [04/Jan/2025:05:39:42 +0300] "DELETE /about-us/ HTTP/1.1" 400 9963 "-" "Microsoft Edge 44.18362.449.0; Windows 10; ARM64"
182.212.150.73 - - [04/Jan/2025:05:40:59 +0300] "PATCH /contact/ HTTP/1.1" 200 13392 "-" "Opera/9.80 (X11; Linux i686; Ubuntu/14.10) Presto/2.12.388 Version/12.16"
191.22.97.183 - - [04/Jan/2025:05:42:27 +0300] "POST /index.html HTTP/1.1" 400 17434 "-" "Crawler Bot v1.0 (+https://example.com/bot.html)"
130.195.42.222 - - [04/Jan/2025:05:42:33 +0300] "PUT /products/ HTTP/1.1" 404 21332 "-" "Mozilla/5.0 (Windows NT 10.0; Win64; x64) AppleWebKit/537.36 (KHTML, like Gecko) Chrome/92.0.4515.107 Safari/537.36"
206.74.177.39 - - [04/Jan/2025:05:43:23 +0300] "PUT /services/ HTTP/1.1" 201 18283 "-" "Wget/1.19.5 (linux-gnu)"
146.55.198.94 - - [04/Jan/2025:05:45:23 +0300] "DELETE /about-us/ HTTP/1.1" 400 31162 "-" "Opera/9.80 (X11; Linux i686; Ubuntu/14.10) Presto/2.12.388 Version/12.16"
206.74.177.39 - - [04/Jan/2025:05:47:32 +0300] "PUT /about-us/ HTTP/1.1" 400 5512 "-" "Wget/1.19.5 (linux-gnu)"
182.212.150.73 - - [04/Jan/2025:05:50:18 +0300] "POST /index.html HTTP/1.1" 501 23729 "-" "Internet Explorer 7.0; Windows NT 6.0; Trident/5.0"
83.214.79.193 - - [04/Jan/2025:05:52:54 +0300] "POST /about-us/ HTTP/1.1" 401 2768 "-" "Crawler Bot v1.0 (+https://example.com/bot.html)"
146.55.198.94 - - [04/Jan/2025:05:53:15 +0300] "POST /services/ HTTP/1.1" 502 16197 "-" "Opera/9.80 (X11; Linux i686; Ubuntu/14.10) Presto/2.12.388 Version/12.16"
228.144.164.101 - - [04/Jan/2025:05:55:06 +0300] "PATCH /about-us/ HTTP/1.1" 502 5836 "-" "Opera/9.80 (X11; Linux i686; Ubuntu/14.10) Presto/2.12.388 Version/12.16"
202.194.16.171 - - [04/Jan/2025:05:56:39 +0300] "GET /products/ HTTP/1.1" 200 5785 "-" "Safari/604.1 CFNetwork/893.14 Darwin/17.0.0 (x86_64)"
182.212.150.73 - - [04/Jan/2025:05:59:13 +0300] "PATCH /index.html HTTP/1.1" 500 25648 "-" "Safari/604.1 CFNetwork/893.14 Darwin/17.0.0 (x86_64)"
130.195.42.222 - - [04/Jan/2025:06:00:37 +0300] "PATCH /about-us/ HTTP/1.1" 502 33443 "-" "Safari/604.1 CFNetwork/893.14 Darwin/17.0.0 (x86_64)"
21.224.156.88 - - [04/Jan/2025:06:02:23 +0300] "PUT /contact/ HTTP/1.1" 501 23991 "-" "Mozilla/5.0 (Windows NT 10.0; Win64; x64) AppleWebKit/537.36 (KHTML, like Gecko) Chrome/92.0.4515.107 Safari/537.36"
83.214.79.193 - - [04/Jan/2025:06:05:05 +0300] "DELETE /about-us/ HTTP/1.1" 503 9370 "-" "Crawler Bot v1.0 (+https://example.com/bot.html)"
79.179.42.142 - - [04/Jan/2025:06:05:54 +0300] "POST /services/ HTTP/1.1" 500 13012 "-" "Opera/9.80 (X11; Linux i686; Ubuntu/14.10) Presto/2.12.388 Version/12.16"
228.144.164.101 - - [04/Jan/2025:06:07:33 +0300] "POST /index.html HTTP/1.1" 200 23133 "-" "Wget/1.19.5 (linux-gnu)"
202.194.16.171 - - [04/Jan/2025:06:08:33 +0300] "GET /services/ HTTP/1.1" 500 19317 "-" "Wget/1.19.5 (linux-gnu)"
228.144.164.101 - - [04/Jan/2025:06:11:03 +0300] "PUT /index.html HTTP/1.1" 200 21363 "-" "Crawler Bot v1.0 (+https://example.com/bot.html)"
21.224.156.88 - - [04/Jan/2025:06:11:42 +0300] "DELETE /index.html HTTP/1.1" 201 5124 "-" "Microsoft Edge 44.18362.449.0; Windows 10; ARM64"
130.195.42.222 - - [04/Jan/2025:06:13:24 +0300] "PATCH /services/ HTTP/1.1" 500 7132 "-" "Wget/1.19.5 (linux-gnu)"
202.194.16.171 - - [04/Jan/2025:06:14:41 +0300] "PUT /about-us/ HTTP/1.1" 404 12674 "-" "Safari/604.1 CFNetwork/893.14 Darwin/17.0.0 (x86_64)"
191.22.97.183 - - [04/Jan/2025:06:15:05 +0300] "PATCH /products/ HTTP/1.1" 201 16969 "-" "Internet Explorer 7.0; Windows NT 6.0; Trident/5.0"
182.212.150.73 - - [04/Jan/2025:06:16:43 +0300] "DELETE /about-us/ HTTP/1.1" 400 28168 "-" "Crawler Bot v1.0 (+https://example.com/bot.html)"
21.224.156.88 - - [04/Jan/2025:06:17:50 +0300] "POST /about-us/ HTTP/1.1" 502 21832 "-" "Internet Explorer 7.0; Windows NT 6.0; Trident/5.0"
191.22.97.183 - - [04/Jan/2025:06:19:44 +0300] "DELETE /services/ HTTP/1.1" 501 20044 "-" "Crawler Bot v1.0 (+https://example.com/bot.html)"
146.55.198.94 - - [04/Jan/2025:06:20:54 +0300] "POST /products/ HTTP/1.1" 200 25492 "-" "Microsoft Edge 44.18362.449.0; Windows 10; ARM64"
191.22.97.183 - - [04/Jan/2025:06:21:19 +0300] "PATCH /products/ HTTP/1.1" 400 7867 "-" "Wget/1.19.5 (linux-gnu)"
206.74.177.39 - - [04/Jan/2025:06:22:34 +0300] "PATCH /about-us/ HTTP/1.1" 500 19940 "-" "Safari/604.1 CFNetwork/893.14 Darwin/17.0.0 (x86_64)"
228.144.164.101 - - [04/Jan/2025:06:24:40 +0300] "PATCH /products/ HTTP/1.1" 503 4227 "-" "Microsoft Edge 44.18362.449.0; Windows 10; ARM64"
182.212.150.73 - - [04/Jan/2025:06:25:20 +0300] "PATCH /contact/ HTTP/1.1" 500 29750 "-" "Internet Explorer 7.0; Windows NT 6.0; Trident/5.0"
79.179.42.142 - - [04/Jan/2025:06:27:08 +0300] "POST /contact/ HTTP/1.1" 502 13965 "-" "Safari/604.1 CFNetwork/893.14 Darwin/17.0.0 (x86_64)"
83.214.79.193 - - [04/Jan/2025:06:29:43 +0300] "PATCH /products/ HTTP/1.1" 401 7921 "-" "Safari/604.1 CFNetwork/893.14 Darwin/17.0.0 (x86_64)"
237.80.16.71 - - [04/Jan/2025:06:30:30 +0300] "GET /services/ HTTP/1.1" 404 11414 "-" "Microsoft Edge 44.18362.449.0; Windows 10; ARM64"
130.195.42.222 - - [04/Jan/2025:06:31:33 +0300] "GET /contact/ HTTP/1.1" 500 6032 "-" "Internet Explorer 7.0; Windows NT 6.0; Trident/5.0"
191.22.97.183 - - [04/Jan/2025:06:33:56 +0300] "DELETE /contact/ HTTP/1.1" 500 16989 "-" "Internet Explorer 7.0; Windows NT 6.0; Trident/5.0"
79.179.42.142 - - [04/Jan/2025:06:34:58 +0300] "DELETE /contact/ HTTP/1.1" 400 14698 "-" "Safari/604.1 CFNetwork/893.14 Darwin/17.0.0 (x86_64)"
83.214.79.193 - - [04/Jan/2025:06:36:50 +0300] "PATCH /contact/ HTTP/1.1" 403 31857 "-" "Opera/9.80 (X11; Linux i686; Ubuntu/14.10) Presto/2.12.388 Version/12.16"
79.179.42.142 - - [04/Jan/2025:06:38:14 +0300] "PATCH /index.html HTTP/1.1" 403 17598 "-" "Internet Explorer 7.0; Windows NT 6.0; Trident/5.0"
182.212.150.73 - - [04/Jan/2025:06:40:37 +0300] "POST /index.html HTTP/1.1" 201 11755 "-" "Mozilla/5.0 (Windows NT 10.0; Win64; x64) AppleWebKit/537.36 (KHTML, like Gecko) Chrome/92.0.4515.107 Safari/537.36"
83.214.79.193 - - [04/Jan/2025:06:41:10 +0300] "PUT /about-us/ HTTP/1.1" 201 18132 "-" "Crawler Bot v1.0 (+https://example.com/bot.html)"
79.179.42.142 - - [04/Jan/2025:06:41:36 +0300] "DELETE /index.html HTTP/1.1" 201 19454 "-" "Opera/9.80 (X11; Linux i686; Ubuntu/14.10) Presto/2.12.388 Version/12.16"
130.195.42.222 - - [04/Jan/2025:06:41:54 +0300] "POST /contact/ HTTP/1.1" 403 18745 "-" "Crawler Bot v1.0 (+https://example.com/bot.html)"
237.80.16.71 - - [04/Jan/2025:06:44:22 +0300] "GET /products/ HTTP/1.1" 403 28561 "-" "Wget/1.19.5 (linux-gnu)"
202.194.16.171 - - [04/Jan/2025:06:46:19 +0300] "PUT /products/ HTTP/1.1" 501 7857 "-" "Wget/1.19.5 (linux-gnu)"
146.55.198.94 - - [04/Jan/2025:06:46:40 +0300] "PATCH /contact/ HTTP/1.1" 500 17532 "-" "Safari/604.1 CFNetwork/893.14 Darwin/17.0.0 (x86_64)"
206.74.177.39 - - [04/Jan/2025:06:48:21 +0300] "PATCH /services/ HTTP/1.1" 201 21768 "-" "Mozilla/5.0 (Windows NT 10.0; Win64; x64) AppleWebKit/537.36 (KHTML, like Gecko) Chrome/92.0.4515.107 Safari/537.36"
237.80.16.71 - - [04/Jan/2025:06:49:51 +0300] "PATCH /services/ HTTP/1.1" 404 7373 "-" "Opera/9.80 (X11; Linux i686; Ubuntu/14.10) Presto/2.12.388 Version/12.16"
202.194.16.171 - - [04/Jan/2025:06:52:12 +0300] "DELETE /index.html HTTP/1.1" 503 20098 "-" "Internet Explorer 7.0; Windows NT 6.0; Trident/5.0"
191.22.97.183 - - [04/Jan/2025:06:52:48 +0300] "PATCH /about-us/ HTTP/1.1" 401 15527 "-" "Crawler Bot v1.0 (+https://example.com/bot.html)"
182.212.150.73 - - [04/Jan/2025:06:54:21 +0300] "GET /services/ HTTP/1.1" 500 25966 "-" "Opera/9.80 (X11; Linux i686; Ubuntu/14.10) Presto/2.12.388 Version/12.16"
206.74.177.39 - - [04/Jan/2025:06:56:40 +0300] "PATCH /contact/ HTTP/1.1" 401 4708 "-" "Opera/9.80 (X11; Linux i686; Ubuntu/14.10) Presto/2.12.388 Version/12.16"
228.144.164.101 - - [04/Jan/2025:06:58:27 +0300] "PUT /about-us/ HTTP/1.1" 401 28342 "-" "Wget/1.19.5 (linux-gnu)"
206.74.177.39 - - [04/Jan/2025:06:58:50 +0300] "PUT /services/ HTTP/1.1" 501 20315 "-" "Microsoft Edge 44.18362.449.0; Windows 10; ARM64"
83.214.79.193 - - [04/Jan/2025:06:59:28 +0300] "DELETE /index.html HTTP/1.1" 403 5440 "-" "Safari/604.1 CFNetwork/893.14 Darwin/17.0.0 (x86_64)"
130.195.42.222 - - [04/Jan/2025:07:02:07 +0300] "POST /index.html HTTP/1.1" 400 18957 "-" "Crawler Bot v1.0 (+https://example.com/bot.html)"
83.214.79.193 - - [04/Jan/2025:07:04:35 +0300] "POST /products/ HTTP/1.1" 200 15842 "-" "Crawler Bot v1.0 (+https://example.com/bot.html)"
206.74.177.39 - - [04/Jan/2025:07:05:58 +0300] "PUT /services/ HTTP/1.1" 500 7782 "-" "Internet Explorer 7.0; Windows NT 6.0; Trident/5.0"
228.144.164.101 - - [04/Jan/2025:07:06:26 +0300] "DELETE /contact/ HTTP/1.1" 502 13645 "-" "Opera/9.80 (X11; Linux i686; Ubuntu/14.10) Presto/2.12.388 Version/12.16"
83.214.79.193 - - [04/Jan/2025:07:06:38 +0300] "DELETE /contact/ HTTP/1.1" 200 9642 "-" "Safari/604.1 CFNetwork/893.14 Darwin/17.0.0 (x86_64)"
79.179.42.142 - - [04/Jan/2025:07:07:12 +0300] "POST /about-us/ HTTP/1.1" 500 14483 "-" "Mozilla/5.0 (Windows NT 10.0; Win64; x64) AppleWebKit/537.36 (KHTML, like Gecko) Chrome/92.0.4515.107 Safari/537.36"
182.212.150.73 - - [04/Jan/2025:07:07:19 +0300] "DELETE /index.html HTTP/1.1" 201 28329 "-" "Mozilla/5.0 (Windows NT 10.0; Win64; x64) AppleWebKit/537.36 (KHTML, like Gecko) Chrome/92.0.4515.107 Safari/537.36"
237.80.16.71 - - [04/Jan/2025:07:10:07 +0300] "POST /index.html HTTP/1.1" 501 8364 "-" "Opera/9.80 (X11; Linux i686; Ubuntu/14.10) Presto/2.12.388 Version/12.16"
202.194.16.171 - - [04/Jan/2025:07:10:41 +0300] "DELETE /index.html HTTP/1.1" 400 11107 "-" "Wget/1.19.5 (linux-gnu)"
202.194.16.171 - - [04/Jan/2025:07:12:11 +0300] "POST /index.html HTTP/1.1" 501 10844 "-" "Crawler Bot v1.0 (+https://example.com/bot.html)"
237.80.16.71 - - [04/Jan/2025:07:14:30 +0300] "DELETE /index.html HTTP/1.1" 403 25364 "-" "Opera/9.80 (X11; Linux i686; Ubuntu/14.10) Presto/2.12.388 Version/12.16"
146.55.198.94 - - [04/Jan/2025:07:14:48 +0300] "PATCH /about-us/ HTTP/1.1" 500 12328 "-" "Internet Explorer 7.0; Windows NT 6.0; Trident/5.0"
21.224.156.88 - - [04/Jan/2025:07:16:01 +0300] "PATCH /products/ HTTP/1.1" 401 24653 "-" "Crawler Bot v1.0 (+https://example.com/bot.html)"
182.212.150.73 - - [04/Jan/2025:07:18:47 +0300] "PATCH /contact/ HTTP/1.1" 201 27444 "-" "Crawler Bot v1.0 (+https://example.com/bot.html)"
83.214.79.193 - - [04/Jan/2025:07:19:22 +0300] "POST /services/ HTTP/1.1" 502 17547 "-" "Wget/1.19.5 (linux-gnu)"
130.195.42.222 - - [04/Jan/2025:07:21:47 +0300] "POST /services/ HTTP/1.1" 401 12832 "-" "Mozilla/5.0 (Windows NT 10.0; Win64; x64) AppleWebKit/537.36 (KHTML, like Gecko) Chrome/92.0.4515.107 Safari/537.36"
79.179.42.142 - - [04/Jan/2025:07:24:28 +0300] "GET /products/ HTTP/1.1" 401 25928 "-" "Crawler Bot v1.0 (+https://example.com/bot.html)"
130.195.42.222 - - [04/Jan/2025:07:26:30 +0300] "PATCH /index.html HTTP/1.1" 403 21179 "-" "Wget/1.19.5 (linux-gnu)"
228.144.164.101 - - [04/Jan/2025:07:28:09 +0300] "DELETE /about-us/ HTTP/1.1" 502 2498 "-" "Internet Explorer 7.0; Windows NT 6.0; Trident/5.0"
79.179.42.142 - - [04/Jan/2025:07:30:46 +0300] "PUT /services/ HTTP/1.1" 401 23656 "-" "Crawler Bot v1.0 (+https://example.com/bot.html)"
182.212.150.73 - - [04/Jan/2025:07:31:54 +0300] "GET /index.html HTTP/1.1" 400 2039 "-" "Safari/604.1 CFNetwork/893.14 Darwin/17.0.0 (x86_64)"
146.55.198.94 - - [04/Jan/2025:07:32:41 +0300] "PATCH /index.html HTTP/1.1" 403 26790 "-" "Mozilla/5.0 (Windows NT 10.0; Win64; x64) AppleWebKit/537.36 (KHTML, like Gecko) Chrome/92.0.4515.107 Safari/537.36"
237.80.16.71 - - [04/Jan/2025:07:34:38 +0300] "PATCH /services/ HTTP/1.1" 403 29109 "-" "Opera/9.80 (X11; Linux i686; Ubuntu/14.10) Presto/2.12.388 Version/12.16"
