182.212.150.73 - - [03/Jan/2025:00:06:01 +0300] "DELETE /contact/ HTTP/1.1" 403 14911 "-" "Crawler Bot v1.0 (+https://example.com/bot.html)"
83.214.79.193 - - [03/Jan/2025:00:13:35 +0300] "PATCH /about-us/ HTTP/1.1" 404 10002 "-" "Crawler Bot v1.0 (+https://example.com/bot.html)"
83.214.79.193 - - [03/Jan/2025:00:23:11 +0300] "POST /contact/ HTTP/1.1" 201 25041 "-" "Crawler Bot v1.0 (+https://example.com/bot.html)"
79.179.42.142 - - [03/Jan/2025:00:29:34 +0300] "GET /index.html HTTP/1.1" 500 20765 "-" "Mozilla/5.0 (Windows NT 10.0; Win64; x64) AppleWebKit/537.36 (KHTML, like Gecko) Chrome/92.0.4515.107 Safari/537.36"
202.194.16.171 - - [03/Jan/2025:00:38:11 +0300] "DELETE /about-us/ HTTP/1.1" 502 1509 "-" "Opera/9.80 (X11; Linux i686; Ubuntu/14.10) Presto/2.12.388 Version/12.16"
228.144.164.101 - - [03/Jan/2025:00:38:42 +0300] "PATCH /about-us/ HTTP/1.1" 501 4277 "-" "Microsoft Edge 44.18362.449.0; Windows 10; ARM64"
237.80.16.71 - - [03/Jan/2025:00:41:39 +0300] "DELETE /index.html HTTP/1.1" 403 4969 "-" "Mozilla/5.0 (Windows NT 10.0; Win64; x64) AppleWebKit/537.36 (KHTML, like Gecko) Chrome/92.0.4515.107 Safari/537.36"
237.80.16.71 - - [03/Jan/2025:00:42:38 +0300] "GET /products/ HTTP/1.1" 503 4652 "-" "Microsoft Edge 44.18362.449.0; Windows 10; ARM64"
79.179.42.142 - - [03/Jan/2025:00:51:22 +0300] "DELETE /index.html HTTP/1.1" 400 14788 "-" "Crawler Bot v1.0 (+https://example.com/bot.html)"
206.74.177.39 - - [03/Jan/2025:01:01:25 +0300] "DELETE /products/ HTTP/1.1" 500 10571 "-" "Wget/1.19.5 (linux-gnu)"
191.22.97.183 - - [03/Jan/2025:01:04:39 +0300] "POST /about-us/ HTTP/1.1" 502 3864 "-" "Microsoft Edge 44.18362.449.0; Windows 10; ARM64"
83.214.79.193 - - [03/Jan/2025:01:06:29 +0300] "PATCH /products/ HTTP/1.1" 401 30954 "-" "Internet Explorer 7.0; Windows NT 6.0; Trident/5.0"
237.80.16.71 - - [03/Jan/2025:01:07:51 +0300] "PATCH /about-us/ HTTP/1.1" 201 10262 "-" "Internet Explorer 7.0; Windows NT 6.0; Trident/5.0"
79.179.42.142 - - [03/Jan/2025:01:13:11 +0300] "PATCH /contact/ HTTP/1.1" 502 32289 "-" "Microsoft Edge 44.18362.449.0; Windows 10; ARM64"
130.195.42.222 - - [03/Jan/2025:01:17:35 +0300] "POST /services/ HTTP/1.1" 400 15379 "-" "Mozilla/5.0 (Windows NT 10.0; Win64; x64) AppleWebKit/537.36 (KHTML, like Gecko) Chrome/92.0.4515.107 Safari/537.36"
130.195.42.222 - - [03/Jan/2025:01:21:13 +0300] "PATCH /contact/ HTTP/1.1" 503 9256 "-" "Internet Explorer 7.0; Windows NT 6.0; Trident/5.0"
182.212.150.73 - - [03/Jan/2025:01:21:26 +0300] "GET /about-us/ HTTP/1.1" 401 14881 "-" "Internet Explorer 7.0; Windows NT 6.0; Trident/5.0"
191.22.97.183 - - [03/Jan/2025:01:29:38 +0300] "PATCH /index.html HTTP/1.1" 400 33684 "-" "Opera/9.80 (X11; Linux i686; Ubuntu/14.10) Presto/2.12.388 Version/12.16"
146.55.198.94 - - [03/Jan/2025:01:31:00 +0300] "GET /products/ HTTP/1.1" 503 1939 "-" "Opera/9.80 (X11; Linux i686; Ubuntu/14.10) Presto/2.12.388 Version/12.16"
228.144.164.101 - - [03/Jan/2025:01:41:10 +0300] "PUT /index.html HTTP/1.1" 200 30697 "-" "Microsoft Edge 44.18362.449.0; Windows 10; ARM64"
83.214.79.193 - - [03/Jan/2025:01:41:58 +0300] "PATCH /index.html HTTP/1.1" 403 18982 "-" "Safari/604.1 CFNetwork/893.14 Darwin/17.0.0 (x86_64)"
182.212.150.73 - - [03/Jan/2025:01:45:33 +0300] "PUT /contact/ HTTP/1.1" 501 7798 "-" "Safari/604.1 CFNetwork/893.14 Darwin/17.0.0 (x86_64)"
146.55.198.94 - - [03/Jan/2025:01:52:47 +0300] "PUT /index.html HTTP/1.1" 404 32809 "-" "Safari/604.1 CFNetwork/893.14 Darwin/17.0.0 (x86_64)"
146.55.198.94 - - [03/Jan/2025:01:53:59 +0300] "PUT /contact/ HTTP/1.1" 403 1953 "-" "Safari/604.1 CFNetwork/893.14 Darwin/17.0.0 (x86_64)"
182.212.150.73 - - [03/Jan/2025:02:00:33 +0300] "DELETE /products/ HTTP/1.1" 503 18441 "-" "Microsoft Edge 44.18362.449.0; Windows 10; ARM64"
79.179.42.142 - - [03/Jan/2025:02:10:00 +0300] "POST /about-us/ HTTP/1.1" 404 6073 "-" "Wget/1.19.5 (linux-gnu)"
130.195.42.222 - - [03/Jan/2025:02:12:31 +0300] "PATCH /index.html HTTP/1.1" 502 4895 "-" "Crawler Bot v1.0 (+https://example.com/bot.html)"
228.144.164.101 - - [03/Jan/2025:02:19:08 +0300] "DELETE /contact/ HTTP/1.1" 501 18294 "-" "Crawler Bot v1.0 (+https://example.com/bot.html)"
228.144.164.101 - - [03/Jan/2025:02:25:22 +0300] "POST /services/ HTTP/1.1" 201 2991 "-" "Wget/1.19.5 (linux-gnu)"
237.80.16.71 - - [03/Jan/2025:02:27:48 +0300] "DELETE /index.html HTTP/1.1" 502 12781 "-" "Safari/604.1 CFNetwork/893.14 Darwin/17.0.0 (x86_64)"
206.74.177.39 - - [03/Jan/2025:02:34:17 +0300] "POST /products/ HTTP/1.1" 401 5562 "-" "Internet Explorer 7.0; Windows NT 6.0; Trident/5.0"
83.214.79.193 - - [03/Jan/2025:02:39:31 +0300] "PATCH /services/ HTTP/1.1" 200 8423 "-" "Microsoft Edge 44.18362.449.0; Windows 10; ARM64"
79.179.42.142 - - [03/Jan/2025:02:46:37 +0300] "PATCH /products/ HTTP/1.1" 400 18791 "-" "Internet Explorer 7.0; Windows NT 6.0; Trident/5.0"
21.224.156.88 - - [03/Jan/2025:02:49:29 +0300] "DELETE /about-us/ HTTP/1.1" 403 4959 "-" "Internet Explorer 7.0; Windows NT 6.0; Trident/5.0"
79.179.42.142 - - [03/Jan/2025:02:51:48 +0300] "DELETE /about-us/ HTTP/1.1" 403 15070 "-" "Internet Explorer 7.0; Windows NT 6.0; Trident/5.0"
182.212.150.73 - - [03/Jan/2025:02:58:59 +0300] "POST /contact/ HTTP/1.1" 401 18777 "-" "Safari/604.1 CFNetwork/893.14 Darwin/17.0.0 (x86_64)"
79.179.42.142 - - [03/Jan/2025:03:07:51 +0300] "GET /services/ HTTP/1.1" 201 6923 "-" "Safari/604.1 CFNetwork/893.14 Darwin/17.0.0 (x86_64)"
83.214.79.193 - - [03/Jan/2025:03:10:08 +0300] "GET /index.html HTTP/1.1" 400 12630 "-" "Crawler Bot v1.0 (+https://example.com/bot.html)"
191.22.97.183 - - [03/Jan/2025:03:20:16 +0300] "PATCH /index.html HTTP/1.1" 401 2220 "-" "Safari/604.1 CFNetwork/893.14 Darwin/17.0.0 (x86_64)"
206.74.177.39 - - [03/Jan/2025:03:25:00 +0300] "PATCH /about-us/ HTTP/1.1" 500 16689 "-" "Wget/1.19.5 (linux-gnu)"
182.212.150.73 - - [03/Jan/2025:03:35:33 +0300] "POST /about-us/ HTTP/1.1" 501 3703 "-" "Microsoft Edge 44.18362.449.0; Windows 10; ARM64"
191.22.97.183 - - [03/Jan/2025:03:45:54 +0300] "DELETE /products/ HTTP/1.1" 502 16310 "-" "Opera/9.80 (X11; Linux i686; Ubuntu/14.10) Presto/2.12.388 Version/12.16"
130.195.42.222 - - [03/Jan/2025:03:50:18 +0300] "PATCH /about-us/ HTTP/1.1" 400 29318 "-" "Internet Explorer 7.0; Windows NT 6.0; Trident/5.0"
21.224.156.88 - - [03/Jan/2025:03:57:43 +0300] "PUT /contact/ HTTP/1.1" 500 9068 "-" "Crawler Bot v1.0 (+https://example.com/bot.html)"
130.195.42.222 - - [03/Jan/2025:04:04:42 +0300] "POST /about-us/ HTTP/1.1" 403 19054 "-" "Safari/604.1 CFNetwork/893.14 Darwin/17.0.0 (x86_64)"
206.74.177.39 - - [03/Jan/2025:04:05:01 +0300] "PUT /contact/ HTTP/1.1" 501 21600 "-" "Safari/604.1 CFNetwork/893.14 Darwin/17.0.0 (x86_64)"
206.74.177.39 - - [03/Jan/2025:04:10:44 +0300] "DELETE /services/ HTTP/1.1" 404 29731 "-" "Opera/9.80 (X11; Linux i686; Ubuntu/14.10) Presto/2.12.388 Version/12.16"
83.214.79.193 - - [03/Jan/2025:04:17:21 +0300] "DELETE /about-us/ HTTP/1.1" 201 20012 "-" "Mozilla/5.0 (Windows NT 10.0; Win64; x64) AppleWebKit/537.36 (KHTML, like Gecko) Chrome/92.0.4515.107 Safari/537.36"
182.212.150.73 - - [03/Jan/2025:04:23:47 +0300] "POST /index.html HTTP/1.1" 503 21856 "-" "Internet Explorer 7.0; Windows NT 6.0; Trident/5.0"
228.144.164.101 - - [03/Jan/2025:04:26:28 +0300] "PUT /products/ HTTP/1.1" 403 7256 "-" "Internet Explorer 7.0; Windows NT 6.0; Trident/5.0"
146.55.198.94 - - [03/Jan/2025:04:33:11 +0300] "GET /about-us/ HTTP/1.1" 400 28723 "-" "Opera/9.80 (X11; Linux i686; Ubuntu/14.10) Presto/2.12.388 Version/12.16"
202.194.16.171 - - [03/Jan/2025:04:37:59 +0300] "GET /contact/ HTTP/1.1" 200 32977 "-" "Crawler Bot v1.0 (+https://example.com/bot.html)"
130.195.42.222 - - [03/Jan/2025:04:42:40 +0300] "DELETE /index.html HTTP/1.1" 200 32083 "-" "Internet Explorer 7.0; Windows NT 6.0; Trident/5.0"
202.194.16.171 - - [03/Jan/2025:04:48:28 +0300] "GET /about-us/ HTTP/1.1" 401 6472 "-" "Mozilla/5.0 (Windows NT 10.0; Win64; x64) AppleWebKit/537.36 (KHTML, like Gecko) Chrome/92.0.4515.107 Safari/537.36"
79.179.42.142 - - [03/Jan/2025:04:51:10 +0300] "POST /about-us/ HTTP/1.1" 404 5923 "-" "Crawler Bot v1.0 (+https://example.com/bot.html)"
79.179.42.142 - - [03/Jan/2025:04:54:40 +0300] "PUT /index.html HTTP/1.1" 502 7346 "-" "Mozilla/5.0 (Windows NT 10.0; Win64; x64) AppleWebKit/537.36 (KHTML, like Gecko) Chrome/92.0.4515.107 Safari/537.36"
202.194.16.171 - - [03/Jan/2025:04:58:09 +0300] "PATCH /index.html HTTP/1.1" 500 30571 "-" "Wget/1.19.5 (linux-gnu)"
79.179.42.142 - - [03/Jan/2025:05:08:11 +0300] "PATCH /about-us/ HTTP/1.1" 404 7600 "-" "Crawler Bot v1.0 (+https://example.com/bot.html)"
130.195.42.222 - - [03/Jan/2025:05:18:38 +0300] "GET /index.html HTTP/1.1" 500 30693 "-" "Opera/9.80 (X11; Linux i686; Ubuntu/14.10) Presto/2.12.388 Version/12.16"
21.224.156.88 - - [03/Jan/2025:05:20:34 +0300] "PUT /contact/ HTTP/1.1" 201 26936 "-" "Crawler Bot v1.0 (+https://example.com/bot.html)"
237.80.16.71 - - [03/Jan/2025:05:22:52 +0300] "PUT /index.html HTTP/1.1" 500 16183 "-" "Crawler Bot v1.0 (+https://example.com/bot.html)"
83.214.79.193 - - [03/Jan/2025:05:27:46 +0300] "POST /products/ HTTP/1.1" 200 12785 "-" "Crawler Bot v1.0 (+https://example.com/bot.html)"
202.194.16.171 - - [03/Jan/2025:05:30:27 +0300] "GET /services/ HTTP/1.1" 500 12334 "-" "Opera/9.80 (X11; Linux i686; Ubuntu/14.10) Presto/2.12.388 Version/12.16"
202.194.16.171 - - [03/Jan/2025:05:32:05 +0300] "POST /services/ HTTP/1.1" 500 23425 "-" "Opera/9.80 (X11; Linux i686; Ubuntu/14.10) Presto/2.12.388 Version/12.16"
206.74.177.39 - - [03/Jan/2025:05:39:16 +0300] "GET /products/ HTTP/1.1" 200 20783 "-" "Crawler Bot v1.0 (+https://example.com/bot.html)"
83.214.79.193 - - [03/Jan/2025:05:41:22 +0300] "GET /about-us/ HTTP/1.1" 502 10222 "-" "Wget/1.19.5 (linux-gnu)"
21.224.156.88 - - [03/Jan/2025:05:51:37 +0300] "PUT /services/ HTTP/1.1" 400 3944 "-" "Crawler Bot v1.0 (+https://example.com/bot.html)"
206.74.177.39 - - [03/Jan/2025:05:52:31 +0300] "GET /products/ HTTP/1.1" 200 7601 "-" "Internet Explorer 7.0; Windows NT 6.0; Trident/5.0"
79.179.42.142 - - [03/Jan/2025:05:56:03 +0300] "DELETE /products/ HTTP/1.1" 500 19004 "-" "Mozilla/5.0 (Windows NT 10.0; Win64; x64) AppleWebKit/537.36 (KHTML, like Gecko) Chrome/92.0.4515.107 Safari/537.36"
21.224.156.88 - - [03/Jan/2025:06:00:26 +0300] "PATCH /about-us/ HTTP/1.1" 403 14351 "-" "Microsoft Edge 44.18362.449.0; Windows 10; ARM64"
146.55.198.94 - - [03/Jan/2025:06:06:30 +0300] "PUT /services/ HTTP/1.1" 500 33532 "-" "Safari/604.1 CFNetwork/893.14 Darwin/17.0.0 (x86_64)"
182.212.150.73 - - [03/Jan/2025:06:16:03 +0300] "GET /index.html HTTP/1.1" 201 24666 "-" "Wget/1.19.5 (linux-gnu)"
228.144.164.101 - - [03/Jan/2025:06:17:54 +0300] "POST /products/ HTTP/1.1" 400 25700 "-" "Internet Explorer 7.0; Windows NT 6.0; Trident/5.0"
79.179.42.142 - - [03/Jan/2025:06:18:08 +0300] "PATCH /index.html HTTP/1.1" 502 23997 "-" "Opera/9.80 (X11; Linux i686; Ubuntu/14.10) Presto/2.12.388 Version/12.16"
146.55.198.94 - - [03/Jan/2025:06:21:51 +0300] "PUT /services/ HTTP/1.1" 401 1353 "-" "Microsoft Edge 44.18362.449.0; Windows 10; ARM64"
21.224.156.88 - - [03/Jan/2025:06:27:05 +0300] "PATCH /about-us/ HTTP/1.1" 201 17841 "-" "Mozilla/5.0 (Windows NT 10.0; Win64; x64) AppleWebKit/537.36 (KHTML, like Gecko) Chrome/92.0.4515.107 Safari/537.36"
206.74.177.39 - - [03/Jan/2025:06:27:15 +0300] "GET /services/ HTTP/1.1" 201 7198 "-" "Opera/9.80 (X11; Linux i686; Ubuntu/14.10) Presto/2.12.388 Version/12.16"
83.214.79.193 - - [03/Jan/2025:06:27:22 +0300] "PATCH /index.html HTTP/1.1" 400 1611 "-" "Microsoft Edge 44.18362.449.0; Windows 10; ARM64"
206.74.177.39 - - [03/Jan/2025:06:32:39 +0300] "PATCH /services/ HTTP/1.1" 404 33005 "-" "Safari/604.1 CFNetwork/893.14 Darwin/17.0.0 (x86_64)"
237.80.16.71 - - [03/Jan/2025:06:40:46 +0300] "PUT /contact/ HTTP/1.1" 200 22215 "-" "Mozilla/5.0 (Windows NT 10.0; Win64; x64) AppleWebKit/537.36 (KHTML, like Gecko) Chrome/92.0.4515.107 Safari/537.36"
83.214.79.193 - - [03/Jan/2025:06:43:34 +0300] "PATCH /contact/ HTTP/1.1" 502 31313 "-" "Mozilla/5.0 (Windows NT 10.0; Win64; x64) AppleWebKit/537.36 (KHTML, like Gecko) Chrome/92.0.4515.107 Safari/537.36"
237.80.16.71 - - [03/Jan/2025:06:45:35 +0300] "PUT /contact/ HTTP/1.1" 503 15598 "-" "Microsoft Edge 44.18362.449.0; Windows 10; ARM64"
206.74.177.39 - - [03/Jan/2025:06:49:46 +0300] "GET /products/ HTTP/1.1" 503 19913 "-" "Wget/1.19.5 (linux-gnu)"
202.194.16.171 - - [03/Jan/2025:06:53:52 +0300] "PATCH /contact/ HTTP/1.1" 400 27947 "-" "Mozilla/5.0 (Windows NT 10.0; Win64; x64) AppleWebKit/537.36 (KHTML, like Gecko) Chrome/92.0.4515.107 Safari/537.36"
79.179.42.142 - - [03/Jan/2025:07:01:50 +0300] "POST /index.html HTTP/1.1" 502 24101 "-" "Crawler Bot v1.0 (+https://example.com/bot.html)"
202.194.16.171 - - [03/Jan/2025:07:07:15 +0300] "PUT /about-us/ HTTP/1.1" 403 3095 "-" "Safari/604.1 CFNetwork/893.14 Darwin/17.0.0 (x86_64)"
146.55.198.94 - - [03/Jan/2025:07:07:45 +0300] "POST /contact/ HTTP/1.1" 404 24803 "-" "Mozilla/5.0 (Windows NT 10.0; Win64; x64) AppleWebKit/537.36 (KHTML, like Gecko) Chrome/92.0.4515.107 Safari/537.36"
79.179.42.142 - - [03/Jan/2025:07:09:57 +0300] "POST /contact/ HTTP/1.1" 503 33529 "-" "Mozilla/5.0 (Windows NT 10.0; Win64; x64) AppleWebKit/537.36 (KHTML, like Gecko) Chrome/92.0.4515.107 Safari/537.36"
206.74.177.39 - - [03/Jan/2025:07:19:12 +0300] "POST /contact/ HTTP/1.1" 500 32533 "-" "Safari/604.1 CFNetwork/893.14 Darwin/17.0.0 (x86_64)"
21.224.156.88 - - [03/Jan/2025:07:26:42 +0300] "DELETE /contact/ HTTP/1.1" 500 18280 "-" "Internet Explorer 7.0; Windows NT 6.0; Trident/5.0"
182.212.150.73 - - [03/Jan/2025:07:29:44 +0300] "GET /about-us/ HTTP/1.1" 201 13338 "-" "Wget/1.19.5 (linux-gnu)"
21.224.156.88 - - [03/Jan/2025:07:32:17 +0300] "POST /contact/ HTTP/1.1" 200 10005 "-" "Opera/9.80 (X11; Linux i686; Ubuntu/14.10) Presto/2.12.388 Version/12.16"
206.74.177.39 - - [03/Jan/2025:07:37:15 +0300] "DELETE /products/ HTTP/1.1" 200 3076 "-" "Safari/604.1 CFNetwork/893.14 Darwin/17.0.0 (x86_64)"
146.55.198.94 - - [03/Jan/2025:07:47:06 +0300] "PUT /services/ HTTP/1.1" 502 9500 "-" "Safari/604.1 CFNetwork/893.14 Darwin/17.0.0 (x86_64)"
228.144.164.101 - - [03/Jan/2025:07:49:07 +0300] "PUT /index.html HTTP/1.1" 200 32012 "-" "Microsoft Edge 44.18362.449.0; Windows 10; ARM64"
146.55.198.94 - - [03/Jan/2025:07:58:14 +0300] "PUT /services/ HTTP/1.1" 200 28327 "-" "Internet Explorer 7.0; Windows NT 6.0; Trident/5.0"
130.195.42.222 - - [03/Jan/2025:08:06:28 +0300] "PUT /about-us/ HTTP/1.1" 400 2614 "-" "Opera/9.80 (X11; Linux i686; Ubuntu/14.10) Presto/2.12.388 Version/12.16"
202.194.16.171 - - [03/Jan/2025:08:13:14 +0300] "GET /services/ HTTP/1.1" 200 8106 "-" "Safari/604.1 CFNetwork/893.14 Darwin/17.0.0 (x86_64)"
237.80.16.71 - - [03/Jan/2025:08:19:29 +0300] "GET /products/ HTTP/1.1" 200 32758 "-" "Mozilla/5.0 (Windows NT 10.0; Win64; x64) AppleWebKit/537.36 (KHTML, like Gecko) Chrome/92.0.4515.107 Safari/537.36"
79.179.42.142 - - [03/Jan/2025:08:25:30 +0300] "DELETE /contact/ HTTP/1.1" 201 30325 "-" "Crawler Bot v1.0 (+https://example.com/bot.html)"
228.144.164.101 - - [03/Jan/2025:08:27:00 +0300] "PATCH /services/ HTTP/1.1" 500 13097 "-" "Safari/604.1 CFNetwork/893.14 Darwin/17.0.0 (x86_64)"
228.144.164.101 - - [03/Jan/2025:08:32:11 +0300] "POST /products/ HTTP/1.1" 404 29876 "-" "Microsoft Edge 44.18362.449.0; Windows 10; ARM64"
191.22.97.183 - - [03/Jan/2025:08:38:38 +0300] "PUT /index.html HTTP/1.1" 501 17624 "-" "Mozilla/5.0 (Windows NT 10.0; Win64; x64) AppleWebKit/537.36 (KHTML, like Gecko) Chrome/92.0.4515.107 Safari/537.36"
146.55.198.94 - - [03/Jan/2025:08:45:19 +0300] "DELETE /index.html HTTP/1.1" 201 32763 "-" "Safari/604.1 CFNetwork/893.14 Darwin/17.0.0 (x86_64)"
130.195.42.222 - - [03/Jan/2025:08:54:17 +0300] "PUT /products/ HTTP/1.1" 501 25928 "-" "Opera/9.80 (X11; Linux i686; Ubuntu/14.10) Presto/2.12.388 Version/12.16"
202.194.16.171 - - [03/Jan/2025:08:58:03 +0300] "PUT /services/ HTTP/1.1" 200 8858 "-" "Microsoft Edge 44.18362.449.0; Windows 10; ARM64"
206.74.177.39 - - [03/Jan/2025:08:58:32 +0300] "PATCH /products/ HTTP/1.1" 403 14524 "-" "Safari/604.1 CFNetwork/893.14 Darwin/17.0.0 (x86_64)"
191.22.97.183 - - [03/Jan/2025:09:05:56 +0300] "PATCH /contact/ HTTP/1.1" 400 31961 "-" "Mozilla/5.0 (Windows NT 10.0; Win64; x64) AppleWebKit/537.36 (KHTML, like Gecko) Chrome/92.0.4515.107 Safari/537.36"
146.55.198.94 - - [03/Jan/2025:09:12:09 +0300] "PATCH /about-us/ HTTP/1.1" 200 12846 "-" "Crawler Bot v1.0 (+https://example.com/bot.html)"
206.74.177.39 - - [03/Jan/2025:09:17:50 +0300] "POST /about-us/ HTTP/1.1" 400 24732 "-" "Opera/9.80 (X11; Linux i686; Ubuntu/14.10) Presto/2.12.388 Version/12.16"
83.214.79.193 - - [03/Jan/2025:09:20:16 +0300] "DELETE /services/ HTTP/1.1" 200 9501 "-" "Safari/604.1 CFNetwork/893.14 Darwin/17.0.0 (x86_64)"
146.55.198.94 - - [03/Jan/2025:09:20:42 +0300] "GET /products/ HTTP/1.1" 500 29535 "-" "Wget/1.19.5 (linux-gnu)"
202.194.16.171 - - [03/Jan/2025:09:22:10 +0300] "PATCH /index.html HTTP/1.1" 503 8106 "-" "Microsoft Edge 44.18362.449.0; Windows 10; ARM64"
206.74.177.39 - - [03/Jan/2025:09:32:43 +0300] "POST /contact/ HTTP/1.1" 401 14354 "-" "Mozilla/5.0 (Windows NT 10.0; Win64; x64) AppleWebKit/537.36 (KHTML, like Gecko) Chrome/92.0.4515.107 Safari/537.36"
182.212.150.73 - - [03/Jan/2025:09:34:11 +0300] "PUT /products/ HTTP/1.1" 200 10195 "-" "Opera/9.80 (X11; Linux i686; Ubuntu/14.10) Presto/2.12.388 Version/12.16"
228.144.164.101 - - [03/Jan/2025:09:43:50 +0300] "GET /about-us/ HTTP/1.1" 500 15281 "-" "Crawler Bot v1.0 (+https://example.com/bot.html)"
83.214.79.193 - - [03/Jan/2025:09:45:34 +0300] "PATCH /services/ HTTP/1.1" 500 32961 "-" "Mozilla/5.0 (Windows NT 10.0; Win64; x64) AppleWebKit/537.36 (KHTML, like Gecko) Chrome/92.0.4515.107 Safari/537.36"
79.179.42.142 - - [03/Jan/2025:09:54:02 +0300] "GET /index.html HTTP/1.1" 500 8393 "-" "Internet Explorer 7.0; Windows NT 6.0; Trident/5.0"
130.195.42.222 - - [03/Jan/2025:09:56:46 +0300] "PUT /contact/ HTTP/1.1" 502 7660 "-" "Mozilla/5.0 (Windows NT 10.0; Win64; x64) AppleWebKit/537.36 (KHTML, like Gecko) Chrome/92.0.4515.107 Safari/537.36"
182.212.150.73 - - [03/Jan/2025:09:58:42 +0300] "DELETE /about-us/ HTTP/1.1" 502 28258 "-" "Microsoft Edge 44.18362.449.0; Windows 10; ARM64"
206.74.177.39 - - [03/Jan/2025:10:00:43 +0300] "PATCH /contact/ HTTP/1.1" 500 31081 "-" "Crawler Bot v1.0 (+https://example.com/bot.html)"
79.179.42.142 - - [03/Jan/2025:10:04:27 +0300] "GET /about-us/ HTTP/1.1" 404 18605 "-" "Crawler Bot v1.0 (+https://example.com/bot.html)"
202.194.16.171 - - [03/Jan/2025:10:10:38 +0300] "PUT /about-us/ HTTP/1.1" 501 24557 "-" "Mozilla/5.0 (Windows NT 10.0; Win64; x64) AppleWebKit/537.36 (KHTML, like Gecko) Chrome/92.0.4515.107 Safari/537.36"
228.144.164.101 - - [03/Jan/2025:10:19:24 +0300] "PATCH /about-us/ HTTP/1.1" 502 24433 "-" "Mozilla/5.0 (Windows NT 10.0; Win64; x64) AppleWebKit/537.36 (KHTML, like Gecko) Chrome/92.0.4515.107 Safari/537.36"
237.80.16.71 - - [03/Jan/2025:10:20:57 +0300] "GET /index.html HTTP/1.1" 404 23633 "-" "Safari/604.1 CFNetwork/893.14 Darwin/17.0.0 (x86_64)"
83.214.79.193 - - [03/Jan/2025:10:23:15 +0300] "POST /products/ HTTP/1.1" 502 20903 "-" "Opera/9.80 (X11; Linux i686; Ubuntu/14.10) Presto/2.12.388 Version/12.16"
228.144.164.101 - - [03/Jan/2025:10:23:21 +0300] "PATCH /products/ HTTP/1.1" 503 29088 "-" "Safari/604.1 CFNetwork/893.14 Darwin/17.0.0 (x86_64)"
182.212.150.73 - - [03/Jan/2025:10:31:02 +0300] "PATCH /about-us/ HTTP/1.1" 201 25307 "-" "Crawler Bot v1.0 (+https://example.com/bot.html)"
191.22.97.183 - - [03/Jan/2025:10:35:46 +0300] "POST /services/ HTTP/1.1" 500 4215 "-" "Wget/1.19.5 (linux-gnu)"
130.195.42.222 - - [03/Jan/2025:10:37:28 +0300] "PATCH /about-us/ HTTP/1.1" 501 4568 "-" "Crawler Bot v1.0 (+https://example.com/bot.html)"
206.74.177.39 - - [03/Jan/2025:10:39:59 +0300] "PATCH /services/ HTTP/1.1" 501 26201 "-" "Mozilla/5.0 (Windows NT 10.0; Win64; x64) AppleWebKit/537.36 (KHTML, like Gecko) Chrome/92.0.4515.107 Safari/537.36"
83.214.79.193 - - [03/Jan/2025:10:44:34 +0300] "POST /index.html HTTP/1.1" 404 9599 "-" "Microsoft Edge 44.18362.449.0; Windows 10; ARM64"
83.214.79.193 - - [03/Jan/2025:10:47:31 +0300] "GET /about-us/ HTTP/1.1" 403 22803 "-" "Opera/9.80 (X11; Linux i686; Ubuntu/14.10) Presto/2.12.388 Version/12.16"
191.22.97.183 - - [03/Jan/2025:10:55:53 +0300] "DELETE /index.html HTTP/1.1" 503 30069 "-" "Wget/1.19.5 (linux-gnu)"
79.179.42.142 - - [03/Jan/2025:10:58:08 +0300] "DELETE /index.html HTTP/1.1" 501 6345 "-" "Microsoft Edge 44.18362.449.0; Windows 10; ARM64"
228.144.164.101 - - [03/Jan/2025:10:59:01 +0300] "GET /services/ HTTP/1.1" 503 10236 "-" "Microsoft Edge 44.18362.449.0; Windows 10; ARM64"
